Running Gradle task 'assembleRelease'...                        
lib/main.dart:35:16: Error: Member not found: 'Config.init'.
  await Config.init();
               ^^^^
Target kernel_snapshot_program failed: Exception


FAILURE: Build failed with an exception.

* What went wrong:
Execution failed for task ':app:compileFlutterBuildRelease'.
> Process 'command 'D:\ClickeAtenda-DEV\Vs\flutter\bin\flutter.bat'' finished with non-zero exit value 1

* Try:
> Run with --stacktrace option to get the stack trace.
> Run with --info or --debug option to get more log output.
> Run with --scan to get full insights.
> Get more help at https://help.gradle.org.

BUILD FAILED in 18s
Running Gradle task 'assembleRelease'...                           18,4s
Gradle task assembleRelease failed with exit code 1
