03-03 17:34:02.229 29168 29168 I FrameworkJumpTable: Successfully loaded all methods
03-03 17:34:02.234 29168 29168 I FrameworkJumpTable: Successfully loaded all fields
03-03 17:34:02.235 29168 29168 I FrameworkJumpTable: Successfully loaded all constructors
03-03 17:34:02.752   617  1407 I chatty  : uid=1000(system) Binder:617_F expire 5 lines
03-03 17:34:03.327 29216 29251 I FrameworkJumpTable: Successfully loaded all classes
03-03 17:34:03.352 29216 29251 I FrameworkJumpTable: Successfully loaded all methods
03-03 17:34:03.354 29216 29251 I FrameworkJumpTable: Successfully loaded all fields
03-03 17:34:03.354 29216 29251 I FrameworkJumpTable: Successfully loaded all constructors
03-03 17:34:03.887 29168 29196 E ActivityThread: Failed to find provider info for com.amazon.tv.channelscan
03-03 17:34:03.888 29168 29196 E ActivityThread: Failed to find provider info for com.amazon.tv.channelscan
03-03 17:34:03.889 29168 29196 E ActivityThread: Failed to find provider info for com.amazon.tv.channelscan
03-03 17:34:04.395   617  1193 I chatty  : uid=1000(system) Binder:617_8 expire 3 lines
03-03 17:34:04.852 29311 29311 I FrameworkJumpTable: Successfully loaded all classes
03-03 17:34:04.880 29311 29311 I FrameworkJumpTable: Successfully loaded all methods
03-03 17:34:04.886 29311 29311 I FrameworkJumpTable: Successfully loaded all fields
03-03 17:34:04.886 29311 29311 I FrameworkJumpTable: Successfully loaded all constructors
03-03 17:34:04.994 29311 29311 I AmazonHdmiServiceManager: AmazonHdmiServiceManager created
03-03 17:34:04.995   617  1256 I chatty  : uid=1000(system) Binder:617_9 expire 3 lines
03-03 17:34:06.965   617  7558 I chatty  : uid=1000(system) Binder:617_15 expire 2 lines
03-03 17:34:33.901   617   866 I chatty  : uid=1000(system) Binder:617_4 expire 8 lines
03-03 17:37:32.025 29644 29644 I FrameworkJumpTable: Successfully loaded all classes
03-03 17:37:32.041 29644 29644 I FrameworkJumpTable: Successfully loaded all methods
03-03 17:37:32.056 29644 29644 I FrameworkJumpTable: Successfully loaded all fields
03-03 17:37:32.057 29644 29644 I FrameworkJumpTable: Successfully loaded all constructors
03-03 17:41:13.489   617   629 I chatty  : uid=1000(system) android.bg expire 3 lines
03-03 17:46:50.665   617   644 I chatty  : uid=1000(system) PowerManagerSer expire 12 lines
03-03 17:46:50.681   617   707 I chatty  : uid=1000(system) AmazonProfileSe expire 4 lines
03-03 17:46:51.456   617   637 I chatty  : uid=1000(system) android.display expire 8 lines
03-03 17:46:51.663   617   715 I chatty  : uid=1000(system) MetricsHandler expire 2 lines
03-03 17:46:52.099 30519 30554 I FrameworkJumpTable: Successfully loaded all classes
03-03 17:46:52.211 30519 30554 I FrameworkJumpTable: Successfully loaded all methods
03-03 17:46:52.219 30519 30554 I FrameworkJumpTable: Successfully loaded all fields
03-03 17:46:52.219 30519 30554 I FrameworkJumpTable: Successfully loaded all constructors
03-03 17:46:52.285   617  1573 I chatty  : uid=1000(system) Binder:617_10 expire 3 lines
03-03 17:46:52.644 30574 30574 I FrameworkJumpTable: Successfully loaded all classes
03-03 17:46:52.680 30574 30574 I FrameworkJumpTable: Successfully loaded all methods
03-03 17:46:52.686 30574 30574 I FrameworkJumpTable: Successfully loaded all fields
03-03 17:46:52.686 30574 30574 I FrameworkJumpTable: Successfully loaded all constructors
03-03 17:46:53.420   617   628 I chatty  : uid=1000(system) Binder:617_2 expire 1 line
03-03 17:46:55.632   617 16820 I chatty  : uid=1000(system) Binder:617_1C expire 10 lines
03-03 17:46:55.845   617   903 I chatty  : uid=1000(system) Binder:617_5 expire 3 lines
03-03 17:46:55.846   617   617 I chatty  : uid=1000 system_server expire 17 lines
03-03 17:47:33.369   617   661 I chatty  : uid=1000(system) InputReader expire 15 lines
03-03 17:47:33.375   617   643 I chatty  : uid=1000(system) SuspendToRamVen expire 1 line
03-03 17:47:36.456   617 16914 I chatty  : uid=1000(system) Binder:617_1E expire 2 lines
03-03 17:47:39.392   617   777 I chatty  : uid=1000(system) LazyTaskWriterT expire 1 line
03-03 17:59:11.785   617   653 I chatty  : uid=1000(system) AlarmManager expire 1 line
03-03 17:59:12.677 31681 31681 I FrameworkJumpTable: Successfully loaded all classes
03-03 17:59:12.703 31681 31681 I FrameworkJumpTable: Successfully loaded all methods
03-03 17:59:12.707 31681 31681 I FrameworkJumpTable: Successfully loaded all fields
03-03 17:59:12.708 31681 31681 I FrameworkJumpTable: Successfully loaded all constructors
03-03 17:59:16.003   617  3421 I chatty  : uid=1000(system) Binder:617_11 expire 2 lines
03-03 17:59:22.994   617  1186 I chatty  : uid=1000(system) Binder:617_6 expire 3 lines
03-03 17:59:24.048   617   701 I chatty  : uid=1000(system) AmazonHdmiServi expire 9 lines
03-03 17:59:24.113   617 31826 I chatty  : uid=1000 system_server expire 1 line
03-03 18:19:06.926   617   660 I chatty  : uid=1000(system) InputDispatcher expire 2 lines
03-03 18:19:07.075  1636  1673 I FrameworkJumpTable: Successfully loaded all classes
03-03 18:19:07.110  1636  1673 I FrameworkJumpTable: Successfully loaded all methods
03-03 18:19:07.112  1636  1673 I FrameworkJumpTable: Successfully loaded all fields
03-03 18:19:07.123  1636  1673 I FrameworkJumpTable: Successfully loaded all constructors
03-03 18:19:07.149  1656  1656 I FrameworkJumpTable: Successfully loaded all classes
03-03 18:19:07.224  1656  1656 I FrameworkJumpTable: Successfully loaded all methods
03-03 18:19:07.226  1656  1656 I FrameworkJumpTable: Successfully loaded all fields
03-03 18:19:07.226  1656  1656 I FrameworkJumpTable: Successfully loaded all constructors
03-03 18:19:07.349   617 16820 I chatty  : uid=1000(system) Binder:617_1C expire 1 line
03-03 18:19:07.644  1695  1695 I FrameworkJumpTable: Successfully loaded all classes
03-03 18:19:07.665  1695  1695 I FrameworkJumpTable: Successfully loaded all methods
03-03 18:19:07.669  1695  1695 I FrameworkJumpTable: Successfully loaded all fields
03-03 18:19:07.669  1695  1695 I FrameworkJumpTable: Successfully loaded all constructors
03-03 18:19:07.730  1695  1695 I AmazonHdmiServiceManager: AmazonHdmiServiceManager created
03-03 18:19:09.095  1745  1783 I FrameworkJumpTable: Successfully loaded all classes
03-03 18:19:09.118  1745  1783 I FrameworkJumpTable: Successfully loaded all methods
03-03 18:19:09.120  1745  1783 I FrameworkJumpTable: Successfully loaded all fields
03-03 18:19:09.120  1745  1783 I FrameworkJumpTable: Successfully loaded all constructors
03-03 18:19:09.190   617   630 I chatty  : uid=1000(system) ActivityManager expire 2 lines
03-03 18:19:09.274   617  5868 I chatty  : uid=1000(system) Binder:617_13 expire 1 line
03-03 18:19:09.433   617   617 I chatty  : uid=1000 system_server expire 10 lines
03-03 18:19:09.541   617  9919 I chatty  : uid=1000(system) Binder:617_19 expire 8 lines
03-03 18:19:09.670   617  5868 I chatty  : uid=1000(system) Binder:617_13 expire 11 lines
03-03 18:19:09.727   617  1257 I chatty  : uid=1000(system) Binder:617_A expire 10 lines
03-03 18:19:09.805   617   637 I chatty  : uid=1000(system) android.display expire 10 lines
03-03 18:24:12.756   617   777 I chatty  : uid=1000(system) LazyTaskWriterT expire 1 line
03-03 18:25:11.765  2401  2401 I FrameworkJumpTable: Successfully loaded all classes
03-03 18:25:11.786  2401  2401 I FrameworkJumpTable: Successfully loaded all methods
03-03 18:25:11.789  2401  2401 I FrameworkJumpTable: Successfully loaded all fields
03-03 18:25:11.789  2401  2401 I FrameworkJumpTable: Successfully loaded all constructors
03-03 18:25:13.099   617   677 I chatty  : uid=1000(system) ConnectivitySer expire 10 lines
03-03 18:29:06.769   617   641 I chatty  : uid=1000(system) HomeLauncherCal expire 8 lines
03-03 18:29:07.049   617   866 I chatty  : uid=1000(system) Binder:617_4 expire 5 lines
03-03 18:29:07.690   617   633 I chatty  : uid=1000(system) batterystats-sy expire 10 lines
03-03 18:29:07.933   617 16820 I chatty  : uid=1000(system) Binder:617_1C expire 6 lines
03-03 18:29:08.325  2957  2957 I FrameworkJumpTable: Successfully loaded all classes
03-03 18:29:08.350  2957  2957 I FrameworkJumpTable: Successfully loaded all methods
03-03 18:29:08.352  2957  2957 I FrameworkJumpTable: Successfully loaded all fields
03-03 18:29:08.352  2957  2957 I FrameworkJumpTable: Successfully loaded all constructors
03-03 18:29:18.226   617   629 I chatty  : uid=1000(system) android.bg expire 8 lines
03-03 18:29:37.628  3064  3064 I FrameworkJumpTable: Successfully loaded all classes
03-03 18:29:37.643  3064  3064 I FrameworkJumpTable: Successfully loaded all methods
03-03 18:29:37.645  3064  3064 I FrameworkJumpTable: Successfully loaded all fields
03-03 18:29:37.645  3064  3064 I FrameworkJumpTable: Successfully loaded all constructors
03-03 18:37:38.819   617   630 I chatty  : uid=1000(system) ActivityManager expire 10 lines
03-03 18:38:07.782   617   634 I chatty  : uid=1000(system) FileObserver expire 1 line
03-03 18:49:23.490   617  5868 I chatty  : uid=1000(system) Binder:617_13 expire 9 lines
03-03 18:49:23.603   617  5010 I chatty  : uid=1000(system) Binder:617_12 expire 4 lines
03-03 18:59:31.637   617   653 I chatty  : uid=1000(system) AlarmManager expire 3 lines
03-03 18:59:31.645   617   711 I chatty  : uid=1000(system) AmazonWifiServi expire 1 line
03-03 18:59:41.200   617  3421 I chatty  : uid=1000(system) Binder:617_11 expire 3 lines
03-03 19:00:17.810   617  1573 I chatty  : uid=1000(system) Binder:617_10 expire 1 line
03-03 19:10:40.873  6424  6424 I FrameworkJumpTable: Successfully loaded all classes
03-03 19:10:40.889  6424  6424 I FrameworkJumpTable: Successfully loaded all methods
03-03 19:10:40.891  6424  6424 I FrameworkJumpTable: Successfully loaded all fields
03-03 19:10:40.891  6424  6424 I FrameworkJumpTable: Successfully loaded all constructors
03-03 19:10:41.450  6487  6511 I FrameworkJumpTable: Successfully loaded all classes
03-03 19:10:41.473  6487  6511 I FrameworkJumpTable: Successfully loaded all methods
03-03 19:10:41.475  6487  6511 I FrameworkJumpTable: Successfully loaded all fields
03-03 19:10:41.475  6487  6511 I FrameworkJumpTable: Successfully loaded all constructors
03-03 19:10:41.632  6424  6453 E ActivityThread: Failed to find provider info for com.amazon.tv.channelscan
03-03 19:10:41.634  6424  6453 E ActivityThread: Failed to find provider info for com.amazon.tv.channelscan
03-03 19:10:41.635  6424  6453 E ActivityThread: Failed to find provider info for com.amazon.tv.channelscan
03-03 19:15:12.311 15677 15761 E ActivityThread: Failed to find provider info for com.amazon.tv.ambient.provider
03-03 19:23:23.191   617   617 I chatty  : uid=1000 system_server expire 10 lines
03-03 19:25:13.368  7714  7714 I FrameworkJumpTable: Successfully loaded all classes
03-03 19:25:13.383  7714  7714 I FrameworkJumpTable: Successfully loaded all methods
03-03 19:25:13.385  7714  7714 I FrameworkJumpTable: Successfully loaded all fields
03-03 19:25:13.385  7714  7714 I FrameworkJumpTable: Successfully loaded all constructors
03-03 19:36:38.448  8692  8692 I FrameworkJumpTable: Successfully loaded all classes
03-03 19:36:38.460  8692  8692 I FrameworkJumpTable: Successfully loaded all methods
03-03 19:36:38.462  8692  8692 I FrameworkJumpTable: Successfully loaded all fields
03-03 19:36:38.462  8692  8692 I FrameworkJumpTable: Successfully loaded all constructors
03-03 19:42:04.547  9182  9182 I FrameworkJumpTable: Successfully loaded all classes
03-03 19:42:04.561  9182  9182 I FrameworkJumpTable: Successfully loaded all methods
03-03 19:42:04.563  9182  9182 I FrameworkJumpTable: Successfully loaded all fields
03-03 19:42:04.563  9182  9182 I FrameworkJumpTable: Successfully loaded all constructors
03-03 19:42:04.596  9182  9182 I AmazonHdmiServiceManager: AmazonHdmiServiceManager created
03-03 19:42:04.597   617  8828 I chatty  : uid=1000(system) Binder:617_18 expire 11 lines
03-03 19:42:04.936   617   647 I chatty  : uid=1000(system) PackageManager expire 2 lines
03-03 19:42:05.252  9236  9264 I FrameworkJumpTable: Successfully loaded all classes
03-03 19:42:05.347  9236  9264 I FrameworkJumpTable: Successfully loaded all methods
03-03 19:42:05.356  9236  9264 I FrameworkJumpTable: Successfully loaded all fields
03-03 19:42:05.356  9236  9264 I FrameworkJumpTable: Successfully loaded all constructors
03-03 19:42:10.556  9182  9182 E ActivityThread: Service com.amazon.tv.settings.v2.EmitStorageMetricService has leaked ServiceConnection com.amazon.dcp.ota.ServiceBinder$1@419f5a5 that was originally bound here
03-03 19:42:10.556  9182  9182 E ActivityThread: android.app.ServiceConnectionLeaked: Service com.amazon.tv.settings.v2.EmitStorageMetricService has leaked ServiceConnection com.amazon.dcp.ota.ServiceBinder$1@419f5a5 that was originally bound here
03-03 19:42:10.556  9182  9182 E ActivityThread: 	at android.app.LoadedApk$ServiceDispatcher.<init>(LoadedApk.java:1372)
03-03 19:42:10.556  9182  9182 E ActivityThread: 	at android.app.LoadedApk.getServiceDispatcher(LoadedApk.java:1267)
03-03 19:42:10.556  9182  9182 E ActivityThread: 	at android.app.ContextImpl.bindServiceCommon(ContextImpl.java:1479)
03-03 19:42:10.556  9182  9182 E ActivityThread: 	at android.app.ContextImpl.bindService(ContextImpl.java:1451)
03-03 19:42:10.556  9182  9182 E ActivityThread: 	at android.content.ContextWrapper.bindService(ContextWrapper.java:636)
03-03 19:42:10.556  9182  9182 E ActivityThread: 	at com.amazon.dcp.ota.ServiceBinder.startBind(ServiceBinder.java:159)
03-03 19:42:10.556  9182  9182 E ActivityThread: 	at com.amazon.dcp.ota.ServiceBinder.unsafeBind(ServiceBinder.java:83)
03-03 19:42:10.556  9182  9182 E ActivityThread: 	at com.amazon.dcp.ota.ServiceBinder.bind(ServiceBinder.java:68)
03-03 19:42:10.556  9182  9182 E ActivityThread: 	at com.amazon.dcp.ota.OtaServiceConnectionManager.getServiceBinder(OtaServiceConnectionManager.java:87)
03-03 19:42:10.556  9182  9182 E ActivityThread: 	at com.amazon.dcp.ota.OtaServiceConnectionManager.access$000(OtaServiceConnectionManager.java:22)
03-03 19:42:10.556  9182  9182 E ActivityThread: 	at com.amazon.dcp.ota.OtaServiceConnectionManager$OtaServiceWrapper.getAllBlockedApps(OtaServiceConnectionManager.java:528)
03-03 19:42:10.556  9182  9182 E ActivityThread: 	at com.amazon.dcp.ota.OTAController.getAllBlockedApps(OTAController.java:1048)
03-03 19:42:10.556  9182  9182 E ActivityThread: 	at com.amazon.tv.settings.v2.EmitStorageMetricService$1$1.onFinishedMeasuringApps(EmitStorageMetricService.java:107)
03-03 19:42:10.556  9182  9182 E ActivityThread: 	at com.amazon.tv.settings.v2.tv.applications.PackageStatsApplicationSizeComputer$2.onGetSizeCompleted(PackageStatsApplicationSizeComputer.java:64)
03-03 19:42:10.556  9182  9182 E ActivityThread: 	at com.amazon.tv.sysappsinternal.impl.AppSettingsImpl$4.onGetStatsCompleted(AppSettingsImpl.java:140)
03-03 19:42:10.556  9182  9182 E ActivityThread: 	at android.content.pm.IPackageStatsObserver$Stub.onTransact(IPackageStatsObserver.java:63)
03-03 19:42:10.556  9182  9182 E ActivityThread: 	at android.os.Binder.execTransact(Binder.java:565)
03-03 19:59:32.286 10699 10699 I FrameworkJumpTable: Successfully loaded all classes
03-03 19:59:32.303 10699 10699 I FrameworkJumpTable: Successfully loaded all methods
03-03 19:59:32.304 10699 10699 I FrameworkJumpTable: Successfully loaded all fields
03-03 19:59:32.305 10699 10699 I FrameworkJumpTable: Successfully loaded all constructors
03-03 20:00:02.418   617 10835 I chatty  : uid=1000 system_server expire 1 line
03-03 20:12:23.977   617   617 I chatty  : uid=1000 system_server expire 13 lines
03-03 20:12:24.116   617  7558 I chatty  : uid=1000(system) Binder:617_15 expire 1 line
03-03 20:14:37.809 11891 11891 I FrameworkJumpTable: Successfully loaded all classes
03-03 20:14:37.826 11891 11891 I FrameworkJumpTable: Successfully loaded all methods
03-03 20:14:37.830 11891 11891 I FrameworkJumpTable: Successfully loaded all fields
03-03 20:14:37.830 11891 11891 I FrameworkJumpTable: Successfully loaded all constructors
03-03 20:14:38.976   617 16811 I chatty  : uid=1000(system) Binder:617_1B expire 6 lines
03-03 20:14:39.141 12000 12000 I FrameworkJumpTable: Successfully loaded all classes
03-03 20:14:39.156 12000 12000 I FrameworkJumpTable: Successfully loaded all methods
03-03 20:14:39.158 12000 12000 I FrameworkJumpTable: Successfully loaded all fields
03-03 20:14:39.158 12000 12000 I FrameworkJumpTable: Successfully loaded all constructors
03-03 20:14:46.469   831   831 W ContextImpl: Calling a method in the system process without a qualified user: android.app.ContextImpl.sendBroadcast:921 android.content.ContextWrapper.sendBroadcast:426 com.amazon.tifobserver.LiveTvObserver.broadcastChannelListChange:157 com.amazon.tifobserver.LiveTvObserver.-wrap0:-1 com.amazon.tifobserver.LiveTvObserver$1.run:111 
03-03 20:14:46.471   831   831 W ContextImpl: Calling a method in the system process without a qualified user: android.app.ContextImpl.sendBroadcast:921 android.content.ContextWrapper.sendBroadcast:426 com.amazon.tifobserver.LiveTvObserver.broadcastChannelListChange:161 com.amazon.tifobserver.LiveTvObserver.-wrap0:-1 com.amazon.tifobserver.LiveTvObserver$1.run:111 
03-03 20:14:46.624 12161 12161 I FrameworkJumpTable: Successfully loaded all classes
03-03 20:14:46.643 12161 12161 I FrameworkJumpTable: Successfully loaded all methods
03-03 20:14:46.645 12161 12161 I FrameworkJumpTable: Successfully loaded all fields
03-03 20:14:46.645 12161 12161 I FrameworkJumpTable: Successfully loaded all constructors
03-03 20:14:47.070   617 13191 I chatty  : uid=1000(system) Binder:617_1A expire 7 lines
03-03 20:14:47.130   617  6124 I chatty  : uid=1000(system) Binder:617_14 expire 6 lines
03-03 20:14:47.514 12209 12246 I FrameworkJumpTable: Successfully loaded all classes
03-03 20:14:47.534 12209 12246 I FrameworkJumpTable: Successfully loaded all methods
03-03 20:14:47.540 12209 12246 I FrameworkJumpTable: Successfully loaded all fields
03-03 20:14:47.540 12209 12246 I FrameworkJumpTable: Successfully loaded all constructors
03-03 20:14:48.196 12161 12189 E ActivityThread: Failed to find provider info for com.amazon.tv.channelscan
03-03 20:14:48.197 12161 12189 E ActivityThread: Failed to find provider info for com.amazon.tv.channelscan
03-03 20:14:48.198 12161 12189 E ActivityThread: Failed to find provider info for com.amazon.tv.channelscan
03-03 20:26:57.241   617   627 I chatty  : uid=1000(system) Binder:617_1 expire 6 lines
03-03 20:26:57.435 13269 13269 I FrameworkJumpTable: Successfully loaded all classes
03-03 20:26:57.448 13269 13269 I FrameworkJumpTable: Successfully loaded all methods
03-03 20:26:57.449 13269 13269 I FrameworkJumpTable: Successfully loaded all fields
03-03 20:26:57.449 13269 13269 I FrameworkJumpTable: Successfully loaded all constructors
03-03 20:26:57.503 13269 13269 I AmazonHdmiServiceManager: AmazonHdmiServiceManager created
03-03 20:30:46.554 13613 13613 I FrameworkJumpTable: Successfully loaded all classes
03-03 20:30:46.575 13613 13613 I FrameworkJumpTable: Successfully loaded all methods
03-03 20:30:46.577 13613 13613 I FrameworkJumpTable: Successfully loaded all fields
03-03 20:30:46.578 13613 13613 I FrameworkJumpTable: Successfully loaded all constructors
03-03 20:37:50.281   617   630 I chatty  : uid=1000(system) ActivityManager expire 6 lines
03-03 20:45:43.409 14841 14841 I FrameworkJumpTable: Successfully loaded all classes
03-03 20:45:43.421 14841 14841 I FrameworkJumpTable: Successfully loaded all methods
03-03 20:45:43.423 14841 14841 I FrameworkJumpTable: Successfully loaded all fields
03-03 20:45:43.423 14841 14841 I FrameworkJumpTable: Successfully loaded all constructors
03-03 20:45:43.769 14841 14869 E ActivityThread: Failed to find provider info for com.amazon.tv.channelscan
03-03 20:45:43.770 14841 14869 E ActivityThread: Failed to find provider info for com.amazon.tv.channelscan
03-03 20:45:43.771 14841 14869 E ActivityThread: Failed to find provider info for com.amazon.tv.channelscan
03-03 20:55:17.393   617   617 I chatty  : uid=1000 system_server expire 10 lines
03-03 20:56:14.007 15827 15827 I FrameworkJumpTable: Successfully loaded all classes
03-03 20:56:14.019 15827 15827 I FrameworkJumpTable: Successfully loaded all methods
03-03 20:56:14.021 15827 15827 I FrameworkJumpTable: Successfully loaded all fields
03-03 20:56:14.021 15827 15827 I FrameworkJumpTable: Successfully loaded all constructors
03-03 20:57:07.118   617  1334 I chatty  : uid=1000(system) Binder:617_E expire 5 lines
03-03 20:59:07.761   617   633 I chatty  : uid=1000(system) batterystats-sy expire 2 lines
03-03 20:59:34.894   617   709 I chatty  : uid=1000(system) PactArcusHelper expire 4 lines
03-03 20:59:34.906   617   773 I chatty  : uid=1000(system) ContextualSSArc expire 1 line
03-03 20:59:40.787 16281 16281 I FrameworkJumpTable: Successfully loaded all classes
03-03 20:59:40.801 16281 16281 I FrameworkJumpTable: Successfully loaded all methods
03-03 20:59:40.803 16281 16281 I FrameworkJumpTable: Successfully loaded all fields
03-03 20:59:40.803 16281 16281 I FrameworkJumpTable: Successfully loaded all constructors
03-03 20:59:40.885   617  1407 I chatty  : uid=1000(system) Binder:617_F expire 3 lines
03-03 20:59:52.375 16566 16566 I FrameworkJumpTable: Successfully loaded all classes
03-03 20:59:52.392 16566 16566 I FrameworkJumpTable: Successfully loaded all methods
03-03 20:59:52.394 16566 16566 I FrameworkJumpTable: Successfully loaded all fields
03-03 20:59:52.394 16566 16566 I FrameworkJumpTable: Successfully loaded all constructors
03-03 20:59:52.829   617  1193 I chatty  : uid=1000(system) Binder:617_8 expire 1 line
03-03 20:59:53.293   617   617 I chatty  : uid=1000 system_server expire 10 lines
03-03 20:59:53.654   617  1256 I chatty  : uid=1000(system) Binder:617_9 expire 1 line
03-03 20:59:54.686  1164 16655 E ActivityThread: Failed to find provider info for com.amazon.dcp.ota.pendingupdates.internal
03-03 20:59:59.091   617 31838 I chatty  : uid=1000(system) Binder:617_20 expire 1 line
03-03 20:59:59.901   617   683 I chatty  : uid=1000(system) onProviders.ECP expire 1 line
03-03 21:00:12.945 17080 17101 I FrameworkJumpTable: Successfully loaded all classes
03-03 21:00:12.961 17080 17101 I FrameworkJumpTable: Successfully loaded all methods
03-03 21:00:12.963 17080 17101 I FrameworkJumpTable: Successfully loaded all fields
03-03 21:00:12.963 17080 17101 I FrameworkJumpTable: Successfully loaded all constructors
03-03 21:00:14.868 17109 17188 W FileUtils: Failed to chown(/data/user/0/com.amazon.securitysyncclient/files/4818.crl): android.system.ErrnoException: chown failed: EPERM (Operation not permitted)
03-03 21:00:14.889   617 17190 I chatty  : uid=1000 system_server expire 3 lines
03-03 21:00:15.318 17197 17228 I FrameworkJumpTable: Successfully loaded all classes
03-03 21:00:15.365 17197 17228 I FrameworkJumpTable: Successfully loaded all methods
03-03 21:00:15.367 17197 17228 I FrameworkJumpTable: Successfully loaded all fields
03-03 21:00:15.367 17197 17228 I FrameworkJumpTable: Successfully loaded all constructors
03-03 21:00:19.207 17286 17286 I AmazonHdmiServiceManager: AmazonHdmiServiceManager created
03-03 21:00:28.794 17354 17354 I FrameworkJumpTable: Successfully loaded all classes
03-03 21:00:28.814 17354 17354 I FrameworkJumpTable: Successfully loaded all methods
03-03 21:00:28.816 17354 17354 I FrameworkJumpTable: Successfully loaded all fields
03-03 21:00:28.816 17354 17354 I FrameworkJumpTable: Successfully loaded all constructors
03-03 21:00:29.367   617   632 I chatty  : uid=1000(system) ActivityManager expire 2 lines
03-03 21:00:37.027   617   617 I chatty  : uid=1000 system_server expire 2 lines
03-03 21:00:37.266 17433 17433 I FrameworkJumpTable: Successfully loaded all classes
03-03 21:00:37.279 17433 17433 I FrameworkJumpTable: Successfully loaded all methods
03-03 21:00:37.281 17433 17433 I FrameworkJumpTable: Successfully loaded all fields
03-03 21:00:37.281 17433 17433 I FrameworkJumpTable: Successfully loaded all constructors
03-03 21:00:43.328 17109 17138 I FrameworkJumpTable: Successfully loaded all classes
03-03 21:00:43.361 17109 17138 I FrameworkJumpTable: Successfully loaded all methods
03-03 21:00:43.376 17109 17138 I FrameworkJumpTable: Successfully loaded all fields
03-03 21:00:43.376 17109 17138 I FrameworkJumpTable: Successfully loaded all constructors
03-03 21:00:57.106 17609 17638 I FrameworkJumpTable: Successfully loaded all classes
03-03 21:00:57.118 17609 17638 I FrameworkJumpTable: Successfully loaded all methods
03-03 21:00:57.120 17609 17638 I FrameworkJumpTable: Successfully loaded all fields
03-03 21:00:57.120 17609 17638 I FrameworkJumpTable: Successfully loaded all constructors
03-03 21:00:57.372   617 16839 I chatty  : uid=1000(system) Binder:617_1D expire 1 line
03-03 21:00:57.397 17609 17609 I AmazonHdmiServiceManager: AmazonHdmiServiceManager created
03-03 21:00:57.643 17665 17690 I FrameworkJumpTable: Successfully loaded all classes
03-03 21:00:57.663 17665 17690 I FrameworkJumpTable: Successfully loaded all methods
03-03 21:00:57.664 17665 17690 I FrameworkJumpTable: Successfully loaded all fields
03-03 21:00:57.665 17665 17690 I FrameworkJumpTable: Successfully loaded all constructors
03-03 21:05:20.511 18272 18272 I FrameworkJumpTable: Successfully loaded all classes
03-03 21:05:20.543 18272 18272 I FrameworkJumpTable: Successfully loaded all methods
03-03 21:05:20.546 18272 18272 I FrameworkJumpTable: Successfully loaded all fields
03-03 21:05:20.546 18272 18272 I FrameworkJumpTable: Successfully loaded all constructors
03-03 21:14:24.841   617   715 I chatty  : uid=1000(system) MetricsHandler expire 1 line
03-03 21:14:24.992 19151 19169 I FrameworkJumpTable: Successfully loaded all classes
03-03 21:14:25.022 19151 19169 I FrameworkJumpTable: Successfully loaded all methods
03-03 21:14:25.027 19151 19169 I FrameworkJumpTable: Successfully loaded all fields
03-03 21:14:25.027 19151 19169 I FrameworkJumpTable: Successfully loaded all constructors
03-03 21:14:25.060   617   628 I chatty  : uid=1000(system) Binder:617_2 expire 2 lines
03-03 21:14:25.195   617  8828 I chatty  : uid=1000(system) Binder:617_18 expire 1 line
03-03 21:14:32.775   617  1117 I chatty  : uid=1000(system) pool-6-thread-1 expire 8 lines
03-03 21:22:08.682   617  8828 I chatty  : uid=1000(system) Binder:617_18 expire 4 lines
03-03 21:22:08.867   617   628 I chatty  : uid=1000(system) Binder:617_2 expire 15 lines
03-03 21:25:14.732   617   617 I chatty  : uid=1000 system_server expire 13 lines
03-03 21:25:15.060 20066 20066 I FrameworkJumpTable: Successfully loaded all classes
03-03 21:25:15.073 20066 20066 I FrameworkJumpTable: Successfully loaded all methods
03-03 21:25:15.075 20066 20066 I FrameworkJumpTable: Successfully loaded all fields
03-03 21:25:15.075 20066 20066 I FrameworkJumpTable: Successfully loaded all constructors
03-03 21:25:21.423   617  1407 I chatty  : uid=1000(system) Binder:617_F expire 1 line
03-03 21:29:07.770   617   633 I chatty  : uid=1000(system) batterystats-sy expire 4 lines
03-03 21:30:14.395   617 16811 I chatty  : uid=1000(system) Binder:617_1B expire 2 lines
03-03 21:30:14.735 20489 20507 I FrameworkJumpTable: Successfully loaded all classes
03-03 21:30:14.761 20489 20507 I FrameworkJumpTable: Successfully loaded all methods
03-03 21:30:14.762 20489 20507 I FrameworkJumpTable: Successfully loaded all fields
03-03 21:30:14.763 20489 20507 I FrameworkJumpTable: Successfully loaded all constructors
03-03 21:30:14.891   617   903 I chatty  : uid=1000(system) Binder:617_5 expire 9 lines
03-03 21:30:14.957   617   677 I chatty  : uid=1000(system) ConnectivitySer expire 2 lines
03-03 21:34:01.799 20838 20838 I FrameworkJumpTable: Successfully loaded all classes
03-03 21:34:01.812 20838 20838 I FrameworkJumpTable: Successfully loaded all methods
03-03 21:34:01.814 20838 20838 I FrameworkJumpTable: Successfully loaded all fields
03-03 21:34:01.814 20838 20838 I FrameworkJumpTable: Successfully loaded all constructors
03-03 21:34:02.347 20897 20920 I FrameworkJumpTable: Successfully loaded all classes
03-03 21:34:02.361 20897 20920 I FrameworkJumpTable: Successfully loaded all methods
03-03 21:34:02.363 20897 20920 I FrameworkJumpTable: Successfully loaded all fields
03-03 21:34:02.363 20897 20920 I FrameworkJumpTable: Successfully loaded all constructors
03-03 21:34:02.465 20838 20868 E ActivityThread: Failed to find provider info for com.amazon.tv.channelscan
03-03 21:34:02.466 20838 20868 E ActivityThread: Failed to find provider info for com.amazon.tv.channelscan
03-03 21:34:02.466 20838 20868 E ActivityThread: Failed to find provider info for com.amazon.tv.channelscan
03-03 21:34:02.970 20976 20976 I FrameworkJumpTable: Successfully loaded all classes
03-03 21:34:02.983 20976 20976 I FrameworkJumpTable: Successfully loaded all methods
03-03 21:34:02.985 20976 20976 I FrameworkJumpTable: Successfully loaded all fields
03-03 21:34:02.985 20976 20976 I FrameworkJumpTable: Successfully loaded all constructors
03-03 21:34:03.056 20976 20976 I AmazonHdmiServiceManager: AmazonHdmiServiceManager created
03-03 21:35:59.214 21206 21234 I FrameworkJumpTable: Successfully loaded all classes
03-03 21:35:59.226 21206 21234 I FrameworkJumpTable: Successfully loaded all methods
03-03 21:35:59.228 21206 21234 I FrameworkJumpTable: Successfully loaded all fields
03-03 21:35:59.228 21206 21234 I FrameworkJumpTable: Successfully loaded all constructors
03-03 21:35:59.492 21206 21206 I AmazonHdmiServiceManager: AmazonHdmiServiceManager created
03-03 21:36:00.270   617   632 I chatty  : uid=1000(system) ActivityManager expire 2 lines
03-03 21:36:02.974   617 13191 I chatty  : uid=1000(system) Binder:617_1A expire 8 lines
03-03 21:36:03.578   617  7558 I chatty  : uid=1000(system) Binder:617_15 expire 4 lines
03-03 21:36:10.576   617   629 I chatty  : uid=1000(system) android.bg expire 4 lines
03-03 21:37:55.952   617   630 I chatty  : uid=1000(system) ActivityManager expire 4 lines
03-03 21:39:49.951   617   661 I chatty  : uid=1000(system) InputReader expire 15 lines
03-03 21:39:49.963   617   707 I chatty  : uid=1000(system) AmazonProfileSe expire 3 lines
03-03 21:39:49.963   617   643 I chatty  : uid=1000(system) SuspendToRamVen expire 1 line
03-03 21:39:49.971   617   644 I chatty  : uid=1000(system) PowerManagerSer expire 12 lines
03-03 21:39:50.182   617   637 I chatty  : uid=1000(system) android.display expire 9 lines
03-03 21:39:50.252   617   715 I chatty  : uid=1000(system) MetricsHandler expire 2 lines
03-03 21:39:50.273   617   718 I chatty  : uid=1000(system) AmazonUsageStat expire 4 lines
03-03 21:39:50.451   617  1334 I chatty  : uid=1000(system) Binder:617_E expire 2 lines
03-03 21:39:50.534   617  1193 I chatty  : uid=1000(system) Binder:617_8 expire 6 lines
03-03 21:39:50.614 21734 21756 I FrameworkJumpTable: Successfully loaded all classes
03-03 21:39:50.650 21716 21767 I FrameworkJumpTable: Successfully loaded all classes
03-03 21:39:50.716 21734 21756 I FrameworkJumpTable: Successfully loaded all methods
03-03 21:39:50.726 21716 21767 I FrameworkJumpTable: Successfully loaded all methods
03-03 21:39:50.730 21734 21756 I FrameworkJumpTable: Successfully loaded all fields
03-03 21:39:50.730 21734 21756 I FrameworkJumpTable: Successfully loaded all constructors
03-03 21:39:50.733 21716 21767 I FrameworkJumpTable: Successfully loaded all fields
03-03 21:39:50.733 21716 21767 I FrameworkJumpTable: Successfully loaded all constructors
03-03 21:39:51.922 21818 21818 I FrameworkJumpTable: Successfully loaded all classes
03-03 21:39:51.936 21818 21818 I FrameworkJumpTable: Successfully loaded all methods
03-03 21:39:51.937 21818 21818 I FrameworkJumpTable: Successfully loaded all fields
03-03 21:39:51.937 21818 21818 I FrameworkJumpTable: Successfully loaded all constructors
03-03 21:39:52.567   617   656 I chatty  : uid=1000(system) UEventObserver expire 11 lines
03-03 21:39:53.094   617   701 I chatty  : uid=1000(system) AmazonHdmiServi expire 48 lines
03-03 21:39:53.140   617 21901 I chatty  : uid=1000(system) MetricsServiceA expire 1 line
03-03 21:39:53.616  1427  1427 I AmazonHdmiServiceManager: resolution applied and hdmi turned off
03-03 21:39:53.616  1427  1427 I AmazonHdmiServiceManager: MESSAGE: 
03-03 21:39:53.617   831   831 I AmazonHdmiServiceManager: resolution applied and hdmi turned off
03-03 21:39:53.617   831   831 I AmazonHdmiServiceManager: MESSAGE: 
03-03 21:39:53.618 17022 17022 I AmazonHdmiServiceManager: resolution applied and hdmi turned off
03-03 21:39:53.618  1444  1444 I AmazonHdmiServiceManager: resolution applied and hdmi turned off
03-03 21:39:53.618 17022 17022 I AmazonHdmiServiceManager: MESSAGE: 
03-03 21:39:53.618  1444  1444 I AmazonHdmiServiceManager: MESSAGE: 
03-03 21:39:53.619  1395  1395 I AmazonHdmiServiceManager: resolution applied and hdmi turned off
03-03 21:39:53.619  1395  1395 I AmazonHdmiServiceManager: MESSAGE: 
03-03 21:39:53.619 21206 21206 I AmazonHdmiServiceManager: resolution applied and hdmi turned off
03-03 21:39:53.620 21206 21206 I AmazonHdmiServiceManager: MESSAGE: 
03-03 21:39:53.620 20976 20976 I AmazonHdmiServiceManager: resolution applied and hdmi turned off
03-03 21:39:53.620 20976 20976 I AmazonHdmiServiceManager: MESSAGE: 
03-03 21:39:54.193   617   617 I chatty  : uid=1000 system_server expire 17 lines
03-03 21:39:54.210   617  1573 I chatty  : uid=1000(system) Binder:617_10 expire 6 lines
03-03 21:39:54.323   617   687 I chatty  : uid=1000(system) Hdmi Control Io expire 1 line
03-03 21:40:08.907   617 21993 I chatty  : uid=1000(system) SICS_SHARED_NET expire 5 lines
03-03 21:40:09.063   617  1190 I chatty  : uid=1000(system) Binder:617_7 expire 2 lines
03-03 21:40:11.940   617   777 I chatty  : uid=1000(system) LazyTaskWriterT expire 1 line
03-03 21:40:19.370   617  5010 I chatty  : uid=1000(system) Binder:617_12 expire 5 lines
03-03 21:40:21.649   617 19414 I chatty  : uid=1000(system) Binder:617_1F expire 10 lines
03-03 21:40:21.954 22071 22071 I FrameworkJumpTable: Successfully loaded all classes
03-03 21:40:21.973 22071 22071 I FrameworkJumpTable: Successfully loaded all methods
03-03 21:40:21.978 22071 22071 I FrameworkJumpTable: Successfully loaded all fields
03-03 21:40:21.978 22071 22071 I FrameworkJumpTable: Successfully loaded all constructors
03-03 21:47:45.802   617   634 I chatty  : uid=1000(system) FileObserver expire 3 lines
03-03 21:49:57.371 22916 22916 I FrameworkJumpTable: Successfully loaded all classes
03-03 21:49:57.417 22916 22916 I FrameworkJumpTable: Successfully loaded all methods
03-03 21:49:57.425 22916 22916 I FrameworkJumpTable: Successfully loaded all fields
03-03 21:49:57.425 22916 22916 I FrameworkJumpTable: Successfully loaded all constructors
03-03 21:49:57.646   617   628 I chatty  : uid=1000(system) Binder:617_2 expire 1 line
03-03 21:50:59.900   617   661 I chatty  : uid=1000(system) InputReader expire 6 lines
03-03 21:59:05.233   617 23789 I chatty  : uid=1000 system_server expire 1 line
03-03 21:59:58.591   617   653 I chatty  : uid=1000(system) AlarmManager expire 1 line
03-03 21:59:59.638   617  9919 I chatty  : uid=1000(system) Binder:617_19 expire 1 line
03-03 22:00:00.090   617 23874 I chatty  : uid=1000 system_server expire 1 line
03-03 22:00:15.992 23897 23915 I FrameworkJumpTable: Successfully loaded all classes
03-03 22:00:16.028 23897 23915 I FrameworkJumpTable: Successfully loaded all methods
03-03 22:00:16.032 23897 23915 I FrameworkJumpTable: Successfully loaded all fields
03-03 22:00:16.033 23897 23915 I FrameworkJumpTable: Successfully loaded all constructors
03-03 22:02:32.976   617  1256 I chatty  : uid=1000(system) Binder:617_9 expire 2 lines
03-03 22:13:51.426 25247 25285 I FrameworkJumpTable: Successfully loaded all classes
03-03 22:13:51.427 25261 25261 I FrameworkJumpTable: Successfully loaded all classes
03-03 22:13:51.456 25247 25285 I FrameworkJumpTable: Successfully loaded all methods
03-03 22:13:51.460 25261 25261 I FrameworkJumpTable: Successfully loaded all methods
03-03 22:13:51.463 25247 25285 I FrameworkJumpTable: Successfully loaded all fields
03-03 22:13:51.463 25247 25285 I FrameworkJumpTable: Successfully loaded all constructors
03-03 22:13:51.464 25261 25261 I FrameworkJumpTable: Successfully loaded all fields
03-03 22:13:51.465 25261 25261 I FrameworkJumpTable: Successfully loaded all constructors
03-03 22:13:52.294 25316 25316 I FrameworkJumpTable: Successfully loaded all classes
03-03 22:13:52.322 25316 25316 I FrameworkJumpTable: Successfully loaded all methods
03-03 22:13:52.324 25316 25316 I FrameworkJumpTable: Successfully loaded all fields
03-03 22:13:52.324 25316 25316 I FrameworkJumpTable: Successfully loaded all constructors
03-03 22:13:52.375 25316 25316 I AmazonHdmiServiceManager: AmazonHdmiServiceManager created
03-03 22:13:53.255   617  1257 I chatty  : uid=1000(system) Binder:617_A expire 2 lines
03-03 22:13:53.523   617   617 I chatty  : uid=1000 system_server expire 2 lines
03-03 22:13:53.951 25365 25395 I FrameworkJumpTable: Successfully loaded all classes
03-03 22:13:53.968 25365 25395 I FrameworkJumpTable: Successfully loaded all methods
03-03 22:13:53.970 25365 25395 I FrameworkJumpTable: Successfully loaded all fields
03-03 22:13:53.970 25365 25395 I FrameworkJumpTable: Successfully loaded all constructors
03-03 22:13:54.283   617  1332 I chatty  : uid=1000(system) Binder:617_D expire 7 lines
03-03 22:13:54.588   617   677 I chatty  : uid=1000(system) ConnectivitySer expire 7 lines
03-03 22:18:54.355   617   637 I chatty  : uid=1000(system) android.display expire 3 lines
03-03 22:18:54.416   617  1334 I chatty  : uid=1000(system) Binder:617_E expire 8 lines
03-03 22:18:57.345   617   777 I chatty  : uid=1000(system) LazyTaskWriterT expire 2 lines
03-03 22:20:45.363   617   617 I chatty  : uid=1000 system_server expire 21 lines
03-03 22:20:45.775 25904 25904 I FrameworkJumpTable: Successfully loaded all classes
03-03 22:20:45.790 25904 25904 I FrameworkJumpTable: Successfully loaded all methods
03-03 22:20:45.792 25904 25904 I FrameworkJumpTable: Successfully loaded all fields
03-03 22:20:45.792 25904 25904 I FrameworkJumpTable: Successfully loaded all constructors
03-03 22:20:46.176   617  7919 I chatty  : uid=1000(system) Binder:617_17 expire 9 lines
03-03 22:20:46.350 25904 25933 E ActivityThread: Failed to find provider info for com.amazon.tv.channelscan
03-03 22:20:46.351 25904 25933 E ActivityThread: Failed to find provider info for com.amazon.tv.channelscan
03-03 22:20:46.351 25904 25933 E ActivityThread: Failed to find provider info for com.amazon.tv.channelscan
03-03 22:23:50.895   617   641 I chatty  : uid=1000(system) HomeLauncherCal expire 6 lines
03-03 22:23:51.134   617   630 I chatty  : uid=1000(system) ActivityManager expire 9 lines
03-03 22:23:51.669 26286 26286 I FrameworkJumpTable: Successfully loaded all classes
03-03 22:23:51.697 26286 26286 I FrameworkJumpTable: Successfully loaded all methods
03-03 22:23:51.699 26286 26286 I FrameworkJumpTable: Successfully loaded all fields
03-03 22:23:51.699 26286 26286 I FrameworkJumpTable: Successfully loaded all constructors
03-03 22:23:52.134   617   903 I chatty  : uid=1000(system) Binder:617_5 expire 10 lines
03-03 22:23:52.508 26358 26358 I FrameworkJumpTable: Successfully loaded all classes
03-03 22:23:52.538 26358 26358 I FrameworkJumpTable: Successfully loaded all methods
03-03 22:23:52.540 26358 26358 I FrameworkJumpTable: Successfully loaded all fields
03-03 22:23:52.540 26358 26358 I FrameworkJumpTable: Successfully loaded all constructors
03-03 22:23:52.584   617 19414 I chatty  : uid=1000(system) Binder:617_1F expire 1 line
03-03 22:24:02.058   617   629 I chatty  : uid=1000(system) android.bg expire 8 lines
03-03 22:25:18.069 26619 26619 I FrameworkJumpTable: Successfully loaded all classes
03-03 22:25:18.097 26619 26619 I FrameworkJumpTable: Successfully loaded all methods
03-03 22:25:18.102 26619 26619 I FrameworkJumpTable: Successfully loaded all fields
03-03 22:25:18.102 26619 26619 I FrameworkJumpTable: Successfully loaded all constructors
03-03 22:25:19.575   617  5868 I chatty  : uid=1000(system) Binder:617_13 expire 3 lines
03-03 22:25:57.862   617   661 I chatty  : uid=1000(system) InputReader expire 14 lines
03-03 22:25:57.871   617   643 I chatty  : uid=1000(system) SuspendToRamVen expire 1 line
03-03 22:25:57.872   617   707 I chatty  : uid=1000(system) AmazonProfileSe expire 2 lines
03-03 22:25:57.885   617   644 I chatty  : uid=1000(system) PowerManagerSer expire 4 lines
03-03 22:25:58.221   617   718 I chatty  : uid=1000(system) AmazonUsageStat expire 2 lines
03-03 22:25:58.423   617   634 I chatty  : uid=1000(system) FileObserver expire 12 lines
03-03 22:25:58.913   617   687 I chatty  : uid=1000(system) Hdmi Control Io expire 1 line
03-03 22:26:06.524 17022 17022 E ActivityThread: Activity com.amazon.tv.launcher.deeplink.activity.DetailsPageDeepLinkActivityDI has leaked IntentReceiver com.amazon.tv.launcher.ui.sceneflow.presenters.model1.dataprovider.details.view.HintViewController$ScreenSaverStopReceiver@640cfa1 that was originally registered here. Are you missing a call to unregisterReceiver()?
03-03 22:26:06.524 17022 17022 E ActivityThread: android.app.IntentReceiverLeaked: Activity com.amazon.tv.launcher.deeplink.activity.DetailsPageDeepLinkActivityDI has leaked IntentReceiver com.amazon.tv.launcher.ui.sceneflow.presenters.model1.dataprovider.details.view.HintViewController$ScreenSaverStopReceiver@640cfa1 that was originally registered here. Are you missing a call to unregisterReceiver()?
03-03 22:26:06.524 17022 17022 E ActivityThread: 	at android.app.LoadedApk$ReceiverDispatcher.<init>(LoadedApk.java:1195)
03-03 22:26:06.524 17022 17022 E ActivityThread: 	at android.app.LoadedApk.getReceiverDispatcher(LoadedApk.java:982)
03-03 22:26:06.524 17022 17022 E ActivityThread: 	at android.app.ContextImpl.registerReceiverInternal(ContextImpl.java:1331)
03-03 22:26:06.524 17022 17022 E ActivityThread: 	at android.app.ContextImpl.registerReceiver(ContextImpl.java:1311)
03-03 22:26:06.524 17022 17022 E ActivityThread: 	at android.app.ContextImpl.registerReceiver(ContextImpl.java:1305)
03-03 22:26:06.524 17022 17022 E ActivityThread: 	at android.content.ContextWrapper.registerReceiver(ContextWrapper.java:586)
03-03 22:26:06.524 17022 17022 E ActivityThread: 	at com.amazon.tv.launcher.ui.sceneflow.presenters.model1.dataprovider.details.view.HintViewController.<init>(SourceFile)
03-03 22:26:06.524 17022 17022 E ActivityThread: 	at com.amazon.tv.launcher.ui.sceneflow.presenters.model1.dataprovider.details.view.DetailsPageViewProvider.createViewController(SourceFile)
03-03 22:26:06.524 17022 17022 E ActivityThread: 	at com.amazon.tv.caltrain.cloverleaf.dataprovider.view.ViewProvider.getView(SourceFile)
03-03 22:26:06.524 17022 17022 E ActivityThread: 	at com.amazon.tv.launcher.ui.sceneflow.presenters.model1.dataprovider.details.landing.DetailsLandingDataProvider.getView(SourceFile)
03-03 22:26:06.524 17022 17022 E ActivityThread: 	at com.amazon.cloverleaf.view.SceneView.handleDataSourceValueChanged(SourceFile)
03-03 22:26:06.524 17022 17022 E ActivityThread: 	at com.amazon.cloverleaf.datasource.DataProviderBase.applyValue(SourceFile)
03-03 22:26:06.524 17022 17022 E ActivityThread: 	at com.amazon.cloverleaf.datasource.DataProviderBase.applyValue(SourceFile)
03-03 22:26:06.524 17022 17022 E ActivityThread: 	at com.amazon.cloverleaf.datasource.DataProviderBase.bind(SourceFile)
03-03 22:26:06.524 17022 17022 E ActivityThread: 	at com.amazon.cloverleaf.scene.Node.bindDataSource(SourceFile)
03-03 22:26:06.524 17022 17022 E ActivityThread: 	at com.amazon.cloverleaf.scene.GroupNode.bindDataSource(SourceFile)
03-03 22:26:06.524 17022 17022 E ActivityThread: 	at com.amazon.cloverleaf.view.SceneView.setDataSource(SourceFile)
03-03 22:26:06.524 17022 17022 E ActivityThread: 	at com.amazon.tv.launcher.ui.sceneflow.presenters.model1.CloverleafVideoDetailsNodeV2PresenterDI.bindLandingDataProviderToView(SourceFile)
03-03 22:26:06.524 17022 17022 E ActivityThread: 	at com.amazon.tv.launcher.ui.sceneflow.presenters.model1.CloverleafVideoDetailsNodeV2PresenterDI.onCreateView(SourceFile)
03-03 22:26:06.524 17022 17022 E ActivityThread: 	at androidx.fragment.app.Fragment.performCreateView(SourceFile)
03-03 22:26:06.524 17022 17022 E ActivityThread: 	at androidx.fragment.app.FragmentStateManager.createView(SourceFile)
03-03 22:26:06.524 17022 17022 E ActivityThread: 	at androidx.fragment.app.FragmentManager.moveToState(SourceFile)
03-03 22:26:06.524 17022 17022 E ActivityThread: 	at androidx.fragment.app.FragmentManager.moveToState(SourceFile)
03-03 22:26:06.524 17022 17022 E ActivityThread: 	at androidx.fragment.app.FragmentManager.moveFragmentToExpectedState(SourceFile)
03-03 22:26:06.524 17022 17022 E ActivityThread: 	at androidx.fragment.app.FragmentManager.moveToState(SourceFile)
03-03 22:26:06.524 17022 17022 E ActivityThread: 	at androidx.fragment.app.BackStackRecord.executeOps(SourceFile)
03-03 22:26:06.524 17022 17022 E ActivityThread: 	at androidx.fragment.app.FragmentManager.executeOps(SourceFile)
03-03 22:26:06.524 17022 17022 E ActivityThread: 	at androidx.fragment.app.FragmentManager.executeOpsTogether(SourceFile)
03-03 22:26:06.524 17022 17022 E ActivityThread: 	at androidx.fragment.app.FragmentManager.removeRedundantOperationsAndExecute(SourceFile)
03-03 22:26:06.524 17022 17022 E ActivityThread: 	at androidx.fragment.app.FragmentManager.execPendingActions(SourceFile)
03-03 22:26:06.524 17022 17022 E ActivityThread: 	at androidx.fragment.app.FragmentManager$4.run(SourceFile)
03-03 22:26:06.524 17022 17022 E ActivityThread: 	at android.os.Handler.handleCallback(Handler.java:751)
03-03 22:26:06.524 17022 17022 E ActivityThread: 	at android.os.Handler.dispatchMessage(Handler.java:95)
03-03 22:26:06.524 17022 17022 E ActivityThread: 	at android.os.Looper.loop(Looper.java:154)
03-03 22:26:06.524 17022 17022 E ActivityThread: 	at android.app.ActivityThread.main(ActivityThread.java:6202)
03-03 22:26:06.524 17022 17022 E ActivityThread: 	at java.lang.reflect.Method.invoke(Native Method)
03-03 22:26:06.524 17022 17022 E ActivityThread: 	at com.android.internal.os.ZygoteInit$MethodAndArgsCaller.run(ZygoteInit.java:911)
03-03 22:26:06.524 17022 17022 E ActivityThread: 	at com.android.internal.os.ZygoteInit.main(ZygoteInit.java:801)
03-03 22:26:06.526 17022 17022 E ActivityThread: Activity com.amazon.tv.launcher.deeplink.activity.DetailsPageDeepLinkActivityDI has leaked IntentReceiver com.amazon.tv.launcher.ui.sceneflow.presenters.model1.dataprovider.details.view.HintViewController$ScreenSaverStartReceiver@bfb5c08 that was originally registered here. Are you missing a call to unregisterReceiver()?
03-03 22:26:06.526 17022 17022 E ActivityThread: android.app.IntentReceiverLeaked: Activity com.amazon.tv.launcher.deeplink.activity.DetailsPageDeepLinkActivityDI has leaked IntentReceiver com.amazon.tv.launcher.ui.sceneflow.presenters.model1.dataprovider.details.view.HintViewController$ScreenSaverStartReceiver@bfb5c08 that was originally registered here. Are you missing a call to unregisterReceiver()?
03-03 22:26:06.526 17022 17022 E ActivityThread: 	at android.app.LoadedApk$ReceiverDispatcher.<init>(LoadedApk.java:1195)
03-03 22:26:06.526 17022 17022 E ActivityThread: 	at android.app.LoadedApk.getReceiverDispatcher(LoadedApk.java:982)
03-03 22:26:06.526 17022 17022 E ActivityThread: 	at android.app.ContextImpl.registerReceiverInternal(ContextImpl.java:1331)
03-03 22:26:06.526 17022 17022 E ActivityThread: 	at android.app.ContextImpl.registerReceiver(ContextImpl.java:1311)
03-03 22:26:06.526 17022 17022 E ActivityThread: 	at android.app.ContextImpl.registerReceiver(ContextImpl.java:1305)
03-03 22:26:06.526 17022 17022 E ActivityThread: 	at android.content.ContextWrapper.registerReceiver(ContextWrapper.java:586)
03-03 22:26:06.526 17022 17022 E ActivityThread: 	at com.amazon.tv.launcher.ui.sceneflow.presenters.model1.dataprovider.details.view.HintViewController.<init>(SourceFile)
03-03 22:26:06.526 17022 17022 E ActivityThread: 	at com.amazon.tv.launcher.ui.sceneflow.presenters.model1.dataprovider.details.view.DetailsPageViewProvider.createViewController(SourceFile)
03-03 22:26:06.526 17022 17022 E ActivityThread: 	at com.amazon.tv.caltrain.cloverleaf.dataprovider.view.ViewProvider.getView(SourceFile)
03-03 22:26:06.526 17022 17022 E ActivityThread: 	at com.amazon.tv.launcher.ui.sceneflow.presenters.model1.dataprovider.details.landing.DetailsLandingDataProvider.getView(SourceFile)
03-03 22:26:06.526 17022 17022 E ActivityThread: 	at com.amazon.cloverleaf.view.SceneView.handleDataSourceValueChanged(SourceFile)
03-03 22:26:06.526 17022 17022 E ActivityThread: 	at com.amazon.cloverleaf.datasource.DataProviderBase.applyValue(SourceFile)
03-03 22:26:06.526 17022 17022 E ActivityThread: 	at com.amazon.cloverleaf.datasource.DataProviderBase.applyValue(SourceFile)
03-03 22:26:06.526 17022 17022 E ActivityThread: 	at com.amazon.cloverleaf.datasource.DataProviderBase.bind(SourceFile)
03-03 22:26:06.526 17022 17022 E ActivityThread: 	at com.amazon.cloverleaf.scene.Node.bindDataSource(SourceFile)
03-03 22:26:06.526 17022 17022 E ActivityThread: 	at com.amazon.cloverleaf.scene.GroupNode.bindDataSource(SourceFile)
03-03 22:26:06.526 17022 17022 E ActivityThread: 	at com.amazon.cloverleaf.view.SceneView.setDataSource(SourceFile)
03-03 22:26:06.526 17022 17022 E ActivityThread: 	at com.amazon.tv.launcher.ui.sceneflow.presenters.model1.CloverleafVideoDetailsNodeV2PresenterDI.bindLandingDataProviderToView(SourceFile)
03-03 22:26:06.526 17022 17022 E ActivityThread: 	at com.amazon.tv.launcher.ui.sceneflow.presenters.model1.CloverleafVideoDetailsNodeV2PresenterDI.onCreateView(SourceFile)
03-03 22:26:06.526 17022 17022 E ActivityThread: 	at androidx.fragment.app.Fragment.performCreateView(SourceFile)
