03-05 19:43:53.755 22187 22396 I AmazonVideo: DiskCacheHierarchy: created DiskCache for DiskSpec{location=FILES, owner=APP_STARTUP, customRoot=null}, TokenKey{account=xxaivxx, profile=null}; now managing 3 instances. Root xxaivxx.
03-05 19:43:53.772  1164 16750 I ADMRegistrationProvider: [ADMRegistrationProvider]No cached result: Registration not found
03-05 19:43:53.773 22187 22387 I AmazonVideo: Start registration for ADM
03-05 19:43:53.778 22187 22396 I AmazonVideo: Successfully de-serialized model: AppStartupConfigResponse
03-05 19:43:53.800  1164 22397 I ADM     : [ADM][Register]Fetching external registration for com.amazon.avod
03-05 19:43:53.800  1164 22397 I ManifestChecker: Performing Manifest checks for package: com.amazon.avod
03-05 19:43:53.801  1164 22397 I ManifestChecker: com.amazon.avod was granted permission com.amazon.device.messaging.permission.RECEIVE.
03-05 19:43:53.803  1164 22397 I ReceiverChecker: # of receiver found for com.amazon.device.messaging.intent.REGISTRATION, package: com.amazon.avod: 1
03-05 19:43:53.803  1164 22397 I ReceiverChecker: Found Receiver: com.amazon.avod.pushnotification.adm.MultiplexingMessageReceiver with action: com.amazon.device.messaging.intent.REGISTRATION
03-05 19:43:53.804  1164 22397 I ReceiverChecker: # of receiver found for com.amazon.device.messaging.intent.RECEIVE, package: com.amazon.avod: 1
03-05 19:43:53.804  1164 22397 I ReceiverChecker: Found Receiver: com.amazon.avod.pushnotification.adm.MultiplexingMessageReceiver with action: com.amazon.device.messaging.intent.RECEIVE
03-05 19:43:53.805  1164 22397 I ...atformDependencyImpl: isAmazonDevice() in ClientSideAmazonPlatformDependencyImpl is called
03-05 19:43:53.805  1164 22397 I ...g/LocalKeyValueStore: Create DE shared preference, OS supports direct boot.
03-05 19:43:53.806  1164 22397 I ...atformDependencyImpl: isAmazonDevice() in ClientSideAmazonPlatformDependencyImpl is called
03-05 19:43:53.825  1164 22397 I ...atformDependencyImpl: isAmazonDevice() in ClientSideAmazonPlatformDependencyImpl is called
03-05 19:43:53.825  1164 22397 I ...g/LocalKeyValueStore: Create DE shared preference, OS supports direct boot.
03-05 19:43:53.826  1164 22397 I ...atformDependencyImpl: isAmazonDevice() in ClientSideAmazonPlatformDependencyImpl is called
03-05 19:43:53.853 21462 21474 I chatty  : uid=10155(com.amazon.venezia) HeapTaskDaemon expire 1 line
03-05 19:43:53.853  1164 22397 I com.amazon.identity.auth.device.authorization.api.AmazonCredentialManager: AmazonCredentialManager=1.2.0
03-05 19:43:53.864 22187 22395 I AmazonVideo: Attempt #1: success running FetchMarketplaceCallable. Returning.
03-05 19:43:53.868 22187 22395 I ...atformDependencyImpl: isAmazonDevice() in ClientSideAmazonPlatformDependencyImpl is called
03-05 19:43:53.873 22187 22395 I ...atformDependencyImpl: isAmazonDevice() in ClientSideAmazonPlatformDependencyImpl is called
03-05 19:43:53.874 22187 22395 I AmazonVideo: Returning Users{current=xxaivxx, isOwner=true, device=xxaivxx, externalMarketplace=A2Q3Y263D00KWC}
03-05 19:43:53.914 21462 22401 I chatty  : uid=10155(com.amazon.venezia) expire 3 lines
03-05 19:43:53.928  1164  4371 I com.amazon.identity.auth.device.authorization.api.AmazonCredentialManager: Candidate and self are system apps.
03-05 19:43:53.940 21462 22402 I chatty  : uid=10155(com.amazon.venezia) expire 4 lines
03-05 19:43:53.929  1164  4371 I com.amazon.identity.auth.device.authorization.api.AmazonCredentialManager: Candidate com.amazon.identity.auth.device.authorization passed system and permission checks.
03-05 19:43:53.983 21462 21478 I chatty  : uid=10155(com.amazon.venezia) Binder:21462_4 expire 7 lines
03-05 19:43:53.995 21116 21127 I ST-SystemAppUninstallIn: uri : content://com.amazon.provider.SystemAppUninstall/uninstallSupportedApps; calling package : com.amazon.venezia
03-05 19:43:53.998 21116 21127 I ...atformDependencyImpl: isAmazonDevice() in ClientSideAmazonPlatformDependencyImpl is called
03-05 19:43:53.998 21116 21127 I ...2/LocalKeyValueStore: Create DE shared preference, OS supports direct boot.
03-05 19:43:53.999 21116 21127 I ...atformDependencyImpl: isAmazonDevice() in ClientSideAmazonPlatformDependencyImpl is called
03-05 19:43:54.003 21462 21475 I chatty  : uid=10155(com.amazon.venezia) Binder:21462_1 expire 16 lines
03-05 19:43:54.027 21116 21127 I ST-RemoteConfigArcusUti: Arcus Attributes : PFM: A2Q3Y263D00KWC, customerId: amzn1.account.AGVMHVUD45DNVUXWSX4OSC54RUXA, sessionId: 060-5301390-0840270
03-05 19:43:54.031 21003 22368 I F_C.CardProvider: bulkInsert(ParsedUri(PRODUCER=com.amazon.tv.launcher), contentValues:[(com.amazon.tv.launcher/-1124514027/1772750632904), (com.amazon.tv.launcher/-1486179601/1772750633041), (com.amazon.tv.launcher/-1505914196/1772750633196), (com.amazon.tv.launcher/370175342/1772750633303), (com.amazon.tv.launcher/-260077575/1772750633369), (com.amazon.tv.launcher/1196663230/1772750633446), (com.amazon.tv.launcher/401314812/1772750633544), (com.amazon.tv.launcher/-1545304756/1772750633640), (com.amazon.tv.launcher/-1405067405/1772750633727), (com.amazon.tv.launcher/-1715398040/1772750633798), (com.amazon.tv.launcher/-788329992/1772750633883), (com.amazon.tv.launcher/1164248311/1772750633966)][size=12])
03-05 19:43:54.046 21003 22368 I F_C.CardAgentSynchroniz: Throttling producer refresh
03-05 19:43:54.048  1214  1250 I art     : Background sticky concurrent mark sweep GC freed 8433(298KB) AllocSpace objects, 0(0B) LOS objects, 8% free, 4MB/5MB, paused 1.427ms total 102.560ms
03-05 19:43:54.065  1164  4371 I com.amazon.identity.auth.device.authorization.api.AmazonCredentialManager: Candidate and self are system apps.
03-05 19:43:54.069   288   288 I perfmonitord:StatUtil: CPUUtilization crossed 95%. Current - 96%
03-05 19:43:54.091 22187 22396 I AmazonVideo: BackgroundThreadWriteSharedPreferences for ServerPreferences initializeMemCache() took 0 ms
03-05 19:43:54.212 21116 21127 I ST-AppUninstallHelper: UI Uninstall supported
03-05 19:43:54.212 21116 21127 I ST-SystemAppUninstallIn: uninstall supported app list: [com.amazon.bueller.music, com.amazon.minitv.android.app, com.amazon.spiderpork, com.amazon.bueller.photos]
03-05 19:43:54.215 21003 21383 I F_C.DefaultConsumerClie: Using non-local ContentProvider
03-05 19:43:54.218  1164  4371 I com.amazon.identity.auth.device.authorization.api.AmazonCredentialManager: Candidate com.amazon.identity.auth.device.authorization passed system and permission checks.
03-05 19:43:54.230   617  1407 I ActivityManager: Start proc 22404:com.amazon.storage.manager/u0a198 for content provider com.amazon.storage.manager/.providers.OffloadInfoContentProvider
03-05 19:43:54.256   617 31838 I ActivityManager: Start proc 22419:com.amazon.identity.auth.device.authorization/u0a106 for service com.amazon.identity.auth.device.authorization/.AmazonCredentialManagerService
03-05 19:43:54.256   297 24602 I Drm     : [DrmHal:Timing] createPlugin() takes 0.752030(second)
03-05 19:43:54.277 22187 22305 I AmazonVideo: Operation New MediaDrm PLAYREADY took duration 793 (unit MILLISECONDS, tag null)
03-05 19:43:54.277 22187 22305 I AmazonVideo: MediaDrm assumed PlayReady Security Level: SL_2000
03-05 19:43:54.277 22187 22305 W AmazonVideo: Warning: MediaDrm multi session is disabled, defaulting to 1 sessions
03-05 19:43:54.277 22187 22305 I AmazonVideo: Instantiated new MediaDrm android.media.MediaDrm@f0b2fe1, Scheme: PLAYREADY SchemeUUID: 9a04f079-9840-4286-ab92-e65be0885f95 MaxSessionCount: 1
03-05 19:43:54.291 22187 22432 I AmazonVideo: PlaybackNativeLibrariesLoader: Loading library AIVMemoryAllocator
03-05 19:43:54.295 22187 22432 I AmazonVideo: PlaybackNativeLibrariesLoader: Success! Indirectly loaded native library AIVMemoryAllocator
03-05 19:43:54.295 22187 22432 I AmazonVideo: PlaybackNativeLibrariesLoader: Loading library AIVDash
03-05 19:43:54.312 22187 22432 I AmazonVideo: PlaybackNativeLibrariesLoader: Success! Indirectly loaded native library AIVDash
03-05 19:43:54.313 22187 22432 I AmazonVideo: PlaybackNativeLibrariesLoader: Loading library ATVPlaybackSmoothStream
03-05 19:43:54.315 22187 22432 I AmazonVideo: PlaybackNativeLibrariesLoader: Success! Indirectly loaded native library ATVPlaybackSmoothStream
03-05 19:43:54.317 22187 22432 I AmazonVideo: PlaybackNativeLibrariesLoader: Loading library AIVHeuristics
03-05 19:43:54.330 22187 22305 I AmazonVideo: Function mountTmpfs not available for InMemoryMappedFolder
03-05 19:43:54.331 22187 22305 I AmazonVideo: Function unMountTmpfs not available for InMemoryMappedFolder
03-05 19:43:54.331 22187 22305 I AmazonVideo: Retrieving the storage manager from storage service
03-05 19:43:54.332 22187 22432 I AmazonVideo: PlaybackNativeLibrariesLoader: Success! Indirectly loaded native library AIVHeuristics
03-05 19:43:54.333 22187 22432 I AmazonVideo: PlaybackNativeLibrariesLoader: Loading library AutobahnTraceroute
03-05 19:43:54.335 22187 22432 I AmazonVideo: PlaybackNativeLibrariesLoader: Success! Indirectly loaded native library AutobahnTraceroute
03-05 19:43:54.336 22187 22305 I AmazonVideo: Successfully retrieved an instance of the storage manager
03-05 19:43:54.337 22187 22305 I AmazonVideo: Initializing media component DrmLicenseCleaner
03-05 19:43:54.338 22187 22305 I AmazonVideo: Initializing media component QosEventModelMediaComponent
03-05 19:43:54.338 22187 22305 I AmazonVideo: Initializing media component DefaultHeuristicsConfigurationSynchronizer
03-05 19:43:54.340 22187 22305 I AmazonVideo: Initializing media component FileBackedContentStore
03-05 19:43:54.345 22187 22305 I AmazonVideo: Entered initialize for DrmSystemImpl
03-05 19:43:54.345 22187 22305 I AmazonVideo: Completed initialize for DrmSystemImpl
03-05 19:43:54.347 22187 22305 I AmazonVideo: Entered initialize for CachingPlaybackSupportEvaluator
03-05 19:43:54.348 22187 22305 I AmazonVideo: BackgroundThreadWriteSharedPreferences for PersistentPreferences initializeMemCache() took 0 ms
03-05 19:43:54.351 22187 22238 I AmazonVideo: AdId set to: 4b4372f1-f9a2-40f6-b258-2aa8d44b3004
03-05 19:43:54.352 22419 22419 I art     : Starting a blocking GC AddRemoveAppImageSpace
03-05 19:43:54.353 22419 22419 W System  : ClassLoader referenced unknown path: /system/priv-app/com.amazon.identity.auth.device.authorization/lib/arm
03-05 19:43:54.353 22419 22419 W System  : ClassLoader referenced unknown path: /system/priv-app/MinervaApi/lib/arm
03-05 19:43:54.354 22419 22419 W System  : ClassLoader referenced unknown path: /system/priv-app/MetricsApi/lib/arm
03-05 19:43:54.369   617   629 E TvInputManagerService: failed to load TV input org.videolan.vlc.PreviewVideoInputService
03-05 19:43:54.369   617   629 E TvInputManagerService: java.lang.IllegalStateException: Setup activity not found for org.videolan.vlc.PreviewVideoInputService
03-05 19:43:54.369   617   629 E TvInputManagerService: 	at android.media.tv.TvInputInfo$Builder.parseServiceMetadata(TvInputInfo.java:956)
03-05 19:43:54.369   617   629 E TvInputManagerService: 	at android.media.tv.TvInputInfo$Builder.build(TvInputInfo.java:901)
03-05 19:43:54.369   617   629 E TvInputManagerService: 	at com.android.server.tv.TvInputManagerService.buildTvInputListLocked(TvInputManagerService.java:345)
03-05 19:43:54.369   617   629 E TvInputManagerService: 	at com.android.server.tv.TvInputManagerService.-wrap10(TvInputManagerService.java)
03-05 19:43:54.369   617   629 E TvInputManagerService: 	at com.android.server.tv.TvInputManagerService$1.buildTvInputList(TvInputManagerService.java:190)
03-05 19:43:54.369   617   629 E TvInputManagerService: 	at com.android.server.tv.TvInputManagerService$1.onSomePackagesChanged(TvInputManagerService.java:240)
03-05 19:43:54.369   617   629 E TvInputManagerService: 	at com.android.internal.content.PackageMonitor.onReceive(PackageMonitor.java:431)
03-05 19:43:54.369   617   629 E TvInputManagerService: 	at android.app.LoadedApk$ReceiverDispatcher$Args.run(LoadedApk.java:1158)
03-05 19:43:54.369   617   629 E TvInputManagerService: 	at android.os.Handler.handleCallback(Handler.java:751)
03-05 19:43:54.369   617   629 E TvInputManagerService: 	at android.os.Handler.dispatchMessage(Handler.java:95)
03-05 19:43:54.369   617   629 E TvInputManagerService: 	at android.os.Looper.loop(Looper.java:154)
03-05 19:43:54.369   617   629 E TvInputManagerService: 	at android.os.HandlerThread.run(HandlerThread.java:61)
03-05 19:43:54.370 22187 22305 I AmazonVideo: Completed initialize for CachingPlaybackSupportEvaluator
03-05 19:43:54.371 22187 22305 I AmazonVideo: Entered initialize for OkHttpClientFactory
03-05 19:43:54.372 22187 22305 I AmazonVideo: Completed initialize for OkHttpClientFactory
03-05 19:43:54.381   617   629 I PackageRecency: Package com.amazon.ceviche has changed
03-05 19:43:54.382   617   629 W PackageRecency: No listeners found
03-05 19:43:54.383 22419 22419 I com.amazon.identity.auth.device.authorization.AmazonCredentialManagerService: onCreate called
03-05 19:43:54.383 22419 22419 I com.amazon.identity.auth.device.authorization.AmazonCredentialManagerService: onBind called
03-05 19:43:54.384   617   629 W IMGMemtrackHAL: hal_get_memory: memtrack cache rebuild was required
03-05 19:43:54.386  1164  1164 I com.amazon.identity.auth.device.authorization.MAPServiceConnection: onServiceConnected called
03-05 19:43:54.402 22419 22431 I com.amazon.identity.auth.device.authorization.utils.ThirdPartyUtils: Getting static context
03-05 19:43:54.412 22187 22305 I AmazonVideo: CardCache open took 7 ms
03-05 19:43:54.418 22187 22305 I AmazonVideo: PrioritizingVideoCacheManager HttpResponseCache successfully installed at: /data/user/0/com.amazon.avod/cache/DownloadServiceHttpResponseCache maxSizeBytes: 5242880
03-05 19:43:54.418 22187 22305 W AmazonVideo: Warning: Upscaler is enabled by weblab/config, but device is not 64 bit
03-05 19:43:54.418 22187 22305 I AmazonVideo: Completed initialize for MediaSystem:Initialization
03-05 19:43:54.420 22187 22302 I AmazonVideo: Entered initialize for PlaybackDownloadManager
03-05 19:43:54.420 22187 22302 I AmazonVideo: Entered initialize for PlaybackDownloadPersistence
03-05 19:43:54.422 22187 22302 I AmazonVideo: Entered initialize for PlaybackDownloadDiskPersistence
03-05 19:43:54.425 22187 22293 I AmazonVideo: Entered initialize for UserDownloadComponents:Initialization
03-05 19:43:54.427 22187 22293 I AmazonVideo: Completed initialize for UserDownloadComponents:Initialization
03-05 19:43:54.428 22187 22293 I AmazonVideo: Entered initialize for ClientDownloadSyncManager
03-05 19:43:54.428 22187 22293 I AmazonVideo: Completed initialize for ClientDownloadSyncManager
03-05 19:43:54.430 22187 22302 I AmazonVideo: Completed initialize for PlaybackDownloadDiskPersistence
03-05 19:43:54.444 22187 22293 I AmazonVideo: Waiting for UserDownloadManager to initialize, current state NotInitialized
03-05 19:43:54.450 22187 22302 I AmazonVideo: DWNLD_SDK Checking Download DB Sanity
03-05 19:43:54.452 22187 22452 I AmazonVideo: Initializing SonarController...
03-05 19:43:54.466 22187 22452 I AmazonVideo: Sonar: Initialize SonarLoadTestController with com.amazon.avod.sonarclientsdk.platform.HeadlessStreamingController@d2f6c2 
03-05 19:43:54.466 22187 22452 I AmazonVideo: Sonar videoCacheManager has been injected successfully with com.amazon.avod.media.contentcache.internal.PrioritizingVideoCacheManager@d0e5cd3
03-05 19:43:54.472 22187 22302 I AmazonVideo: Completed initialize for PlaybackDownloadPersistence
03-05 19:43:54.472 22187 22302 I AmazonVideo: Entered initialize for PlaybackDownloadExecutor
03-05 19:43:54.494 22187 22302 I AmazonVideo: Entered initialize for PlaybackDownloadQueueManager
03-05 19:43:54.495 22187 22302 I AmazonVideo: Completed initialize for PlaybackDownloadQueueManager
03-05 19:43:54.495 22187 22302 I AmazonVideo: DWNLD_SDK PlaybackDownloadManager updateDownloadsWithPreferredDownloadLocation INTERNAL_STORAGE
03-05 19:43:54.504 22187 22302 I AmazonVideo: Completed initialize for PlaybackDownloadExecutor
03-05 19:43:54.506 22187 22302 I AmazonVideo: DWNLD_SDK Acquired pause token: PauseToken{token=java.lang.Object@8b95121, cause=EXTERNAL_STORAGE_STATE_UNKNOWN}
03-05 19:43:54.506 22187 22302 I AmazonVideo: DWNLD_SDK PlaybackDownloadManager updateDownloadsWithPreferredDownloadLocation INTERNAL_STORAGE
03-05 19:43:54.516 22187 22451 I AmazonVideo: PrioritizingVideoCacheManager - Empty queue.
03-05 19:43:54.519 22187 22302 I AmazonVideo: Completed initialize for PlaybackDownloadManager
03-05 19:43:54.520 22187 22302 I AmazonVideo: Entered initialize for PlaybackDownloadManager:Media
03-05 19:43:54.520 22187 22302 I AmazonVideo: Entered initialize for PlaybackDownloadEventReporter
03-05 19:43:54.521 22187 22302 I AmazonVideo: Completed initialize for PlaybackDownloadEventReporter
03-05 19:43:54.521 22187 22302 I AmazonVideo: Entered initialize for PlaybackDownloadExecutor:Media
03-05 19:43:54.526 22187 22455 I AmazonVideo: LORE event Event=[-1: QOS/AppLoad]; Session=[676-0024230-8482865]; Time=[2026-03-05 19:43:54-0300]; Age=[0mins]; Tag=[null]; Body=[{"screenResolutionWidth":1920,"screenResolutionHeight":1080,"clientMode":"online","chipset":"mantis","connectionType":"WIFI","connectionTypeList":"WIFI","clientVersion":"FireTv.407.500501","downloadSessionId":"33e19663-bfb2-4e2c-8427-dd25f86b2acc","eventType":"AppLoad","eventTimestamp":1772750634509,"eventSubtype":"MediaCodecMediaDrmRendererScheme;","firmwareVersion":"Amazon\/mantis\/mantis:6.0\/NS6711\/5866N:user\/amz-p,release-keys","manufacturer":"Amazon","modelName":"AFTMM","note":"{\"fp\":\"Amazon\\\/mantis\\\/mantis:6.0\\\/NS6711\\\/5866N:user\\\/amz-p,release-keys\",\"resPath\":\"MediaCodecMediaDrmRendererScheme:AVAILABLE>\",\"cores\":2,\"freq\":1200,\"neon\":true,\"hwAcc\":true,\"supp\":true,\"sust\":true,\"pbkInfo\":\"SUPPORTED_HARDWARE\",\"maxBit\":2147483647,\"hw\":\"mt8695\",\"dpi\":320,\"font\":\"1.00\"}","operatingSystem":"Android7.1.2","sourceSystem":"AKPGW064GI9HE","streamingSessionId":"33e19663-bfb2-4e2c-8427-dd25f86b2acc","signalStrength":3,"userWatchSessionId":"MediaSystemInitialization_4a0c72f1-a5b0-4b9b-a925-1e3ebc12df11","primitiveSessionId":"33e19663-bfb2-4e2c-8427-dd25f86b2acc","attributionTag":""}]
03-05 19:43:54.547 22187 22302 I AmazonVideo: Completed initialize for PlaybackDownloadExecutor:Media
03-05 19:43:54.547 22187 22302 I AmazonVideo: DWNLD_SDK resume, releasing pause token: PauseToken{token=java.lang.Object@8b95121, cause=EXTERNAL_STORAGE_STATE_UNKNOWN}
03-05 19:43:54.548 22187 22302 I AmazonVideo: DWNLD_SDK DownloadQueue Processed download queue with 0 pending jobs; no actionable job found.
03-05 19:43:54.548 22187 22302 I AmazonVideo: Completed initialize for PlaybackDownloadManager:Media
03-05 19:43:54.548 22187 22302 I AmazonVideo: DWNLD_SDK DownloadQueue Processed download queue with 0 pending jobs; no actionable job found.
03-05 19:43:54.549 22187 22302 I AmazonVideo: PlayerApplicationInitializer.init() version 999.0.150 call completed in Ms : 4056
03-05 19:43:54.550 22187 22458 I AmazonVideo: DWNLD_SDK DownloadQueue Processed download queue with 0 pending jobs; no actionable job found.
03-05 19:43:54.551 22187 22458 I AmazonVideo: DWNLD_SDK DownloadQueue Processed download queue with 0 pending jobs; no actionable job found.
03-05 19:43:54.552 22187 22292 I AmazonVideo: This device is eligible for second screen as a Primary device. Enable second screen when using secondary profile = true. Enable notifications when in Companion mode = true
03-05 19:43:54.555 22187 22292 I AmazonVideo: Second screen communication will be enabled (isUsingSecondaryAccount=false)
03-05 19:43:54.563 22187 22392 I AmazonVideo: Entered initialize for UserDownloadManager
03-05 19:43:54.568 22187 22392 I AmazonVideo: PlayerSDK.getDownloadFeature()
03-05 19:43:54.571 22187 22392 I AmazonVideo: Entered initialize for RightsEventModelFactory
03-05 19:43:54.571 22187 22392 I AmazonVideo: Completed initialize for RightsEventModelFactory
03-05 19:43:54.572 22187 22460 I AmazonVideo: Initializing second screen
03-05 19:43:54.583 22187 22392 I AmazonVideo: Entered initialize for UserDownloadNotifier
03-05 19:43:54.584 22187 22392 I AmazonVideo: Completed initialize for UserDownloadNotifier
03-05 19:43:54.584 22187 22392 I AmazonVideo: Entered initialize for ClientDownloadManager
03-05 19:43:54.585 22187 22392 I AmazonVideo: DWNLD Default download location is SD card
03-05 19:43:54.585 22187 22392 I AmazonVideo: Entered initialize for UserDownloadPersistence
03-05 19:43:54.590 22187 22392 I AmazonVideo: Entered initialize for UserDownloadDiskPersistence
03-05 19:43:54.591 22187 22392 I AmazonVideo: Completed initialize for UserDownloadDiskPersistence
03-05 19:43:54.596 22187 22462 I AmazonVideo: Waiting for UserDownloadManager to initialize, current state Initializing
03-05 19:43:54.597 22187 22460 I AmazonVideo: Entered initialize for SecondScreenManager
03-05 19:43:54.608 22187 22452 I AmazonVideo: Sonar AppName com.amazon.avod appId 10073
03-05 19:43:54.615 22187 22460 I AmazonVideo: App-level event reporter created with primitive session=62b2b4ec-077f-48f0-b6e0-013cf33d7d19
03-05 19:43:54.616 22187 22460 I DPLogger: DPLogger - Name was too long. Truncating; original name: TComm.CommunicationFactoryBase, truncated name: TComm.CommunicationFact
03-05 19:43:54.617 22187 22460 I DPLogger: DPLogger - Name was too long. Truncating; original name: TComm.AndroidTCommManager, truncated name: TComm.AndroidTCommManag
03-05 19:43:54.617 22187 22460 I DPLogger: DPLogger - Name was too long. Truncating; original name: TComm.AndroidIdentityResolver, truncated name: TComm.AndroidIdentityRe
03-05 19:43:54.617 22187 22460 I DPLogger: DPLogger - Name was too long. Truncating; original name: TComm.AndroidTCommServiceConnection, truncated name: TComm.AndroidTCommServi
03-05 19:43:54.635 22187 22449 I AmazonVideo: CardCache evictExpiredFragments evicted 0 fragments, took 177 ms
03-05 19:43:54.657 22187 22460 I AmazonVideo: Entered initialize for DialCore
03-05 19:43:54.658 22187 22460 I AmazonVideo: Completed initialize for DialCore
03-05 19:43:54.658 22187 22460 I AmazonVideo: Dial::DialCommunicationServiceFactory: Creating communication service.
03-05 19:43:54.670 22187 22392 I AmazonVideo: Completed initialize for UserDownloadPersistence
03-05 19:43:54.670 22187 22392 I AmazonVideo: Entered initialize for UserDownloadExecutor
03-05 19:43:54.670 22187 22392 I AmazonVideo: Entered initialize for DownloadEnabledStatus
03-05 19:43:54.671 22187 22392 I AmazonVideo: Completed initialize for DownloadEnabledStatus
03-05 19:43:54.671 22187 22392 I AmazonVideo: Entered initialize for UserDownloadAvailabilityCache
03-05 19:43:54.674 22187 22392 I AmazonVideo: Completed initialize for UserDownloadAvailabilityCache
03-05 19:43:54.675 22187 22392 I AmazonVideo: Entered initialize for DownloadQueueManager
03-05 19:43:54.676 22187 22187 I TComm.CommunicationFact: onServiceConnected - Connected to TCommService;
03-05 19:43:54.676 22187 22392 I AmazonVideo: Completed initialize for DownloadQueueManager
03-05 19:43:54.683 22187 22392 I AmazonVideo: DWNLD_SDK PlaybackDownloadManager updateDownloadsWithPreferredDownloadLocation SD_CARD
03-05 19:43:54.684 22187 22392 I AmazonVideo: Completed initialize for UserDownloadExecutor
03-05 19:43:54.684 22187 22392 I AmazonVideo: DWNLD Registered OnDownloadLocationSettingChangeListener: OnDownloadLocationChangedListener
03-05 19:43:54.684 22187 22392 I AmazonVideo: DWNLD Acquired pause token: PauseToken{token=java.lang.Object@39a1a47, cause=EXTERNAL_STORAGE_STATE_UNKNOWN}
03-05 19:43:54.685 22187 22392 I AmazonVideo: DWNLD_SDK PlaybackDownloadManager updateDownloadsWithPreferredDownloadLocation SD_CARD
03-05 19:43:54.685 22187 22392 I AmazonVideo: Entered initialize for DownloadsCleanUpManager
03-05 19:43:54.686 22187 22392 I AmazonVideo: Completed initialize for DownloadsCleanUpManager
03-05 19:43:54.686 22187 22392 I AmazonVideo: Completed initialize for ClientDownloadManager
03-05 19:43:54.688 22187 22467 I AmazonVideo: Starting initialize for DialCommunicationService
03-05 19:43:54.688 22187 22467 I AmazonVideo: Initialize for DialCommunicationService finished, starting discovery.
03-05 19:43:54.691 22187 22468 I AmazonVideo: DWNLD DownloadsCleanUp init
03-05 19:43:54.692 22187 22468 I AmazonVideo: DWNLD DownloadsCleanUp clear orphaned downloads.
03-05 19:43:54.692 22187 22468 I AmazonVideo: DWNLD DownloadsCleanUp clear orphaned user downloads.
03-05 19:43:54.692 22187 22468 I AmazonVideo: DWNLD DownloadsCleanUp number of downloads retained: 0
03-05 19:43:54.693 22187 22468 I AmazonVideo: DWNLD DownloadsCleanUp number of downloads cleaned: 0
03-05 19:43:54.694 22187 22392 I AmazonVideo: Completed initialize for UserDownloadManager
03-05 19:43:54.695 22187 22293 I AmazonVideo: Entered initialize for UserDownloadManager:Media
03-05 19:43:54.695 22187 22293 I AmazonVideo: Entered initialize for ClientDownloadManager:Media
03-05 19:43:54.696 22187 22293 I AmazonVideo: Entered initialize for UserDownloadExecutor:Media
03-05 19:43:54.696 22187 22293 I AmazonVideo: Completed initialize for UserDownloadExecutor:Media
03-05 19:43:54.697 22187 22293 I AmazonVideo: DWNLD Releasing pause token: PauseToken{token=java.lang.Object@39a1a47, cause=EXTERNAL_STORAGE_STATE_UNKNOWN}
03-05 19:43:54.698 22187 22293 I AmazonVideo: DWNLD DownloadQueue Processed download queue with 0 pending jobs; no actionable job found.
03-05 19:43:54.698 22187 22293 I AmazonVideo: Completed initialize for ClientDownloadManager:Media
03-05 19:43:54.699 22187 22293 I AmazonVideo: DWNLD DownloadQueue Processed download queue with 0 pending jobs; no actionable job found.
03-05 19:43:54.699 22187 22293 I AmazonVideo: Completed initialize for UserDownloadManager:Media
03-05 19:43:54.701 22187 22392 I AmazonVideo: Completed initialize for DownloadPersistenceInitializationTask
03-05 19:43:54.705 22187 22474 I AmazonVideo: Wifi network available; refreshing download status
03-05 19:43:54.706 22187 22475 I AmazonVideo: PlayerSDK.getDownloadFeature()
03-05 19:43:54.707 22187 22472 I AmazonVideo: DWNLD DownloadQueue Processed download queue with 0 pending jobs; no actionable job found.
03-05 19:43:54.708 22187 22472 I AmazonVideo: DWNLD DownloadQueue Processed download queue with 0 pending jobs; no actionable job found.
03-05 19:43:54.708 22187 22469 I AmazonVideo: Starting initialize for TCommCommunicationService
03-05 19:43:54.709 22187 22469 I DPLogger: DPLogger - Name was too long. Truncating; original name: TComm.GatewayConnectivityImpl, truncated name: TComm.GatewayConnectivi
03-05 19:43:54.711 22187 22474 I AmazonVideo: DWNLD DownloadQueue Processed download queue with 0 pending jobs; no actionable job found.
03-05 19:43:54.711 22187 22474 I AmazonVideo: Download pause token is not present, refreshing current task
03-05 19:43:54.711 22187 22474 I AmazonVideo: Sync Framework: queueing requestId=51db1aca to run after initialDelay=0ms with data={trigger=downloads, isQA=false}
03-05 19:43:54.716 22187 22473 I AmazonVideo: DWNLD performAvailabilityBaseline: ignoring request; force=false, ttl=Will expire 1772770018377 milliseconds from Epoch
03-05 19:43:54.716 22187 22460 I AmazonVideo: Completed initialize for SecondScreenManager
03-05 19:43:54.717 22187 22472 I AmazonVideo: DWNLD DownloadQueue Processed download queue with 0 pending jobs; no actionable job found.
03-05 19:43:54.719 22187 22467 I AmazonVideo: Starting discovery for DialCommunicationService
03-05 19:43:54.720 22187 22467 I AmazonVideo: Dial::DialClient: Discovering dial devices
03-05 19:43:54.723 22187 22469 I DPLogger: DPLogger - Name was too long. Truncating; original name: TComm.MessageHandlerProxy, truncated name: TComm.MessageHandlerPro
03-05 19:43:54.724  1418  5004 I TComm.MessageRouterImpl: registerMessageHandler - adding route; channel: 905, handler: com.amazon.communication.ServiceSideMessageRouter$RemoteMessageHandler@a4b08e7
03-05 19:43:54.725 22187 22469 I AmazonVideo: Acquiring TComm connection
03-05 19:43:54.728  1418  5004 I TComm.CsmTCommService: acquireConnection - entering; identity: urn:tcomm-endpoint:service:serviceName:AIVRelayService, directedIdHash: 0, listener: com.amazon.communication.IConnectionListener$Stub$Proxy@8535c94
03-05 19:43:54.731  1418  5004 I TComm.CsmSocketManager: getCsmProtocolSocket - retrieved CsmProtocolSocket; socket: com.amazon.communication.socket.CsmProtocolSocket@a35ebd1
03-05 19:43:54.732 22187 22467 I AmazonVideo: Dial::DialClient: Exception getting device description java.io.IOException: Cleartext HTTP traffic to 192.168.3.110 not permitted
03-05 19:43:54.732 22187 22278 I AmazonVideo: Sync Framework: Worker[9aef778d]: Attempting sync for {trigger=periodic_sync, isQA=false}
03-05 19:43:54.735 22187 22278 I AmazonVideo: Sync Framework: Worker[9aef778d]:   EventSyncComponent (1 of 10): OK to sync
03-05 19:43:54.735  1418  5004 I TComm.CsmSocketDecision: acquireSocket - returning; socket: com.amazon.communication.socket.GatewaySocket@2bb33d
03-05 19:43:54.741 22187 22469 I AmazonVideo: Connection with route TCOMM state changed to true
03-05 19:43:54.742 22187 22469 I AmazonVideo: TComm initialization finished.
03-05 19:43:54.742 22187 22469 I AmazonVideo: Initialize for TCommCommunicationService finished, starting discovery.
03-05 19:43:54.744 22187 22469 I AmazonVideo: Starting discovery for TCommCommunicationService
03-05 19:43:54.745 22187 22469 I AmazonVideo: Need to load request GetDevices.
03-05 19:43:54.746 22187 22469 I AmazonVideo: SessionId: Adding sessionId 676-0024230-8482865 to network call with path /cdp/devices/GetDevices.
03-05 19:43:54.751 22187 22278 I AmazonVideo: EventManager: processing events...
03-05 19:43:54.784 22187 22278 I AmazonVideo: Sync Framework: Worker[9aef778d]:   DeviceCapabilitiesSyncComponent (2 of 10): OK to sync
03-05 19:43:54.784 22187 22278 I AmazonVideo: DCAPS reporting is not enabled. Ignoring request to report device capabilities
03-05 19:43:54.785 22187 22278 I AmazonVideo: Sync Framework: Worker[9aef778d]:   LocalizationSyncComponent (3 of 10): OK to sync
03-05 19:43:54.807 22187 22396 I AmazonVideo: StalenessTracker(AppStartupConfig) loaded ResponseManifest{key={xxaivxx/xxaivxx/}, status={null/null}}
03-05 19:43:54.808 22187 22396 I AmazonVideo: Attempt #1: success running FetchVideoRegionCallable. Returning.
03-05 19:43:54.831 22187 22278 I AmazonVideo: StalenessTracker(StringBundles) loaded ResponseManifest{key={xxaivxx//}, status={null/null}}
03-05 19:43:54.834 22187 22480 I AmazonVideo: Attempt #1: running IdentityProfilesFetcher$$ExternalSyntheticLambda0
03-05 19:43:54.835 22187 22480 I AmazonVideo: DiskCacheHierarchy: created DiskCache for DiskSpec{location=FILES, owner=PROFILES, customRoot=null}, TokenKey{account=xxaivxx, profile=null}; now managing 4 instances. Root xxaivxx.
03-05 19:43:54.850 22187 22480 I art     : Unable to resolve java.lang.Class<com.google.common.collect.ImmutableCollection> annotation class 2152
03-05 19:43:54.851 22187 22480 I art     : Unable to resolve java.lang.Class<com.google.common.collect.ImmutableCollection> annotation class 2152
03-05 19:43:54.852 22187 22480 I art     : Unable to resolve java.lang.Class<com.google.common.collect.ImmutableCollection> annotation class 2152
03-05 19:43:54.853 22187 22480 I art     : Unable to resolve java.lang.Class<com.google.common.collect.ImmutableCollection> annotation class 2152
03-05 19:43:54.857 22187 22480 I art     : Unable to resolve java.lang.Class<com.google.common.collect.ImmutableCollection> annotation class 2152
03-05 19:43:54.859 22187 22480 I art     : Unable to resolve java.lang.Class<com.google.common.collect.ImmutableCollection> annotation class 2152
03-05 19:43:54.860 22187 22480 I art     : Unable to resolve java.lang.Class<com.google.common.collect.ImmutableCollection> annotation class 2152
03-05 19:43:54.861 22187 22480 I art     : Unable to resolve java.lang.Class<com.google.common.collect.ImmutableCollection> annotation class 2152
03-05 19:43:54.863 22187 22480 I art     : Unable to resolve java.lang.Class<com.google.common.collect.ImmutableCollection> annotation class 2152
03-05 19:43:54.877 22187 22480 I art     : Unable to resolve java.lang.Class<com.google.common.collect.ImmutableCollection> annotation class 2152
03-05 19:43:54.895 22187 22480 I AmazonVideo: ProfilesCache: found cached response; returning.
03-05 19:43:54.906 22187 22278 I AmazonVideo: Fetching string overrides for locale pt_BR (pt_BR) which: updated strings were downloaded at runtime
03-05 19:43:54.927 22187 22482 I [PRISM] : Get prism service
03-05 19:43:54.927 22187 22482 I [PRISM] : Cancelled scheduled unbinding from Prism Service for: com.amazon.avod
03-05 19:43:54.929 21257 21923 I ...atformDependencyImpl: isAmazonDevice() in ClientSideAmazonPlatformDependencyImpl is called
03-05 19:43:54.932 21257 21407 I ...atformDependencyImpl: isAmazonDevice() in ClientSideAmazonPlatformDependencyImpl is called
03-05 19:43:54.938 21257 21923 I ...atformDependencyImpl: isAmazonDevice() in ClientSideAmazonPlatformDependencyImpl is called
03-05 19:43:54.938 22187 22278 I AmazonVideo: Sync Framework: Worker[9aef778d]:   DetailPageSyncComponent (4 of 10): OK to sync
03-05 19:43:54.941 22187 22476 W AmazonVideo.http: Unable to resolve unexpected CRC route: IAD->IAD
03-05 19:43:54.942 22187 22476 I AmazonVideo.http: FetchFromServer: (190ms, #1) Completed Request@954c4cc[GET https://abbye994khsg.na.api.amazonvideo.com/cdp/devices/GetDevices?clientName=ATVAndroidFireTvClient&<REMOVED>&deviceTypeGroups=AIV%2CCastingReceivers&deviceTypeID=AKPGW064GI9HE&firmware=fmw%3A25-app%3AFireTv.407.500501&format=json&osLocale=pt_BR&screenDensity=XHDPI&screenWidth=sw480dp&softwareVersion=407&supportsPKMZ=true&uxLocale=pt_BR&version=2]
03-05 19:43:54.947 21257 21923 I PrismService: [Binder:21257_5][Profiler] DEPRECATED.DEPRECATED took 17 ms
03-05 19:43:54.951 21257 21407 I ...atformDependencyImpl: isAmazonDevice() in ClientSideAmazonPlatformDependencyImpl is called
03-05 19:43:54.957 21257 21407 I ...atformDependencyImpl: isAmazonDevice() in ClientSideAmazonPlatformDependencyImpl is called
03-05 19:43:54.963 21257 21407 I ...atformDependencyImpl: isAmazonDevice() in ClientSideAmazonPlatformDependencyImpl is called
03-05 19:43:54.964 22187 22486 W AmazonVideo.http: Unable to resolve unexpected CRC route: IAD->IAD
03-05 19:43:54.976 21257 21407 I PrismService: [Thread-8][MinervaMetricRecorder] Minerva event CacheHit.ListEnrolledProfiles recording successful
03-05 19:43:54.977 21257 21407 I ...atformDependencyImpl: isAmazonDevice() in ClientSideAmazonPlatformDependencyImpl is called
03-05 19:43:54.977 22187 22278 I AmazonVideo: Anonymous mode not supported as Optional.of(User{androidId=0, accountId=xxaivxx, role=ADULT}) is present.
03-05 19:43:54.977 22187 22278 I AmazonVideo: DetailPageCaches: skipping cleanup per Will expire 1772830632258 milliseconds from Epoch
03-05 19:43:54.977 22187 22278 I AmazonVideo: Sync Framework: Worker[9aef778d]:   XrayDownloadsSyncComponent (5 of 10): OK to sync
03-05 19:43:54.978 22187 22278 I AmazonVideo: Sync Framework: Worker[9aef778d]:   QueuedActionSyncComponent (6 of 10): OK to sync
03-05 19:43:54.978 22187 22278 I AmazonVideo: QueuedAction: Performing sync for QueuedActionSyncComponent
03-05 19:43:54.980 22187 22278 I AmazonVideo: Sync Framework: Worker[9aef778d]:   ResiliencyConfigSyncComponent (7 of 10): OK to sync
03-05 19:43:54.980 22187 22278 I AmazonVideo: Resiliency: Performing sync for ResiliencyConfigSyncComponent
03-05 19:43:54.985 21257 21407 I ...atformDependencyImpl: isAmazonDevice() in ClientSideAmazonPlatformDependencyImpl is called
03-05 19:43:54.994 21257 21407 I ...atformDependencyImpl: isAmazonDevice() in ClientSideAmazonPlatformDependencyImpl is called
03-05 19:43:55.000 22187 22469 I AmazonVideo: Found 2 results with GetDevices: [GetDevicesResult{Device type=A1MPSLFC7L5AFK, Device id=xxaivxxbcd2}, GetDevicesResult{Device type=AKPGW064GI9HE, Device id=xxaivxx002G}]
03-05 19:43:55.001 22187 22278 I AmazonVideo: Sync Framework: Worker[9aef778d]:   CleanupSyncComponent (8 of 10): OK to sync
03-05 19:43:55.002 21257 21407 I ...atformDependencyImpl: isAmazonDevice() in ClientSideAmazonPlatformDependencyImpl is called
03-05 19:43:55.009 21257 21407 I ...atformDependencyImpl: isAmazonDevice() in ClientSideAmazonPlatformDependencyImpl is called
03-05 19:43:55.016 21257 21407 I PrismService: [Thread-8][MinervaMetricRecorder] Minerva event LIST_ENROLLED_PROFILES recording successful
03-05 19:43:55.016 21257 21407 I ...atformDependencyImpl: isAmazonDevice() in ClientSideAmazonPlatformDependencyImpl is called
03-05 19:43:55.062 22187 22278 I AmazonVideo: Sync Framework: Worker[9aef778d]:   ChannelsSyncComponent (9 of 10): OK to sync
03-05 19:43:55.071   288   288 I perfmonitord:StatUtil: CPUUtilization now below 95%. Usage - 61%. Total milliseconds above threshold - 1000
03-05 19:43:55.085 22404 22404 W art     : Found duplicate classes, falling back to interpreter mode for /system/priv-app/DeviceClientPlatformContractsFramework/DeviceClientPlatformContractsFramework.apk
03-05 19:43:55.085 22404 22404 W art     : Found duplicated class when checking oat files: 'Lcom/amazon/dcp/common/ThirdPartyDeviceUtils;' in /system/priv-app/DeviceSoftwareOTAContracts/DeviceSoftwareOTAContracts.apk and /system/priv-app/DeviceClientPlatformContractsFramework/DeviceClientPlatformContractsFramework.apk
03-05 19:43:55.114 22187 22478 I AmazonVideo: EventManager: processing complete
03-05 19:43:55.134 22187 22278 I AmazonVideo: Sync Framework: Worker[9aef778d]:   StorageSpaceSyncComponent (10 of 10): OK to sync
03-05 19:43:55.135 22187 22278 I AmazonVideo: StorageSpaceSyncComponent: trying to auto-retry DISK_FULL downloads
03-05 19:43:55.135 22187 22278 I AmazonVideo: Sync Framework: Worker[9aef778d]: Completed sync for {trigger=periodic_sync, isQA=false}
03-05 19:43:55.138 22187 22278 I AmazonVideo: Sync Framework: Worker[fa468450]: Attempting sync for {trigger=application_startup, isQA=false}
03-05 19:43:55.138 22187 22278 I AmazonVideo: Sync Framework: Worker[fa468450]:   EventSyncComponent (1 of 4): OK to sync
03-05 19:43:55.138 22187 22278 I AmazonVideo: EventManager: processing events...
03-05 19:43:55.138 22187 22278 I AmazonVideo: Sync Framework: Worker[fa468450]:   QueuedActionSyncComponent (2 of 4): OK to sync
03-05 19:43:55.138 22187 22278 I AmazonVideo: QueuedAction: Performing sync for QueuedActionSyncComponent
03-05 19:43:55.139 22187 22278 I AmazonVideo: Sync Framework: Worker[fa468450]:   ResiliencyConfigSyncComponent (3 of 4): OK to sync
03-05 19:43:55.139 22187 22278 I AmazonVideo: Resiliency: Performing sync for ResiliencyConfigSyncComponent
03-05 19:43:55.140 22187 22278 I AmazonVideo: Sync Framework: Worker[fa468450]:   StorageSpaceSyncComponent (4 of 4): OK to sync
03-05 19:43:55.142 22187 22278 I AmazonVideo: StorageSpaceSyncComponent: trying to auto-retry DISK_FULL downloads
03-05 19:43:55.142 22187 22278 I AmazonVideo: Sync Framework: Worker[fa468450]: Completed sync for {trigger=application_startup, isQA=false}
03-05 19:43:55.143 22187 22278 I AmazonVideo: Sync Framework: Worker[bcf3b182]: Attempting sync for {trigger=downloads, isQA=false}
03-05 19:43:55.143 22187 22278 I AmazonVideo: Sync Framework: Worker[bcf3b182]: Completed sync for {trigger=downloads, isQA=false}
03-05 19:43:55.154 22187 22478 I AmazonVideo: EventManager: processing complete
03-05 19:43:55.177 22187 22480 I AmazonVideo: Attempt #1: success running IdentityProfilesFetcher$$ExternalSyntheticLambda0. Returning.
03-05 19:43:55.177 22187 22481 I AmazonVideo: Attempt #1: running BackfillMapCurrentProfileCallable
03-05 19:43:55.177 22187 22481 I AmazonVideo: Attempt #1: success running BackfillMapCurrentProfileCallable. Returning.
03-05 19:43:55.178 22187 22482 I [PRISM] : Scheduling unbinding from Prism Service for: com.amazon.avod
03-05 19:43:55.234 22404 22404 I art     : Starting a blocking GC AddRemoveAppImageSpace
03-05 19:43:55.235 22404 22404 W System  : ClassLoader referenced unknown path: /system/priv-app/com.amazon.storage.manager/lib/arm
03-05 19:43:55.255 22331 22495 E AmazonCSApp.RCMPeriodicSyncService: SyncServiceConfigurationCallback returned failure.
03-05 19:43:55.262 22404 22404 W System  : ClassLoader referenced unknown path: /system/priv-app/MinervaApi/lib/arm
03-05 19:43:55.266 22404 22404 W System  : ClassLoader referenced unknown path: /system/priv-app/RemoteSettingsInternalSDK/lib/arm
03-05 19:43:55.266 22404 22404 W System  : ClassLoader referenced unknown path: /system/priv-app/DeviceSoftwareOTAContracts/lib/arm
03-05 19:43:55.266 22404 22404 W System  : ClassLoader referenced unknown path: /system/priv-app/MetricsApi/lib/arm
03-05 19:43:55.266 22404 22404 W System  : ClassLoader referenced unknown path: /system/priv-app/DeviceClientPlatformContractsFramework/lib/arm
03-05 19:43:55.349 22187 22465 I AmazonVideo.http: FetchFromServer: (686ms, #1) Completed Request@a9441dd[POST https://prod.us-east-1.sonar.prime-video.amazon.dev w/ body]
03-05 19:43:55.359 22187 22452 I AmazonVideo: SonarObservationController: Initialized
03-05 19:43:55.371 22404 22404 I FrameworkJumpTable: Successfully loaded all classes
03-05 19:43:55.443 22187 22395 I AmazonVideo: Identity successfully updated household to HouseholdInfo{users=Users{current=xxaivxx, isOwner=true, device=xxaivxx, externalMarketplace=A2Q3Y263D00KWC}, profiles=Profiles{currentProfile=xxaivxx, isDefault=false, numProfiles=4, canCreate=true, status=AVAILABLE}, videoRegion=VideoRegion{vcr=BR, avMarketplace=ART4WZ8MWBX2Y, currentCountry=BR, homeRegion=NA}}
03-05 19:43:55.443 22187 22395 I AmazonVideo: Last known value: Optional.of(IdentityPersistenceData{userId=xxaivxx, profileId=xxaivxx, marketplace=ART4WZ8MWBX2Y, currentCountry=BR, vcr=BR})
03-05 19:43:55.443 22187 22395 I AmazonVideo: IdentityChangeTrigger{result=match, current=HouseholdInfo{users=Users{current=xxaivxx, isOwner=true, device=xxaivxx, externalMarketplace=A2Q3Y263D00KWC}, profiles=Profiles{currentProfile=xxaivxx, isDefault=false, numProfiles=4, canCreate=true, status=AVAILABLE}, videoRegion=VideoRegion{vcr=BR, avMarketplace=ART4WZ8MWBX2Y, currentCountry=BR, homeRegion=NA}}, persisted=IdentityPersistenceData{userId=xxaivxx, profileId=xxaivxx, marketplace=ART4WZ8MWBX2Y, currentCountry=BR, vcr=BR}}
03-05 19:43:55.459 22404 22404 I FrameworkJumpTable: Successfully loaded all methods
03-05 19:43:55.461 22404 22404 I FrameworkJumpTable: Successfully loaded all fields
03-05 19:43:55.461 22404 22404 I FrameworkJumpTable: Successfully loaded all constructors
03-05 19:43:55.546 22404 22418 I FSM-RemoteConfigFetcher: Using prod config
03-05 19:43:55.559 22404 22418 I FSM-RemoteConfigFetcher: Arcus Config processed {"common":{"syncIntervalInSeconds":21600,"syncJitterIntervalInSeconds":3600},"manualOffloadConfig":{"isFeatureSupported":true,"unsupportedAppsList":["com.storage.test"]},"dynamicOffloadConfig":{"isFeatureSupported":true,"storageThresholdInMB":800,"unusedDaysThreshold":31,"unsupportedAppsList":["com.storage.test","com.nordvpn.android","ch.protonvpn.android","com.expressvpn.vpn","com.surfshark.vpnclient.android","com.windscribe.vpn","com.cyberghostvpn.amazon","com.digiapp.vpn.tv.amazon","jp.unext.fire.player"]},"lowStorageConfig":{"shouldLogLowStorageWtf":true}}
03-05 19:43:55.572 22404 22418 I FSM-RemoteConfigFetcher: Using prod config
03-05 19:43:55.576 22404 22418 I FSM-RemoteConfigFetcher: Arcus Config processed {"common":{"syncIntervalInSeconds":21600,"syncJitterIntervalInSeconds":3600},"manualOffloadConfig":{"isFeatureSupported":true,"unsupportedAppsList":["com.storage.test"]},"dynamicOffloadConfig":{"isFeatureSupported":true,"storageThresholdInMB":800,"unusedDaysThreshold":31,"unsupportedAppsList":["com.storage.test","com.nordvpn.android","ch.protonvpn.android","com.expressvpn.vpn","com.surfshark.vpnclient.android","com.windscribe.vpn","com.cyberghostvpn.amazon","com.digiapp.vpn.tv.amazon","jp.unext.fire.player"]},"lowStorageConfig":{"shouldLogLowStorageWtf":true}}
03-05 19:43:55.581 22404 22418 I FSM-OffloadInfoContentP: manual offload unsupported app list: com.storage.test, isFeatureSupported: true
03-05 19:43:55.586 22404 22418 I SUL-MinervaMetricRecord: Initialize called
03-05 19:43:55.615 22404 22506 W MinervaServiceWrapper: getRemoteClientConfiguration: minerva service is not yet registered with the ServiceManager, use default configurations
03-05 19:43:55.616 22404 22506 I MetricEventSampler: Set local sampling key to 31
03-05 19:43:55.617 22404 22506 W MinervaServiceWrapper: record : MinervaService not yet bound. Buffered Metric Event String. Buffer Size: 1
03-05 19:43:55.617 21462 22371 I chatty  : uid=10155(com.amazon.venezia) expire 30 lines
03-05 19:43:56.154 22419 22431 I com.amazon.identity.auth.device.utils.ThirdPartyResourceParser: Unable to get api key asset document: api_key.txt
03-05 19:43:56.155 22419 22431 W com.amazon.identity.auth.device.utils.ThirdPartyResourceParser: Unable to get API Key from Assests
03-05 19:43:56.155 22419 22431 I com.amazon.identity.auth.device.utils.ThirdPartyResourceParser: Attempting to parse API Key from meta data in Android manifest
03-05 19:43:56.184 21462 22366 I chatty  : uid=10155(com.amazon.venezia) expire 12 lines
03-05 19:43:56.220  1395  1395 I chatty  : uid=10156(com.amazon.vizzini) expire 2 lines
03-05 19:43:56.243 22419 22431 I com.amazon.identity.auth.device.utils.ThirdPartyResourceParser: Attempting to parse API Key from meta data in Android manifest
03-05 19:43:56.251 22419 22431 W com.amazon.identity.auth.device.appid.APIKeyDecoder: Unable to decode APIKey for pkg=com.amazon.avod
03-05 19:43:56.338 21003 21020 I F_C.CardProvider: bulkInsert(ParsedUri(PRODUCER=com.amazon.venezia), contentValues:[(com.amazon.venezia/1131635571/1772750635746), (com.amazon.venezia/-93567518/1772750635778), (com.amazon.venezia/1005608301/1772750635820), (com.amazon.venezia/-173459095/1772750635865), (com.amazon.venezia/1516216112/1772750635881), (com.amazon.venezia/156690670/1772750635916), (com.amazon.venezia/-332839699/1772750635948), (com.amazon.venezia/968239612/1772750635973), (com.amazon.venezia/1375881433/1772750636004), (com.amazon.venezia/1811178262/1772750636043), (com.amazon.venezia/-1658153911/1772750636046), (com.amazon.venezia/-1466195928/1772750636075), (com.amazon.venezia/-625938972/1772750636113), (com.amazon.venezia/-1953066665/1772750636139)][size=14])
03-05 19:43:56.341  1164  1164 I com.amazon.identity.auth.device.authorization.api.AmazonCredentialManager: Candidate and self are system apps.
03-05 19:43:56.341  1164  1164 I com.amazon.identity.auth.device.authorization.api.AmazonCredentialManager: Candidate com.amazon.identity.auth.device.authorization passed system and permission checks.
03-05 19:43:56.342  1164  1164 I com.amazon.identity.auth.device.authorization.api.AmazonCredentialManager: Candidate and self are system apps.
03-05 19:43:56.342  1164  1164 I com.amazon.identity.auth.device.authorization.api.AmazonCredentialManager: Candidate com.amazon.identity.auth.device.authorization passed system and permission checks.
03-05 19:43:56.343 22419 22419 I com.amazon.identity.auth.device.authorization.AmazonCredentialManagerService: onDestroy called
03-05 19:43:56.345  1395  4042 I chatty  : uid=10156(com.amazon.vizzini) pool-9-thread-1 expire 15 lines
03-05 19:43:56.363  1164 22397 E ADM     : [ADM][Register]Unable to register package 'com.amazon.avod'
03-05 19:43:56.363  1164 22397 E ADM     : com.amazon.device.messaging.ADMRegistrationException: InvalidSender - Unable to parse API Key for package 'com.amazon.avod'. Did you forget to embed it?
03-05 19:43:56.363  1164 22397 E ADM     : 	at com.amazon.device.messaging.IdentityWrapper.getAppId(DCP:146)
03-05 19:43:56.363  1164 22397 E ADM     : 	at com.amazon.device.messaging.ADMRegistrar.createRegistrationRequest(DCP:375)
03-05 19:43:56.363  1164 22397 E ADM     : 	at com.amazon.device.messaging.ADMRegistrar.register(DCP:118)
03-05 19:43:56.363  1164 22397 E ADM     : 	at com.amazon.device.messaging.PrivateADMRegistrationService.registerInADM(DCP:195)
03-05 19:43:56.363  1164 22397 E ADM     : 	at com.amazon.device.messaging.PrivateADMRegistrationService.register(DCP:153)
03-05 19:43:56.363  1164 22397 E ADM     : 	at com.amazon.device.messaging.PrivateADMRegistrationService.lambda$onHandleIntent$1$PrivateADMRegistrationService(DCP:105)
03-05 19:43:56.363  1164 22397 E ADM     : 	at com.amazon.device.messaging.-$$Lambda$PrivateADMRegistrationService$E9ocrjfHj7uIvdGrMbaI2jC5Dfg.run(lambda)
03-05 19:43:56.363  1164 22397 E ADM     : 	at com.amazon.dcp.framework.DCPLog$Config.runWithThreadLocalTag(DCP:274)
03-05 19:43:56.363  1164 22397 E ADM     : 	at com.amazon.dcp.framework.DCPLog.runWithThreadLocalTag(DCP:169)
03-05 19:43:56.363  1164 22397 E ADM     : 	at com.amazon.device.messaging.PrivateADMRegistrationService.onHandleIntent(DCP:105)
03-05 19:43:56.363  1164 22397 E ADM     : 	at android.app.IntentService$ServiceHandler.handleMessage(IntentService.java:68)
03-05 19:43:56.363  1164 22397 E ADM     : 	at android.os.Handler.dispatchMessage(Handler.java:102)
03-05 19:43:56.363  1164 22397 E ADM     : 	at android.os.Looper.loop(Looper.java:154)
03-05 19:43:56.363  1164 22397 E ADM     : 	at android.os.HandlerThread.run(HandlerThread.java:61)
03-05 19:43:56.363  1164 22397 E ADM     : Caused by: com.amazon.device.messaging.IdentityWrapper$IdentityAuthException: Unable to find app family id for package name: com.amazon.avod
03-05 19:43:56.363  1164 22397 E ADM     : 	at com.amazon.device.messaging.IdentityWrapper.getApplicationFamilyIdFromPackageName(DCP:120)
03-05 19:43:56.363  1164 22397 E ADM     : 	at com.amazon.device.messaging.IdentityWrapper.getAppId(DCP:142)
03-05 19:43:56.363  1164 22397 E ADM     : 	... 13 more
03-05 19:43:56.365  1164 22397 I ADM     : [ADM][Register]Metrics Key is: Failure. Value is: 1
