--------- beginning of main
03-05 19:51:09.116   291  6882 I Node    : dolby-audio-meter, AdapterPcmSystem adapter audio meter: channel 0; audio level: 0.000
03-05 19:51:09.116   291  6882 I Node    : dolby-audio-meter, AdapterPcmSystem adapter audio meter: channel 1; audio level: 0.000
03-05 19:51:09.116   291  6882 I RendererNode: dolby-audio-meter, Renderer renderer audio meter: channel 0; audio level: 0.060
03-05 19:51:09.116   291  6882 I RendererNode: dolby-audio-meter, Renderer renderer audio meter: channel 1; audio level: 0.068
03-05 19:51:09.116   291  6882 I RendererNode: dolby-audio-meter, Renderer renderer audio meter: channel 2; audio level: 0.000
03-05 19:51:09.116   291  6882 I RendererNode: dolby-audio-meter, Renderer renderer audio meter: channel 3; audio level: 0.000
03-05 19:51:09.116   291  6882 I RendererNode: dolby-audio-meter, Renderer renderer audio meter: channel 4; audio level: 0.000
03-05 19:51:09.116   291  6882 I RendererNode: dolby-audio-meter, Renderer renderer audio meter: channel 5; audio level: 0.000
03-05 19:51:09.116   291  6882 I Node    : dolby-audio-meter, AdapterPcmOut adapter audio meter: channel 0; audio level: 0.000
03-05 19:51:09.116   291  6882 I Node    : dolby-audio-meter, AdapterPcmOut adapter audio meter: channel 1; audio level: 0.000
03-05 19:51:09.231   778  1057 W bt_btif : bta_hh_le_input_rpt_notify uuid=0x2a4d srv_handle=31 is_bl_svc_primary=1 rpt_id=1 len=8
--------- beginning of system
03-05 19:51:09.232   617   661 I AmazonProfileService: Event is not filtered because it is not in filter key list.
03-05 19:51:11.691   778  1057 W bt_btif : bta_hh_le_input_rpt_notify uuid=0x2a4d srv_handle=31 is_bl_svc_primary=1 rpt_id=1 len=8
03-05 19:51:11.693   617   661 I AmazonProfileService: Event not filtered. KPM proceeds the key
03-05 19:51:11.877   778  1057 W bt_btif : bta_hh_le_input_rpt_notify uuid=0x2a4d srv_handle=31 is_bl_svc_primary=1 rpt_id=1 len=8
03-05 19:51:11.878   617   661 I AmazonProfileService: Event not filtered. KPM proceeds the key
03-05 19:51:12.812   778  1057 W bt_btif : bta_hh_le_input_rpt_notify uuid=0x2a4d srv_handle=31 is_bl_svc_primary=1 rpt_id=1 len=8
03-05 19:51:12.812   617   661 I AmazonProfileService: Event is not filtered because it is not in filter key list.
03-05 19:51:12.956   778  1057 W bt_btif : bta_hh_le_input_rpt_notify uuid=0x2a4d srv_handle=31 is_bl_svc_primary=1 rpt_id=1 len=8
03-05 19:51:12.956   617   661 I AmazonProfileService: Event is not filtered because it is not in filter key list.
03-05 19:51:13.811   778  1057 W bt_btif : bta_hh_le_input_rpt_notify uuid=0x2a4d srv_handle=31 is_bl_svc_primary=1 rpt_id=1 len=8
03-05 19:51:13.812   617   661 I AmazonProfileService: Event is not filtered because it is not in filter key list.
03-05 19:51:13.936   778  1057 W bt_btif : bta_hh_le_input_rpt_notify uuid=0x2a4d srv_handle=31 is_bl_svc_primary=1 rpt_id=1 len=8
03-05 19:51:13.937   617   661 I AmazonProfileService: Event is not filtered because it is not in filter key list.
03-05 19:51:14.072   778  1057 W bt_btif : bta_hh_le_input_rpt_notify uuid=0x2a4d srv_handle=31 is_bl_svc_primary=1 rpt_id=1 len=8
03-05 19:51:14.073   617   661 I AmazonProfileService: Event is not filtered because it is not in filter key list.
03-05 19:51:14.085   291   400 I DolbyAudioStreamOut: write, new playback through Dolby proxy. Format=0x1, ChannelMask=0x3, SamplingRate=48000Hz isDirect 0
03-05 19:51:14.091  1395  1395 I DTM/provid/WakelockEventProvider: onWakelockEvent called: true, 0 = null
03-05 19:51:14.108   291   400 I DolbyAudioHwDeviceProxy: resumeDownstream() for device:0x400
03-05 19:51:14.141   291   400 I DolbyAudioStreamOut: getLatency() Total latency:116ms (Downstream(slider adjusted):57ms, DMA:134ms, tuning:-75ms, tuningBT:0ms), input format:0x1, sink:0x400, UxOutSetting:0, CurOutFormat:0x1
03-05 19:51:14.217   778  1057 W bt_btif : bta_hh_le_input_rpt_notify uuid=0x2a4d srv_handle=31 is_bl_svc_primary=1 rpt_id=1 len=8
03-05 19:51:14.217   617   661 I AmazonProfileService: Event is not filtered because it is not in filter key list.
03-05 19:51:14.492   778  1057 W bt_btif : bta_hh_le_input_rpt_notify uuid=0x2a4d srv_handle=31 is_bl_svc_primary=1 rpt_id=1 len=8
03-05 19:51:14.493   617   661 I AmazonProfileService: Event is not filtered because it is not in filter key list.
03-05 19:51:14.637   778  1057 W bt_btif : bta_hh_le_input_rpt_notify uuid=0x2a4d srv_handle=31 is_bl_svc_primary=1 rpt_id=1 len=8
03-05 19:51:14.641   617   661 I AmazonProfileService: Event is not filtered because it is not in filter key list.
03-05 19:51:15.296   778  1057 W bt_btif : bta_hh_le_input_rpt_notify uuid=0x2a4d srv_handle=31 is_bl_svc_primary=1 rpt_id=1 len=8
03-05 19:51:15.297   617   661 I AmazonProfileService: Event is not filtered because it is not in filter key list.
03-05 19:51:15.436   778  1057 W bt_btif : bta_hh_le_input_rpt_notify uuid=0x2a4d srv_handle=31 is_bl_svc_primary=1 rpt_id=1 len=8
03-05 19:51:15.437   617   661 I AmazonProfileService: Event is not filtered because it is not in filter key list.
03-05 19:51:15.816   778  1057 W bt_btif : bta_hh_le_input_rpt_notify uuid=0x2a4d srv_handle=31 is_bl_svc_primary=1 rpt_id=1 len=8
03-05 19:51:15.817   617   661 I AmazonProfileService: Event is not filtered because it is not in filter key list.
03-05 19:51:15.952   778  1057 W bt_btif : bta_hh_le_input_rpt_notify uuid=0x2a4d srv_handle=31 is_bl_svc_primary=1 rpt_id=1 len=8
03-05 19:51:15.952   617   661 I AmazonProfileService: Event is not filtered because it is not in filter key list.
03-05 19:51:16.036   778  1057 W bt_btif : bta_hh_le_input_rpt_notify uuid=0x2a4d srv_handle=31 is_bl_svc_primary=1 rpt_id=1 len=8
03-05 19:51:16.037   617   661 I AmazonProfileService: Event is not filtered because it is not in filter key list.
03-05 19:51:16.152   778  1057 W bt_btif : bta_hh_le_input_rpt_notify uuid=0x2a4d srv_handle=31 is_bl_svc_primary=1 rpt_id=1 len=8
03-05 19:51:16.153   617   661 I AmazonProfileService: Event is not filtered because it is not in filter key list.
03-05 19:51:16.272   778  1057 W bt_btif : bta_hh_le_input_rpt_notify uuid=0x2a4d srv_handle=31 is_bl_svc_primary=1 rpt_id=1 len=8
03-05 19:51:16.273   617   661 I AmazonProfileService: Event is not filtered because it is not in filter key list.
03-05 19:51:16.416   778  1057 W bt_btif : bta_hh_le_input_rpt_notify uuid=0x2a4d srv_handle=31 is_bl_svc_primary=1 rpt_id=1 len=8
03-05 19:51:16.417   778  1057 W bt_btif : bta_hh_le_input_rpt_notify uuid=0x2a19 srv_handle=27 is_bl_svc_primary=1 rpt_id=3 len=1
03-05 19:51:16.417   617   661 I AmazonProfileService: Event is not filtered because it is not in filter key list.
03-05 19:51:16.432   617   630 I ActivityManager: Killing 22419:com.amazon.identity.auth.device.authorization/u0a106 (adj 903): empty #17
03-05 19:51:16.445  2847  2847 I ConnectivityCtrlService: handle intent action:com.amazon.device.action.BATTERY_LEVEL
03-05 19:51:16.446  2847  2882 I ConnectivityCtrlService: handleRemoteBatteryEvent...device address [xx:xx:41:xx:xx:5F],newLevel:[71]
03-05 19:51:16.446  2847  2882 E ConnectivityCtrlService: Ignoring  battery level as it is same as current battery level
03-05 19:51:16.451  2889  2926 I RdmService: handleIntent..action: com.amazon.device.action.BATTERY_LEVEL
03-05 19:51:16.451  2889  2926 E RdmService: Ignoring  battery level as it is same as current battery level
03-05 19:51:16.996   778  1057 W bt_btif : bta_hh_le_input_rpt_notify uuid=0x2a4d srv_handle=31 is_bl_svc_primary=1 rpt_id=1 len=8
03-05 19:51:16.997   617   661 I AmazonProfileService: Event is not filtered because it is not in filter key list.
03-05 19:51:17.134   291   400 I DolbyAudioStreamOut: standby()
03-05 19:51:17.153   778  1057 W bt_btif : bta_hh_le_input_rpt_notify uuid=0x2a4d srv_handle=31 is_bl_svc_primary=1 rpt_id=1 len=8
03-05 19:51:17.154   617   661 I AmazonProfileService: Event is not filtered because it is not in filter key list.
03-05 19:51:17.199  1395  1395 I DTM/provid/WakelockEventProvider: onWakelockEvent called: false, 0 = null
03-05 19:51:17.332   778  1057 W bt_btif : bta_hh_le_input_rpt_notify uuid=0x2a4d srv_handle=31 is_bl_svc_primary=1 rpt_id=1 len=8
03-05 19:51:17.333   617   661 I AmazonProfileService: Event is not filtered because it is not in filter key list.
03-05 19:51:17.492   778  1057 W bt_btif : bta_hh_le_input_rpt_notify uuid=0x2a4d srv_handle=31 is_bl_svc_primary=1 rpt_id=1 len=8
03-05 19:51:17.493   617   661 I AmazonProfileService: Event is not filtered because it is not in filter key list.
03-05 19:51:19.132   291  6882 I Node    : dolby-audio-meter, AdapterPcmSystem adapter audio meter: channel 0; audio level: 0.167
03-05 19:51:19.132   291  6882 I Node    : dolby-audio-meter, AdapterPcmSystem adapter audio meter: channel 1; audio level: 0.182
03-05 19:51:19.132   291  6882 I RendererNode: dolby-audio-meter, Renderer renderer audio meter: channel 0; audio level: 0.060
03-05 19:51:19.132   291  6882 I RendererNode: dolby-audio-meter, Renderer renderer audio meter: channel 1; audio level: 0.068
03-05 19:51:19.132   291  6882 I RendererNode: dolby-audio-meter, Renderer renderer audio meter: channel 2; audio level: 0.000
03-05 19:51:19.132   291  6882 I RendererNode: dolby-audio-meter, Renderer renderer audio meter: channel 3; audio level: 0.000
03-05 19:51:19.132   291  6882 I RendererNode: dolby-audio-meter, Renderer renderer audio meter: channel 4; audio level: 0.000
03-05 19:51:19.132   291  6882 I RendererNode: dolby-audio-meter, Renderer renderer audio meter: channel 5; audio level: 0.000
03-05 19:51:19.132   291  6882 I Node    : dolby-audio-meter, AdapterPcmOut adapter audio meter: channel 0; audio level: 0.984
03-05 19:51:19.132   291  6882 I Node    : dolby-audio-meter, AdapterPcmOut adapter audio meter: channel 1; audio level: 0.984
03-05 19:51:19.783  1444 23840 I whad    : DeviceClusterManager:onHeartBeat:seq=23,xmit=2944692321008417,recv=2944692498772862,uniqueId=XX0RV9,highNetworkLatency=1
03-05 19:51:24.196   778  1057 W bt_btif : bta_hh_le_input_rpt_notify uuid=0x2a4d srv_handle=31 is_bl_svc_primary=1 rpt_id=1 len=8
03-05 19:51:24.197   617   661 I AmazonProfileService: Event is not filtered because it is not in filter key list.
03-05 19:51:24.197   617   661 I chatty  : uid=1000(system) InputReader expire 10 lines
03-05 19:51:24.198  1427  3971 I chatty  : uid=10136(com.amazon.tv.devicecontrol) Binder:1427_6 expire 12 lines
03-05 19:51:24.208 23669 23669 I chatty  : uid=10318(com.example.clickflix) expire 14 lines
03-05 19:51:24.357   778  1057 W bt_btif : bta_hh_le_input_rpt_notify uuid=0x2a4d srv_handle=31 is_bl_svc_primary=1 rpt_id=1 len=8
03-05 19:51:24.358   617   661 I AmazonProfileService: Event is not filtered because it is not in filter key list.
03-05 19:51:24.712   778  1057 W bt_btif : bta_hh_le_input_rpt_notify uuid=0x2a4d srv_handle=31 is_bl_svc_primary=1 rpt_id=1 len=8
03-05 19:51:24.713   617   661 I AmazonProfileService: Event is not filtered because it is not in filter key list.
03-05 19:51:24.857   778  1057 W bt_btif : bta_hh_le_input_rpt_notify uuid=0x2a4d srv_handle=31 is_bl_svc_primary=1 rpt_id=1 len=8
03-05 19:51:24.857   617   661 I AmazonProfileService: Event is not filtered because it is not in filter key list.
03-05 19:51:27.016 23669 23731 I chatty  : uid=10318(com.example.clickflix) expire 1 line
03-05 19:51:29.148   291  6882 I Node    : dolby-audio-meter, AdapterPcmSystem adapter audio meter: channel 0; audio level: 0.000
03-05 19:51:29.148   291  6882 I Node    : dolby-audio-meter, AdapterPcmSystem adapter audio meter: channel 1; audio level: 0.000
03-05 19:51:29.148   291  6882 I RendererNode: dolby-audio-meter, Renderer renderer audio meter: channel 0; audio level: 0.060
03-05 19:51:29.148   291  6882 I RendererNode: dolby-audio-meter, Renderer renderer audio meter: channel 1; audio level: 0.068
03-05 19:51:29.148   291  6882 I RendererNode: dolby-audio-meter, Renderer renderer audio meter: channel 2; audio level: 0.000
03-05 19:51:29.148   291  6882 I RendererNode: dolby-audio-meter, Renderer renderer audio meter: channel 3; audio level: 0.000
03-05 19:51:29.148   291  6882 I RendererNode: dolby-audio-meter, Renderer renderer audio meter: channel 4; audio level: 0.000
03-05 19:51:29.148   291  6882 I RendererNode: dolby-audio-meter, Renderer renderer audio meter: channel 5; audio level: 0.000
03-05 19:51:29.148   291  6882 I Node    : dolby-audio-meter, AdapterPcmOut adapter audio meter: channel 0; audio level: 0.000
03-05 19:51:29.148   291  6882 I Node    : dolby-audio-meter, AdapterPcmOut adapter audio meter: channel 1; audio level: 0.000
03-05 19:51:37.162 21003 21362 I DiebusMetrics: Starting reporting metrics
03-05 19:51:37.200 21003 21362 I DiebusMetrics: End reporting metrics
03-05 19:51:37.443 21003 21432 I DiebusMetrics: Starting reporting metrics
03-05 19:51:37.453 21003 21432 I DiebusMetrics: End reporting metrics
03-05 19:51:39.164   291  6882 I Node    : dolby-audio-meter, AdapterPcmSystem adapter audio meter: channel 0; audio level: 0.000
03-05 19:51:39.164   291  6882 I Node    : dolby-audio-meter, AdapterPcmSystem adapter audio meter: channel 1; audio level: 0.000
03-05 19:51:39.164   291  6882 I RendererNode: dolby-audio-meter, Renderer renderer audio meter: channel 0; audio level: 0.060
03-05 19:51:39.164   291  6882 I RendererNode: dolby-audio-meter, Renderer renderer audio meter: channel 1; audio level: 0.068
03-05 19:51:39.164   291  6882 I RendererNode: dolby-audio-meter, Renderer renderer audio meter: channel 2; audio level: 0.000
03-05 19:51:39.164   291  6882 I RendererNode: dolby-audio-meter, Renderer renderer audio meter: channel 3; audio level: 0.000
03-05 19:51:39.164   291  6882 I RendererNode: dolby-audio-meter, Renderer renderer audio meter: channel 4; audio level: 0.000
03-05 19:51:39.164   291  6882 I RendererNode: dolby-audio-meter, Renderer renderer audio meter: channel 5; audio level: 0.000
03-05 19:51:39.164   291  6882 I Node    : dolby-audio-meter, AdapterPcmOut adapter audio meter: channel 0; audio level: 0.000
03-05 19:51:39.164   291  6882 I Node    : dolby-audio-meter, AdapterPcmOut adapter audio meter: channel 1; audio level: 0.000
03-05 19:51:40.455  1395 23862 I SPCH-Cont_HealthLogger: Current State = {"ProfileType":"ADULT","ProfileValidated":"true","Gateway":"avs-alexa-18-na.amazon.com:443","memoryLow":"false","ReleaseVersion":"655.1.3","AlexaLegalTermsAccepted":"true","memoryAvailable":"991207424","SupportsFarField":"false","RemoteSettingsStrategy":"VizArcus","memoryTotalPss":"48426","DeviceFamily":"SMP","memoryTotalSharedDirty":"2416","str.auto_wake_up_always":"0","OOBECompleted":"true","AppVersion":"3.0.16038.0","AlexaCaptionsSupported":"true","memoryTotalPrivateDirty":"23487","AlexaShortcutsEnabled":"{\"all\": true, \"runtime\": true, \"locale\": true, \"isChild\": false}","Account":"valid","ConnectionState":"CONNECTED","AlexaCaptionsEnabled":"false","AlexaExperience":"FULL"}
03-05 19:51:40.713   778  1057 W bt_btif : bta_hh_le_input_rpt_notify uuid=0x2a4d srv_handle=31 is_bl_svc_primary=1 rpt_id=1 len=8
03-05 19:51:40.714   617   661 I AmazonProfileService: Event is not filtered because it is not in filter key list.
03-05 19:51:40.714  1427  3971 I chatty  : uid=10136(com.amazon.tv.devicecontrol) Binder:1427_6 expire 84 lines
03-05 19:51:40.797   778  1057 W bt_btif : bta_hh_le_input_rpt_notify uuid=0x2a4d srv_handle=31 is_bl_svc_primary=1 rpt_id=1 len=8
03-05 19:51:40.797   617   661 I AmazonProfileService: Event is not filtered because it is not in filter key list.
03-05 19:51:40.798   617   661 I chatty  : uid=1000(system) InputReader expire 54 lines
03-05 19:51:41.397   778  1057 W bt_btif : bta_hh_le_input_rpt_notify uuid=0x2a4d srv_handle=31 is_bl_svc_primary=1 rpt_id=1 len=8
03-05 19:51:41.397   617   661 I AmazonProfileService: Event is not filtered because it is not in filter key list.
03-05 19:51:41.553   778  1057 W bt_btif : bta_hh_le_input_rpt_notify uuid=0x2a4d srv_handle=31 is_bl_svc_primary=1 rpt_id=1 len=8
03-05 19:51:41.553   617   661 I AmazonProfileService: Event is not filtered because it is not in filter key list.
03-05 19:51:41.873   778  1057 W bt_btif : bta_hh_le_input_rpt_notify uuid=0x2a4d srv_handle=31 is_bl_svc_primary=1 rpt_id=1 len=8
03-05 19:51:41.874   617   661 I AmazonProfileService: Event is not filtered because it is not in filter key list.
03-05 19:51:41.997   778  1057 W bt_btif : bta_hh_le_input_rpt_notify uuid=0x2a4d srv_handle=31 is_bl_svc_primary=1 rpt_id=1 len=8
03-05 19:51:41.998   617   661 I AmazonProfileService: Event is not filtered because it is not in filter key list.
03-05 19:51:42.337   778  1057 W bt_btif : bta_hh_le_input_rpt_notify uuid=0x2a4d srv_handle=31 is_bl_svc_primary=1 rpt_id=1 len=8
03-05 19:51:42.338   617   661 I AmazonProfileService: Event is not filtered because it is not in filter key list.
03-05 19:51:42.497   778  1057 W bt_btif : bta_hh_le_input_rpt_notify uuid=0x2a4d srv_handle=31 is_bl_svc_primary=1 rpt_id=1 len=8
03-05 19:51:42.498   617   661 I AmazonProfileService: Event is not filtered because it is not in filter key list.
03-05 19:51:43.457   778  1057 W bt_btif : bta_hh_le_input_rpt_notify uuid=0x2a4d srv_handle=31 is_bl_svc_primary=1 rpt_id=1 len=8
03-05 19:51:43.458   617   661 I AmazonProfileService: Event is not filtered because it is not in filter key list.
03-05 19:51:43.613   778  1057 W bt_btif : bta_hh_le_input_rpt_notify uuid=0x2a4d srv_handle=31 is_bl_svc_primary=1 rpt_id=1 len=8
03-05 19:51:43.614   617   661 I AmazonProfileService: Event is not filtered because it is not in filter key list.
03-05 19:51:44.494  1444 23855 I whad    : HttpServerLibevent:handleHttpResponse:cmd=sendTimeSyncStatus,xmit=2944717128,recv=2944717210,delta=82,tss=amzn1.alexa.wha.ec785fc8-ddf0-4b1d-b895-0f5d7841b11c#0QS8,senderId=XX0RV9,tssStale=false
03-05 19:51:46.093   778  1057 W bt_btif : bta_hh_le_input_rpt_notify uuid=0x2a4d srv_handle=31 is_bl_svc_primary=1 rpt_id=1 len=8
03-05 19:51:46.094   617   661 I AmazonProfileService: Event is not filtered because it is not in filter key list.
03-05 19:51:46.237   778  1057 W bt_btif : bta_hh_le_input_rpt_notify uuid=0x2a4d srv_handle=31 is_bl_svc_primary=1 rpt_id=1 len=8
03-05 19:51:46.237   778  1057 W bt_btif : bta_hh_le_input_rpt_notify uuid=0x2a19 srv_handle=27 is_bl_svc_primary=1 rpt_id=3 len=1
03-05 19:51:46.238   617   661 I AmazonProfileService: Event is not filtered because it is not in filter key list.
03-05 19:51:46.248   617   630 I ActivityManager: Killing 22735:com.amazon.platform.fdrw/1000 (adj 903): empty #17
03-05 19:51:46.253  2847  2847 I ConnectivityCtrlService: handle intent action:com.amazon.device.action.BATTERY_LEVEL
03-05 19:51:46.254  2847  2882 I ConnectivityCtrlService: handleRemoteBatteryEvent...device address [xx:xx:41:xx:xx:5F],newLevel:[71]
03-05 19:51:46.254  2847  2882 E ConnectivityCtrlService: Ignoring  battery level as it is same as current battery level
03-05 19:51:46.259  2889  2926 I RdmService: handleIntent..action: com.amazon.device.action.BATTERY_LEVEL
03-05 19:51:46.259  2889  2926 E RdmService: Ignoring  battery level as it is same as current battery level
03-05 19:51:46.809   778  1057 W bt_btif : bta_hh_le_input_rpt_notify uuid=0x2a4d srv_handle=31 is_bl_svc_primary=1 rpt_id=1 len=8
03-05 19:51:46.810   617   661 I AmazonProfileService: Event is not filtered because it is not in filter key list.
03-05 19:51:46.953   778  1057 W bt_btif : bta_hh_le_input_rpt_notify uuid=0x2a4d srv_handle=31 is_bl_svc_primary=1 rpt_id=1 len=8
03-05 19:51:46.954   617   661 I AmazonProfileService: Event is not filtered because it is not in filter key list.
03-05 19:51:47.093   778  1057 W bt_btif : bta_hh_le_input_rpt_notify uuid=0x2a4d srv_handle=31 is_bl_svc_primary=1 rpt_id=1 len=8
03-05 19:51:47.094   617   661 I AmazonProfileService: Event is not filtered because it is not in filter key list.
03-05 19:51:47.237   778  1057 W bt_btif : bta_hh_le_input_rpt_notify uuid=0x2a4d srv_handle=31 is_bl_svc_primary=1 rpt_id=1 len=8
03-05 19:51:47.238   617   661 I AmazonProfileService: Event is not filtered because it is not in filter key list.
03-05 19:51:48.113   778  1057 W bt_btif : bta_hh_le_input_rpt_notify uuid=0x2a4d srv_handle=31 is_bl_svc_primary=1 rpt_id=1 len=8
03-05 19:51:48.114   617   661 I AmazonProfileService: Event is not filtered because it is not in filter key list.
03-05 19:51:48.253   778  1057 W bt_btif : bta_hh_le_input_rpt_notify uuid=0x2a4d srv_handle=31 is_bl_svc_primary=1 rpt_id=1 len=8
03-05 19:51:48.254   617   661 I AmazonProfileService: Event is not filtered because it is not in filter key list.
03-05 19:51:48.373   778  1057 W bt_btif : bta_hh_le_input_rpt_notify uuid=0x2a4d srv_handle=31 is_bl_svc_primary=1 rpt_id=1 len=8
03-05 19:51:48.374   617   661 I AmazonProfileService: Event is not filtered because it is not in filter key list.
03-05 19:51:48.513   778  1057 W bt_btif : bta_hh_le_input_rpt_notify uuid=0x2a4d srv_handle=31 is_bl_svc_primary=1 rpt_id=1 len=8
03-05 19:51:48.514   617   661 I AmazonProfileService: Event is not filtered because it is not in filter key list.
03-05 19:51:48.693   778  1057 W bt_btif : bta_hh_le_input_rpt_notify uuid=0x2a4d srv_handle=31 is_bl_svc_primary=1 rpt_id=1 len=8
03-05 19:51:48.694   617   661 I AmazonProfileService: Event is not filtered because it is not in filter key list.
03-05 19:51:48.838   778  1057 W bt_btif : bta_hh_le_input_rpt_notify uuid=0x2a4d srv_handle=31 is_bl_svc_primary=1 rpt_id=1 len=8
03-05 19:51:48.847   617   661 I AmazonProfileService: Event is not filtered because it is not in filter key list.
03-05 19:51:48.870   617   626 I chatty  : uid=1000(system) HeapTaskDaemon expire 1 line
03-05 19:51:49.033   778  1057 W bt_btif : bta_hh_le_input_rpt_notify uuid=0x2a4d srv_handle=31 is_bl_svc_primary=1 rpt_id=1 len=8
03-05 19:51:49.034   617   661 I AmazonProfileService: Event is not filtered because it is not in filter key list.
03-05 19:51:49.166   778  1057 W bt_btif : bta_hh_le_input_rpt_notify uuid=0x2a4d srv_handle=31 is_bl_svc_primary=1 rpt_id=1 len=8
03-05 19:51:49.167   617   661 I AmazonProfileService: Event is not filtered because it is not in filter key list.
03-05 19:51:49.180   291  6882 I Node    : dolby-audio-meter, AdapterPcmSystem adapter audio meter: channel 0; audio level: 0.000
03-05 19:51:49.180   291  6882 I Node    : dolby-audio-meter, AdapterPcmSystem adapter audio meter: channel 1; audio level: 0.000
03-05 19:51:49.180   291  6882 I RendererNode: dolby-audio-meter, Renderer renderer audio meter: channel 0; audio level: 0.060
03-05 19:51:49.180   291  6882 I RendererNode: dolby-audio-meter, Renderer renderer audio meter: channel 1; audio level: 0.068
03-05 19:51:49.180   291  6882 I RendererNode: dolby-audio-meter, Renderer renderer audio meter: channel 2; audio level: 0.000
03-05 19:51:49.180   291  6882 I RendererNode: dolby-audio-meter, Renderer renderer audio meter: channel 3; audio level: 0.000
03-05 19:51:49.180   291  6882 I RendererNode: dolby-audio-meter, Renderer renderer audio meter: channel 4; audio level: 0.000
03-05 19:51:49.180   291  6882 I RendererNode: dolby-audio-meter, Renderer renderer audio meter: channel 5; audio level: 0.000
03-05 19:51:49.180   291  6882 I Node    : dolby-audio-meter, AdapterPcmOut adapter audio meter: channel 0; audio level: 0.000
03-05 19:51:49.180   291  6882 I Node    : dolby-audio-meter, AdapterPcmOut adapter audio meter: channel 1; audio level: 0.000
03-05 19:51:49.613   778  1057 W bt_btif : bta_hh_le_input_rpt_notify uuid=0x2a4d srv_handle=31 is_bl_svc_primary=1 rpt_id=1 len=8
03-05 19:51:49.614   617   661 I AmazonProfileService: Event is not filtered because it is not in filter key list.
03-05 19:51:49.753   778  1057 W bt_btif : bta_hh_le_input_rpt_notify uuid=0x2a4d srv_handle=31 is_bl_svc_primary=1 rpt_id=1 len=8
03-05 19:51:49.754   617   661 I AmazonProfileService: Event is not filtered because it is not in filter key list.
03-05 19:51:49.977   778  1057 W bt_btif : bta_hh_le_input_rpt_notify uuid=0x2a4d srv_handle=31 is_bl_svc_primary=1 rpt_id=1 len=8
03-05 19:51:49.978   617   661 I AmazonProfileService: Event is not filtered because it is not in filter key list.
03-05 19:51:49.992 23669 23669 I chatty  : uid=10318(com.example.clickflix) expire 14 lines
03-05 19:51:50.129   778  1057 W bt_btif : bta_hh_le_input_rpt_notify uuid=0x2a4d srv_handle=31 is_bl_svc_primary=1 rpt_id=1 len=8
03-05 19:51:50.130   617   661 I AmazonProfileService: Event is not filtered because it is not in filter key list.
03-05 19:51:52.222   288   288 I perfmonitord:StatUtil: CPUUtilization crossed 95%. Current - 98%
03-05 19:51:52.308 23976 23976 I main.wifi_log_levels: wifi_log_levels:wlan0:rssi=-60;rssi2=-50;noise=-87;noise2=-84;channel=149;txframes=15127629;txfails=895673;txper=5%;txaggr= 0 0 0 0 0 0 0 0;rxframes=40302410;rxcrc=9195714;rxper=18.5%;rxdrop=6699407;phymode=AC;phyrate=702;lasttxrate=NSS2_MCS8_BW80;lastrxrate=6M_BW20; 
03-05 19:51:52.332 23978 23978 I main.wifi_log_levels: tx_packets=14329165;tx_bytes=1671710440;tx_errors=10;tx_dropped=0;rx_packets=39576919;rx_bytes=168522656;rx_errors=0;rx_dropped=0;wlan0 arp=STALE 
03-05 19:51:52.357 23979 23979 I main.wifi_log_levels: max_rssi=-46;min_rssi=-68;max_noise=-87;min_noise=-92;noise histogram=0 0 0 0 0 0 1 281 320870 147210 1821 
03-05 19:51:52.401 23981 23981 I main.wifi_log_levels: wifi_log_levels:ch_busy=9%;ch_idle=91%;ch_tx=0%;ch_rx=0%;tx_ok=100%;tx_fail=0%;tx_retry=2%;rx_ok=29%;rx_fcs=71%;tx_ok=34;tx_fail=0;tx_retry=1;rx_ok=72;rx_fcs=172;cck_false=0;cck_crc=0;ofdm_false=56;ofdm_crc=0; 
03-05 19:51:52.630 23995 23995 I main.wifi_log_levels: TXRATE=NSS2_MCS9, BW80, LGI, VHT, LDPC; PER=33%; PERCNT=10%;TXRATE=NSS2_MCS8, BW80, LGI, VHT, LDPC; PER=03%; PERCNT=30%;RXRATE=NSS2_MCS8, BW80, LGI, VHT, LDPC; PERCNT=50%;RXRATE=6M, BW20, OFDM, BCC; PERCNT=50%; 
03-05 19:51:53.224   288   288 I perfmonitord:StatUtil: CPUUtilization now below 95%. Usage - 49%. Total milliseconds above threshold - 1000
03-05 19:51:53.426   831   952 I ...atformDependencyImpl: isAmazonDevice() in ClientSideAmazonPlatformDependencyImpl is called
03-05 19:51:53.427   831   952 I ...atformDependencyImpl: isAmazonDevice() in ClientSideAmazonPlatformDependencyImpl is called
03-05 19:51:57.294   778  1057 W bt_btif : bta_hh_le_input_rpt_notify uuid=0x2a4d srv_handle=31 is_bl_svc_primary=1 rpt_id=1 len=8
03-05 19:51:57.295   617   661 I AmazonProfileService: Event is not filtered because it is not in filter key list.
03-05 19:51:57.295   617   661 I FireTVKeyPolicyManager: Dynamic key mapping has been enabled
03-05 19:51:57.295   617   661 I FireTVKeyPolicyManager: Dynamic key mapping key intercepted result 0
03-05 19:51:57.296  1427  3971 I chatty  : uid=10136(com.amazon.tv.devicecontrol) Binder:1427_6 expire 126 lines
03-05 19:51:57.513   778  1057 W bt_btif : bta_hh_le_input_rpt_notify uuid=0x2a4d srv_handle=31 is_bl_svc_primary=1 rpt_id=1 len=8
03-05 19:51:57.514   617   661 I AmazonProfileService: Event is not filtered because it is not in filter key list.
03-05 19:51:57.514   617   661 I FireTVKeyPolicyManager: Dynamic key mapping has been enabled
03-05 19:51:57.515   617   661 I FireTVKeyPolicyManager: Dynamic key mapping key intercepted result 0
03-05 19:51:57.938   778  1057 W bt_btif : bta_hh_le_input_rpt_notify uuid=0x2a4d srv_handle=31 is_bl_svc_primary=1 rpt_id=1 len=8
03-05 19:51:57.938   617   661 I AmazonProfileService: Event is not filtered because it is not in filter key list.
03-05 19:51:57.939   617   661 I FireTVKeyPolicyManager: Dynamic key mapping has been enabled
03-05 19:51:57.939   617   661 I FireTVKeyPolicyManager: Dynamic key mapping key intercepted result 0
03-05 19:51:58.098   778  1057 W bt_btif : bta_hh_le_input_rpt_notify uuid=0x2a4d srv_handle=31 is_bl_svc_primary=1 rpt_id=1 len=8
03-05 19:51:58.098   617   661 I AmazonProfileService: Event is not filtered because it is not in filter key list.
03-05 19:51:58.098   617   661 I FireTVKeyPolicyManager: Dynamic key mapping has been enabled
03-05 19:51:58.099   617   661 I FireTVKeyPolicyManager: Dynamic key mapping key intercepted result 0
03-05 19:51:58.113   778  1057 W bt_btif : bta_hh_le_input_rpt_notify uuid=0x2a19 srv_handle=27 is_bl_svc_primary=1 rpt_id=3 len=1
03-05 19:51:58.121  2847  2847 I ConnectivityCtrlService: handle intent action:com.amazon.device.action.BATTERY_LEVEL
03-05 19:51:58.121  2847  2882 I ConnectivityCtrlService: handleRemoteBatteryEvent...device address [xx:xx:41:xx:xx:5F],newLevel:[71]
03-05 19:51:58.122  2847  2882 E ConnectivityCtrlService: Ignoring  battery level as it is same as current battery level
03-05 19:51:58.126  2889  2926 I RdmService: handleIntent..action: com.amazon.device.action.BATTERY_LEVEL
03-05 19:51:58.127  2889  2926 E RdmService: Ignoring  battery level as it is same as current battery level
03-05 19:51:58.214   778  1057 W bt_btif : bta_hh_le_input_rpt_notify uuid=0x2a4d srv_handle=31 is_bl_svc_primary=1 rpt_id=1 len=8
03-05 19:51:58.215   617   661 I AmazonProfileService: Event is not filtered because it is not in filter key list.
03-05 19:51:58.215   617   661 I FireTVKeyPolicyManager: Dynamic key mapping has been enabled
03-05 19:51:58.215   617   661 I FireTVKeyPolicyManager: Dynamic key mapping key intercepted result 0
03-05 19:51:58.298   778  1057 W bt_btif : bta_hh_le_input_rpt_notify uuid=0x2a4d srv_handle=31 is_bl_svc_primary=1 rpt_id=1 len=8
03-05 19:51:58.298   617   661 I AmazonProfileService: Event is not filtered because it is not in filter key list.
03-05 19:51:58.298   617   661 I FireTVKeyPolicyManager: Dynamic key mapping has been enabled
03-05 19:51:58.299   617   661 I FireTVKeyPolicyManager: Dynamic key mapping key intercepted result 0
03-05 19:51:58.434   778  1057 W bt_btif : bta_hh_le_input_rpt_notify uuid=0x2a4d srv_handle=31 is_bl_svc_primary=1 rpt_id=1 len=8
03-05 19:51:58.435   617   661 I AmazonProfileService: Event is not filtered because it is not in filter key list.
03-05 19:51:58.435   617   661 I FireTVKeyPolicyManager: Dynamic key mapping has been enabled
03-05 19:51:58.435   617   661 I FireTVKeyPolicyManager: Dynamic key mapping key intercepted result 0
03-05 19:51:58.558   778  1057 W bt_btif : bta_hh_le_input_rpt_notify uuid=0x2a4d srv_handle=31 is_bl_svc_primary=1 rpt_id=1 len=8
03-05 19:51:58.558   617   661 I AmazonProfileService: Event is not filtered because it is not in filter key list.
03-05 19:51:58.559   617   661 I FireTVKeyPolicyManager: Dynamic key mapping has been enabled
03-05 19:51:58.559   617   661 I FireTVKeyPolicyManager: Dynamic key mapping key intercepted result 0
03-05 19:51:58.674   778  1057 W bt_btif : bta_hh_le_input_rpt_notify uuid=0x2a4d srv_handle=31 is_bl_svc_primary=1 rpt_id=1 len=8
03-05 19:51:58.674   617   661 I AmazonProfileService: Event is not filtered because it is not in filter key list.
03-05 19:51:58.674   617   661 I FireTVKeyPolicyManager: Dynamic key mapping has been enabled
03-05 19:51:58.675   617   661 I FireTVKeyPolicyManager: Dynamic key mapping key intercepted result 0
03-05 19:51:58.773   778  1057 W bt_btif : bta_hh_le_input_rpt_notify uuid=0x2a4d srv_handle=31 is_bl_svc_primary=1 rpt_id=1 len=8
03-05 19:51:58.774   617   661 I AmazonProfileService: Event is not filtered because it is not in filter key list.
03-05 19:51:58.774   617   661 I FireTVKeyPolicyManager: Dynamic key mapping has been enabled
03-05 19:51:58.774   617   661 I FireTVKeyPolicyManager: Dynamic key mapping key intercepted result 0
03-05 19:51:58.838   778  1057 W bt_btif : bta_hh_le_input_rpt_notify uuid=0x2a4d srv_handle=31 is_bl_svc_primary=1 rpt_id=1 len=8
03-05 19:51:58.839   617   661 I AmazonProfileService: Event is not filtered because it is not in filter key list.
03-05 19:51:58.839   617   661 I FireTVKeyPolicyManager: Dynamic key mapping has been enabled
03-05 19:51:58.839   617   661 I FireTVKeyPolicyManager: Dynamic key mapping key intercepted result 0
03-05 19:51:58.948   778  1057 W bt_btif : bta_hh_le_input_rpt_notify uuid=0x2a4d srv_handle=31 is_bl_svc_primary=1 rpt_id=1 len=8
03-05 19:51:58.949   617   661 I AmazonProfileService: Event is not filtered because it is not in filter key list.
03-05 19:51:58.949   617   661 I FireTVKeyPolicyManager: Dynamic key mapping has been enabled
03-05 19:51:58.950   617   661 I FireTVKeyPolicyManager: Dynamic key mapping key intercepted result 0
03-05 19:51:59.053   778  1057 W bt_btif : bta_hh_le_input_rpt_notify uuid=0x2a4d srv_handle=31 is_bl_svc_primary=1 rpt_id=1 len=8
03-05 19:51:59.054   617   661 I AmazonProfileService: Event is not filtered because it is not in filter key list.
03-05 19:51:59.054   617   661 I FireTVKeyPolicyManager: Dynamic key mapping has been enabled
03-05 19:51:59.054   617   661 I FireTVKeyPolicyManager: Dynamic key mapping key intercepted result 0
03-05 19:51:59.138   778  1057 W bt_btif : bta_hh_le_input_rpt_notify uuid=0x2a4d srv_handle=31 is_bl_svc_primary=1 rpt_id=1 len=8
03-05 19:51:59.139   617   661 I AmazonProfileService: Event is not filtered because it is not in filter key list.
03-05 19:51:59.139   617   661 I FireTVKeyPolicyManager: Dynamic key mapping has been enabled
03-05 19:51:59.139   617   661 I FireTVKeyPolicyManager: Dynamic key mapping key intercepted result 0
03-05 19:51:59.196   291  6882 I Node    : dolby-audio-meter, AdapterPcmSystem adapter audio meter: channel 0; audio level: 0.000
03-05 19:51:59.196   291  6882 I Node    : dolby-audio-meter, AdapterPcmSystem adapter audio meter: channel 1; audio level: 0.000
03-05 19:51:59.196   291  6882 I RendererNode: dolby-audio-meter, Renderer renderer audio meter: channel 0; audio level: 0.060
03-05 19:51:59.196   291  6882 I RendererNode: dolby-audio-meter, Renderer renderer audio meter: channel 1; audio level: 0.068
03-05 19:51:59.196   291  6882 I RendererNode: dolby-audio-meter, Renderer renderer audio meter: channel 2; audio level: 0.000
03-05 19:51:59.196   291  6882 I RendererNode: dolby-audio-meter, Renderer renderer audio meter: channel 3; audio level: 0.000
03-05 19:51:59.196   291  6882 I RendererNode: dolby-audio-meter, Renderer renderer audio meter: channel 4; audio level: 0.000
03-05 19:51:59.196   291  6882 I RendererNode: dolby-audio-meter, Renderer renderer audio meter: channel 5; audio level: 0.000
03-05 19:51:59.196   291  6882 I Node    : dolby-audio-meter, AdapterPcmOut adapter audio meter: channel 0; audio level: 0.000
03-05 19:51:59.196   291  6882 I Node    : dolby-audio-meter, AdapterPcmOut adapter audio meter: channel 1; audio level: 0.000
03-05 19:51:59.233   778  1057 W bt_btif : bta_hh_le_input_rpt_notify uuid=0x2a4d srv_handle=31 is_bl_svc_primary=1 rpt_id=1 len=8
03-05 19:51:59.234   617   661 I AmazonProfileService: Event is not filtered because it is not in filter key list.
03-05 19:51:59.234   617   661 I FireTVKeyPolicyManager: Dynamic key mapping has been enabled
03-05 19:51:59.234   617   661 I FireTVKeyPolicyManager: Dynamic key mapping key intercepted result 0
03-05 19:51:59.333   778  1057 W bt_btif : bta_hh_le_input_rpt_notify uuid=0x2a4d srv_handle=31 is_bl_svc_primary=1 rpt_id=1 len=8
03-05 19:51:59.334   617   661 I AmazonProfileService: Event is not filtered because it is not in filter key list.
03-05 19:51:59.334   617   661 I FireTVKeyPolicyManager: Dynamic key mapping has been enabled
03-05 19:51:59.334   617   661 I FireTVKeyPolicyManager: Dynamic key mapping key intercepted result 0
03-05 19:51:59.438   778  1057 W bt_btif : bta_hh_le_input_rpt_notify uuid=0x2a4d srv_handle=31 is_bl_svc_primary=1 rpt_id=1 len=8
03-05 19:51:59.438   617   661 I AmazonProfileService: Event is not filtered because it is not in filter key list.
03-05 19:51:59.439   617   661 I FireTVKeyPolicyManager: Dynamic key mapping has been enabled
03-05 19:51:59.439   617   661 I FireTVKeyPolicyManager: Dynamic key mapping key intercepted result 0
03-05 19:51:59.613   778  1057 W bt_btif : bta_hh_le_input_rpt_notify uuid=0x2a4d srv_handle=31 is_bl_svc_primary=1 rpt_id=1 len=8
03-05 19:51:59.614   617   661 I AmazonProfileService: Event is not filtered because it is not in filter key list.
03-05 19:51:59.614   617   661 I FireTVKeyPolicyManager: Dynamic key mapping has been enabled
03-05 19:51:59.614   617   661 I FireTVKeyPolicyManager: Dynamic key mapping key intercepted result 0
03-05 19:52:00.001  1444  2527 I whad    : Maintenance:sendStitches:groups=StableNonParticipants localStateHashes=MediaSession&bf21a9e8fbc5a3846fb05b4fa0859e0917b2202f localLastUpdated=MediaSession&254266175
03-05 19:52:00.014  1444 24036 I whad    : Device:sslCtxSetup:trusting certificate with serial=0x545253e5
03-05 19:52:00.018  1444 24037 I whad    : Device:sslCtxSetup:trusting certificate with serial=0x1ae82b5e
03-05 19:52:00.193   778  1057 W bt_btif : bta_hh_le_input_rpt_notify uuid=0x2a4d srv_handle=31 is_bl_svc_primary=1 rpt_id=1 len=8
03-05 19:52:00.194   617   661 I AmazonProfileService: Event is not filtered because it is not in filter key list.
03-05 19:52:00.194   617   661 I FireTVKeyPolicyManager: Dynamic key mapping has been enabled
03-05 19:52:00.194   617   661 I FireTVKeyPolicyManager: Dynamic key mapping key intercepted result 0
03-05 19:52:00.210 23669 23669 I chatty  : uid=10318(com.example.clickflix) expire 16 lines
03-05 19:52:00.278   778  1057 W bt_btif : bta_hh_le_input_rpt_notify uuid=0x2a4d srv_handle=31 is_bl_svc_primary=1 rpt_id=1 len=8
03-05 19:52:00.278   617   661 I AmazonProfileService: Event is not filtered because it is not in filter key list.
03-05 19:52:00.279   617   661 I FireTVKeyPolicyManager: Dynamic key mapping has been enabled
03-05 19:52:00.279   617   661 I FireTVKeyPolicyManager: Dynamic key mapping key intercepted result 0
03-05 19:52:00.358   778  1057 W bt_btif : bta_hh_le_input_rpt_notify uuid=0x2a4d srv_handle=31 is_bl_svc_primary=1 rpt_id=1 len=8
03-05 19:52:00.359   617   661 I AmazonProfileService: Event is not filtered because it is not in filter key list.
03-05 19:52:00.359   617   661 I FireTVKeyPolicyManager: Dynamic key mapping has been enabled
03-05 19:52:00.359   617   661 I FireTVKeyPolicyManager: Dynamic key mapping key intercepted result 0
03-05 19:52:00.458   778  1057 W bt_btif : bta_hh_le_input_rpt_notify uuid=0x2a4d srv_handle=31 is_bl_svc_primary=1 rpt_id=1 len=8
03-05 19:52:00.459   617   661 I AmazonProfileService: Event is not filtered because it is not in filter key list.
03-05 19:52:00.459   617   661 I FireTVKeyPolicyManager: Dynamic key mapping has been enabled
03-05 19:52:00.459   617   661 I FireTVKeyPolicyManager: Dynamic key mapping key intercepted result 0
03-05 19:52:01.634   778  1057 W bt_btif : bta_hh_le_input_rpt_notify uuid=0x2a4d srv_handle=31 is_bl_svc_primary=1 rpt_id=1 len=8
03-05 19:52:01.635   617   661 I AmazonProfileService: Event is not filtered because it is not in filter key list.
03-05 19:52:01.635   617   661 I FireTVKeyPolicyManager: Dynamic key mapping has been enabled
03-05 19:52:01.635   617   661 I FireTVKeyPolicyManager: Dynamic key mapping key intercepted result 0
03-05 19:52:01.738   778  1057 W bt_btif : bta_hh_le_input_rpt_notify uuid=0x2a4d srv_handle=31 is_bl_svc_primary=1 rpt_id=1 len=8
03-05 19:52:01.739   617   661 I AmazonProfileService: Event is not filtered because it is not in filter key list.
03-05 19:52:01.739   617   661 I FireTVKeyPolicyManager: Dynamic key mapping has been enabled
03-05 19:52:01.739   617   661 I FireTVKeyPolicyManager: Dynamic key mapping key intercepted result 0
03-05 19:52:01.753   778  1057 W bt_btif : bta_hh_le_input_rpt_notify uuid=0x2a19 srv_handle=27 is_bl_svc_primary=1 rpt_id=3 len=1
03-05 19:52:01.764  2847  2847 I ConnectivityCtrlService: handle intent action:com.amazon.device.action.BATTERY_LEVEL
03-05 19:52:01.764  2847  2882 I ConnectivityCtrlService: handleRemoteBatteryEvent...device address [xx:xx:41:xx:xx:5F],newLevel:[71]
03-05 19:52:01.765  2847  2882 E ConnectivityCtrlService: Ignoring  battery level as it is same as current battery level
03-05 19:52:01.772  2889  2926 I RdmService: handleIntent..action: com.amazon.device.action.BATTERY_LEVEL
03-05 19:52:01.772  2889  2926 E RdmService: Ignoring  battery level as it is same as current battery level
03-05 19:52:02.214   778  1057 W bt_btif : bta_hh_le_input_rpt_notify uuid=0x2a4d srv_handle=31 is_bl_svc_primary=1 rpt_id=1 len=8
03-05 19:52:02.215   617   661 I AmazonProfileService: Event is not filtered because it is not in filter key list.
03-05 19:52:02.215   617   661 I FireTVKeyPolicyManager: Dynamic key mapping has been enabled
03-05 19:52:02.215   617   661 I FireTVKeyPolicyManager: Dynamic key mapping key intercepted result 0
03-05 19:52:02.294   778  1057 W bt_btif : bta_hh_le_input_rpt_notify uuid=0x2a4d srv_handle=31 is_bl_svc_primary=1 rpt_id=1 len=8
03-05 19:52:02.295   617   661 I AmazonProfileService: Event is not filtered because it is not in filter key list.
03-05 19:52:02.295   617   661 I FireTVKeyPolicyManager: Dynamic key mapping has been enabled
03-05 19:52:02.295   617   661 I FireTVKeyPolicyManager: Dynamic key mapping key intercepted result 0
03-05 19:52:02.814   778  1057 W bt_btif : bta_hh_le_input_rpt_notify uuid=0x2a4d srv_handle=31 is_bl_svc_primary=1 rpt_id=1 len=8
03-05 19:52:02.815   617   661 I AmazonProfileService: Event is not filtered because it is not in filter key list.
03-05 19:52:02.815   617   661 I FireTVKeyPolicyManager: Dynamic key mapping has been enabled
03-05 19:52:02.815   617   661 I FireTVKeyPolicyManager: Dynamic key mapping key intercepted result 0
03-05 19:52:02.899   778  1057 W bt_btif : bta_hh_le_input_rpt_notify uuid=0x2a4d srv_handle=31 is_bl_svc_primary=1 rpt_id=1 len=8
03-05 19:52:02.899   617   661 I AmazonProfileService: Event is not filtered because it is not in filter key list.
03-05 19:52:02.900   617   661 I FireTVKeyPolicyManager: Dynamic key mapping has been enabled
03-05 19:52:02.900   617   661 I FireTVKeyPolicyManager: Dynamic key mapping key intercepted result 0
03-05 19:52:03.474   778  1057 W bt_btif : bta_hh_le_input_rpt_notify uuid=0x2a4d srv_handle=31 is_bl_svc_primary=1 rpt_id=1 len=8
03-05 19:52:03.475   617   661 I AmazonProfileService: Event is not filtered because it is not in filter key list.
03-05 19:52:03.475   617   661 I FireTVKeyPolicyManager: Dynamic key mapping has been enabled
03-05 19:52:03.475   617   661 I FireTVKeyPolicyManager: Dynamic key mapping key intercepted result 0
03-05 19:52:03.614   778  1057 W bt_btif : bta_hh_le_input_rpt_notify uuid=0x2a4d srv_handle=31 is_bl_svc_primary=1 rpt_id=1 len=8
03-05 19:52:03.615   617   661 I AmazonProfileService: Event is not filtered because it is not in filter key list.
03-05 19:52:03.615   617   661 I FireTVKeyPolicyManager: Dynamic key mapping has been enabled
03-05 19:52:03.615   617   661 I FireTVKeyPolicyManager: Dynamic key mapping key intercepted result 0
03-05 19:52:03.678   778  1057 W bt_btif : bta_hh_le_input_rpt_notify uuid=0x2a4d srv_handle=31 is_bl_svc_primary=1 rpt_id=1 len=8
03-05 19:52:03.679   617   661 I AmazonProfileService: Event is not filtered because it is not in filter key list.
03-05 19:52:03.679   617   661 I FireTVKeyPolicyManager: Dynamic key mapping has been enabled
03-05 19:52:03.679   617   661 I FireTVKeyPolicyManager: Dynamic key mapping key intercepted result 0
03-05 19:52:03.838   778  1057 W bt_btif : bta_hh_le_input_rpt_notify uuid=0x2a4d srv_handle=31 is_bl_svc_primary=1 rpt_id=1 len=8
03-05 19:52:03.839   617   661 I AmazonProfileService: Event is not filtered because it is not in filter key list.
03-05 19:52:03.839   617   661 I FireTVKeyPolicyManager: Dynamic key mapping has been enabled
03-05 19:52:03.839   617   661 I FireTVKeyPolicyManager: Dynamic key mapping key intercepted result 0
03-05 19:52:03.853   778  1057 W bt_btif : bta_hh_le_input_rpt_notify uuid=0x2a4d srv_handle=31 is_bl_svc_primary=1 rpt_id=1 len=8
03-05 19:52:03.854   617   661 I AmazonProfileService: Event is not filtered because it is not in filter key list.
03-05 19:52:03.854   617   661 I FireTVKeyPolicyManager: Dynamic key mapping has been enabled
03-05 19:52:03.854   617   661 I FireTVKeyPolicyManager: Dynamic key mapping key intercepted result 0
03-05 19:52:03.998   778  1057 W bt_btif : bta_hh_le_input_rpt_notify uuid=0x2a4d srv_handle=31 is_bl_svc_primary=1 rpt_id=1 len=8
03-05 19:52:03.999   617   661 I AmazonProfileService: Event is not filtered because it is not in filter key list.
03-05 19:52:03.999   617   661 I FireTVKeyPolicyManager: Dynamic key mapping has been enabled
03-05 19:52:03.999   617   661 I FireTVKeyPolicyManager: Dynamic key mapping key intercepted result 0
03-05 19:52:04.038   778  1057 W bt_btif : bta_hh_le_input_rpt_notify uuid=0x2a4d srv_handle=31 is_bl_svc_primary=1 rpt_id=1 len=8
03-05 19:52:04.039   617   661 I AmazonProfileService: Event is not filtered because it is not in filter key list.
03-05 19:52:04.039   617   661 I FireTVKeyPolicyManager: Dynamic key mapping has been enabled
03-05 19:52:04.039   617   661 I FireTVKeyPolicyManager: Dynamic key mapping key intercepted result 0
03-05 19:52:04.198   778  1057 W bt_btif : bta_hh_le_input_rpt_notify uuid=0x2a4d srv_handle=31 is_bl_svc_primary=1 rpt_id=1 len=8
03-05 19:52:04.199   617   661 I AmazonProfileService: Event is not filtered because it is not in filter key list.
03-05 19:52:04.199   617   661 I FireTVKeyPolicyManager: Dynamic key mapping has been enabled
03-05 19:52:04.199   617   661 I FireTVKeyPolicyManager: Dynamic key mapping key intercepted result 0
03-05 19:52:04.679   778  1057 W bt_btif : bta_hh_le_input_rpt_notify uuid=0x2a4d srv_handle=31 is_bl_svc_primary=1 rpt_id=1 len=8
03-05 19:52:04.679   617   661 I AmazonProfileService: Event is not filtered because it is not in filter key list.
03-05 19:52:04.680   617   661 I FireTVKeyPolicyManager: Dynamic key mapping has been enabled
03-05 19:52:04.680   617   661 I FireTVKeyPolicyManager: Dynamic key mapping key intercepted result 0
03-05 19:52:04.794   778  1057 W bt_btif : bta_hh_le_input_rpt_notify uuid=0x2a4d srv_handle=31 is_bl_svc_primary=1 rpt_id=1 len=8
03-05 19:52:04.794   617   661 I AmazonProfileService: Event is not filtered because it is not in filter key list.
03-05 19:52:04.794   617   661 I FireTVKeyPolicyManager: Dynamic key mapping has been enabled
03-05 19:52:04.795   617   661 I FireTVKeyPolicyManager: Dynamic key mapping key intercepted result 0
03-05 19:52:04.994   778  1057 W bt_btif : bta_hh_le_input_rpt_notify uuid=0x2a4d srv_handle=31 is_bl_svc_primary=1 rpt_id=1 len=8
03-05 19:52:04.995   617   661 I AmazonProfileService: Event is not filtered because it is not in filter key list.
03-05 19:52:04.995   617   661 I FireTVKeyPolicyManager: Dynamic key mapping has been enabled
03-05 19:52:04.995   617   661 I FireTVKeyPolicyManager: Dynamic key mapping key intercepted result 0
03-05 19:52:05.118   778  1057 W bt_btif : bta_hh_le_input_rpt_notify uuid=0x2a4d srv_handle=31 is_bl_svc_primary=1 rpt_id=1 len=8
03-05 19:52:05.119   617   661 I AmazonProfileService: Event is not filtered because it is not in filter key list.
03-05 19:52:05.119   617   661 I FireTVKeyPolicyManager: Dynamic key mapping has been enabled
03-05 19:52:05.119   617   661 I FireTVKeyPolicyManager: Dynamic key mapping key intercepted result 0
03-05 19:52:05.341   778  1057 W bt_btif : bta_hh_le_input_rpt_notify uuid=0x2a4d srv_handle=31 is_bl_svc_primary=1 rpt_id=1 len=8
03-05 19:52:05.343   617   661 I AmazonProfileService: Event is not filtered because it is not in filter key list.
03-05 19:52:05.343   617   661 I FireTVKeyPolicyManager: Dynamic key mapping has been enabled
03-05 19:52:05.343   617   661 I FireTVKeyPolicyManager: Dynamic key mapping key intercepted result 0
03-05 19:52:05.514   778  1057 W bt_btif : bta_hh_le_input_rpt_notify uuid=0x2a4d srv_handle=31 is_bl_svc_primary=1 rpt_id=1 len=8
03-05 19:52:05.515   617   661 I AmazonProfileService: Event is not filtered because it is not in filter key list.
03-05 19:52:05.515   617   661 I FireTVKeyPolicyManager: Dynamic key mapping has been enabled
03-05 19:52:05.515   617   661 I FireTVKeyPolicyManager: Dynamic key mapping key intercepted result 0
03-05 19:52:09.212   291  6882 I Node    : dolby-audio-meter, AdapterPcmSystem adapter audio meter: channel 0; audio level: 0.000
03-05 19:52:09.212   291  6882 I Node    : dolby-audio-meter, AdapterPcmSystem adapter audio meter: channel 1; audio level: 0.000
03-05 19:52:09.212   291  6882 I RendererNode: dolby-audio-meter, Renderer renderer audio meter: channel 0; audio level: 0.060
03-05 19:52:09.212   291  6882 I RendererNode: dolby-audio-meter, Renderer renderer audio meter: channel 1; audio level: 0.068
03-05 19:52:09.212   291  6882 I RendererNode: dolby-audio-meter, Renderer renderer audio meter: channel 2; audio level: 0.000
03-05 19:52:09.212   291  6882 I RendererNode: dolby-audio-meter, Renderer renderer audio meter: channel 3; audio level: 0.000
03-05 19:52:09.212   291  6882 I RendererNode: dolby-audio-meter, Renderer renderer audio meter: channel 4; audio level: 0.000
03-05 19:52:09.212   291  6882 I RendererNode: dolby-audio-meter, Renderer renderer audio meter: channel 5; audio level: 0.000
03-05 19:52:09.212   291  6882 I Node    : dolby-audio-meter, AdapterPcmOut adapter audio meter: channel 0; audio level: 0.000
03-05 19:52:09.212   291  6882 I Node    : dolby-audio-meter, AdapterPcmOut adapter audio meter: channel 1; audio level: 0.000
03-05 19:52:15.996   778  1057 W bt_btif : bta_hh_le_input_rpt_notify uuid=0x2a4d srv_handle=31 is_bl_svc_primary=1 rpt_id=1 len=8
03-05 19:52:15.998   617   661 I AmazonProfileService: Event is not filtered because it is not in filter key list.
03-05 19:52:15.998   617   661 I FireTVKeyPolicyManager: Dynamic key mapping has been enabled
03-05 19:52:15.998   617   661 I FireTVKeyPolicyManager: Dynamic key mapping key intercepted result 0
