03-05 19:52:03.999   617   661 I AmazonProfileService: Event is not filtered because it is not in filter key list.
03-05 19:52:04.039   617   661 I AmazonProfileService: Event is not filtered because it is not in filter key list.
03-05 19:52:04.199   617   661 I AmazonProfileService: Event is not filtered because it is not in filter key list.
03-05 19:52:04.679   617   661 I AmazonProfileService: Event is not filtered because it is not in filter key list.
03-05 19:52:04.794   617   661 I AmazonProfileService: Event is not filtered because it is not in filter key list.
03-05 19:52:04.995   617   661 I AmazonProfileService: Event is not filtered because it is not in filter key list.
03-05 19:52:05.119   617   661 I AmazonProfileService: Event is not filtered because it is not in filter key list.
03-05 19:52:05.343   617   661 I AmazonProfileService: Event is not filtered because it is not in filter key list.
03-05 19:52:05.515   617   661 I AmazonProfileService: Event is not filtered because it is not in filter key list.
03-05 19:52:15.998   617   661 I AmazonProfileService: Event is not filtered because it is not in filter key list.
03-05 19:52:16.140   617   661 I AmazonProfileService: Event is not filtered because it is not in filter key list.
03-05 19:52:16.820   617   661 I AmazonProfileService: Event is not filtered because it is not in filter key list.
03-05 19:52:16.919   617   661 I AmazonProfileService: Event is not filtered because it is not in filter key list.
03-05 19:52:17.076   617   661 I AmazonProfileService: Event is not filtered because it is not in filter key list.
03-05 19:52:17.175   617   661 I AmazonProfileService: Event is not filtered because it is not in filter key list.
03-05 19:52:17.475   617   661 I AmazonProfileService: Event is not filtered because it is not in filter key list.
03-05 19:52:17.539   617   661 I AmazonProfileService: Event is not filtered because it is not in filter key list.
03-05 19:52:17.675   617   661 I AmazonProfileService: Event is not filtered because it is not in filter key list.
03-05 19:52:17.755   617   661 I AmazonProfileService: Event is not filtered because it is not in filter key list.
03-05 19:52:17.840   617   661 I AmazonProfileService: Event is not filtered because it is not in filter key list.
03-05 19:52:18.000   617   661 I AmazonProfileService: Event is not filtered because it is not in filter key list.
03-05 19:52:18.079   617   661 I AmazonProfileService: Event is not filtered because it is not in filter key list.
03-05 19:52:18.239   617   661 I AmazonProfileService: Event is not filtered because it is not in filter key list.
03-05 19:52:20.018   617   661 I AmazonProfileService: Event is not filtered because it is not in filter key list.
03-05 19:52:20.119   617   661 I AmazonProfileService: Event is not filtered because it is not in filter key list.
03-05 19:52:20.840   617   661 I AmazonProfileService: Event is not filtered because it is not in filter key list.
03-05 19:52:20.996   617   661 I AmazonProfileService: Event is not filtered because it is not in filter key list.
03-05 19:52:21.440   617   661 I AmazonProfileService: Event is not filtered because it is not in filter key list.
03-05 19:52:21.615   617   661 I AmazonProfileService: Event is not filtered because it is not in filter key list.
03-05 19:52:23.435   617   661 I AmazonProfileService: Event not filtered. KPM proceeds the key
03-05 19:52:23.519   617   661 I AmazonProfileService: Event not filtered. KPM proceeds the key
03-05 19:52:24.576   617   661 I AmazonProfileService: Event is not filtered because it is not in filter key list.
03-05 19:52:24.676   617   661 I AmazonProfileService: Event is not filtered because it is not in filter key list.
03-05 19:52:38.719   617   634 I AmazonDropBoxManagerService: Either there is noLog.crash files or all files are corrupted
03-05 19:52:39.464   617   634 W AmazonDropBoxManagerService: Either log duration is null or calculated wrong dropbox age due to wrong time in device.
03-05 19:53:10.458   617   661 I AmazonProfileService: Event not filtered. KPM proceeds the key
03-05 19:53:10.618   617   661 I AmazonProfileService: Event not filtered. KPM proceeds the key
03-05 19:53:11.598   617   661 I AmazonProfileService: Event is not filtered because it is not in filter key list.
03-05 19:53:11.742   617   661 I AmazonProfileService: Event is not filtered because it is not in filter key list.
03-05 19:53:12.474   617   661 I AmazonProfileService: Event is not filtered because it is not in filter key list.
03-05 19:53:12.618   617   661 I AmazonProfileService: Event is not filtered because it is not in filter key list.
03-05 19:53:12.963   617   661 I AmazonProfileService: Event is not filtered because it is not in filter key list.
03-05 19:53:13.097   617   661 I AmazonProfileService: Event is not filtered because it is not in filter key list.
03-05 19:53:16.082   617   661 I AmazonProfileService: Event is not filtered because it is not in filter key list.
03-05 19:53:16.242   617   661 I AmazonProfileService: Event is not filtered because it is not in filter key list.
03-05 19:53:16.618   617   661 I AmazonProfileService: Event is not filtered because it is not in filter key list.
03-05 19:53:16.758   617   661 I AmazonProfileService: Event is not filtered because it is not in filter key list.
03-05 19:53:16.842   617   661 I AmazonProfileService: Event is not filtered because it is not in filter key list.
03-05 19:53:16.998   617   661 I AmazonProfileService: Event is not filtered because it is not in filter key list.
03-05 19:53:17.243   617   661 I AmazonProfileService: Event is not filtered because it is not in filter key list.
03-05 19:53:17.418   617   661 I AmazonProfileService: Event is not filtered because it is not in filter key list.
03-05 19:53:17.679   617   661 I AmazonProfileService: Event is not filtered because it is not in filter key list.
03-05 19:53:17.822   617   661 I AmazonProfileService: Event is not filtered because it is not in filter key list.
03-05 19:53:24.019   617   661 I AmazonProfileService: Event is not filtered because it is not in filter key list.
03-05 19:53:24.142   617   661 I AmazonProfileService: Event is not filtered because it is not in filter key list.
03-05 19:53:24.538   617   661 I AmazonProfileService: Event is not filtered because it is not in filter key list.
03-05 19:53:24.662   617   661 I AmazonProfileService: Event is not filtered because it is not in filter key list.
03-05 19:53:24.703   617   661 I AmazonProfileService: Event is not filtered because it is not in filter key list.
03-05 19:53:24.818   617   661 I AmazonProfileService: Event is not filtered because it is not in filter key list.
03-05 19:53:24.958   617   661 I AmazonProfileService: Event is not filtered because it is not in filter key list.
03-05 19:53:25.052   617   661 I AmazonProfileService: Event is not filtered because it is not in filter key list.
03-05 19:53:26.119   617   661 I AmazonProfileService: Event is not filtered because it is not in filter key list.
03-05 19:53:26.282   617   661 I AmazonProfileService: Event is not filtered because it is not in filter key list.
03-05 19:53:30.386   617 16914 I ActivityManager: Process com.amazon.avod (pid 22187) has died
03-05 19:53:30.443   617  1257 I ActivityManager: Process tv.pluto.android (pid 22949) has died
03-05 19:53:30.455   617  5010 E AmazonHdmiService: Settings client binder died.
03-05 19:53:30.461   617   677 E ConnectivityService: RemoteException caught trying to send a callback msg for NetworkRequest [ TRACK_DEFAULT id=961, [ Capabilities: INTERNET&NOT_RESTRICTED&TRUSTED&NOT_VPN] ]
03-05 19:53:30.489   617   627 I ActivityManager: Process com.amazon.venezia (pid 21462) has died
03-05 19:53:43.764   617   661 I AmazonProfileService: Event is not filtered because it is not in filter key list.
03-05 19:53:43.903   617   661 I AmazonProfileService: Event is not filtered because it is not in filter key list.
03-05 19:53:45.332   617  1334 E AmazonHdmiService: Settings client binder died.
03-05 19:53:52.725   617   661 I AmazonProfileService: Event is not filtered because it is not in filter key list.
03-05 19:53:52.924   617   661 I AmazonProfileService: Event is not filtered because it is not in filter key list.
03-05 19:53:53.255   617   866 I ActivityManager: Process com.amazon.bueller.photos (pid 23359) has died
03-05 19:53:53.267   617  1186 I ActivityManager: Process com.amazon.tv.settings.v2 (pid 21116) has died
03-05 19:53:53.270   617  1257 I ActivityManager: Process com.amazon.aca (pid 23707) has died
03-05 19:53:53.290   617 16914 I ActivityManager: Process com.amazon.ceviche (pid 20957) has died
03-05 19:53:53.375   617   617 W ActivityManager: Slow operation: 52ms so far, now at startProcess: returned from zygote!
03-05 19:53:53.376   617   617 W ActivityManager: Slow operation: 52ms so far, now at startProcess: done updating battery stats
03-05 19:53:53.376   617   617 W ActivityManager: Slow operation: 53ms so far, now at startProcess: building log message
03-05 19:53:53.376   617   617 I ActivityManager: Start proc 24859:com.amazon.bueller.photos/u0a76 for service com.amazon.bueller.photos/com.amazon.gallery.thor.config.control.RemoteConfigurationJob
03-05 19:53:53.376   617   617 W ActivityManager: Slow operation: 53ms so far, now at startProcess: starting to update pids map
03-05 19:53:53.376   617   617 W ActivityManager: Slow operation: 53ms so far, now at startProcess: done updating pids map
03-05 19:53:53.376   617   617 W ActivityManager: Slow operation: 55ms so far, now at startProcess: done starting proc!
03-05 19:53:54.880   617   661 I AmazonProfileService: Event is not filtered because it is not in filter key list.
03-05 19:53:55.004   617   661 I AmazonProfileService: Event is not filtered because it is not in filter key list.
03-05 19:53:55.616   617   661 I AmazonProfileService: Event is not filtered because it is not in filter key list.
03-05 19:53:55.760   617   661 I AmazonProfileService: Event is not filtered because it is not in filter key list.
03-05 19:53:59.763   617  1186 I ActivityManager: Process com.amazon.adep (pid 21449) has died
03-05 19:54:02.455   617   617 E JobServiceContext: Time-out while trying to bind a8b249d #u0a76/5235 com.amazon.bueller.photos/com.amazon.gallery.thor.config.control.RemoteConfigurationJob, dropping.
03-05 19:54:17.665   617   661 I AmazonProfileService: Event is not filtered because it is not in filter key list.
03-05 19:54:17.825   617   661 I AmazonProfileService: Event is not filtered because it is not in filter key list.
03-05 19:54:18.365   617   661 I AmazonProfileService: Event not filtered. KPM proceeds the key
03-05 19:54:18.506   617   661 I AmazonProfileService: Event not filtered. KPM proceeds the key
03-05 19:54:22.341   617   661 I AmazonProfileService: Event is not filtered because it is not in filter key list.
03-05 19:54:22.485   617   661 I AmazonProfileService: Event is not filtered because it is not in filter key list.
03-05 19:54:23.434   617   630 I ActivityManager: Waited long enough for: ServiceRecord{45f1cc8 u0 com.amazon.diode/.events.EventSaverService}
03-05 19:54:23.439   617   617 E JobServiceContext: Time-out while trying to bind 2495aa6 #u0a135/45 com.amazon.tv.csapp/.services.RCMPeriodicSyncService, dropping.
03-05 19:54:23.468   617   629 W ProcessCpuTracker: Skipping unknown process pid 24867
03-05 19:54:23.468   617   629 W ProcessCpuTracker: Skipping unknown process pid 24868
03-05 19:54:24.185   617   630 W ActivityManager: Timeout executing service: ServiceRecord{1f46161 u0 com.amazon.bueller.photos/com.amazon.gallery.thor.config.control.RemoteConfigurationJob}
03-05 19:54:24.207   617  1258 I ActivityManager: Process com.amazon.prism.android.service:remote (pid 21257) has died
03-05 19:54:26.161   617   661 I AmazonProfileService: Event is not filtered because it is not in filter key list.
03-05 19:54:26.345   617   661 I AmazonProfileService: Event is not filtered because it is not in filter key list.
03-05 19:54:26.605   617   661 I AmazonProfileService: Event is not filtered because it is not in filter key list.
03-05 19:54:26.761   617   661 I AmazonProfileService: Event is not filtered because it is not in filter key list.
03-05 19:54:26.945   617   661 I AmazonProfileService: Event is not filtered because it is not in filter key list.
03-05 19:54:27.101   617   661 I AmazonProfileService: Event is not filtered because it is not in filter key list.
03-05 19:54:27.725   617   661 I AmazonProfileService: Event is not filtered because it is not in filter key list.
03-05 19:54:27.925   617   661 I AmazonProfileService: Event is not filtered because it is not in filter key list.
03-05 19:54:28.506   617   661 I AmazonProfileService: Event is not filtered because it is not in filter key list.
03-05 19:54:28.701   617   661 I AmazonProfileService: Event is not filtered because it is not in filter key list.
03-05 19:54:28.906   617   661 I AmazonProfileService: Event is not filtered because it is not in filter key list.
03-05 19:54:29.046   617   661 I AmazonProfileService: Event is not filtered because it is not in filter key list.
03-05 19:54:30.162   617   661 I AmazonProfileService: Event is not filtered because it is not in filter key list.
03-05 19:54:30.321   617   661 I AmazonProfileService: Event is not filtered because it is not in filter key list.
03-05 19:54:30.421   617   661 I AmazonProfileService: Event is not filtered because it is not in filter key list.
03-05 19:54:30.566   617   661 I AmazonProfileService: Event is not filtered because it is not in filter key list.
03-05 19:54:31.357   617   660 I WindowManager: Input event dispatching timed out sending to com.example.clickflix/com.example.clickflix.MainActivity.  Reason: Waiting to send key event because the focused window has not finished processing all of the input events that were previously delivered to it.  Outbound queue length: 0.  Wait queue length: 1.
03-05 19:54:31.861   617   661 I AmazonProfileService: Event not filtered. KPM proceeds the key
03-05 19:54:32.021   617   661 I AmazonProfileService: Event not filtered. KPM proceeds the key
03-05 19:55:54.038   617   939 E TimeDeltaAnrList: addTraceStartTime: failed to find PID for trace start time, PID: 617
03-05 19:55:54.127   617   677 E ConnectivityService: RemoteException caught trying to send a callback msg for NetworkRequest [ LISTEN id=962, [ Capabilities: NOT_RESTRICTED&TRUSTED&NOT_VPN] ]
03-05 19:55:54.298   617   617 W ActivityManager: Slow operation: 85071ms so far, now at startProcess: returned from zygote!
03-05 19:55:54.298   617   617 W ActivityManager: Slow operation: 85071ms so far, now at startProcess: done updating battery stats
03-05 19:55:54.299   617   617 W ActivityManager: Slow operation: 85071ms so far, now at startProcess: building log message
03-05 19:55:54.299   617   617 I ActivityManager: Start proc 24998:com.amazon.venezia/u0a155 for service com.amazon.venezia/com.amazon.juggler.settings.sync.SyncToDeviceJob
03-05 19:55:54.299   617   617 W ActivityManager: Slow operation: 85071ms so far, now at startProcess: starting to update pids map
03-05 19:55:54.299   617   617 W ActivityManager: Slow operation: 85072ms so far, now at startProcess: done updating pids map
03-05 19:55:54.299   617   617 W ActivityManager: Slow operation: 85074ms so far, now at startProcess: done starting proc!
03-05 19:55:54.330   617   630 W ProcessCpuTracker: Skipping unknown process pid 24937
03-05 19:55:54.331   617   630 W ProcessCpuTracker: Skipping unknown process pid 24938
03-05 19:55:54.332   617   630 W ProcessCpuTracker: Skipping unknown process pid 24939
03-05 19:55:54.342   617   617 W ActivityManager: Application dead when creating service ServiceRecord{c8764d1 u0 com.amazon.tv.csapp/.services.RCMPeriodicSyncService}
03-05 19:55:54.342   617   617 I ActivityManager: Process com.amazon.tv.csapp (pid 23456) has died
03-05 19:55:54.352   617   617 W ActivityManager: Scheduling restart of crashed service com.amazon.tv.csapp/.services.RCMPeriodicSyncService in 2000ms
03-05 19:55:54.435   617   617 W ActivityManager: Exception when starting service com.amazon.tv.csapp/.services.RCMPeriodicSyncService
03-05 19:55:54.435   617   617 W ActivityManager: android.os.DeadObjectException
03-05 19:55:54.435   617   617 W ActivityManager: 	at android.os.BinderProxy.transactNative(Native Method)
03-05 19:55:54.435   617   617 W ActivityManager: 	at android.os.BinderProxy.transact(Binder.java:617)
03-05 19:55:54.435   617   617 W ActivityManager: 	at android.app.ApplicationThreadProxy.scheduleCreateService(ApplicationThreadNative.java:988)
03-05 19:55:54.435   617   617 W ActivityManager: 	at com.android.server.am.ActiveServices.realStartServiceLocked(ActiveServices.java:1890)
03-05 19:55:54.435   617   617 W ActivityManager: 	at com.android.server.am.ActiveServices.bringUpServiceLocked(ActiveServices.java:1777)
03-05 19:55:54.435   617   617 W ActivityManager: 	at com.android.server.am.ActiveServices.bindServiceLocked(ActiveServices.java:1058)
03-05 19:55:54.435   617   617 W ActivityManager: 	at com.android.server.am.ActivityManagerService.bindService(ActivityManagerService.java:17693)
03-05 19:55:54.435   617   617 W ActivityManager: 	at android.app.ContextImpl.bindServiceCommon(ContextImpl.java:1492)
03-05 19:55:54.435   617   617 W ActivityManager: 	at android.app.ContextImpl.bindServiceAsUser(ContextImpl.java:1459)
03-05 19:55:54.435   617   617 W ActivityManager: 	at com.android.server.job.JobServiceContext.executeRunnableJob(JobServiceContext.java:195)
03-05 19:55:54.435   617   617 W ActivityManager: 	at com.android.server.job.JobSchedulerService.assignJobsToContextsLocked(JobSchedulerService.java:1527)
03-05 19:55:54.435   617   617 W ActivityManager: 	at com.android.server.job.JobSchedulerService.-wrap3(JobSchedulerService.java)
03-05 19:55:54.435   617   617 W ActivityManager: 	at com.android.server.job.JobSchedulerService$JobHandler.maybeRunPendingJobsH(JobSchedulerService.java:1358)
03-05 19:55:54.435   617   617 W ActivityManager: 	at com.android.server.job.JobSchedulerService$JobHandler.handleMessage(JobSchedulerService.java:1144)
03-05 19:55:54.435   617   617 W ActivityManager: 	at android.os.Handler.dispatchMessage(Handler.java:102)
03-05 19:55:54.435   617   617 W ActivityManager: 	at android.os.Looper.loop(Looper.java:154)
03-05 19:55:54.435   617   617 W ActivityManager: 	at com.android.server.SystemServer.run(SystemServer.java:367)
03-05 19:55:54.435   617   617 W ActivityManager: 	at com.android.server.SystemServer.main(SystemServer.java:234)
03-05 19:55:54.435   617   617 W ActivityManager: 	at java.lang.reflect.Method.invoke(Native Method)
03-05 19:55:54.435   617   617 W ActivityManager: 	at com.android.internal.os.ZygoteInit$MethodAndArgsCaller.run(ZygoteInit.java:911)
03-05 19:55:54.435   617   617 W ActivityManager: 	at com.android.internal.os.ZygoteInit.main(ZygoteInit.java:801)
03-05 19:55:54.438   617  6124 W ActivityManager: Spurious death for ProcessRecord{1f9fd3b 0:com.amazon.tv.csapp/u0a135}, curProc for 23456: null
03-05 19:55:54.438   617  1258 I ActivityManager: Process com.android.providers.downloads (pid 22044) has died
03-05 19:55:54.441   617  7558 I ActivityManager: Process com.amazon.alexa.externalmediaplayer.fireos (pid 21055) has died
03-05 19:55:54.442   617  7558 W ActivityManager: Scheduling restart of crashed service com.amazon.alexa.externalmediaplayer.fireos/com.amazon.alexa.externalmediaplayeragent.ExternalMediaPlayerAgentService in 11910ms
03-05 19:55:54.447   617  1257 I ActivityManager: Process com.amazon.diode (pid 23321) has died
03-05 19:55:54.534   617   939 E TimeDeltaAnrList: endTimeDelta: failed to find PID for end time, PID: 617
03-05 19:55:54.542   617   630 E TimeDeltaAnrList: addTraceStartTime: failed to find PID for trace start time, PID: 24859
03-05 19:55:55.614   617   627 I ActivityManager: Process android.process.acore (pid 22669) has died
03-05 19:55:56.543   617   630 E TimeDeltaAnrList: endTimeDelta: failed to find PID for end time, PID: 24859
03-05 19:55:56.782   617   627 I ActivityManager: Process com.amazon.device.lowstoragemanager (pid 23267) has died
03-05 19:55:57.072   617   628 I ActivityManager: Process com.android.providers.tv (pid 23436) has died
03-05 19:55:57.146   617   630 E ActivityManager: ANR in com.amazon.bueller.photos
03-05 19:55:57.146   617   630 E ActivityManager: PID: 24859
03-05 19:55:57.146   617   630 E ActivityManager: Reason: executing service com.amazon.bueller.photos/com.amazon.gallery.thor.config.control.RemoteConfigurationJob, reason = destroy, delay = 21741, started = 255317463, cmdCount = 4, fgService = true, fgProc = true
03-05 19:55:57.146   617   630 E ActivityManager: Load: 0.0 / 0.0 / 0.0
03-05 19:55:57.146   617   630 E ActivityManager: CPU usage from 0ms to 92331ms later (2026-03-05 19:54:24.212 to 2026-03-05 19:55:56.543):
03-05 19:55:57.146   617   630 E ActivityManager:   4.4% 56/kswapd0: 0% user + 4.4% kernel
03-05 19:55:57.146   617   630 E ActivityManager:   106% 23669/com.example.clickflix: 73% user + 32% kernel / faults: 37279 minor 4643 major
03-05 19:55:57.146   617   630 E ActivityManager:   43% 21003/com.amazon.tv.launcher: 9.9% user + 33% kernel / faults: 3050 minor 1240 major
03-05 19:55:57.146   617   630 E ActivityManager:   0.5% 151/mmcqd/0: 0% user + 0.5% kernel
03-05 19:55:57.146   617   630 E ActivityManager:   19% 617/system_server: 9.9% user + 9.1% kernel / faults: 3019 minor 267 major
03-05 19:55:57.146   617   630 E ActivityManager:   0.4% 26/ksmd: 0% user + 0.4% kernel
03-05 19:55:57.146   617   630 E ActivityManager:   8.3% 23919/kworker/u8:1: 0% user + 8.3% kernel
03-05 19:55:57.146   617   630 E ActivityManager:   8.3% 24859/com.amazon.bueller.photos: 6.4% user + 1.9% kernel / faults: 2681 minor 220 major
03-05 19:55:57.146   617   630 E ActivityManager:   0.2% 99/hdmi_timer_kthr: 0% user + 0.2% kernel
03-05 19:55:57.146   617   630 E ActivityManager:   4.9% 188/jbd2/mmcblk0p13: 0% user + 4.9% kernel
03-05 19:55:57.146   617   630 E ActivityManager:   4.1% 301/netd: 1.1% user + 3% kernel / faults: 238 minor
03-05 19:55:57.146   617   630 E ActivityManager:   3.7% 196/logd: 0% user + 3.7% kernel / faults: 34 minor 4 major
03-05 19:55:57.146   617   630 E ActivityManager:   3.8% 18420/kworker/u8:4: 0% user + 3.8% kernel
03-05 19:55:57.146   617   630 E ActivityManager:   0% 134/disp_osd2_irq_k: 0% user + 0% kernel
03-05 19:55:57.146   617   630 E ActivityManager:   0% 133/disp_osd1_irq_k: 0% user + 0% kernel
03-05 19:55:57.146   617   630 E ActivityManager:   3% 291/audioserver: 0% user + 3% kernel / faults: 62 minor 1 major
03-05 19:55:57.146   617   630 E ActivityManager:   3% 1444/com.amazon.whad: 0% user + 3% kernel / faults: 1346 minor 20 major
03-05 19:55:57.146   617   630 E ActivityManager:   2.2% 816/hif_thread: 0% user + 2.2% kernel
03-05 19:55:57.146   617   630 E ActivityManager:   2.2% 817/rx_thread: 0% user + 2.2% kernel
03-05 19:55:57.146   617   630 E ActivityManager:   0% 7/rcu_preempt: 0% user + 0% kernel
03-05 19:55:57.146   617   630 E ActivityManager:   0% 139/disp_dovi_vsync: 0% user + 0% kernel
03-05 19:55:57.146   617   630 E ActivityManager:   1.8% 218/ksdioirqd/mmc1: 0% user + 1.8% kernel
03-05 19:55:57.146   617   630 E ActivityManager:   0% 100/cec_timer_kthre: 0% user + 0% kernel
03-05 19:55:57.146   617   630 E ActivityManager:   1.5% 815/main_thread: 0% user + 1.5% kernel
03-05 19:55:57.146   617   630 E ActivityManager:   1.5% 1395/com.amazon.vizzini: 0% user + 1.5% kernel / faults: 1595 minor 36 major
03-05 19:55:57.146   617   630 E ActivityManager:   1.5% 6643/kworker/u8:5: 0% user + 1.5% kernel
03-05 19:55:57.146   617   630 E ActivityManager:   1.5% 23933/kworker/u8:3: 0% user + 1.5% kernel
03-05 19:55:57.146   617   630 E ActivityManager:   0% 126/pvr_defer_free: 0% user + 0% kernel
03-05 19:55:57.146   617   630 E ActivityManager:   0% 137/video_disp0: 0% user + 0% kernel
03-05 19:55:57.146   617   630 E ActivityManager:   1.1% 260/adbd: 0.3% user + 0.7% kernel / faults: 45 minor 6 major
03-05 19:55:57.146   617   630 E ActivityManager:   1.1% 14643/kworker/u8:2: 0% user + 1.1% kernel
03-05 19:55:57.146   617   630 E ActivityManager:   1.1% 23934/kworker/u8:7: 0% user + 1.1% kernel
03-05 19:55:57.146   617   630 E ActivityManager:   0% 20/ksoftirqd/3: 0% user + 0% kernel
03-05 19:55:57.146   617   630 E ActivityManager:   0% 96/hps_main: 0% user + 0% kernel
03-05 19:55:57.146   617   630 E ActivityManager:   0% 138/video_disp1: 0% user + 0% kernel
03-05 19:55:57.146   617   630 E ActivityManager:   0% 163/kworker/1:1H: 0% user + 0% kernel
03-05 19:55:57.146   617   630 E ActivityManager:   0.7% 288/perfmonitord: 0.3% user + 0.3% kernel
03-05 19:55:57.146   617   630 E ActivityManager:   0% 12/ksoftirqd/1: 0% user + 0% kernel
03-05 19:55:57.146   617   630 E ActivityManager:   0% 86/hwrng: 0% user + 0% kernel
03-05 19:55:57.146   617   630 E ActivityManager:   0% 118/irq/109-sdio-ei: 0% user + 0% kernel
03-05 19:55:57.146   617   630 E ActivityManager:   0% 161/kworker/3:1H: 0% user + 0% kernel
03-05 19:55:57.146   617   630 E ActivityManager:   0.3% 244/surfaceflinger: 0% user + 0.3% kernel / faults: 14704 minor 10 major
03-05 19:55:57.146   617   630 E ActivityManager:   0% 251/servicemanager: 0% user + 0% kernel / faults: 1 minor
03-05 19:55:57.146   617   630 E ActivityManager:   0.3% 778/com.android.bluetooth: 0.3% user + 0% kernel / faults: 5 minor
03-05 19:55:57.146   617   630 E ActivityManager:   0% 892/com.amazon.imp: 0% user + 0% kernel / faults: 778 minor 11 major
03-05 19:55:57.146   617   630 E ActivityManager:   0.3% 1214/com.amazon.client.metrics: 0.3% user + 0% kernel / faults: 318 minor 2 major
03-05 19:55:57.146   617   630 E ActivityManager:   0.3% 1427/com.amazon.tv.devicecontrol: 0.3% user + 0% kernel / faults: 1 minor
03-05 19:55:57.146   617   630 E ActivityManager:   0% 3159/com.amazon.alexamediaplayer.runtime.ftv: 0% user + 0% kernel / faults: 84 minor 4 major
03-05 19:55:57.146   617   630 E ActivityManager:   0% 18562/kworker/u8:6: 0% user + 0% kernel
03-05 19:55:57.146   617   630 E ActivityManager:   0% 23490/kworker/2:2: 0% user + 0% kernel
03-05 19:55:57.146   617   630 E ActivityManager:   0.3% 24896/kworker/3:2: 0.3% user + 0% kernel
03-05 19:55:57.146   617   630 E ActivityManager:  +0% 24994/kworker/u8:8: 0% user + 0% kernel
03-05 19:55:57.146   617   630 E ActivityManager:  +0% 24998/com.amazon.venezia: 0% user + 0% kernel
03-05 19:55:57.146   617   630 E ActivityManager:  +0% 25056/sh: 0% user + 0% kernel
03-05 19:55:57.146   617   630 E ActivityManager:  +0% 25066/sh: 0% user + 0% kernel
03-05 19:55:57.146   617   630 E ActivityManager: 79% TOTAL: 2.1% user + 62% kernel + 15% iowait + 0% softirq
03-05 19:55:57.146   617   630 E ActivityManager: CPU usage from 255317470ms to 255317470ms ago (1969-12-31 21:00:00.000 to 1969-12-31 21:00:00.000) with 0% awake:
03-05 19:55:57.146   617   630 E ActivityManager: 0% TOTAL: 0% user + 0% kernel
03-05 19:55:57.147   617   630 E TimeDeltaAnrList: getTimeDelta: failed to find timeDelta entry, PID: 24859
03-05 19:55:57.170   617   630 I ActivityManager: Killing 24859:com.amazon.bueller.photos/u0a76 (adj 0): bg anr
03-05 19:55:57.996   617   627 I ActivityManager: Process com.amazon.ftv.xpicker (pid 21280) has died
03-05 19:55:57.997   617   627 W ActivityManager: Scheduling restart of crashed service com.amazon.ftv.xpicker/.service.XPickerFeatureService in 103532ms
03-05 19:55:58.022   617   627 I ActivityManager: Process com.amazon.tv.alexaalerts (pid 21307) has died
03-05 19:55:58.023   617   627 W ActivityManager: Scheduling restart of crashed service com.amazon.tv.alexaalerts/amazon.alexa.alerts.service.AlarmService in 183368ms
03-05 19:56:05.597   617   627 I ActivityManager: Process com.amazon.client.metrics (pid 1214) has died
03-05 19:56:05.598   617   627 W ActivityManager: Scheduling restart of crashed service com.amazon.client.metrics/.AndroidMetricsServiceAdapter in 16000ms
03-05 19:56:05.598   617   627 W ActivityManager: Scheduling restart of crashed service com.amazon.client.metrics/.minerva.MinervaService in 26000ms
03-05 19:56:05.962   617   627 I ActivityManager: Process com.amazon.tv.ime (pid 21593) has died
03-05 19:56:05.963   617   627 W ActivityManager: Scheduling restart of crashed service com.amazon.tv.ime/.FireTVIME in 35635ms
03-05 19:56:05.992   617   627 I ActivityManager: Process com.amazon.alexamediaplayer.runtime.ftv (pid 3159) has died
03-05 19:56:05.994   617   627 W ActivityManager: Scheduling restart of crashed service com.amazon.alexamediaplayer.runtime.ftv/com.amazon.alexamediaplayer.runtime.NowPlayingService in 45604ms
03-05 19:56:06.003   617   627 I ActivityManager: Process com.amazon.connectivitycontroller (pid 2847) has died
03-05 19:56:06.007   617   627 W ActivityManager: Scheduling restart of crashed service com.amazon.connectivitycontroller/.service.ConnectivityControllerService in 45592ms
03-05 19:56:06.027   617   677 E ConnectivityService: RemoteException caught trying to send a callback msg for NetworkRequest [ TRACK_DEFAULT id=953, [ Capabilities: INTERNET&NOT_RESTRICTED&TRUSTED&NOT_VPN] ]
03-05 19:56:06.028   617   677 E ConnectivityService: RemoteException caught trying to send a callback msg for NetworkRequest [ TRACK_DEFAULT id=954, [ Capabilities: INTERNET&NOT_RESTRICTED&TRUSTED&NOT_VPN] ]
03-05 19:56:06.029   617   903 I AmazonInputManagerService: cleaning up because process died
03-05 19:56:06.030   617   866 I ActivityManager: Process com.amazon.whisperlink.core.android (pid 21242) has died
03-05 19:56:06.031   617   866 W ActivityManager: Scheduling restart of crashed service com.amazon.whisperlink.core.android/.WhisperLinkCoreService in 55567ms
03-05 19:56:06.223   617   628 I ActivityManager: Process com.amazon.device.blepa (pid 7637) has died
03-05 19:56:06.224   617   628 W ActivityManager: Scheduling restart of crashed service com.amazon.device.blepa/.BlePAService in 65374ms
03-05 19:56:06.393   617   807 I ActivityManager: Process com.amazon.device.rdmapplication (pid 2889) has died
03-05 19:56:06.394   617   807 W ActivityManager: Scheduling restart of crashed service com.amazon.device.rdmapplication/.services.RdmService in 65204ms
03-05 19:56:06.396   617   677 E ConnectivityService: RemoteException caught trying to send a callback msg for NetworkRequest [ LISTEN id=15, [ Capabilities: NOT_RESTRICTED&TRUSTED&NOT_VPN&FOREGROUND] ]
03-05 19:56:06.644   617  1330 E WifiService: Multicaster binderDied
03-05 19:56:06.645   617  1190 I ActivityManager: Process com.amazon.whisperjoin.middleware.np (pid 21290) has died
03-05 19:56:06.646   617  1190 W ActivityManager: Scheduling restart of crashed service com.amazon.whisperjoin.middleware.np/com.amazon.whisperjoin.deviceprovisioningservice.service.FFSBackgroundProvisioningServiceBinder in 74952ms
03-05 19:56:06.646   617  1190 W ActivityManager: Scheduling restart of crashed service com.amazon.whisperjoin.middleware.np/com.amazon.whisperjoin.middleware.services.MiddlewareService in 143516ms
03-05 19:56:07.869   617 16839 I WindowManager: WIN DEATH: Window{7e66cf0 u0 com.amazon.tv.launcher/com.amazon.tv.launcher.ui.HomeActivity_vNext}
03-05 19:56:07.872   617 31838 E AmazonHdmiService: Settings client binder died.
03-05 19:56:07.875   617  1258 I ActivityManager: Process com.android.defcontainer (pid 21902) has died
03-05 19:56:07.876   617  5010 I ActivityManager: Process com.android.proxyhandler (pid 21071) has died
03-05 19:56:07.878   617  8828 I ActivityManager: Process com.amazon.tv.launcher (pid 21003) has died
03-05 19:56:07.920   617 13191 I ActivityManager: Process com.yablio.sendfilestotv (pid 5855) has died
03-05 19:56:07.920   617 13191 W ActivityManager: Scheduling restart of crashed service com.yablio.sendfilestotv/.transfer.TransferService in 510684576ms
03-05 19:56:07.955   617  1330 I WindowManager: WIN DEATH: Window{4017bbb u0 com.example.clickflix/com.example.clickflix.MainActivity}
03-05 19:56:07.955   617  1330 W WindowManager: Force-removing child win Window{f3c5431 u0 SurfaceView - com.example.clickflix/com.example.clickflix.MainActivity} from container Window{4017bbb u0 com.example.clickflix/com.example.clickflix.MainActivity}
03-05 19:56:07.955   617  8828 I ActivityManager: Process com.example.clickflix (pid 23669) has died
03-05 19:56:07.957   617  8828 W ActivityManager: Force removing ActivityRecord{383a866 u0 com.example.clickflix/.MainActivity t4766}: app died, no saved state
03-05 19:56:07.983   617 13191 W WindowManager: Failed looking up window
03-05 19:56:07.983   617 13191 W WindowManager: java.lang.IllegalArgumentException: Requested window android.os.BinderProxy@5f6d8d8 does not exist
03-05 19:56:07.983   617 13191 W WindowManager: 	at com.android.server.wm.WindowManagerService.windowForClientLocked(WindowManagerService.java:9546)
03-05 19:56:07.983   617 13191 W WindowManager: 	at com.android.server.wm.WindowManagerService.windowForClientLocked(WindowManagerService.java:9537)
03-05 19:56:07.983   617 13191 W WindowManager: 	at com.android.server.wm.WindowState$DeathRecipient.binderDied(WindowState.java:1819)
03-05 19:56:07.983   617 13191 W WindowManager: 	at android.os.BinderProxy.sendDeathNotice(Binder.java:690)
03-05 19:56:07.983   617 13191 I WindowManager: WIN DEATH: null
03-05 19:56:08.007   617 19414 W InputMethodManagerService: Session failed to close due to remote exception
03-05 19:56:08.007   617 19414 W InputMethodManagerService: android.os.DeadObjectException
03-05 19:56:08.007   617 19414 W InputMethodManagerService: 	at android.os.BinderProxy.transactNative(Native Method)
03-05 19:56:08.007   617 19414 W InputMethodManagerService: 	at android.os.BinderProxy.transact(Binder.java:617)
03-05 19:56:08.007   617 19414 W InputMethodManagerService: 	at com.android.internal.view.IInputMethodSession$Stub$Proxy.finishSession(IInputMethodSession.java:305)
03-05 19:56:08.007   617 19414 W InputMethodManagerService: 	at com.android.server.InputMethodManagerService.finishSessionLocked(InputMethodManagerService.java:1660)
03-05 19:56:08.007   617 19414 W InputMethodManagerService: 	at com.android.server.InputMethodManagerService.clearClientSessionLocked(InputMethodManagerService.java:1651)
03-05 19:56:08.007   617 19414 W InputMethodManagerService: 	at com.android.server.InputMethodManagerService.removeClient(InputMethodManagerService.java:1268)
03-05 19:56:08.007   617 19414 W InputMethodManagerService: 	at com.android.server.wm.Session.binderDied(Session.java:160)
03-05 19:56:08.007   617 19414 W InputMethodManagerService: 	at android.os.BinderProxy.sendDeathNotice(Binder.java:690)
03-05 19:56:08.009   617  8828 I ActivityManager: Start proc 25110:com.amazon.tv.launcher/u0a142 for activity com.amazon.tv.launcher/.ui.HomeActivity_vNext
03-05 19:56:08.105   617   718 W AmazonProfileService: Active profile for the package xxx not present for customer Id xxx
03-05 19:56:08.142 24998 24998 I FrameworkJumpTable: Successfully loaded all classes
03-05 19:56:08.183 24998 24998 I FrameworkJumpTable: Successfully loaded all methods
03-05 19:56:08.193 24998 24998 I FrameworkJumpTable: Successfully loaded all fields
03-05 19:56:08.193 24998 24998 I FrameworkJumpTable: Successfully loaded all constructors
03-05 19:56:08.350   617   629 I CrashDescriptorUtil: addErrorToCommonLog Hash already present in file
03-05 19:56:08.519   617   712 I ActivityManager: Start proc 25192:com.android.proxyhandler/u0a2 for service com.fireos.arcus.proxy/.ArcusProxy
03-05 19:56:08.727   617 16839 I ActivityManager: Start proc 25242:com.amazon.prism.android.service:remote/u0a118 for service com.amazon.prism.android.service/.PrismService
03-05 19:56:08.791   617  8828 I AmazonProfileService: Registering callback
03-05 19:56:08.819   617  8828 I ActivityManager: Start proc 25262:com.amazon.client.metrics/u0a38 for service com.amazon.client.metrics/.minerva.MinervaService
03-05 19:56:08.896 25110 25110 I FrameworkJumpTable: Successfully loaded all classes
03-05 19:56:08.928 25110 25110 I FrameworkJumpTable: Successfully loaded all methods
03-05 19:56:08.931 25110 25110 I FrameworkJumpTable: Successfully loaded all fields
03-05 19:56:08.931 25110 25110 I FrameworkJumpTable: Successfully loaded all constructors
03-05 19:56:09.177   617 13191 I ActivityManager: Start proc 25352:com.amazon.adep/u0a60 for content provider com.amazon.adep/.providers.AdepContentProvider
03-05 19:56:09.210 25242 25290 I FrameworkJumpTable: Successfully loaded all classes
03-05 19:56:09.228 25242 25290 I FrameworkJumpTable: Successfully loaded all methods
03-05 19:56:09.230 25242 25290 I FrameworkJumpTable: Successfully loaded all fields
03-05 19:56:09.230 25242 25290 I FrameworkJumpTable: Successfully loaded all constructors
03-05 19:56:09.357 25352 25352 I FrameworkJumpTable: Successfully loaded all classes
03-05 19:56:09.376 25352 25352 I FrameworkJumpTable: Successfully loaded all methods
03-05 19:56:09.379 25352 25352 I FrameworkJumpTable: Successfully loaded all fields
03-05 19:56:09.379 25352 25352 I FrameworkJumpTable: Successfully loaded all constructors
03-05 19:56:09.430   617   617 E JobServiceContext: Time-out while trying to bind 9d7187e #u0a155/-306029844 com.amazon.venezia/com.amazon.juggler.settings.sync.SyncToDeviceJob, dropping.
03-05 19:56:09.455   617   630 I ActivityManager: Start proc 25399:com.amazon.connectivitycontroller/u0a9 for broadcast com.amazon.connectivitycontroller/.RemoteBatteryLevelReceiver
03-05 19:56:09.457   617   617 E JobServiceContext: Time-out while trying to bind 845cae3 #u0a135/45 com.amazon.tv.csapp/.services.RCMPeriodicSyncService, dropping.
03-05 19:56:09.459   617   635 E NetdConnector: NDC event {613 IfaceClass idle 1 255390014124680} processed too late: 15160ms
03-05 19:56:09.469   617   635 E NetdConnector: NDC event {613 IfaceClass active 1 255407503099297 10142} processed too late: 15188ms
03-05 19:56:09.479   617   617 I AmazonAutoPairService: Remote service disconnected
03-05 19:56:09.481   617   635 E NetdConnector: NDC event {601 limit alert globalAlert wlan0} processed too late: 3446ms
03-05 19:56:09.510   617   630 E TimeDeltaAnrList: addTraceStartTime: failed to find PID for trace start time, PID: 0
03-05 19:56:09.591   617 13191 W ActivityManager: Slow operation: 76ms so far, now at attachApplicationLocked: after sendPendingBroadcastsLocked
03-05 19:56:09.733   617  3421 I ActivityManager: Start proc 25458:com.amazon.aca/u0a59 for content provider com.amazon.aca/.instahints.provider.InstaHintsProvider
03-05 19:56:09.812   617  8828 E WindowManager: App trying to use insecure INPUT_FEATURE_NO_INPUT_CHANNEL flag. Ignoring
03-05 19:56:09.815   617  1334 I AmazonProfileService: Event is not filtered because it is not in filter key list.
03-05 19:56:09.979 25110 25216 I AmazonHdmiServiceManager: AmazonHdmiServiceManager created
03-05 19:56:09.979   617 13191 I AmazonHdmiService: Get Current HDCP Version
03-05 19:56:10.308 25399 25399 I FrameworkJumpTable: Successfully loaded all classes
03-05 19:56:10.409 25399 25399 I FrameworkJumpTable: Successfully loaded all methods
03-05 19:56:10.417 25399 25399 I FrameworkJumpTable: Successfully loaded all fields
03-05 19:56:10.417 25399 25399 I FrameworkJumpTable: Successfully loaded all constructors
03-05 19:56:10.429 25458 25458 I FrameworkJumpTable: Successfully loaded all classes
03-05 19:56:10.449 25458 25458 I FrameworkJumpTable: Successfully loaded all methods
03-05 19:56:10.451 25458 25458 I FrameworkJumpTable: Successfully loaded all fields
03-05 19:56:10.452 25458 25458 I FrameworkJumpTable: Successfully loaded all constructors
03-05 19:56:10.467   617 31838 I ActivityManager: Start proc 25552:com.amazon.device.rdmapplication/u0a43 for broadcast com.amazon.device.rdmapplication/.services.RemoteBatteryLevelReceiver
03-05 19:56:10.573   617 16839 I ActivityManager: Start proc 25568:com.amazon.ceviche/u0a78 for content provider com.amazon.ceviche/.TrackEventsContentProvider
03-05 19:56:10.836   617 31838 I AmazonProfileService: Registering callback
03-05 19:56:10.856   617 25608 I AmazonDropBoxManagerService: Either there is noLog.crash files or all files are corrupted
03-05 19:56:10.907 25568 25606 I FrameworkJumpTable: Successfully loaded all classes
03-05 19:56:10.908   617 16839 W ActivityManager: Unable to start service Intent { act=android.media.browse.MediaBrowserService cmp=com.android.bluetooth/.a2dpsink.mbs.A2dpMediaBrowserService } U=0: not found
03-05 19:56:10.930 25568 25606 I FrameworkJumpTable: Successfully loaded all methods
03-05 19:56:10.932 25568 25606 I FrameworkJumpTable: Successfully loaded all fields
03-05 19:56:10.932 25568 25606 I FrameworkJumpTable: Successfully loaded all constructors
03-05 19:56:11.021   617   777 E TaskPersister: File error accessing recents directory (directory doesn't exist?).
03-05 19:56:11.164   617  1330 I AmazonHdmiService: Get Current HDCP Version
03-05 19:56:11.272 25552 25552 I FrameworkJumpTable: Successfully loaded all classes
03-05 19:56:11.340 25552 25552 I FrameworkJumpTable: Successfully loaded all methods
03-05 19:56:11.381 25552 25552 I FrameworkJumpTable: Successfully loaded all fields
03-05 19:56:11.381 25552 25552 I FrameworkJumpTable: Successfully loaded all constructors
03-05 19:56:11.421   617  1330 I ActivityManager: Start proc 25658:com.amazon.alexa.externalmediaplayer.fireos/u0a65 for broadcast com.amazon.alexa.externalmediaplayer.fireos/com.amazon.alexa.externalmediaplayeragent.receivers.ClustersChangedReceiver
03-05 19:56:11.508   617 31838 I AmazonProfileService: Registering callback
03-05 19:56:11.510   617   630 E TimeDeltaAnrList: endTimeDelta: failed to find PID for end time, PID: 0
03-05 19:56:11.513   617   630 E ActivityManager: ANR in com.example.clickflix (com.example.clickflix/.MainActivity)
03-05 19:56:11.513   617   630 E ActivityManager: PID: 0
03-05 19:56:11.513   617   630 E ActivityManager: Reason: Input dispatching timed out (Waiting to send key event because the focused window has not finished processing all of the input events that were previously delivered to it.  Outbound queue length: 0.  Wait queue length: 1.)
03-05 19:56:11.513   617   630 E ActivityManager: Load: 0.0 / 0.0 / 0.0
03-05 19:56:11.513   617   630 E ActivityManager: CPU usage from 12912ms to 0ms ago (2026-03-05 19:55:56.543 to 2026-03-05 19:56:09.455):
03-05 19:56:11.513   617   630 E ActivityManager:   18% 617/system_server: 11% user + 6.4% kernel / faults: 12152 minor 484 major
03-05 19:56:11.513   617   630 E ActivityManager:   7.9% 14643/kworker/u8:2: 0% user + 7.9% kernel
03-05 19:56:11.513   617   630 E ActivityManager:   7.9% 24994/kworker/u8:8: 0% user + 7.9% kernel
03-05 19:56:11.513   617   630 E ActivityManager:   6.7% 23919/kworker/u8:1: 0% user + 6.7% kernel
03-05 19:56:11.513   617   630 E ActivityManager:   4.7% 56/kswapd0: 0% user + 4.7% kernel
03-05 19:56:11.513   617   630 E ActivityManager:   4.5% 24998/com.amazon.venezia: 3.5% user + 0.9% kernel / faults: 3066 minor 177 major
03-05 19:56:11.513   617   630 E ActivityManager:   3.8% 151/mmcqd/0: 0% user + 3.8% kernel
03-05 19:56:11.513   617   630 E ActivityManager:   3.4% 291/audioserver: 0% user + 3.4% kernel / faults: 17516 minor 24 major
03-05 19:56:11.513   617   630 E ActivityManager:   3.1% 196/logd: 0% user + 3.1% kernel / faults: 157 minor 12 major
03-05 19:56:11.513   617   630 E ActivityManager:   2.5% 18420/kworker/u8:4: 0% user + 2.5% kernel
03-05 19:56:11.513   617   630 E ActivityManager:   1.6% 1444/com.amazon.whad: 0% user + 1.6% kernel / faults: 113 minor 1 major
03-05 19:56:11.513   617   630 E ActivityManager:   1.6% 23933/kworker/u8:3: 0% user + 1.6% kernel
03-05 19:56:11.513   617   630 E ActivityManager:   1.3% 126/pvr_defer_free: 0% user + 1.3% kernel
03-05 19:56:11.513   617   630 E ActivityManager:   1.2% 301/netd: 0.3% user + 0.9% kernel / faults: 143 minor 11 major
03-05 19:56:11.513   617   630 E ActivityManager:   1.1% 288/perfmonitord: 0.3% user + 0.7% kernel / faults: 2 minor
03-05 19:56:11.513   617   630 E ActivityManager:   1.1% 1395/com.amazon.vizzini: 0% user + 1.1% kernel / faults: 2069 minor 67 major
03-05 19:56:11.513   617   630 E ActivityManager:   1% 23934/kworker/u8:7: 0% user + 1% kernel
03-05 19:56:11.513   617   630 E ActivityManager:   0.9% 260/adbd: 0.1% user + 0.7% kernel / faults: 186 minor
03-05 19:56:11.513   617   630 E ActivityManager:   0.9% 6643/kworker/u8:5: 0% user + 0.9% kernel
03-05 19:56:11.513   617   630 E ActivityManager:   0.5% 244/surfaceflinger: 0.5% user + 0% kernel / faults: 130 minor 3 major
03-05 19:56:11.513   617   630 E ActivityManager:   0.5% 816/hif_thread: 0% user + 0.5% kernel
03-05 19:56:11.513   617   630 E ActivityManager:   0.4% 26/ksmd: 0% user + 0.4% kernel
03-05 19:56:11.513   617   630 E ActivityManager:   0.3% 289/zygote: 0% user + 0.3% kernel / faults: 929 minor
03-05 19:56:11.513   617   630 E ActivityManager:   0.3% 218/ksdioirqd/mmc1: 0% user + 0.3% kernel
03-05 19:56:11.513   617   630 E ActivityManager:   0.3% 817/rx_thread: 0% user + 0.3% kernel
03-05 19:56:11.513   617   630 E ActivityManager:   0.3% 18562/kworker/u8:6: 0% user + 0.3% kernel
03-05 19:56:11.513   617   630 E ActivityManager:   0.2% 99/hdmi_timer_kthr: 0% user + 0.2% kernel
03-05 19:56:11.513   617   630 E ActivityManager:   0% 307/sh: 0% user + 0% kernel / faults: 965 minor
03-05 19:56:11.513   617   630 E ActivityManager:   0.2% 778/com.android.bluetooth: 0% user + 0.1% kernel / faults: 44818 minor 90 major
03-05 19:56:11.513   617   630 E ActivityManager:   0.2% 815/main_thread: 0% user + 0.2% kernel
03-05 19:56:11.513   617   630 E ActivityManager:   0.1% 7/rcu_preempt: 0% user + 0.1% kernel
03-05 19:56:11.513   617   630 E ActivityManager:   0.1% 133/disp_osd1_irq_k: 0% user + 0.1% kernel
03-05 19:56:11.513   617   630 E ActivityManager:   0.1% 134/disp_osd2_irq_k: 0% user + 0.1% kernel
03-05 19:56:11.513   617   630 E ActivityManager:   0.1% 163/kworker/1:1H: 0% user + 0.1% kernel
03-05 19:56:11.513   617   630 E ActivityManager:   0.1% 251/servicemanager: 0% user + 0% kernel / faults: 28 minor
03-05 19:56:11.513   617   630 E ActivityManager:   0% 261/perfstatsd: 0% user + 0% kernel / faults: 16 minor
03-05 19:56:11.513   617   630 E ActivityManager:   0.1% 892/com.amazon.imp: 0% user + 0% kernel / faults: 240 minor 6 major
03-05 19:56:11.513   617   630 E ActivityManager:   0.1% 1427/com.amazon.tv.devicecontrol: 0.1% user + 0% kernel / faults: 94 minor 4 major
03-05 19:56:11.513   617   630 E ActivityManager:   0% 21019/debuggerd: 0% user + 0% kernel / faults: 323 minor 33 major
03-05 19:56:11.513   617   630 E ActivityManager:   0.1% 24896/kworker/3:2: 0.1% user + 0% kernel
03-05 19:56:11.513   617   630 E ActivityManager:   0% 3/ksoftirqd/0: 0% user + 0% kernel
03-05 19:56:11.513   617   630 E ActivityManager:   0% 8/rcu_sched: 0% user + 0% kernel
03-05 19:56:11.513   617   630 E ActivityManager:   0% 16/ksoftirqd/2: 0% user + 0% kernel
03-05 19:56:11.513   617   630 E ActivityManager:   0% 33/cfinteractive: 0% user + 0% kernel
03-05 19:56:11.513   617   630 E ActivityManager:   0% 100/cec_timer_kthre: 0% user + 0% kernel
03-05 19:56:11.513   617   630 E ActivityManager:   0% 138/video_disp1: 0% user + 0% kernel
03-05 19:56:11.513   617   630 E ActivityManager:   0% 161/kworker/3:1H: 0% user + 0% kernel
03-05 19:56:11.513   617   630 E ActivityManager:   0% 188/jbd2/mmcblk0p13: 0% user + 0% kernel
03-05 19:56:11.513   617   630 E ActivityManager:   0% 249/lmkd: 0% user + 0% kernel
03-05 19:56:11.513   617   630 E ActivityManager:   0% 285/hdmi: 0% user + 0% kernel / faults: 187 minor 3 major
03-05 19:56:11.513   617   630 E ActivityManager:   0% 831/com.amazon.device.services: 0% user + 0% kernel / faults: 227 minor 4 major
03-05 19:56:11.513   617   630 E ActivityManager:   0% 1413/com.amazon.dialservice: 0% user + 0% kernel
03-05 19:56:11.513   617   630 E ActivityManager:   0% 1418/com.amazon.tcomm: 0% user + 0% kernel / faults: 290 minor 20 major
03-05 19:56:11.513   617   630 E ActivityManager:   0% 18573/kworker/0:1H: 0% user + 0% kernel
03-05 19:56:11.513   617   630 E ActivityManager:   0% 23846/kworker/1:1: 0% user + 0% kernel
03-05 19:56:11.513   617   630 E ActivityManager:   0% 24949/kworker/0:1: 0% user + 0% kernel
03-05 19:56:11.513   617   630 E ActivityManager:  +0% 25099/kworker/2:0: 0% user + 0% kernel
03-05 19:56:11.513   617   630 E ActivityManager:  +0% 25110/com.amazon.tv.launcher: 0% user + 0% kernel
03-05 19:56:11.513   617   630 E ActivityManager:  +0% 25192/com.android.proxyhandler: 0% user + 0% kernel
03-05 19:56:11.513   617   630 E ActivityManager:  +0% 25242/com.amazon.prism.android.service:remote: 0% user + 0% kernel
03-05 19:56:11.513   617   630 E ActivityManager:  +0% 25262/com.amazon.client.metrics: 0% user + 0% kernel
03-05 19:56:11.513   617   630 E ActivityManager:  +0% 25352/com.amazon.adep: 0% user + 0% kernel
03-05 19:56:11.513   617   630 E ActivityManager:  +0% 25399/<pre-initialized>: 0% user + 0% kernel
03-05 19:56:11.513   617   630 E ActivityManager: 62% TOTAL: 13% user + 18% kernel + 30% iowait + 0% softirq
03-05 19:56:11.513   617   630 E ActivityManager: CPU usage from 255422713ms to 255422713ms ago (1969-12-31 21:00
03-05 19:56:11.514   617   630 E TimeDeltaAnrList: getTimeDelta: failed to find timeDelta entry, PID: 0
03-05 19:56:11.515   617   630 I ActivityManager: Killing 0:com.example.clickflix/u0a318 (adj 0): bg anr
03-05 19:56:11.521   617   632 W libprocessgroup: failed to open /acct/uid_10318/pid_0/cgroup.procs: No such file or directory
03-05 19:56:11.570   617   617 I AmazonAutoPairService: Registering connectivity callback..[com.amazon.service.AmazonAutoPairService$3@b0cbc41]
