03-05 19:54:32.020   778  1057 W bt_btif : bta_hh_le_input_rpt_notify uuid=0x2a4d srv_handle=31 is_bl_svc_primary=1 rpt_id=1 len=8
03-05 19:54:32.021   617   661 I AmazonProfileService: Event not filtered. KPM proceeds the key
03-05 19:54:32.021   617   661 I FireTVKeyPolicyManager: Dynamic key mapping has been enabled
03-05 19:54:32.021   617   661 I FireTVKeyPolicyManager: Dynamic key mapping key intercepted result 0
03-05 19:54:32.023  1427  3971 I OZ-DCS:KeyPressReceiver: Received keyCode: KEYCODE_BACK
03-05 19:54:32.023  1427  3971 I OZ-DCS:CallbackBaseManager_KeyPress: notify callbacks: KeyEvent { action=ACTION_UP, keyCode=KEYCODE_BACK, scanCode=158, metaState=0, flags=0x8, repeatCount=0, eventTime=255325278, downTime=255325118, deviceId=13, source=0x301 }
03-05 19:54:32.023  1427  3971 I OZ-DCS:KeyPressReceiver: Remote button pressed. keyCode: 4, keyEvent: KeyEvent { action=ACTION_UP, keyCode=KEYCODE_BACK, scanCode=158, metaState=0, flags=0x8, repeatCount=0, eventTime=255325278, downTime=255325118, deviceId=13, source=0x301 }
03-05 19:54:37.079 23669 23669 I flutter : ⚠️  [WARNING] ⚠️ TMDB: Request falhou (tentativa 1/2). Retentando em 250ms — erro: TimeoutException after 0:00:08.000000: Future not completed
03-05 19:54:37.202 21003 21362 I DiebusMetrics: Starting reporting metrics
03-05 19:54:37.462 21003 21432 I DiebusMetrics: Starting reporting metrics
03-05 19:54:37.928  1214  1250 I art     : Background sticky concurrent mark sweep GC freed 4033(151KB) AllocSpace objects, 0(0B) LOS objects, 6% free, 4MB/5MB, paused 1.166ms total 140.573ms
03-05 19:54:39.252 21003 21362 I DiebusMetrics: End reporting metrics
03-05 19:54:39.452   291  6882 I Node    : dolby-audio-meter, AdapterPcmSystem adapter audio meter: channel 0; audio level: 0.000
03-05 19:54:39.452   291  6882 I Node    : dolby-audio-meter, AdapterPcmSystem adapter audio meter: channel 1; audio level: 0.000
03-05 19:54:39.452   291  6882 I RendererNode: dolby-audio-meter, Renderer renderer audio meter: channel 0; audio level: 0.060
03-05 19:54:39.452   291  6882 I RendererNode: dolby-audio-meter, Renderer renderer audio meter: channel 1; audio level: 0.068
03-05 19:54:39.452   291  6882 I RendererNode: dolby-audio-meter, Renderer renderer audio meter: channel 2; audio level: 0.000
03-05 19:54:39.452   291  6882 I RendererNode: dolby-audio-meter, Renderer renderer audio meter: channel 3; audio level: 0.000
03-05 19:54:39.452   291  6882 I RendererNode: dolby-audio-meter, Renderer renderer audio meter: channel 4; audio level: 0.000
03-05 19:54:39.452   291  6882 I RendererNode: dolby-audio-meter, Renderer renderer audio meter: channel 5; audio level: 0.000
03-05 19:54:39.452   291  6882 I Node    : dolby-audio-meter, AdapterPcmOut adapter audio meter: channel 0; audio level: 0.000
03-05 19:54:39.452   291  6882 I Node    : dolby-audio-meter, AdapterPcmOut adapter audio meter: channel 1; audio level: 0.000
03-05 19:54:39.763  1444 24955 I whad    : DeviceClusterManager:onHeartBeat:seq=43,xmit=2944892325554615,recv=2944892479245093,uniqueId=XX0RV9,highNetworkLatency=1
03-05 19:54:40.074 21003 21432 I DiebusMetrics: End reporting metrics
03-05 19:54:42.578  1395  2676 I DirectiveCache: Cleaning up DirectiveCache, current size: 3
03-05 19:54:46.035   617   626 I art     : Background partial concurrent mark sweep GC freed 79924(4MB) AllocSpace objects, 6(212KB) LOS objects, 18% free, 18MB/22MB, paused 3.123ms total 3.355s
03-05 19:54:46.774 23669 23669 I flutter : ⚠️  [WARNING] ⚠️ TMDB: Request falhou (tentativa 1/2). Retentando em 250ms — erro: TimeoutException after 0:00:08.000000: Future not completed
03-05 19:54:46.774 23669 23669 I flutter : Warning database has been locked for 0:00:10.000000. Make sure you always use the transaction object for database operations during a transaction
03-05 19:54:46.774 23669 23669 I flutter : Warning database has been locked for 0:00:10.000000. Make sure you always use the transaction object for database operations during a transaction
03-05 19:54:46.774 23669 23669 I flutter : Warning database has been locked for 0:00:10.000000. Make sure you always use the transaction object for database operations during a transaction
03-05 19:54:46.774 23669 23669 I flutter : Warning database has been locked for 0:00:10.000000. Make sure you always use the transaction object for database operations during a transaction
03-05 19:54:46.774 23669 23669 I flutter : Warning database has been locked for 0:00:10.000000. Make sure you always use the transaction object for database operations during a transaction
03-05 19:54:46.774 23669 23669 I flutter : Warning database has been locked for 0:00:10.000000. Make sure you always use the transaction object for database operations during a transaction
03-05 19:54:46.774 23669 23669 I flutter : Warning database has been locked for 0:00:10.000000. Make sure you always use the transaction object for database operations during a transaction
03-05 19:54:46.774 23669 23669 I flutter : Warning database has been locked for 0:00:10.000000. Make sure you always use the transaction object for database operations during a transaction
03-05 19:54:46.774 23669 23669 I flutter : Warning database has been locked for 0:00:10.000000. Make sure you always use the transaction object for database operations during a transaction
03-05 19:54:46.774 23669 23669 I flutter : Warning database has been locked for 0:00:10.000000. Make sure you always use the transaction object for database operations during a transaction
03-05 19:54:46.787 23669 23821 W AmazonKeyEventLogging: remote_perf key event latency detected [Source: ViewRootImpl, KeyCode: KEYCODE_XXXX, IsDown: 1, Repeat: 0, EventTime: 255319418, Latency: 20626, DeviceId: 13, AppPackage: com.example.clickflix]
03-05 19:54:46.823 23669 23669 I Choreographer: Skipped 582 frames!  The application may be doing too much work on its main thread.
03-05 19:54:47.695 23669 23669 I flutter : Warning database has been locked for 0:00:10.000000. Make sure you always use the transaction object for database operations during a transaction
03-05 19:54:47.696 23669 23669 I flutter : Warning database has been locked for 0:00:10.000000. Make sure you always use the transaction object for database operations during a transaction
03-05 19:54:47.702 23669 23669 I flutter : 💾 LazyTMDB: Cache hit "Queimando o Filme (2025)"
03-05 19:54:47.703 23669 23669 I flutter : 💾 LazyTMDB: Cache hit "Better Man - A História de Robbie Williams (2024)"
03-05 19:54:47.703 23669 23669 I flutter : 💾 LazyTMDB: Cache hit "Covil de Ladroes 2 (2025)"
03-05 19:54:49.468   291  6882 I Node    : dolby-audio-meter, AdapterPcmSystem adapter audio meter: channel 0; audio level: 0.000
03-05 19:54:49.468   291  6882 I Node    : dolby-audio-meter, AdapterPcmSystem adapter audio meter: channel 1; audio level: 0.000
03-05 19:54:49.468   291  6882 I RendererNode: dolby-audio-meter, Renderer renderer audio meter: channel 0; audio level: 0.060
03-05 19:54:49.468   291  6882 I RendererNode: dolby-audio-meter, Renderer renderer audio meter: channel 1; audio level: 0.068
03-05 19:54:49.468   291  6882 I RendererNode: dolby-audio-meter, Renderer renderer audio meter: channel 2; audio level: 0.000
03-05 19:54:49.468   291  6882 I RendererNode: dolby-audio-meter, Renderer renderer audio meter: channel 3; audio level: 0.000
03-05 19:54:49.468   291  6882 I RendererNode: dolby-audio-meter, Renderer renderer audio meter: channel 4; audio level: 0.000
03-05 19:54:49.468   291  6882 I RendererNode: dolby-audio-meter, Renderer renderer audio meter: channel 5; audio level: 0.000
03-05 19:54:49.468   291  6882 I Node    : dolby-audio-meter, AdapterPcmOut adapter audio meter: channel 0; audio level: 0.000
03-05 19:54:49.468   291  6882 I Node    : dolby-audio-meter, AdapterPcmOut adapter audio meter: channel 1; audio level: 0.000
03-05 19:54:59.484   291  6882 I Node    : dolby-audio-meter, AdapterPcmSystem adapter audio meter: channel 0; audio level: 0.000
03-05 19:54:59.484   291  6882 I Node    : dolby-audio-meter, AdapterPcmSystem adapter audio meter: channel 1; audio level: 0.000
03-05 19:54:59.484   291  6882 I RendererNode: dolby-audio-meter, Renderer renderer audio meter: channel 0; audio level: 0.060
03-05 19:54:59.484   291  6882 I RendererNode: dolby-audio-meter, Renderer renderer audio meter: channel 1; audio level: 0.068
03-05 19:54:59.484   291  6882 I RendererNode: dolby-audio-meter, Renderer renderer audio meter: channel 2; audio level: 0.000
03-05 19:54:59.484   291  6882 I RendererNode: dolby-audio-meter, Renderer renderer audio meter: channel 3; audio level: 0.000
03-05 19:54:59.484   291  6882 I RendererNode: dolby-audio-meter, Renderer renderer audio meter: channel 4; audio level: 0.000
03-05 19:54:59.484   291  6882 I RendererNode: dolby-audio-meter, Renderer renderer audio meter: channel 5; audio level: 0.000
03-05 19:54:59.484   291  6882 I Node    : dolby-audio-meter, AdapterPcmOut adapter audio meter: channel 0; audio level: 0.000
03-05 19:54:59.484   291  6882 I Node    : dolby-audio-meter, AdapterPcmOut adapter audio meter: channel 1; audio level: 0.000
03-05 19:55:01.634   288   288 I perfmonitord:StatUtil: CPUUtilization now below 95%. Usage - 68%. Total milliseconds above threshold - 1000
03-05 19:55:02.415 23669 23669 I flutter : 💾 LazyTMDB: Cache hit "Plankton: O Filme (2025)"
03-05 19:55:02.416 23669 23669 I flutter : 💾 LazyTMDB: Cache hit "The Electric State [LEG] (2025)"
03-05 19:55:02.416 23669 23669 I flutter : 💾 LazyTMDB: Cache hit "The Electric State (2025)"
03-05 19:55:02.417 23669 23669 I flutter : ⚠️  [WARNING] ⚠️ TMDB: Request falhou (tentativa 2/2). Retentando em 500ms — erro: TimeoutException after 0:00:08.000000: Future not completed
03-05 19:55:02.417 23669 23669 I flutter : ⚠️  [WARNING] ⚠️ TMDB: Request falhou (tentativa 2/2). Retentando em 500ms — erro: TimeoutException after 0:00:08.000000: Future not completed
03-05 19:55:02.417 23669 23669 I flutter : Warning database has been locked for 0:00:10.000000. Make sure you always use the transaction object for database operations during a transaction
03-05 19:55:02.417 23669 23669 I flutter : Warning database has been locked for 0:00:10.000000. Make sure you always use the transaction object for database operations during a transaction
03-05 19:55:05.022  1444 24978 W whad    : TimerManager:newTimer:blocked,mutex=mMutex,func=TimerManager:newTimer,tid=24967
03-05 19:55:06.022  1444 24978 W whad    : TimerManager:newTimer:blocked,mutex=mMutex,func=TimerManager:newTimer,tid=24967
03-05 19:55:07.022  1444 24978 W whad    : TimerManager:newTimer:blocked,mutex=mMutex,func=TimerManager:newTimer,tid=24967
03-05 19:55:08.023  1444 24978 W whad    : TimerManager:newTimer:blocked,mutex=mMutex,func=TimerManager:newTimer,tid=24967
03-05 19:55:09.023  1444 24978 W whad    : TimerManager:newTimer:blocked,mutex=mMutex,func=TimerManager:newTimer,tid=24967
03-05 19:55:09.500   291  6882 I Node    : dolby-audio-meter, AdapterPcmSystem adapter audio meter: channel 0; audio level: 0.000
03-05 19:55:09.500   291  6882 I Node    : dolby-audio-meter, AdapterPcmSystem adapter audio meter: channel 1; audio level: 0.000
03-05 19:55:09.500   291  6882 I RendererNode: dolby-audio-meter, Renderer renderer audio meter: channel 0; audio level: 0.060
03-05 19:55:09.500   291  6882 I RendererNode: dolby-audio-meter, Renderer renderer audio meter: channel 1; audio level: 0.068
03-05 19:55:09.500   291  6882 I RendererNode: dolby-audio-meter, Renderer renderer audio meter: channel 2; audio level: 0.000
03-05 19:55:09.500   291  6882 I RendererNode: dolby-audio-meter, Renderer renderer audio meter: channel 3; audio level: 0.000
03-05 19:55:09.500   291  6882 I RendererNode: dolby-audio-meter, Renderer renderer audio meter: channel 4; audio level: 0.000
03-05 19:55:09.500   291  6882 I RendererNode: dolby-audio-meter, Renderer renderer audio meter: channel 5; audio level: 0.000
03-05 19:55:09.500   291  6882 I Node    : dolby-audio-meter, AdapterPcmOut adapter audio meter: channel 0; audio level: 0.000
03-05 19:55:09.500   291  6882 I Node    : dolby-audio-meter, AdapterPcmOut adapter audio meter: channel 1; audio level: 0.000
03-05 19:55:10.023  1444 24978 W whad    : TimerManager:newTimer:blocked,mutex=mMutex,func=TimerManager:newTimer,tid=24967
03-05 19:55:10.826  1444 24980 W whad    : TimerManager:newTimer:blocked,mutex=mMutex,func=TimerManager:newTimer,tid=24967
03-05 19:55:11.023  1444 24978 W whad    : TimerManager:newTimer:blocked,mutex=mMutex,func=TimerManager:newTimer,tid=24967
03-05 19:55:11.826  1444 24980 W whad    : TimerManager:newTimer:blocked,mutex=mMutex,func=TimerManager:newTimer,tid=24967
03-05 19:55:12.023  1444 24978 W whad    : TimerManager:newTimer:blocked,mutex=mMutex,func=TimerManager:newTimer,tid=24967
03-05 19:55:12.827  1444 24980 W whad    : TimerManager:newTimer:blocked,mutex=mMutex,func=TimerManager:newTimer,tid=24967
03-05 19:55:13.023  1444 24978 W whad    : TimerManager:newTimer:blocked,mutex=mMutex,func=TimerManager:newTimer,tid=24967
03-05 19:55:13.827  1444 24980 W whad    : TimerManager:newTimer:blocked,mutex=mMutex,func=TimerManager:newTimer,tid=24967
03-05 19:55:14.024  1444 24978 W whad    : TimerManager:newTimer:blocked,mutex=mMutex,func=TimerManager:newTimer,tid=24967
03-05 19:55:14.827  1444 24980 W whad    : TimerManager:newTimer:blocked,mutex=mMutex,func=TimerManager:newTimer,tid=24967
03-05 19:55:15.024  1444 24978 W whad    : TimerManager:newTimer:blocked,mutex=mMutex,func=TimerManager:newTimer,tid=24967
03-05 19:55:15.827  1444 24980 W whad    : TimerManager:newTimer:blocked,mutex=mMutex,func=TimerManager:newTimer,tid=24967
03-05 19:55:16.024  1444 24978 W whad    : TimerManager:newTimer:blocked,mutex=mMutex,func=TimerManager:newTimer,tid=24967
03-05 19:55:16.827  1444 24980 W whad    : TimerManager:newTimer:blocked,mutex=mMutex,func=TimerManager:newTimer,tid=24967
03-05 19:55:17.023  1444 23093 I whad    : TimeSyncClient:clientThread:reason=skewOrDriftChange,server=XX0QS8,time=255370.246944,skewX=255182.094927,skewY=2689559.451819,drift=1.785099,reportedDrift=1.785099,numExchanges=419427
03-05 19:55:17.024  1444 24978 W whad    : TimerManager:newTimer:blocked,mutex=mMutex,func=TimerManager:newTimer,tid=24967
03-05 19:55:17.827  1444 24980 W whad    : TimerManager:newTimer:blocked,mutex=mMutex,func=TimerManager:newTimer,tid=24967
03-05 19:55:18.024  1444 24978 W whad    : TimerManager:newTimer:blocked,mutex=mMutex,func=TimerManager:newTimer,tid=24967
03-05 19:55:18.088 23669 23669 I Choreographer: Skipped 1820 frames!  The application may be doing too much work on its main thread.
03-05 19:55:18.089 23669 23669 I flutter : Warning database has been locked for 0:00:10.000000. Make sure you always use the transaction object for database operations during a transaction
03-05 19:55:18.089 23669 23669 I flutter : Warning database has been locked for 0:00:10.000000. Make sure you always use the transaction object for database operations during a transaction
03-05 19:55:18.827  1444 24980 W whad    : TimerManager:newTimer:blocked,mutex=mMutex,func=TimerManager:newTimer,tid=24967
03-05 19:55:19.024  1444 24978 W whad    : TimerManager:newTimer:blocked,mutex=mMutex,func=TimerManager:newTimer,tid=24967
03-05 19:55:19.516   291  6882 I Node    : dolby-audio-meter, AdapterPcmSystem adapter audio meter: channel 0; audio level: 0.000
03-05 19:55:19.516   291  6882 I Node    : dolby-audio-meter, AdapterPcmSystem adapter audio meter: channel 1; audio level: 0.000
03-05 19:55:19.516   291  6882 I RendererNode: dolby-audio-meter, Renderer renderer audio meter: channel 0; audio level: 0.060
03-05 19:55:19.516   291  6882 I RendererNode: dolby-audio-meter, Renderer renderer audio meter: channel 1; audio level: 0.068
03-05 19:55:19.516   291  6882 I RendererNode: dolby-audio-meter, Renderer renderer audio meter: channel 2; audio level: 0.000
03-05 19:55:19.516   291  6882 I RendererNode: dolby-audio-meter, Renderer renderer audio meter: channel 3; audio level: 0.000
03-05 19:55:19.516   291  6882 I RendererNode: dolby-audio-meter, Renderer renderer audio meter: channel 4; audio level: 0.000
03-05 19:55:19.516   291  6882 I RendererNode: dolby-audio-meter, Renderer renderer audio meter: channel 5; audio level: 0.000
03-05 19:55:19.516   291  6882 I Node    : dolby-audio-meter, AdapterPcmOut adapter audio meter: channel 0; audio level: 0.000
03-05 19:55:19.516   291  6882 I Node    : dolby-audio-meter, AdapterPcmOut adapter audio meter: channel 1; audio level: 0.000
03-05 19:55:19.828  1444 24980 W whad    : TimerManager:newTimer:blocked,mutex=mMutex,func=TimerManager:newTimer,tid=24967
03-05 19:55:20.025  1444 24978 W whad    : TimerManager:newTimer:blocked,mutex=mMutex,func=TimerManager:newTimer,tid=24967
03-05 19:55:20.828  1444 24980 W whad    : TimerManager:newTimer:blocked,mutex=mMutex,func=TimerManager:newTimer,tid=24967
03-05 19:55:21.025  1444 24978 W whad    : TimerManager:newTimer:blocked,mutex=mMutex,func=TimerManager:newTimer,tid=24967
03-05 19:55:21.828  1444 24980 W whad    : TimerManager:newTimer:blocked,mutex=mMutex,func=TimerManager:newTimer,tid=24967
03-05 19:55:22.025  1444 24978 W whad    : TimerManager:newTimer:blocked,mutex=mMutex,func=TimerManager:newTimer,tid=24967
03-05 19:55:22.828  1444 24980 W whad    : TimerManager:newTimer:blocked,mutex=mMutex,func=TimerManager:newTimer,tid=24967
03-05 19:55:23.025  1444 24978 W whad    : TimerManager:newTimer:blocked,mutex=mMutex,func=TimerManager:newTimer,tid=24967
03-05 19:55:23.828  1444 24980 W whad    : TimerManager:newTimer:blocked,mutex=mMutex,func=TimerManager:newTimer,tid=24967
03-05 19:55:24.025  1444 24978 W whad    : TimerManager:newTimer:blocked,mutex=mMutex,func=TimerManager:newTimer,tid=24967
03-05 19:55:24.829  1444 24980 W whad    : TimerManager:newTimer:blocked,mutex=mMutex,func=TimerManager:newTimer,tid=24967
03-05 19:55:25.025  1444 24978 W whad    : TimerManager:newTimer:blocked,mutex=mMutex,func=TimerManager:newTimer,tid=24967
03-05 19:55:25.829  1444 24980 W whad    : TimerManager:newTimer:blocked,mutex=mMutex,func=TimerManager:newTimer,tid=24967
03-05 19:55:26.026  1444 24978 W whad    : TimerManager:newTimer:blocked,mutex=mMutex,func=TimerManager:newTimer,tid=24967
03-05 19:55:26.829  1444 24980 W whad    : TimerManager:newTimer:blocked,mutex=mMutex,func=TimerManager:newTimer,tid=24967
03-05 19:55:27.026  1444 24978 W whad    : TimerManager:newTimer:blocked,mutex=mMutex,func=TimerManager:newTimer,tid=24967
03-05 19:55:27.829  1444 24980 W whad    : TimerManager:newTimer:blocked,mutex=mMutex,func=TimerManager:newTimer,tid=24967
03-05 19:55:28.026  1444 24978 W whad    : TimerManager:newTimer:blocked,mutex=mMutex,func=TimerManager:newTimer,tid=24967
03-05 19:55:28.829  1444 24980 W whad    : TimerManager:newTimer:blocked,mutex=mMutex,func=TimerManager:newTimer,tid=24967
03-05 19:55:29.026  1444 24978 W whad    : TimerManager:newTimer:blocked,mutex=mMutex,func=TimerManager:newTimer,tid=24967
03-05 19:55:29.532   291  6882 I Node    : dolby-audio-meter, AdapterPcmSystem adapter audio meter: channel 0; audio level: 0.000
03-05 19:55:29.532   291  6882 I Node    : dolby-audio-meter, AdapterPcmSystem adapter audio meter: channel 1; audio level: 0.000
03-05 19:55:29.532   291  6882 I RendererNode: dolby-audio-meter, Renderer renderer audio meter: channel 0; audio level: 0.060
03-05 19:55:29.532   291  6882 I RendererNode: dolby-audio-meter, Renderer renderer audio meter: channel 1; audio level: 0.068
03-05 19:55:29.532   291  6882 I RendererNode: dolby-audio-meter, Renderer renderer audio meter: channel 2; audio level: 0.000
03-05 19:55:29.532   291  6882 I RendererNode: dolby-audio-meter, Renderer renderer audio meter: channel 3; audio level: 0.000
03-05 19:55:29.532   291  6882 I RendererNode: dolby-audio-meter, Renderer renderer audio meter: channel 4; audio level: 0.000
03-05 19:55:29.532   291  6882 I RendererNode: dolby-audio-meter, Renderer renderer audio meter: channel 5; audio level: 0.000
03-05 19:55:29.532   291  6882 I Node    : dolby-audio-meter, AdapterPcmOut adapter audio meter: channel 0; audio level: 0.000
03-05 19:55:29.532   291  6882 I Node    : dolby-audio-meter, AdapterPcmOut adapter audio meter: channel 1; audio level: 0.000
03-05 19:55:29.829  1444 24980 W whad    : TimerManager:newTimer:blocked,mutex=mMutex,func=TimerManager:newTimer,tid=24967
03-05 19:55:30.026  1444 24978 W whad    : TimerManager:newTimer:blocked,mutex=mMutex,func=TimerManager:newTimer,tid=24967
03-05 19:55:30.830  1444 24980 W whad    : TimerManager:newTimer:blocked,mutex=mMutex,func=TimerManager:newTimer,tid=24967
03-05 19:55:31.026  1444 24978 W whad    : TimerManager:newTimer:blocked,mutex=mMutex,func=TimerManager:newTimer,tid=24967
03-05 19:55:31.830  1444 24980 W whad    : TimerManager:newTimer:blocked,mutex=mMutex,func=TimerManager:newTimer,tid=24967
03-05 19:55:32.027  1444 24978 W whad    : TimerManager:newTimer:blocked,mutex=mMutex,func=TimerManager:newTimer,tid=24967
03-05 19:55:32.446 21003 21003 I Choreographer: Skipped 3055 frames!  The application may be doing too much work on its main thread.
03-05 19:55:32.830  1444 24980 W whad    : TimerManager:newTimer:blocked,mutex=mMutex,func=TimerManager:newTimer,tid=24967
03-05 19:55:33.027  1444 24978 W whad    : TimerManager:newTimer:blocked,mutex=mMutex,func=TimerManager:newTimer,tid=24967
03-05 19:55:33.830  1444 24980 W whad    : TimerManager:newTimer:blocked,mutex=mMutex,func=TimerManager:newTimer,tid=24967
03-05 19:55:34.027  1444 24978 W whad    : TimerManager:newTimer:blocked,mutex=mMutex,func=TimerManager:newTimer,tid=24967
03-05 19:55:34.830  1444 24980 W whad    : TimerManager:newTimer:blocked,mutex=mMutex,func=TimerManager:newTimer,tid=24967
03-05 19:55:35.027  1444 24978 W whad    : TimerManager:newTimer:blocked,mutex=mMutex,func=TimerManager:newTimer,tid=24967
03-05 19:55:35.830  1444 24980 W whad    : TimerManager:newTimer:blocked,mutex=mMutex,func=TimerManager:newTimer,tid=24967
03-05 19:55:36.027  1444 24978 W whad    : TimerManager:newTimer:blocked,mutex=mMutex,func=TimerManager:newTimer,tid=24967
03-05 19:55:36.831  1444 24980 W whad    : TimerManager:newTimer:blocked,mutex=mMutex,func=TimerManager:newTimer,tid=24967
03-05 19:55:37.027  1444 24978 W whad    : TimerManager:newTimer:blocked,mutex=mMutex,func=TimerManager:newTimer,tid=24967
03-05 19:55:37.831  1444 24980 W whad    : TimerManager:newTimer:blocked,mutex=mMutex,func=TimerManager:newTimer,tid=24967
03-05 19:55:38.028  1444 24978 W whad    : TimerManager:newTimer:blocked,mutex=mMutex,func=TimerManager:newTimer,tid=24967
03-05 19:55:38.831  1444 24980 W whad    : TimerManager:newTimer:blocked,mutex=mMutex,func=TimerManager:newTimer,tid=24967
03-05 19:55:39.028  1444 24978 W whad    : TimerManager:newTimer:blocked,mutex=mMutex,func=TimerManager:newTimer,tid=24967
03-05 19:55:39.548   291  6882 I Node    : dolby-audio-meter, AdapterPcmSystem adapter audio meter: channel 0; audio level: 0.000
03-05 19:55:39.548   291  6882 I Node    : dolby-audio-meter, AdapterPcmSystem adapter audio meter: channel 1; audio level: 0.000
03-05 19:55:39.548   291  6882 I RendererNode: dolby-audio-meter, Renderer renderer audio meter: channel 0; audio level: 0.060
03-05 19:55:39.548   291  6882 I RendererNode: dolby-audio-meter, Renderer renderer audio meter: channel 1; audio level: 0.068
03-05 19:55:39.548   291  6882 I RendererNode: dolby-audio-meter, Renderer renderer audio meter: channel 2; audio level: 0.000
03-05 19:55:39.548   291  6882 I RendererNode: dolby-audio-meter, Renderer renderer audio meter: channel 3; audio level: 0.000
03-05 19:55:39.548   291  6882 I RendererNode: dolby-audio-meter, Renderer renderer audio meter: channel 4; audio level: 0.000
03-05 19:55:39.548   291  6882 I RendererNode: dolby-audio-meter, Renderer renderer audio meter: channel 5; audio level: 0.000
03-05 19:55:39.548   291  6882 I Node    : dolby-audio-meter, AdapterPcmOut adapter audio meter: channel 0; audio level: 0.000
03-05 19:55:39.548   291  6882 I Node    : dolby-audio-meter, AdapterPcmOut adapter audio meter: channel 1; audio level: 0.000
03-05 19:55:39.831  1444 24980 W whad    : TimerManager:newTimer:blocked,mutex=mMutex,func=TimerManager:newTimer,tid=24967
03-05 19:55:40.028  1444 24978 W whad    : TimerManager:newTimer:blocked,mutex=mMutex,func=TimerManager:newTimer,tid=24967
03-05 19:55:40.831  1444 24980 W whad    : TimerManager:newTimer:blocked,mutex=mMutex,func=TimerManager:newTimer,tid=24967
03-05 19:55:41.029  1444 24978 W whad    : TimerManager:newTimer:blocked,mutex=mMutex,func=TimerManager:newTimer,tid=24967
03-05 19:55:41.831  1444 24980 W whad    : TimerManager:newTimer:blocked,mutex=mMutex,func=TimerManager:newTimer,tid=24967
03-05 19:55:42.029  1444 24978 W whad    : TimerManager:newTimer:blocked,mutex=mMutex,func=TimerManager:newTimer,tid=24967
03-05 19:55:42.832  1444 24980 W whad    : TimerManager:newTimer:blocked,mutex=mMutex,func=TimerManager:newTimer,tid=24967
03-05 19:55:43.029  1444 24978 W whad    : TimerManager:newTimer:blocked,mutex=mMutex,func=TimerManager:newTimer,tid=24967
03-05 19:55:43.832  1444 24980 W whad    : TimerManager:newTimer:blocked,mutex=mMutex,func=TimerManager:newTimer,tid=24967
03-05 19:55:44.029  1444 24978 W whad    : TimerManager:newTimer:blocked,mutex=mMutex,func=TimerManager:newTimer,tid=24967
03-05 19:55:44.832  1444 24980 W whad    : TimerManager:newTimer:blocked,mutex=mMutex,func=TimerManager:newTimer,tid=24967
03-05 19:55:45.029  1444 24978 W whad    : TimerManager:newTimer:blocked,mutex=mMutex,func=TimerManager:newTimer,tid=24967
03-05 19:55:45.832  1444 24980 W whad    : TimerManager:newTimer:blocked,mutex=mMutex,func=TimerManager:newTimer,tid=24967
03-05 19:55:46.029  1444 24978 W whad    : TimerManager:newTimer:blocked,mutex=mMutex,func=TimerManager:newTimer,tid=24967
03-05 19:55:46.832  1444 24980 W whad    : TimerManager:newTimer:blocked,mutex=mMutex,func=TimerManager:newTimer,tid=24967
03-05 19:55:47.030  1444 24978 W whad    : TimerManager:newTimer:blocked,mutex=mMutex,func=TimerManager:newTimer,tid=24967
03-05 19:55:47.832  1444 24980 W whad    : TimerManager:newTimer:blocked,mutex=mMutex,func=TimerManager:newTimer,tid=24967
03-05 19:55:48.030  1444 24978 W whad    : TimerManager:newTimer:blocked,mutex=mMutex,func=TimerManager:newTimer,tid=24967
03-05 19:55:48.833  1444 24980 W whad    : TimerManager:newTimer:blocked,mutex=mMutex,func=TimerManager:newTimer,tid=24967
03-05 19:55:49.030  1444 24978 W whad    : TimerManager:newTimer:blocked,mutex=mMutex,func=TimerManager:newTimer,tid=24967
03-05 19:55:49.564   291  6882 I Node    : dolby-audio-meter, AdapterPcmSystem adapter audio meter: channel 0; audio level: 0.000
03-05 19:55:49.564   291  6882 I Node    : dolby-audio-meter, AdapterPcmSystem adapter audio meter: channel 1; audio level: 0.000
03-05 19:55:49.564   291  6882 I RendererNode: dolby-audio-meter, Renderer renderer audio meter: channel 0; audio level: 0.060
03-05 19:55:49.564   291  6882 I RendererNode: dolby-audio-meter, Renderer renderer audio meter: channel 1; audio level: 0.068
03-05 19:55:49.564   291  6882 I RendererNode: dolby-audio-meter, Renderer renderer audio meter: channel 2; audio level: 0.000
03-05 19:55:49.564   291  6882 I RendererNode: dolby-audio-meter, Renderer renderer audio meter: channel 3; audio level: 0.000
03-05 19:55:49.564   291  6882 I RendererNode: dolby-audio-meter, Renderer renderer audio meter: channel 4; audio level: 0.000
03-05 19:55:49.564   291  6882 I RendererNode: dolby-audio-meter, Renderer renderer audio meter: channel 5; audio level: 0.000
03-05 19:55:49.564   291  6882 I Node    : dolby-audio-meter, AdapterPcmOut adapter audio meter: channel 0; audio level: 0.000
03-05 19:55:49.564   291  6882 I Node    : dolby-audio-meter, AdapterPcmOut adapter audio meter: channel 1; audio level: 0.000
03-05 19:55:49.833  1444 24980 W whad    : TimerManager:newTimer:blocked,mutex=mMutex,func=TimerManager:newTimer,tid=24967
03-05 19:55:50.030  1444 24978 W whad    : TimerManager:newTimer:blocked,mutex=mMutex,func=TimerManager:newTimer,tid=24967
03-05 19:55:50.833  1444 24980 W whad    : TimerManager:newTimer:blocked,mutex=mMutex,func=TimerManager:newTimer,tid=24967
03-05 19:55:51.016  1395 25315 I com.amazon.vizzini/mo: Using the FireOSPlatformDCPMetricsCollector
03-05 19:55:51.030  1444 24978 W whad    : TimerManager:newTimer:blocked,mutex=mMutex,func=TimerManager:newTimer,tid=24967
03-05 19:55:51.833  1444 24980 W whad    : TimerManager:newTimer:blocked,mutex=mMutex,func=TimerManager:newTimer,tid=24967
03-05 19:55:52.030  1444 24978 W whad    : TimerManager:newTimer:blocked,mutex=mMutex,func=TimerManager:newTimer,tid=24967
03-05 19:55:52.804  1444  2527 I whad    : DeviceClusterManager:onHeartBeatTimeout:reason=timeout, id=XX0RV9
03-05 19:55:52.804  1444  2527 I whad    : DeviceClusterManager:onHeartBeatTimeout:reason=ManagerIsDead, uniqueId=XX0RV9
03-05 19:55:52.804  1444 24979 I whad    : HttpServerLibevent:handleHttpResponse:cmd=testVisibility,xmit=2944913627,recv=2944965520,delta=51893,tss=amzn1.alexa.wha.ec785fc8-ddf0-4b1d-b895-0f5d7841b11c#0QS8,senderId=XX0QS8,tssStale=false
03-05 19:55:52.833  1444 24980 W whad    : TimerManager:newTimer:blocked,mutex=mMutex,func=TimerManager:newTimer,tid=24967
03-05 19:55:53.031  1444 24978 W whad    : TimerManager:newTimer:blocked,mutex=mMutex,func=TimerManager:newTimer,tid=24967
03-05 19:55:53.072 21003 23805 I BuellerApplication: Kick off Launcher idle task
03-05 19:55:53.708 21003 23805 I MediaBrowseDatabaseCach: Trim method beginning.  3752 initial rows.
03-05 19:55:53.804  1444 24979 W whad    : TimerManager:newTimer:blocked,mutex=mMutex,func=TimerManager:newTimer,tid=24967
03-05 19:55:53.833  1444 24980 W whad    : TimerManager:newTimer:blocked,mutex=mMutex,func=TimerManager:newTimer,tid=24967
03-05 19:55:53.921 21003 23805 W CursorWindow: Window is full: requested allocation 96 bytes, free space 44 bytes, window size 2097152 bytes
03-05 19:55:54.031  1444 24978 W whad    : TimerManager:newTimer:blocked,mutex=mMutex,func=TimerManager:newTimer,tid=24967
03-05 19:55:54.035 21003 23805 I MediaBrowseDatabaseCach: Trim method deleted 2 of 3752 initial rows. row to delete 2
03-05 19:55:54.038   617   939 E TimeDeltaAnrList: addTraceStartTime: failed to find PID for trace start time, PID: 617
03-05 19:55:54.043 21003 23805 I ImageCacheV2: Disk cleanup requested
03-05 19:55:54.127   617   677 E ConnectivityService: RemoteException caught trying to send a callback msg for NetworkRequest [ LISTEN id=962, [ Capabilities: NOT_RESTRICTED&TRUSTED&NOT_VPN] ]
03-05 19:55:54.129  1395  1465 W ClientConnectionManager: Binder of SimClient has died
03-05 19:55:54.129  1395  2711 W ClientConnectionManager: Binder of SimClient has died
03-05 19:55:54.129  1395  1465 I BaseContextManager: Clearing DeviceContext for client: com.amazon.alexa.externalmediaplayer.fireos
03-05 19:55:54.131  1395  2711 I AlexaFocusClientDeathCallback: Client (com.amazon.alexa.externalmediaplayer.fireos) died
03-05 19:55:54.131  1395  2711 I AlexaFocusInFocusChannel: Releasing all system focus for com.amazon.alexa.externalmediaplayer.fireos with client 1879409
03-05 19:55:54.131  1395  2711 I AlexaFocusInFocusChannel: No system focus to release for com.amazon.alexa.externalmediaplayer.fireos with client 1879409
03-05 19:55:54.144  1444 24980 I whad    : DeviceClusterManager:onHeartBeat:seq=46,xmit=2944922331078287,recv=2944922542498884,uniqueId=XX0RV9,highNetworkLatency=1
03-05 19:55:54.144  1444 24978 I whad    : DeviceClusterManager:onHeartBeat:seq=45,xmit=2944912322588396,recv=2944916738413141,uniqueId=XX0RV9,highNetworkLatency=1
03-05 19:55:54.149  1395 24992 I SPCH-Cont_HealthLogger: Current State = {"ProfileType":"ADULT","ProfileValidated":"true","Gateway":"avs-alexa-18-na.amazon.com:443","memoryLow":"false","ReleaseVersion":"655.1.3","AlexaLegalTermsAccepted":"true","memoryAvailable":"991207424","SupportsFarField":"false","RemoteSettingsStrategy":"VizArcus","memoryTotalPss":"48426","DeviceFamily":"SMP","memoryTotalSharedDirty":"2416","str.auto_wake_up_always":"0","OOBECompleted":"true","AppVersion":"3.0.16038.0","AlexaCaptionsSupported":"true","memoryTotalPrivateDirty":"23487","AlexaShortcutsEnabled":"{\"all\": true, \"runtime\": true, \"locale\": true, \"isChild\": false}","Account":"valid","ConnectionState":"CONNECTED","AlexaCaptionsEnabled":"false","AlexaExperience":"FULL"}
03-05 19:55:54.238   617   939 I Process : Sending signal. PID: 617 SIG: 3
03-05 19:55:54.239   617   622 I art     : Thread[2,tid=622,WaitingInMainSignalCatcherLoop,Thread*=0xa338c000,peer=0x12c010d0,"Signal Catcher"]: reacting to signal 3
03-05 19:55:54.239   617   622 I art     : 
03-05 19:55:54.253  1444 24996 I whad    : HttpServerLibevent:handleHttpResponse:cmd=testVisibility,xmit=2944933736,recv=2944966969,delta=33233,tss=amzn1.alexa.wha.ec785fc8-ddf0-4b1d-b895-0f5d7841b11c#0QS8,senderId=XX0QS8,tssStale=false
03-05 19:55:54.266  1444 24995 I whad    : DeviceClusterManager:onHeartBeat:seq=47,xmit=2944932322072101,recv=2944966981917112,uniqueId=XX0RV9,highNetworkLatency=1
03-05 19:55:54.278  1444 24993 I whad    : DeviceCluster:onDeathNotification:removingDeadDevice,deviceId=XX0RV9,clusterId=7f6176280bf04b98a79b0584c42c07c3
03-05 19:55:54.282   617   622 W art     : Suspending all threads took: 5.075ms
03-05 19:55:54.284  1444 24993 I whad    : DeviceCluster:onDeathNotification:removingDeadDevice,deviceId=XX0RV9,clusterId=6571169d161e4c79b465b64470321971
03-05 19:55:54.286 23669 23669 I flutter : ❌ [ERROR] ❌ TMDB: Erro ao buscar detalhes do ID 401544: TimeoutException after 0:00:08.000000: Future not completed
03-05 19:55:54.287 23669 23669 I flutter : ❌ [ERROR] ❌ TMDB: Erro na busca sem ano: TimeoutException after 0:00:08.000000: Future not completed
03-05 19:55:54.287 23669 23669 I flutter : Warning database has been locked for 0:00:10.000000. Make sure you always use the transaction object for database operations during a transaction
03-05 19:55:54.287 23669 23669 I flutter : Warning database has been locked for 0:00:10.000000. Make sure you always use the transaction object for database operations during a transaction
03-05 19:55:54.287 23669 23669 I flutter : Warning database has been locked for 0:00:10.000000. Make sure you always use the transaction object for database operations during a transaction
03-05 19:55:54.287 23669 23669 I flutter : Warning database has been locked for 0:00:10.000000. Make sure you always use the transaction object for database operations during a transaction
03-05 19:55:54.287 23669 23669 I flutter : Warning database has been locked for 0:00:10.000000. Make sure you always use the transaction object for database operations during a transaction
03-05 19:55:54.287 23669 23669 I flutter : Warning database has been locked for 0:00:10.000000. Make sure you always use the transaction object for database operations during a transaction
03-05 19:55:54.287 23669 23669 I flutter : Warning database has been locked for 0:00:10.000000. Make sure you always use the transaction object for database operations during a transaction
03-05 19:55:54.287 23669 23669 I flutter : Warning database has been locked for 0:00:10.000000. Make sure you always use the transaction object for database operations during a transaction
03-05 19:55:54.287 23669 23669 I flutter : Warning database has been locked for 0:00:10.000000. Make sure you always use the transaction object for database operations during a transaction
03-05 19:55:54.287 23669 23669 I flutter : Warning database has been locked for 0:00:10.000000. Make sure you always use the transaction object for database operations during a transaction
03-05 19:55:54.288 23669 23669 I Choreographer: Skipped 2165 frames!  The application may be doing too much work on its main thread.
03-05 19:55:54.298   617   617 W ActivityManager: Slow operation: 85071ms so far, now at startProcess: returned from zygote!
03-05 19:55:54.298   617   617 W ActivityManager: Slow operation: 85071ms so far, now at startProcess: done updating battery stats
03-05 19:55:54.299   617   617 W ActivityManager: Slow operation: 85071ms so far, now at startProcess: building log message
03-05 19:55:54.299   617   617 I ActivityManager: Start proc 24998:com.amazon.venezia/u0a155 for service com.amazon.venezia/com.amazon.juggler.settings.sync.SyncToDeviceJob
03-05 19:55:54.299   617   617 W ActivityManager: Slow operation: 85071ms so far, now at startProcess: starting to update pids map
03-05 19:55:54.299   617   617 W ActivityManager: Slow operation: 85072ms so far, now at startProcess: done updating pids map
03-05 19:55:54.299   617   617 W ActivityManager: Slow operation: 85074ms so far, now at startProcess: done starting proc!
03-05 19:55:54.301   249   249 E lowmemorykiller: Error opening /proc/23456/oom_score_adj; errno=2
03-05 19:55:54.302   249   249 E lowmemorykiller: Error opening /proc/23321/oom_score_adj; errno=2
03-05 19:55:54.310  1444  2547 I whad    : AsynchWorkManager:handleDCMQueueItem:reason=Item,type=DeviceClusterStateChanged
03-05 19:55:54.310  1444  2547 I whad    : AndroidOSInterface:recordMinervaMetric:Recorded 'my5ibojg' 'yl6k/2/01330400'
03-05 19:55:54.312  1444  2547 I whad    : TimeSyncManager:onDomainMembersChanged:reason=deviceIsTimeSyncServer
03-05 19:55:54.312  1444  2547 I whad    : TimeSyncClient:stop:stopping client thread
03-05 19:55:54.317  1444 23093 I whad    : TimeSyncClient:clientThread:reason=exiting,remote=XX0QS8:55444
03-05 19:55:54.318  1444  2547 I whad    : DeviceClusterManager:updateLocalClusterStates:New bonded cluster: 0
03-05 19:55:54.318  1444  2547 I whad    : DeviceCluster:isHDSupported:All devices in cluster have HD capability, clusterId=
03-05 19:55:54.321  1444 25018 I whad    : TimeSyncServer:wakeLockThread:reason=starting
03-05 19:55:54.322  1444 25017 I whad    : TimeSyncServer:serverThread:reason=listening,port=55444
03-05 19:55:54.324  1444  2547 I WhadWrapper: whadAudioSourceDeviceChanged sending the latest ASD info. isASD:true
03-05 19:55:54.329  1444  2547 I WhadWrapper: sendExplicitBroadcast, broadcast sent to all manifest receivers
03-05 19:55:54.330  1444  2547 W WhadWrapper: sendExplicitBroadcast, action unneeded for vizzini; not sending
03-05 19:55:54.330  1444  2547 I whad    : AndroidOSInterface:onLocalClusterChanged:My cluster id changed to be 
03-05 19:55:54.330   617   630 W ProcessCpuTracker: Skipping unknown process pid 24937
03-05 19:55:54.331   617   630 W ProcessCpuTracker: Skipping unknown process pid 24938
03-05 19:55:54.332   617   630 W ProcessCpuTracker: Skipping unknown process pid 24939
03-05 19:55:54.334  1444  2547 I WhadWrapper: ClusterChanged id: [], name: [[REDACTED]], type [SINGLETON_CLUSTER]
03-05 19:55:54.335  1444  2547 I WhadWrapper: sendExplicitBroadcast, broadcast sent to all manifest receivers
03-05 19:55:54.336   617   629 W IMGMemtrackHAL: hal_get_memory: memtrack cache rebuild was required
03-05 19:55:54.336  1444  2547 W WhadWrapper: sendExplicitBroadcast, action unneeded for vizzini; not sending
03-05 19:55:54.336  1444  2547 I whad    : DeviceCluster:updateSpeakerForClusterLocked:currentSpeakerForCluster=XX0QS8,clusterId=6571169d161e4c79b465b64470321971
03-05 19:55:54.337  1444  2547 I whad    : DeviceCluster:isHDSupported:All devices in cluster have HD capability, clusterId=6571169d161e4c79b465b64470321971
03-05 19:55:54.339   892 25019 I ...imp/TokenJobQueue[0]: Begin executing task GetToken:com.amazon.vizzini/com.amazon.dcp.sso.token.oauth.amazon.access_token
03-05 19:55:54.340   892 25019 I ...imp/TokenJobQueue[0]: Scheduled running concurrent job GetToken:com.amazon.vizzini/com.amazon.dcp.sso.token.oauth.amazon.access_token.
03-05 19:55:54.342   617   617 W ActivityManager: Application dead when creating service ServiceRecord{c8764d1 u0 com.amazon.tv.csapp/.services.RCMPeriodicSyncService}
03-05 19:55:54.342   617   617 I ActivityManager: Process com.amazon.tv.csapp (pid 23456) has died
03-05 19:55:54.347   892 25022 I ...nformationQueryer[0]: Populate change for remote MAP info.
03-05 19:55:54.347   892 25022 I ...nformationQueryer[0]: CacheContainsPartialResults? true
03-05 19:55:54.352   617   617 W ActivityManager: Scheduling restart of crashed service com.amazon.tv.csapp/.services.RCMPeriodicSyncService in 2000ms
03-05 19:55:54.358   892 25022 I ...imp/TokenJobQueue[0]: Finish executing task GetToken:com.amazon.vizzini/com.amazon.dcp.sso.token.oauth.amazon.access_token.
03-05 19:55:54.435   617   617 W ActivityManager: Exception when starting service com.amazon.tv.csapp/.services.RCMPeriodicSyncService
03-05 19:55:54.435   617   617 W ActivityManager: android.os.DeadObjectException
03-05 19:55:54.435   617   617 W ActivityManager: 	at android.os.BinderProxy.transactNative(Native Method)
03-05 19:55:54.435   617   617 W ActivityManager: 	at android.os.BinderProxy.transact(Binder.java:617)
03-05 19:55:54.435   617   617 W ActivityManager: 	at android.app.ApplicationThreadProxy.scheduleCreateService(ApplicationThreadNative.java:988)
03-05 19:55:54.435   617   617 W ActivityManager: 	at com.android.server.am.ActiveServices.realStartServiceLocked(ActiveServices.java:1890)
03-05 19:55:54.435   617   617 W ActivityManager: 	at com.android.server.am.ActiveServices.bringUpServiceLocked(ActiveServices.java:1777)
03-05 19:55:54.435   617   617 W ActivityManager: 	at com.android.server.am.ActiveServices.bindServiceLocked(ActiveServices.java:1058)
03-05 19:55:54.435   617   617 W ActivityManager: 	at com.android.server.am.ActivityManagerService.bindService(ActivityManagerService.java:17693)
03-05 19:55:54.435   617   617 W ActivityManager: 	at android.app.ContextImpl.bindServiceCommon(ContextImpl.java:1492)
03-05 19:55:54.435   617   617 W ActivityManager: 	at android.app.ContextImpl.bindServiceAsUser(ContextImpl.java:1459)
03-05 19:55:54.435   617   617 W ActivityManager: 	at com.android.server.job.JobServiceContext.executeRunnableJob(JobServiceContext.java:195)
03-05 19:55:54.435   617   617 W ActivityManager: 	at com.android.server.job.JobSchedulerService.assignJobsToContextsLocked(JobSchedulerService.java:1527)
03-05 19:55:54.435   617   617 W ActivityManager: 	at com.android.server.job.JobSchedulerService.-wrap3(JobSchedulerService.java)
03-05 19:55:54.435   617   617 W ActivityManager: 	at com.android.server.job.JobSchedulerService$JobHandler.maybeRunPendingJobsH(JobSchedulerService.java:1358)
03-05 19:55:54.435   617   617 W ActivityManager: 	at com.android.server.job.JobSchedulerService$JobHandler.handleMessage(JobSchedulerService.java:1144)
03-05 19:55:54.435   617   617 W ActivityManager: 	at android.os.Handler.dispatchMessage(Handler.java:102)
03-05 19:55:54.435   617   617 W ActivityManager: 	at android.os.Looper.loop(Looper.java:154)
03-05 19:55:54.435   617   617 W ActivityManager: 	at com.android.server.SystemServer.run(SystemServer.java:367)
03-05 19:55:54.435   617   617 W ActivityManager: 	at com.android.server.SystemServer.main(SystemServer.java:234)
03-05 19:55:54.435   617   617 W ActivityManager: 	at java.lang.reflect.Method.invoke(Native Method)
03-05 19:55:54.435   617   617 W ActivityManager: 	at com.android.internal.os.ZygoteInit$MethodAndArgsCaller.run(ZygoteInit.java:911)
03-05 19:55:54.435   617   617 W ActivityManager: 	at com.android.internal.os.ZygoteInit.main(ZygoteInit.java:801)
03-05 19:55:54.436   617   660 I InputDispatcher: Window 'Window{4017bbb u0 com.example.clickflix/com.example.clickflix.MainActivity}' spent 88273.2ms processing the last input event: KeyEvent
03-05 19:55:54.436   617   660 I InputDispatcher: Dropped event because it is stale.
03-05 19:55:54.436   617   660 I InputDispatcher: Dropped event because it is stale.
03-05 19:55:54.438 24859 24859 I art     : Starting a blocking GC AddRemoveAppImageSpace
03-05 19:55:54.438   617  6124 W ActivityManager: Spurious death for ProcessRecord{1f9fd3b 0:com.amazon.tv.csapp/u0a135}, curProc for 23456: null
03-05 19:55:54.438   617   660 I InputDispatcher: Dropped event because it is stale.
03-05 19:55:54.438   617  1258 I ActivityManager: Process com.android.providers.downloads (pid 22044) has died
03-05 19:55:54.438   617  1860 W AmazonKeyEventLogging: remote_perf key event latency detected [Source: interceptKeyBeforeDispatching, KeyCode: KEYCODE_XXXX, IsDown: 1, Repeat: 0, EventTime: 255319862, Latency: 87832, DeviceId: 13, AppPackage: system_server]
03-05 19:55:54.438   617   660 I InputDispatcher: Dropped event because it is stale.
03-05 19:55:54.439   617   660 I InputDispatcher: Dropped event because it is stale.
03-05 19:55:54.439   617  1860 W AmazonKeyEventLogging: remote_perf key event latency detected [Source: interceptKeyBeforeDispatching, KeyCode: KEYCODE_XXXX, IsDown: 1, Repeat: 0, EventTime: 255320202, Latency: 87494, DeviceId: 13, AppPackage: system_server]
03-05 19:55:54.439   617  1860 W AmazonKeyEventLogging: remote_perf key event latency detected [Source: interceptKeyBeforeDispatching, KeyCode: KEYCODE_XXXX, IsDown: 0, Repeat: 0, EventTime: 255320358, Latency: 87338, DeviceId: 13, AppPackage: system_server]
03-05 19:55:54.440   617  1860 W AmazonKeyEventLogging: remote_perf key event latency detected [Source: interceptKeyBeforeDispatching, KeyCode: KEYCODE_XXXX, IsDown: 0, Repeat: 0, EventTime: 255320358, Latency: 87338, DeviceId: 13, AppPackage: system_server]
03-05 19:55:54.441   617  7558 I ActivityManager: Process com.amazon.alexa.externalmediaplayer.fireos (pid 21055) has died
03-05 19:55:54.442   617   660 I InputDispatcher: Dropped event because it is stale.
03-05 19:55:54.442   617   660 I InputDispatcher: Dropped event because it is stale.
03-05 19:55:54.442   617  1860 W AmazonKeyEventLogging: remote_perf key event latency detected [Source: interceptKeyBeforeDispatching, KeyCode: KEYCODE_XXXX, IsDown: 1, Repeat: 0, EventTime: 255320982, Latency: 86718, DeviceId: 13, AppPackage: system_server]
03-05 19:55:54.442   617  7558 W ActivityManager: Scheduling restart of crashed service com.amazon.alexa.externalmediaplayer.fireos/com.amazon.alexa.externalmediaplayeragent.ExternalMediaPlayerAgentService in 11910ms
03-05 19:55:54.443   617  1860 W AmazonKeyEventLogging: remote_perf key event latency detected [Source: interceptKeyBeforeDispatching, KeyCode: KEYCODE_XXXX, IsDown: 0, Repeat: 0, EventTime: 255321183, Latency: 86517, DeviceId: 13, AppPackage: system_server]
03-05 19:55:54.443   617   660 I InputDispatcher: Dropped event because it is stale.
03-05 19:55:54.443   617   660 I InputDispatcher: Dropped event because it is stale.
03-05 19:55:54.443   617  1860 W AmazonKeyEventLogging: remote_perf key event latency detected [Source: interceptKeyBeforeDispatching, KeyCode: KEYCODE_XXXX, IsDown: 1, Repeat: 0, EventTime: 255321763, Latency: 85938, DeviceId: 13, AppPackage: system_server]
03-05 19:55:54.443   617   660 I InputDispatcher: Dropped event because it is stale.
03-05 19:55:54.444   249   249 E lowmemorykiller: Error opening /proc/23321/oom_score_adj; errno=2
03-05 19:55:54.444   617  1860 W AmazonKeyEventLogging: remote_perf key event latency detected [Source: interceptKeyBeforeDispatching, KeyCode: KEYCODE_XXXX, IsDown: 1, Repeat: 0, EventTime: 255322163, Latency: 85538, DeviceId: 13, AppPackage: system_server]
03-05 19:55:54.445   617   660 I InputDispatcher: Dropped event because it is stale.
03-05 19:55:54.445   617  1860 W AmazonKeyEventLogging: remote_perf key event latency detected [Source: interceptKeyBeforeDispatching, KeyCode: KEYCODE_XXXX, IsDown: 1, Repeat: 0, EventTime: 255322163, Latency: 85538, DeviceId: 13, AppPackage: system_server]
03-05 19:55:54.445 24859 24859 W art     : Suspending all threads took: 7.499ms
03-05 19:55:54.446   617  1860 W AmazonKeyEventLogging: remote_perf key event latency detected [Source: interceptKeyBeforeDispatching, KeyCode: KEYCODE_XXXX, IsDown: 0, Repeat: 0, EventTime: 255322304, Latency: 85398, DeviceId: 13, AppPackage: system_server]
03-05 19:55:54.446   617   660 I InputDispatcher: Dropped event because it is stale.
03-05 19:55:54.446   617   660 I InputDispatcher: Dropped event because it is stale.
03-05 19:55:54.446   617  1860 W AmazonKeyEventLogging: remote_perf key event latency detected [Source: interceptKeyBeforeDispatching, KeyCode: KEYCODE_XXXX, IsDown: 1, Repeat: 0, EventTime: 255323419, Latency: 84285, DeviceId: 13, AppPackage: system_server]
03-05 19:55:54.446   617   660 I InputDispatcher: Dropped event because it is stale.
03-05 19:55:54.446   617   660 I InputDispatcher: Dropped event because it is stale.
03-05 19:55:54.447   617  1257 I ActivityManager: Process com.amazon.diode (pid 23321) has died
03-05 19:55:54.447   617  1860 W AmazonKeyEventLogging: remote_perf key event latency detected [Source: interceptKeyBeforeDispatching, KeyCode: KEYCODE_XXXX, IsDown: 0, Repeat: 0, EventTime: 255323822, Latency: 83882, DeviceId: 13, AppPackage: system_server]
03-05 19:55:54.447   617  1860 W AmazonKeyEventLogging: remote_perf key event latency detected [Source: interceptKeyBeforeDispatching, KeyCode: KEYCODE_XXXX, IsDown: 0, Repeat: 0, EventTime: 255323822, Latency: 83882, DeviceId: 13, AppPackage: system_server]
03-05 19:55:54.448   617  1860 W AmazonKeyEventLogging: remote_perf key event latency detected [Source: interceptKeyBeforeDispatching, KeyCode: KEYCODE_XXXX, IsDown: 0, Repeat: 0, EventTime: 255323822, Latency: 83882, DeviceId: 13, AppPackage: system_server]
03-05 19:55:54.450   617   660 I InputDispatcher: Dropped event because it is stale.
03-05 19:55:54.451   617   660 I InputDispatcher: Dropped event because it is stale.
03-05 19:55:54.460   617  1860 W AmazonKeyEventLogging: remote_perf key event latency detected [Source: interceptKeyBeforeDispatching, KeyCode: KEYCODE_XXXX, IsDown: 0, Repeat: 0, EventTime: 255325278, Latency: 82430, DeviceId: 13, AppPackage: system_server]
