03-03 22:29:07.816   617   633 I chatty  : uid=1000(system) batterystats-sy expire 8 lines
03-03 22:30:22.519 26748 27512 I FrameworkJumpTable: Successfully loaded all classes
03-03 22:30:22.538 26748 27512 I FrameworkJumpTable: Successfully loaded all methods
03-03 22:30:22.544 26748 27512 I FrameworkJumpTable: Successfully loaded all fields
03-03 22:30:22.545 26748 27512 I FrameworkJumpTable: Successfully loaded all constructors
03-03 22:59:32.787   617   653 I chatty  : uid=1000(system) AlarmManager expire 2 lines
03-03 23:00:28.138   617  1258 I chatty  : uid=1000(system) Binder:617_B expire 3 lines
03-03 23:01:10.259   617  5010 I chatty  : uid=1000(system) Binder:617_12 expire 4 lines
03-03 23:12:55.061   617   656 I chatty  : uid=1000(system) UEventObserver expire 5 lines
03-03 23:12:56.171   617   701 I chatty  : uid=1000(system) AmazonHdmiServi expire 9 lines
03-03 23:12:56.225   617 31279 I chatty  : uid=1000 system_server expire 1 line
03-03 23:25:19.997 32340 32340 I FrameworkJumpTable: Successfully loaded all classes
03-03 23:25:20.014 32340 32340 I FrameworkJumpTable: Successfully loaded all methods
03-03 23:25:20.017 32340 32340 I FrameworkJumpTable: Successfully loaded all fields
03-03 23:25:20.018 32340 32340 I FrameworkJumpTable: Successfully loaded all constructors
03-03 23:29:34.587   617   617 I chatty  : uid=1000 system_server expire 11 lines
03-03 23:30:33.993   617   666 I chatty  : uid=1000(system) NetworkStats expire 1 line
03-03 23:35:47.179   617   640 I chatty  : uid=1000(system) CpuTracker expire 3 lines
03-03 23:39:32.406  1551  1551 I FrameworkJumpTable: Successfully loaded all classes
03-03 23:39:32.424  1551  1551 I FrameworkJumpTable: Successfully loaded all methods
03-03 23:39:32.428  1551  1551 I FrameworkJumpTable: Successfully loaded all fields
03-03 23:39:32.428  1551  1551 I FrameworkJumpTable: Successfully loaded all constructors
03-03 23:39:34.017  1551  1551 I AmazonHdmiServiceManager: AmazonHdmiServiceManager created
03-03 23:44:02.585   483   483 I FrameworkJumpTable: Successfully loaded all classes
03-03 23:44:02.610   483   483 I FrameworkJumpTable: Successfully loaded all methods
03-03 23:44:02.615   483   483 I FrameworkJumpTable: Successfully loaded all fields
03-03 23:44:02.615   483   483 I FrameworkJumpTable: Successfully loaded all constructors
03-03 23:45:54.056   617  7591 I chatty  : uid=1000(system) Binder:617_16 expire 2 lines
03-03 23:55:48.436  3546  3546 I FrameworkJumpTable: Successfully loaded all classes
03-03 23:55:48.451  3546  3546 I FrameworkJumpTable: Successfully loaded all methods
03-03 23:55:48.452  3546  3546 I FrameworkJumpTable: Successfully loaded all fields
03-03 23:55:48.453  3546  3546 I FrameworkJumpTable: Successfully loaded all constructors
03-03 23:55:49.421  3608  3637 I FrameworkJumpTable: Successfully loaded all classes
03-03 23:55:49.444  3608  3637 I FrameworkJumpTable: Successfully loaded all methods
03-03 23:55:49.446  3608  3637 I FrameworkJumpTable: Successfully loaded all fields
03-03 23:55:49.446  3608  3637 I FrameworkJumpTable: Successfully loaded all constructors
03-03 23:55:49.626  3546  3574 E ActivityThread: Failed to find provider info for com.amazon.tv.channelscan
03-03 23:55:49.629  3546  3574 E ActivityThread: Failed to find provider info for com.amazon.tv.channelscan
03-03 23:55:49.630  3546  3574 E ActivityThread: Failed to find provider info for com.amazon.tv.channelscan
03-04 00:09:38.987   617   903 I chatty  : uid=1000(system) Binder:617_5 expire 1 line
03-04 00:14:51.611   617 31838 I chatty  : uid=1000(system) Binder:617_20 expire 1 line
03-04 00:14:52.119  5430  5430 I FrameworkJumpTable: Successfully loaded all classes
03-04 00:14:52.136  5430  5430 I FrameworkJumpTable: Successfully loaded all methods
03-04 00:14:52.144  5430  5430 I FrameworkJumpTable: Successfully loaded all fields
03-04 00:14:52.144  5430  5430 I FrameworkJumpTable: Successfully loaded all constructors
03-04 00:14:59.285   831   831 W ContextImpl: Calling a method in the system process without a qualified user: android.app.ContextImpl.sendBroadcast:921 android.content.ContextWrapper.sendBroadcast:426 com.amazon.tifobserver.LiveTvObserver.broadcastChannelListChange:157 com.amazon.tifobserver.LiveTvObserver.-wrap0:-1 com.amazon.tifobserver.LiveTvObserver$1.run:111 
03-04 00:14:59.289   831   831 W ContextImpl: Calling a method in the system process without a qualified user: android.app.ContextImpl.sendBroadcast:921 android.content.ContextWrapper.sendBroadcast:426 com.amazon.tifobserver.LiveTvObserver.broadcastChannelListChange:161 com.amazon.tifobserver.LiveTvObserver.-wrap0:-1 com.amazon.tifobserver.LiveTvObserver$1.run:111 
03-04 00:21:38.250   617   634 I chatty  : uid=1000(system) FileObserver expire 1 line
03-04 00:23:21.780  6294  6294 I FrameworkJumpTable: Successfully loaded all classes
03-04 00:23:21.808  6294  6294 I FrameworkJumpTable: Successfully loaded all methods
03-04 00:23:21.813  6294  6294 I FrameworkJumpTable: Successfully loaded all fields
03-04 00:23:21.813  6294  6294 I FrameworkJumpTable: Successfully loaded all constructors
03-04 00:23:21.967   617   627 I chatty  : uid=1000(system) Binder:617_1 expire 10 lines
03-04 00:24:00.006   617   617 I chatty  : uid=1000 system_server expire 12 lines
03-04 00:26:57.598  6674  6674 I FrameworkJumpTable: Successfully loaded all classes
03-04 00:26:57.616  6674  6674 I FrameworkJumpTable: Successfully loaded all methods
03-04 00:26:57.618  6674  6674 I FrameworkJumpTable: Successfully loaded all fields
03-04 00:26:57.618  6674  6674 I FrameworkJumpTable: Successfully loaded all constructors
03-04 00:26:57.707  6674  6674 I AmazonHdmiServiceManager: AmazonHdmiServiceManager created
03-04 00:26:57.707   617   807 I chatty  : uid=1000(system) Binder:617_3 expire 5 lines
03-04 00:26:57.774   617   677 I chatty  : uid=1000(system) ConnectivitySer expire 9 lines
03-04 00:26:58.756  6717  6746 I FrameworkJumpTable: Successfully loaded all classes
03-04 00:26:58.781  6717  6746 I FrameworkJumpTable: Successfully loaded all methods
03-04 00:26:58.783  6717  6746 I FrameworkJumpTable: Successfully loaded all fields
03-04 00:26:58.783  6717  6746 I FrameworkJumpTable: Successfully loaded all constructors
03-04 00:29:07.930   617   633 I chatty  : uid=1000(system) batterystats-sy expire 10 lines
03-04 00:29:52.941   617   634 I chatty  : uid=1000(system) FileObserver expire 7 lines
03-04 00:30:46.163   617   629 I chatty  : uid=1000(system) android.bg expire 8 lines
03-04 00:30:46.624  7095  7095 I FrameworkJumpTable: Successfully loaded all classes
03-04 00:30:46.640  7095  7095 I FrameworkJumpTable: Successfully loaded all methods
03-04 00:30:46.642  7095  7095 I FrameworkJumpTable: Successfully loaded all fields
03-04 00:30:46.642  7095  7095 I FrameworkJumpTable: Successfully loaded all constructors
03-04 00:30:52.243   617  1190 I chatty  : uid=1000(system) Binder:617_7 expire 1 line
03-04 00:39:40.219   617   630 I chatty  : uid=1000(system) ActivityManager expire 11 lines
03-04 00:45:26.725   617  1407 I chatty  : uid=1000(system) Binder:617_F expire 3 lines
03-04 00:45:26.934  8510  8510 I FrameworkJumpTable: Successfully loaded all classes
03-04 00:45:26.956  8510  8510 I FrameworkJumpTable: Successfully loaded all methods
03-04 00:45:26.959  8510  8510 I FrameworkJumpTable: Successfully loaded all fields
03-04 00:45:26.959  8510  8510 I FrameworkJumpTable: Successfully loaded all constructors
03-04 00:50:56.657   617   644 I chatty  : uid=1000(system) PowerManagerSer expire 4 lines
03-04 00:50:56.667   617   707 I chatty  : uid=1000(system) AmazonProfileSe expire 1 line
03-04 00:50:56.745   617   866 I chatty  : uid=1000(system) Binder:617_4 expire 8 lines
03-04 00:50:57.233   617   637 I chatty  : uid=1000(system) android.display expire 11 lines
03-04 00:50:57.401   617   715 I chatty  : uid=1000(system) MetricsHandler expire 1 line
03-04 00:50:57.523   617   660 I chatty  : uid=1000(system) InputDispatcher expire 2 lines
03-04 00:50:57.614  9027  9047 I FrameworkJumpTable: Successfully loaded all classes
03-04 00:50:57.700  9027  9047 I FrameworkJumpTable: Successfully loaded all methods
03-04 00:50:57.701  9027  9047 I FrameworkJumpTable: Successfully loaded all fields
03-04 00:50:57.702  9027  9047 I FrameworkJumpTable: Successfully loaded all constructors
03-04 00:50:57.751  9052  9052 I FrameworkJumpTable: Successfully loaded all classes
03-04 00:50:57.807  9052  9052 I FrameworkJumpTable: Successfully loaded all methods
03-04 00:50:57.811  9052  9052 I FrameworkJumpTable: Successfully loaded all fields
03-04 00:50:57.811  9052  9052 I FrameworkJumpTable: Successfully loaded all constructors
03-04 00:51:00.529   617  1186 I chatty  : uid=1000(system) Binder:617_6 expire 13 lines
03-04 00:51:00.920   617 13191 I chatty  : uid=1000(system) Binder:617_1A expire 3 lines
03-04 00:56:00.840   617  6124 I chatty  : uid=1000(system) Binder:617_14 expire 14 lines
03-04 00:56:03.930   617   777 I chatty  : uid=1000(system) LazyTaskWriterT expire 1 line
03-04 00:57:41.613 15677 15761 E ActivityThread: Failed to find provider info for com.amazon.tv.ambient.provider
03-04 00:57:42.295 15677 15761 E ActivityThread: Failed to find provider info for com.amazon.tv.ambient.provider
03-04 00:58:35.768 15677 15761 E ActivityThread: Failed to find provider info for com.amazon.tv.ambient.provider
03-04 00:59:05.763 15677 15761 E ActivityThread: Failed to find provider info for com.amazon.tv.ambient.provider
03-04 00:59:34.278   617   653 I chatty  : uid=1000(system) AlarmManager expire 4 lines
03-04 00:59:41.187   617   617 I chatty  : uid=1000 system_server expire 11 lines
03-04 01:00:42.653  9873  9890 I FrameworkJumpTable: Successfully loaded all classes
03-04 01:00:42.679  9873  9890 I FrameworkJumpTable: Successfully loaded all methods
03-04 01:00:42.683  9873  9890 I FrameworkJumpTable: Successfully loaded all fields
03-04 01:00:42.683  9873  9890 I FrameworkJumpTable: Successfully loaded all constructors
03-04 01:00:57.327   617   641 I chatty  : uid=1000(system) HomeLauncherCal expire 8 lines
03-04 01:00:57.392   617  6124 I chatty  : uid=1000(system) Binder:617_14 expire 3 lines
03-04 01:00:57.427   617  7919 I chatty  : uid=1000(system) Binder:617_17 expire 4 lines
03-04 01:00:57.591   617  1330 I chatty  : uid=1000(system) Binder:617_C expire 8 lines
03-04 01:00:57.715   617   637 I chatty  : uid=1000(system) android.display expire 3 lines
03-04 01:00:58.488 10025 10046 I FrameworkJumpTable: Successfully loaded all classes
03-04 01:00:58.514 10025 10046 I FrameworkJumpTable: Successfully loaded all methods
03-04 01:00:58.517 10025 10046 I FrameworkJumpTable: Successfully loaded all fields
03-04 01:00:58.517 10025 10046 I FrameworkJumpTable: Successfully loaded all constructors
03-04 01:00:59.044 10072 10072 I FrameworkJumpTable: Successfully loaded all classes
03-04 01:00:59.076 10072 10072 I FrameworkJumpTable: Successfully loaded all methods
03-04 01:00:59.078 10072 10072 I FrameworkJumpTable: Successfully loaded all fields
03-04 01:00:59.078 10072 10072 I FrameworkJumpTable: Successfully loaded all constructors
03-04 01:01:33.340 15677 15761 E ActivityThread: Failed to find provider info for com.amazon.tv.ambient.provider
03-04 01:02:03.328 15677 15761 E ActivityThread: Failed to find provider info for com.amazon.tv.ambient.provider
03-04 01:03:52.486 15677 15761 E ActivityThread: Failed to find provider info for com.amazon.tv.ambient.provider
03-04 01:04:22.488 15677 15761 E ActivityThread: Failed to find provider info for com.amazon.tv.ambient.provider
03-04 01:06:06.824 15677 15761 E ActivityThread: Failed to find provider info for com.amazon.tv.ambient.provider
03-04 01:06:36.784 15677 15761 E ActivityThread: Failed to find provider info for com.amazon.tv.ambient.provider
03-04 01:08:28.550 15677 15761 E ActivityThread: Failed to find provider info for com.amazon.tv.ambient.provider
03-04 01:08:29.258 15677 15761 E ActivityThread: Failed to find provider info for com.amazon.tv.ambient.provider
03-04 01:11:03.162 15677 15761 E ActivityThread: Failed to find provider info for com.amazon.tv.ambient.provider
03-04 01:11:33.192 15677 15761 E ActivityThread: Failed to find provider info for com.amazon.tv.ambient.provider
03-04 01:13:45.893 15677 15761 E ActivityThread: Failed to find provider info for com.amazon.tv.ambient.provider
03-04 01:14:15.886 15677 15761 E ActivityThread: Failed to find provider info for com.amazon.tv.ambient.provider
03-04 01:16:50.624 15677 15761 E ActivityThread: Failed to find provider info for com.amazon.tv.ambient.provider
03-04 01:17:20.631 15677 15761 E ActivityThread: Failed to find provider info for com.amazon.tv.ambient.provider
03-04 01:19:55.146 15677 15761 E ActivityThread: Failed to find provider info for com.amazon.tv.ambient.provider
03-04 01:20:25.139 15677 15761 E ActivityThread: Failed to find provider info for com.amazon.tv.ambient.provider
03-04 01:22:36.255 15677 15761 E ActivityThread: Failed to find provider info for com.amazon.tv.ambient.provider
03-04 01:23:06.260 15677 15761 E ActivityThread: Failed to find provider info for com.amazon.tv.ambient.provider
03-04 01:23:23.179 11927 11927 I FrameworkJumpTable: Successfully loaded all classes
03-04 01:23:23.201 11927 11927 I FrameworkJumpTable: Successfully loaded all methods
03-04 01:23:23.206 11927 11927 I FrameworkJumpTable: Successfully loaded all fields
03-04 01:23:23.206 11927 11927 I FrameworkJumpTable: Successfully loaded all constructors
03-04 01:23:23.306   617  5868 I chatty  : uid=1000(system) Binder:617_13 expire 7 lines
03-04 01:24:46.827 15677 15761 E ActivityThread: Failed to find provider info for com.amazon.tv.ambient.provider
03-04 01:25:16.795 15677 15761 E ActivityThread: Failed to find provider info for com.amazon.tv.ambient.provider
03-04 01:25:22.180 12122 12122 I FrameworkJumpTable: Successfully loaded all classes
03-04 01:25:22.200 12122 12122 I FrameworkJumpTable: Successfully loaded all methods
03-04 01:25:22.202 12122 12122 I FrameworkJumpTable: Successfully loaded all fields
03-04 01:25:22.202 12122 12122 I FrameworkJumpTable: Successfully loaded all constructors
03-04 01:26:37.690 15677 15761 E ActivityThread: Failed to find provider info for com.amazon.tv.ambient.provider
03-04 01:27:07.535 15677 15761 E ActivityThread: Failed to find provider info for com.amazon.tv.ambient.provider
03-04 01:28:34.645 15677 15761 E ActivityThread: Failed to find provider info for com.amazon.tv.ambient.provider
03-04 01:29:04.645 15677 15761 E ActivityThread: Failed to find provider info for com.amazon.tv.ambient.provider
03-04 01:30:51.670 12576 12576 I FrameworkJumpTable: Successfully loaded all classes
03-04 01:30:51.691 12576 12576 I FrameworkJumpTable: Successfully loaded all methods
03-04 01:30:51.694 12576 12576 I FrameworkJumpTable: Successfully loaded all fields
03-04 01:30:51.694 12576 12576 I FrameworkJumpTable: Successfully loaded all constructors
03-04 01:30:52.193   617  7591 I chatty  : uid=1000(system) Binder:617_16 expire 4 lines
03-04 01:30:53.164 12576 12605 E ActivityThread: Failed to find provider info for com.amazon.tv.channelscan
03-04 01:30:53.165 12576 12605 E ActivityThread: Failed to find provider info for com.amazon.tv.channelscan
03-04 01:30:53.166 12576 12605 E ActivityThread: Failed to find provider info for com.amazon.tv.channelscan
03-04 01:30:53.192   617  1257 I chatty  : uid=1000(system) Binder:617_A expire 3 lines
03-04 01:32:28.160 15677 15761 E ActivityThread: Failed to find provider info for com.amazon.tv.ambient.provider
03-04 01:32:58.123 15677 15761 E ActivityThread: Failed to find provider info for com.amazon.tv.ambient.provider
03-04 01:34:02.542   617   617 I chatty  : uid=1000 system_server expire 10 lines
03-04 01:34:03.136 12980 12980 I FrameworkJumpTable: Successfully loaded all classes
03-04 01:34:03.150 12980 12980 I FrameworkJumpTable: Successfully loaded all methods
03-04 01:34:03.151 12980 12980 I FrameworkJumpTable: Successfully loaded all fields
03-04 01:34:03.151 12980 12980 I FrameworkJumpTable: Successfully loaded all constructors
03-04 01:34:03.246 12980 12980 I AmazonHdmiServiceManager: AmazonHdmiServiceManager created
03-04 01:35:27.790 15677 15761 E ActivityThread: Failed to find provider info for com.amazon.tv.ambient.provider
03-04 01:35:57.789 15677 15761 E ActivityThread: Failed to find provider info for com.amazon.tv.ambient.provider
03-04 01:38:13.175 15677 15761 E ActivityThread: Failed to find provider info for com.amazon.tv.ambient.provider
03-04 01:38:43.184 15677 15761 E ActivityThread: Failed to find provider info for com.amazon.tv.ambient.provider
03-04 01:40:31.013 15677 15761 E ActivityThread: Failed to find provider info for com.amazon.tv.ambient.provider
03-04 01:41:01.002 15677 15761 E ActivityThread: Failed to find provider info for com.amazon.tv.ambient.provider
03-04 01:42:16.805 15677 15761 E ActivityThread: Failed to find provider info for com.amazon.tv.ambient.provider
03-04 01:43:03.990 15677 15761 E ActivityThread: Failed to find provider info for com.amazon.tv.ambient.provider
03-04 01:43:34.202 15677 15761 E ActivityThread: Failed to find provider info for com.amazon.tv.ambient.provider
03-04 01:45:11.244 15677 15761 E ActivityThread: Failed to find provider info for com.amazon.tv.ambient.provider
03-04 01:45:41.379 15677 15761 E ActivityThread: Failed to find provider info for com.amazon.tv.ambient.provider
03-04 01:47:50.799 15677 15761 E ActivityThread: Failed to find provider info for com.amazon.tv.ambient.provider
03-04 01:48:20.808 15677 15761 E ActivityThread: Failed to find provider info for com.amazon.tv.ambient.provider
03-04 01:49:46.904 15677 15761 E ActivityThread: Failed to find provider info for com.amazon.tv.ambient.provider
03-04 01:50:16.949 15677 15761 E ActivityThread: Failed to find provider info for com.amazon.tv.ambient.provider
03-04 01:52:10.932 15677 15761 E ActivityThread: Failed to find provider info for com.amazon.tv.ambient.provider
03-04 01:52:40.924 15677 15761 E ActivityThread: Failed to find provider info for com.amazon.tv.ambient.provider
03-04 01:54:57.701 15677 15761 E ActivityThread: Failed to find provider info for com.amazon.tv.ambient.provider
03-04 01:55:27.539 15677 15761 E ActivityThread: Failed to find provider info for com.amazon.tv.ambient.provider
03-04 01:57:04.460 15677 15761 E ActivityThread: Failed to find provider info for com.amazon.tv.ambient.provider
03-04 01:57:34.391 15677 15761 E ActivityThread: Failed to find provider info for com.amazon.tv.ambient.provider
03-04 01:58:40.534 15677 15761 E ActivityThread: Failed to find provider info for com.amazon.tv.ambient.provider
03-04 01:59:10.528 15677 15761 E ActivityThread: Failed to find provider info for com.amazon.tv.ambient.provider
03-04 02:01:32.798 15677 15761 E ActivityThread: Failed to find provider info for com.amazon.tv.ambient.provider
03-04 02:02:03.082 15677 15761 E ActivityThread: Failed to find provider info for com.amazon.tv.ambient.provider
03-04 02:04:07.592 15677 15761 E ActivityThread: Failed to find provider info for com.amazon.tv.ambient.provider
03-04 02:04:37.599 15677 15761 E ActivityThread: Failed to find provider info for com.amazon.tv.ambient.provider
03-04 02:06:42.213 15677 15761 E ActivityThread: Failed to find provider info for com.amazon.tv.ambient.provider
03-04 02:07:12.219 15677 15761 E ActivityThread: Failed to find provider info for com.amazon.tv.ambient.provider
03-04 02:08:44.171 15677 15761 E ActivityThread: Failed to find provider info for com.amazon.tv.ambient.provider
03-04 02:09:14.020 15677 15761 E ActivityThread: Failed to find provider info for com.amazon.tv.ambient.provider
03-04 02:11:08.251 15677 15761 E ActivityThread: Failed to find provider info for com.amazon.tv.ambient.provider
03-04 02:11:21.113   617   630 I chatty  : uid=1000(system) ActivityManager expire 9 lines
03-04 02:11:38.091 15677 15761 E ActivityThread: Failed to find provider info for com.amazon.tv.ambient.provider
03-04 02:14:39.290 15677 15761 E ActivityThread: Failed to find provider info for com.amazon.tv.ambient.provider
03-04 02:15:09.300 15677 15761 E ActivityThread: Failed to find provider info for com.amazon.tv.ambient.provider
03-04 02:17:34.944 15677 15761 E ActivityThread: Failed to find provider info for com.amazon.tv.ambient.provider
03-04 02:18:04.969 15677 15761 E ActivityThread: Failed to find provider info for com.amazon.tv.ambient.provider
03-04 02:19:56.632 15677 15761 E ActivityThread: Failed to find provider info for com.amazon.tv.ambient.provider
03-04 02:20:26.481 15677 15761 E ActivityThread: Failed to find provider info for com.amazon.tv.ambient.provider
03-04 02:21:59.298 15677 15761 E ActivityThread: Failed to find provider info for com.amazon.tv.ambient.provider
03-04 02:22:29.200 15677 15761 E ActivityThread: Failed to find provider info for com.amazon.tv.ambient.provider
03-04 02:23:24.408 16712 16712 I FrameworkJumpTable: Successfully loaded all classes
03-04 02:23:24.424 16712 16712 I FrameworkJumpTable: Successfully loaded all methods
03-04 02:23:24.427 16712 16712 I FrameworkJumpTable: Successfully loaded all fields
03-04 02:23:24.427 16712 16712 I FrameworkJumpTable: Successfully loaded all constructors
03-04 02:24:01.218 15677 15761 E ActivityThread: Failed to find provider info for com.amazon.tv.ambient.provider
03-04 02:24:31.017 15677 15761 E ActivityThread: Failed to find provider info for com.amazon.tv.ambient.provider
03-04 02:25:13.348 15677 15761 E ActivityThread: Failed to find provider info for com.amazon.tv.ambient.provider
03-04 02:25:24.024 16895 16895 I FrameworkJumpTable: Successfully loaded all classes
03-04 02:25:24.043 16895 16895 I FrameworkJumpTable: Successfully loaded all methods
03-04 02:25:24.046 16895 16895 I FrameworkJumpTable: Successfully loaded all fields
03-04 02:25:24.046 16895 16895 I FrameworkJumpTable: Successfully loaded all constructors
03-04 02:25:44.103 15677 15761 E ActivityThread: Failed to find provider info for com.amazon.tv.ambient.provider
03-04 02:26:13.154 15677 15761 E ActivityThread: Failed to find provider info for com.amazon.tv.ambient.provider
03-04 02:27:59.243 15677 15761 E ActivityThread: Failed to find provider info for com.amazon.tv.ambient.provider
03-04 02:28:29.243 15677 15761 E ActivityThread: Failed to find provider info for com.amazon.tv.ambient.provider
03-04 02:30:44.832 15677 15761 E ActivityThread: Failed to find provider info for com.amazon.tv.ambient.provider
03-04 02:30:46.470 17627 17627 I FrameworkJumpTable: Successfully loaded all classes
03-04 02:30:46.483 17627 17627 I FrameworkJumpTable: Successfully loaded all methods
03-04 02:30:46.484 17627 17627 I FrameworkJumpTable: Successfully loaded all fields
03-04 02:30:46.484 17627 17627 I FrameworkJumpTable: Successfully loaded all constructors
03-04 02:30:47.269 15677 15761 E ActivityThread: Failed to find provider info for com.amazon.tv.ambient.provider
03-04 02:31:14.819 15677 15761 E ActivityThread: Failed to find provider info for com.amazon.tv.ambient.provider
03-04 02:33:25.382 15677 15761 E ActivityThread: Failed to find provider info for com.amazon.tv.ambient.provider
03-04 02:33:55.284 15677 15761 E ActivityThread: Failed to find provider info for com.amazon.tv.ambient.provider
03-04 02:36:07.377 15677 15761 E ActivityThread: Failed to find provider info for com.amazon.tv.ambient.provider
03-04 02:36:37.292 15677 15761 E ActivityThread: Failed to find provider info for com.amazon.tv.ambient.provider
03-04 02:38:32.993 15677 15761 E ActivityThread: Failed to find provider info for com.amazon.tv.ambient.provider
03-04 02:39:04.015 15677 15761 E ActivityThread: Failed to find provider info for com.amazon.tv.ambient.provider
03-04 02:40:39.253 15677 15761 E ActivityThread: Failed to find provider info for com.amazon.tv.ambient.provider
03-04 02:41:09.260 15677 15761 E ActivityThread: Failed to find provider info for com.amazon.tv.ambient.provider
03-04 02:43:10.625 15677 15761 E ActivityThread: Failed to find provider info for com.amazon.tv.ambient.provider
03-04 02:43:40.799 15677 15761 E ActivityThread: Failed to find provider info for com.amazon.tv.ambient.provider
03-04 02:44:43.350   617 18942 I chatty  : uid=1000 system_server expire 2 lines
03-04 02:45:40.537 15677 15761 E ActivityThread: Failed to find provider info for com.amazon.tv.ambient.provider
03-04 02:46:10.619 15677 15761 E ActivityThread: Failed to find provider info for com.amazon.tv.ambient.provider
03-04 02:47:50.671 15677 15761 E ActivityThread: Failed to find provider info for com.amazon.tv.ambient.provider
03-04 02:48:48.931 15677 15761 E ActivityThread: Failed to find provider info for com.amazon.tv.ambient.provider
03-04 02:49:18.928 15677 15761 E ActivityThread: Failed to find provider info for com.amazon.tv.ambient.provider
03-04 02:51:05.474 15677 15761 E ActivityThread: Failed to find provider info for com.amazon.tv.ambient.provider
03-04 02:51:35.427 15677 15761 E ActivityThread: Failed to find provider info for com.amazon.tv.ambient.provider
03-04 02:53:20.795 15677 15761 E ActivityThread: Failed to find provider info for com.amazon.tv.ambient.provider
03-04 02:53:42.147   617  1186 I chatty  : uid=1000(system) Binder:617_6 expire 6 lines
03-04 02:53:50.749 15677 15761 E ActivityThread: Failed to find provider info for com.amazon.tv.ambient.provider
03-04 02:55:34.123 15677 15761 E ActivityThread: Failed to find provider info for com.amazon.tv.ambient.provider
03-04 02:56:04.049 15677 15761 E ActivityThread: Failed to find provider info for com.amazon.tv.ambient.provider
03-04 02:58:17.953 15677 15761 E ActivityThread: Failed to find provider info for com.amazon.tv.ambient.provider
03-04 02:58:47.848 15677 15761 E ActivityThread: Failed to find provider info for com.amazon.tv.ambient.provider
03-04 02:59:08.056   617   633 I chatty  : uid=1000(system) batterystats-sy expire 6 lines
03-04 02:59:28.187   617   617 I chatty  : uid=1000 system_server expire 11 lines
03-04 03:00:00.295   617   662 I chatty  : uid=1000(system) MountService expire 2 lines
03-04 03:00:00.324   198 20088 I vold    : Trimmed 0 bytes on /data in 10ms
03-04 03:00:00.328   198 20088 I vold    : Trimmed 0 bytes on /cache in 2ms
03-04 03:00:00.329   198 20088 W vold    : Failed to open /swap_zram0: No such file or directory
03-04 03:00:14.435 20240 20258 I FrameworkJumpTable: Successfully loaded all classes
03-04 03:00:14.448 20240 20258 I FrameworkJumpTable: Successfully loaded all methods
03-04 03:00:14.449 20240 20258 I FrameworkJumpTable: Successfully loaded all fields
03-04 03:00:14.449 20240 20258 I FrameworkJumpTable: Successfully loaded all constructors
03-04 03:00:15.737   617 20267 I chatty  : uid=1000 system_server expire 1 line
03-04 03:00:15.962   617 16914 I chatty  : uid=1000(system) Binder:617_1E expire 3 lines
03-04 03:00:44.588 15677 15761 E ActivityThread: Failed to find provider info for com.amazon.tv.ambient.provider
03-04 03:01:14.490 15677 15761 E ActivityThread: Failed to find provider info for com.amazon.tv.ambient.provider
03-04 03:03:17.126 15677 15761 E ActivityThread: Failed to find provider info for com.amazon.tv.ambient.provider
03-04 03:03:47.102 15677 15761 E ActivityThread: Failed to find provider info for com.amazon.tv.ambient.provider
03-04 03:05:54.956 20647 20647 I FrameworkJumpTable: Successfully loaded all classes
03-04 03:05:54.968 20647 20647 I FrameworkJumpTable: Successfully loaded all methods
03-04 03:05:54.969 20647 20647 I FrameworkJumpTable: Successfully loaded all fields
03-04 03:05:54.969 20647 20647 I FrameworkJumpTable: Successfully loaded all constructors
03-04 03:05:55.433 20710 20733 I FrameworkJumpTable: Successfully loaded all classes
03-04 03:05:55.448 20710 20733 I FrameworkJumpTable: Successfully loaded all methods
03-04 03:05:55.449 20710 20733 I FrameworkJumpTable: Successfully loaded all fields
03-04 03:05:55.449 20710 20733 I FrameworkJumpTable: Successfully loaded all constructors
03-04 03:05:55.534 20647 20677 E ActivityThread: Failed to find provider info for com.amazon.tv.channelscan
03-04 03:05:55.534 20647 20677 E ActivityThread: Failed to find provider info for com.amazon.tv.channelscan
03-04 03:05:55.535 20647 20677 E ActivityThread: Failed to find provider info for com.amazon.tv.channelscan
03-04 03:06:24.665 15677 15761 E ActivityThread: Failed to find provider info for com.amazon.tv.ambient.provider
03-04 03:06:54.562 15677 15761 E ActivityThread: Failed to find provider info for com.amazon.tv.ambient.provider
03-04 03:08:43.622 15677 15761 E ActivityThread: Failed to find provider info for com.amazon.tv.ambient.provider
03-04 03:09:13.618 15677 15761 E ActivityThread: Failed to find provider info for com.amazon.tv.ambient.provider
03-04 03:11:52.029 15677 15761 E ActivityThread: Failed to find provider info for com.amazon.tv.ambient.provider
03-04 03:12:21.934 15677 15761 E ActivityThread: Failed to find provider info for com.amazon.tv.ambient.provider
03-04 03:13:41.968 15677 15761 E ActivityThread: Failed to find provider info for com.amazon.tv.ambient.provider
03-04 03:14:12.043 15677 15761 E ActivityThread: Failed to find provider info for com.amazon.tv.ambient.provider
03-04 03:14:22.458 21523 21523 I FrameworkJumpTable: Successfully loaded all classes
03-04 03:14:22.473 21523 21523 I FrameworkJumpTable: Successfully loaded all methods
03-04 03:14:22.476 21523 21523 I FrameworkJumpTable: Successfully loaded all fields
03-04 03:14:22.476 21523 21523 I FrameworkJumpTable: Successfully loaded all constructors
03-04 03:14:24.035 21554 21554 I FrameworkJumpTable: Successfully loaded all classes
03-04 03:14:24.048 21554 21554 I FrameworkJumpTable: Successfully loaded all methods
03-04 03:14:24.050 21554 21554 I FrameworkJumpTable: Successfully loaded all fields
03-04 03:14:24.050 21554 21554 I FrameworkJumpTable: Successfully loaded all constructors
03-04 03:14:24.090 21554 21554 I AmazonHdmiServiceManager: AmazonHdmiServiceManager created
03-04 03:14:24.090   617   903 I chatty  : uid=1000(system) Binder:617_5 expire 6 lines
03-04 03:15:19.388 15677 15761 E ActivityThread: Failed to find provider info for com.amazon.tv.ambient.provider
03-04 03:15:49.529 15677 15761 E ActivityThread: Failed to find provider info for com.amazon.tv.ambient.provider
03-04 03:17:48.180 15677 15761 E ActivityThread: Failed to find provider info for com.amazon.tv.ambient.provider
03-04 03:18:18.009 15677 15761 E ActivityThread: Failed to find provider info for com.amazon.tv.ambient.provider
03-04 03:19:47.888 15677 15761 E ActivityThread: Failed to find provider info for com.amazon.tv.ambient.provider
03-04 03:20:17.753 15677 15761 E ActivityThread: Failed to find provider info for com.amazon.tv.ambient.provider
03-04 03:23:00.238 15677 15761 E ActivityThread: Failed to find provider info for com.amazon.tv.ambient.provider
03-04 03:23:24.210   617   617 I chatty  : uid=1000 system_server expire 5 lines
03-04 03:23:24.350 22282 22282 I FrameworkJumpTable: Successfully loaded all classes
03-04 03:23:24.366 22282 22282 I FrameworkJumpTable: Successfully loaded all methods
03-04 03:23:24.368 22282 22282 I FrameworkJumpTable: Successfully loaded all fields
03-04 03:23:24.368 22282 22282 I FrameworkJumpTable: Successfully loaded all constructors
03-04 03:23:24.428   617  1334 I chatty  : uid=1000(system) Binder:617_E expire 4 lines
03-04 03:23:30.239 15677 15761 E ActivityThread: Failed to find provider info for com.amazon.tv.ambient.provider
03-04 03:25:25.347 22467 22467 I FrameworkJumpTable: Successfully loaded all classes
03-04 03:25:25.365 22467 22467 I FrameworkJumpTable: Successfully loaded all methods
03-04 03:25:25.368 22467 22467 I FrameworkJumpTable: Successfully loaded all fields
03-04 03:25:25.368 22467 22467 I FrameworkJumpTable: Successfully loaded all constructors
03-04 03:26:25.839 15677 15761 E ActivityThread: Failed to find provider info for com.amazon.tv.ambient.provider
03-04 03:26:55.919 15677 15761 E ActivityThread: Failed to find provider info for com.amazon.tv.ambient.provider
03-04 03:28:35.652 15677 15761 E ActivityThread: Failed to find provider info for com.amazon.tv.ambient.provider
03-04 03:29:05.653 15677 15761 E ActivityThread: Failed to find provider info for com.amazon.tv.ambient.provider
03-04 03:31:17.950 15677 15761 E ActivityThread: Failed to find provider info for com.amazon.tv.ambient.provider
03-04 03:31:47.949 15677 15761 E ActivityThread: Failed to find provider info for com.amazon.tv.ambient.provider
03-04 03:34:15.309 15677 15761 E ActivityThread: Failed to find provider info for com.amazon.tv.ambient.provider
03-04 03:34:45.211 15677 15761 E ActivityThread: Failed to find provider info for com.amazon.tv.ambient.provider
03-04 03:36:41.749 15677 15761 E ActivityThread: Failed to find provider info for com.amazon.tv.ambient.provider
03-04 03:37:11.693 15677 15761 E ActivityThread: Failed to find provider info for com.amazon.tv.ambient.provider
03-04 03:41:15.148 15677 15761 E ActivityThread: Failed to find provider info for com.amazon.tv.ambient.provider
03-04 03:41:44.989 15677 15761 E ActivityThread: Failed to find provider info for com.amazon.tv.ambient.provider
03-04 03:42:24.780 15677 15761 E ActivityThread: Failed to find provider info for com.amazon.tv.ambient.provider
03-04 03:43:24.178 15677 15761 E ActivityThread: Failed to find provider info for com.amazon.tv.ambient.provider
03-04 03:43:54.179 15677 15761 E ActivityThread: Failed to find provider info for com.amazon.tv.ambient.provider
03-04 03:44:27.673   617 16811 I chatty  : uid=1000(system) Binder:617_1B expire 1 line
03-04 03:49:21.853 15677 15761 E ActivityThread: Failed to find provider info for com.amazon.tv.ambient.provider
03-04 03:49:51.343 15677 15761 E ActivityThread: Failed to find provider info for com.amazon.tv.ambient.provider
03-04 03:51:54.945 15677 15761 E ActivityThread: Failed to find provider info for com.amazon.tv.ambient.provider
03-04 03:52:24.943 15677 15761 E ActivityThread: Failed to find provider info for com.amazon.tv.ambient.provider
03-04 03:54:45.570 15677 15761 E ActivityThread: Failed to find provider info for com.amazon.tv.ambient.provider
03-04 03:55:15.641 15677 15761 E ActivityThread: Failed to find provider info for com.amazon.tv.ambient.provider
03-04 03:56:59.012 15677 15761 E ActivityThread: Failed to find provider info for com.amazon.tv.ambient.provider
03-04 03:57:29.168 15677 15761 E ActivityThread: Failed to find provider info for com.amazon.tv.ambient.provider
03-04 03:59:36.040 15677 15761 E ActivityThread: Failed to find provider info for com.amazon.tv.ambient.provider
03-04 04:00:05.884 15677 15761 E ActivityThread: Failed to find provider info for com.amazon.tv.ambient.provider
03-04 04:01:58.281 15677 15761 E ActivityThread: Failed to find provider info for com.amazon.tv.ambient.provider
03-04 04:02:28.284 15677 15761 E ActivityThread: Failed to find provider info for com.amazon.tv.ambient.provider
03-04 04:04:14.782 15677 15761 E ActivityThread: Failed to find provider info for com.amazon.tv.ambient.provider
03-04 04:04:44.578 15677 15761 E ActivityThread: Failed to find provider info for com.amazon.tv.ambient.provider
03-04 04:06:08.101  1164 25606 E ActivityThread: Failed to find provider info for com.amazon.dcp.ota.pendingupdates.internal
03-04 04:06:16.540 15677 15761 E ActivityThread: Failed to find provider info for com.amazon.tv.ambient.provider
03-04 04:06:46.508 15677 15761 E ActivityThread: Failed to find provider info for com.amazon.tv.ambient.provider
03-04 04:09:12.042 15677 15761 E ActivityThread: Failed to find provider info for com.amazon.tv.ambient.provider
03-04 04:09:42.140 15677 15761 E ActivityThread: Failed to find provider info for com.amazon.tv.ambient.provider
03-04 04:11:41.852 15677 15761 E ActivityThread: Failed to find provider info for com.amazon.tv.ambient.provider
03-04 04:12:11.816 15677 15761 E ActivityThread: Failed to find provider info for com.amazon.tv.ambient.provider
03-04 04:13:30.916 15677 15761 E ActivityThread: Failed to find provider info for com.amazon.tv.ambient.provider
03-04 04:14:00.802 15677 15761 E ActivityThread: Failed to find provider info for com.amazon.tv.ambient.provider
03-04 04:15:06.772   617  5010 I chatty  : uid=1000(system) Binder:617_12 expire 1 line
03-04 04:15:06.947 26307 26307 I FrameworkJumpTable: Successfully loaded all classes
03-04 04:15:06.960 26307 26307 I FrameworkJumpTable: Successfully loaded all methods
03-04 04:15:06.961 26307 26307 I FrameworkJumpTable: Successfully loaded all fields
03-04 04:15:06.961 26307 26307 I FrameworkJumpTable: Successfully loaded all constructors
03-04 04:15:12.264   831   831 W ContextImpl: Calling a method in the system process without a qualified user: android.app.ContextImpl.sendBroadcast:921 android.content.ContextWrapper.sendBroadcast:426 com.amazon.tifobserver.LiveTvObserver.broadcastChannelListChange:157 com.amazon.tifobserver.LiveTvObserver.-wrap0:-1 com.amazon.tifobserver.LiveTvObserver$1.run:111 
03-04 04:15:12.266   831   831 W ContextImpl: Calling a method in the system process without a qualified user: android.app.ContextImpl.sendBroadcast:921 android.content.ContextWrapper.sendBroadcast:426 com.amazon.tifobserver.LiveTvObserver.broadcastChannelListChange:161 com.amazon.tifobserver.LiveTvObserver.-wrap0:-1 com.amazon.tifobserver.LiveTvObserver$1.run:111 
03-04 04:15:12.303 26448 26448 I FrameworkJumpTable: Successfully loaded all classes
03-04 04:15:12.321 26448 26448 I FrameworkJumpTable: Successfully loaded all methods
03-04 04:15:12.324 26448 26448 I FrameworkJumpTable: Successfully loaded all fields
03-04 04:15:12.324 26448 26448 I FrameworkJumpTable: Successfully loaded all constructors
03-04 04:15:12.569   617  1257 I chatty  : uid=1000(system) Binder:617_A expire 1 line
03-04 04:15:12.624   617  6124 I chatty  : uid=1000(system) Binder:617_14 expire 2 lines
03-04 04:15:12.923 26497 26529 I FrameworkJumpTable: Successfully loaded all classes
03-04 04:15:12.940 26497 26529 I FrameworkJumpTable: Successfully loaded all methods
03-04 04:15:12.943 26497 26529 I FrameworkJumpTable: Successfully loaded all fields
03-04 04:15:12.943 26497 26529 I FrameworkJumpTable: Successfully loaded all constructors
03-04 04:15:13.157 26448 26477 E ActivityThread: Failed to find provider info for com.amazon.tv.channelscan
03-04 04:15:13.157 26448 26477 E ActivityThread: Failed to find provider info for com.amazon.tv.channelscan
03-04 04:15:13.158 26448 26477 E ActivityThread: Failed to find provider info for com.amazon.tv.channelscan
03-04 04:15:15.451   617  1332 I chatty  : uid=1000(system) Binder:617_D expire 10 lines
03-04 04:16:25.489 15677 15761 E ActivityThread: Failed to find provider info for com.amazon.tv.ambient.provider
03-04 04:16:55.434 15677 15761 E ActivityThread: Failed to find provider info for com.amazon.tv.ambient.provider
03-04 04:19:04.250 15677 15761 E ActivityThread: Failed to find provider info for com.amazon.tv.ambient.provider
03-04 04:19:34.319 15677 15761 E ActivityThread: Failed to find provider info for com.amazon.tv.ambient.provider
03-04 04:21:31.907 15677 15761 E ActivityThread: Failed to find provider info for com.amazon.tv.ambient.provider
03-04 04:22:01.895 15677 15761 E ActivityThread: Failed to find provider info for com.amazon.tv.ambient.provider
03-04 04:23:46.147 15677 15761 E ActivityThread: Failed to find provider info for com.amazon.tv.ambient.provider
03-04 04:24:16.099 15677 15761 E ActivityThread: Failed to find provider info for com.amazon.tv.ambient.provider
03-04 04:26:21.155   617   617 I chatty  : uid=1000 system_server expire 10 lines
03-04 04:26:57.314 27489 27489 I FrameworkJumpTable: Successfully loaded all classes
03-04 04:26:57.327 27489 27489 I FrameworkJumpTable: Successfully loaded all methods
03-04 04:26:57.329 27489 27489 I FrameworkJumpTable: Successfully loaded all fields
03-04 04:26:57.329 27489 27489 I FrameworkJumpTable: Successfully loaded all constructors
03-04 04:26:57.371 27489 27489 I AmazonHdmiServiceManager: AmazonHdmiServiceManager created
03-04 04:26:57.372   617  1186 I chatty  : uid=1000(system) Binder:617_6 expire 7 lines
03-04 04:26:58.917 15677 15761 E ActivityThread: Failed to find provider info for com.amazon.tv.ambient.provider
03-04 04:27:29.042 15677 15761 E ActivityThread: Failed to find provider info for com.amazon.tv.ambient.provider
03-04 04:29:08.114   617   633 I chatty  : uid=1000(system) batterystats-sy expire 10 lines
03-04 04:29:47.492 15677 15761 E ActivityThread: Failed to find provider info for com.amazon.tv.ambient.provider
03-04 04:30:17.443 15677 15761 E ActivityThread: Failed to find provider info for com.amazon.tv.ambient.provider
03-04 04:30:27.284   617   677 I chatty  : uid=1000(system) ConnectivitySer expire 12 lines
03-04 04:30:46.153   617   629 I chatty  : uid=1000(system) android.bg expire 9 lines
03-04 04:30:46.334 27823 27823 I FrameworkJumpTable: Successfully loaded all classes
03-04 04:30:46.346 27823 27823 I FrameworkJumpTable: Successfully loaded all methods
03-04 04:30:46.348 27823 27823 I FrameworkJumpTable: Successfully loaded all fields
03-04 04:30:46.348 27823 27823 I FrameworkJumpTable: Successfully loaded all constructors
03-04 04:30:51.707   617  7591 I chatty  : uid=1000(system) Binder:617_16 expire 7 lines
03-04 04:31:48.278 15677 15761 E ActivityThread: Failed to find provider info for com.amazon.tv.ambient.provider
03-04 04:32:18.329 15677 15761 E ActivityThread: Failed to find provider info for com.amazon.tv.ambient.provider
03-04 04:34:35.948 15677 15761 E ActivityThread: Failed to find provider info for com.amazon.tv.ambient.provider
03-04 04:35:05.781 15677 15761 E ActivityThread: Failed to find provider info for com.amazon.tv.ambient.provider
03-04 04:36:26.848 15677 15761 E ActivityThread: Failed to find provider info for com.amazon.tv.ambient.provider
03-04 04:36:56.852 15677 15761 E ActivityThread: Failed to find provider info for com.amazon.tv.ambient.provider
03-04 04:40:00.871 15677 15761 E ActivityThread: Failed to find provider info for com.amazon.tv.ambient.provider
03-04 04:40:30.868 15677 15761 E ActivityThread: Failed to find provider info for com.amazon.tv.ambient.provider
03-04 04:41:35.006   617   630 I chatty  : uid=1000(system) ActivityManager expire 10 lines
03-04 04:41:46.902 15677 15761 E ActivityThread: Failed to find provider info for com.amazon.tv.ambient.provider
03-04 04:42:16.830 15677 15761 E ActivityThread: Failed to find provider info for com.amazon.tv.ambient.provider
03-04 04:44:48.093 15677 15761 E ActivityThread: Failed to find provider info for com.amazon.tv.ambient.provider
03-04 04:45:18.025 15677 15761 E ActivityThread: Failed to find provider info for com.amazon.tv.ambient.provider
03-04 04:45:46.768   617 19414 I chatty  : uid=1000(system) Binder:617_1F expire 6 lines
03-04 04:47:55.899 15677 15761 E ActivityThread: Failed to find provider info for com.amazon.tv.ambient.provider
03-04 04:48:25.793 15677 15761 E ActivityThread: Failed to find provider info for com.amazon.tv.ambient.provider
03-04 04:50:34.314 15677 15761 E ActivityThread: Failed to find provider info for com.amazon.tv.ambient.provider
03-04 04:51:04.211 15677 15761 E ActivityThread: Failed to find provider info for com.amazon.tv.ambient.provider
03-04 04:52:36.069 15677 15761 E ActivityThread: Failed to find provider info for com.amazon.tv.ambient.provider
03-04 04:53:06.171 15677 15761 E ActivityThread: Failed to find provider info for com.amazon.tv.ambient.provider
03-04 04:54:36.041 15677 15761 E ActivityThread: Failed to find provider info for com.amazon.tv.ambient.provider
03-04 04:55:06.188 15677 15761 E ActivityThread: Failed to find provider info for com.amazon.tv.ambient.provider
03-04 04:56:01.204   617  1256 I chatty  : uid=1000(system) Binder:617_9 expire 4 lines
03-04 04:57:46.103 15677 15761 E ActivityThread: Failed to find provider info for com.amazon.tv.ambient.provider
03-04 04:58:16.163 15677 15761 E ActivityThread: Failed to find provider info for com.amazon.tv.ambient.provider
03-04 04:59:33.242 15677 15761 E ActivityThread: Failed to find provider info for com.amazon.tv.ambient.provider
03-04 04:59:38.762   617   653 I chatty  : uid=1000(system) AlarmManager expire 6 lines
03-04 04:59:38.765   617   711 I chatty  : uid=1000(system) AmazonWifiServi expire 3 lines
03-04 04:59:38.913   617  7919 I chatty  : uid=1000(system) Binder:617_17 expire 4 lines
03-04 05:00:03.185 15677 15761 E ActivityThread: Failed to find provider info for com.amazon.tv.ambient.provider
03-04 05:02:12.054 15677 15761 E ActivityThread: Failed to find provider info for com.amazon.tv.ambient.provider
03-04 05:02:41.958 15677 15761 E ActivityThread: Failed to find provider info for com.amazon.tv.ambient.provider
03-04 05:05:18.428 15677 15761 E ActivityThread: Failed to find provider info for com.amazon.tv.ambient.provider
03-04 05:05:48.418 15677 15761 E ActivityThread: Failed to find provider info for com.amazon.tv.ambient.provider
03-04 05:07:24.585 15677 15761 E ActivityThread: Failed to find provider info for com.amazon.tv.ambient.provider
03-04 05:07:54.483 15677 15761 E ActivityThread: Failed to find provider info for com.amazon.tv.ambient.provider
03-04 05:11:00.543 15677 15761 E ActivityThread: Failed to find provider info for com.amazon.tv.ambient.provider
03-04 05:11:30.950 15677 15761 E ActivityThread: Failed to find provider info for com.amazon.tv.ambient.provider
03-04 05:11:57.728 31143 31143 I FrameworkJumpTable: Successfully loaded all classes
03-04 05:11:57.739 31143 31143 I FrameworkJumpTable: Successfully loaded all methods
03-04 05:11:57.741 31143 31143 I FrameworkJumpTable: Successfully loaded all fields
03-04 05:11:57.741 31143 31143 I FrameworkJumpTable: Successfully loaded all constructors
03-04 05:11:59.042   617  7558 I chatty  : uid=1000(system) Binder:617_15 expire 2 lines
03-04 05:13:24.463 15677 15761 E ActivityThread: Failed to find provider info for com.amazon.tv.ambient.provider
03-04 05:13:54.629 15677 15761 E ActivityThread: Failed to find provider info for com.amazon.tv.ambient.provider
03-04 05:14:32.775   617  1117 I chatty  : uid=1000(system) pool-6-thread-1 expire 8 lines
03-04 05:15:06.088 15677 15761 E ActivityThread: Failed to find provider info for com.amazon.tv.ambient.provider
03-04 05:15:35.943 15677 15761 E ActivityThread: Failed to find provider info for com.amazon.tv.ambient.provider
03-04 05:18:07.292 15677 15761 E ActivityThread: Failed to find provider info for com.amazon.tv.ambient.provider
03-04 05:18:37.348 15677 15761 E ActivityThread: Failed to find provider info for com.amazon.tv.ambient.provider
03-04 05:21:01.885 15677 15761 E ActivityThread: Failed to find provider info for com.amazon.tv.ambient.provider
03-04 05:21:31.933 15677 15761 E ActivityThread: Failed to find provider info for com.amazon.tv.ambient.provider
03-04 05:22:30.330 32109 32109 I FrameworkJumpTable: Successfully loaded all classes
03-04 05:22:30.342 32109 32109 I FrameworkJumpTable: Successfully loaded all methods
03-04 05:22:30.344 32109 32109 I FrameworkJumpTable: Successfully loaded all fields
03-04 05:22:30.344 32109 32109 I FrameworkJumpTable: Successfully loaded all constructors
03-04 05:23:01.511 15677 15761 E ActivityThread: Failed to find provider info for com.amazon.tv.ambient.provider
03-04 05:23:31.419 15677 15761 E ActivityThread: Failed to find provider info for com.amazon.tv.ambient.provider
03-04 05:25:26.379   617   617 I chatty  : uid=1000 system_server expire 16 lines
03-04 05:25:26.713 32321 32321 I FrameworkJumpTable: Successfully loaded all classes
03-04 05:25:26.732 32321 32321 I FrameworkJumpTable: Successfully loaded all methods
03-04 05:25:26.735 32321 32321 I FrameworkJumpTable: Successfully loaded all fields
03-04 05:25:26.735 32321 32321 I FrameworkJumpTable: Successfully loaded all constructors
03-04 05:26:09.861 15677 15761 E ActivityThread: Failed to find provider info for com.amazon.tv.ambient.provider
03-04 05:26:39.738 15677 15761 E ActivityThread: Failed to find provider info for com.amazon.tv.ambient.provider
03-04 05:29:31.792 15677 15761 E ActivityThread: Failed to find provider info for com.amazon.tv.ambient.provider
03-04 05:30:01.751 15677 15761 E ActivityThread: Failed to find provider info for com.amazon.tv.ambient.provider
03-04 05:31:28.925 15677 15761 E ActivityThread: Failed to find provider info for com.amazon.tv.ambient.provider
03-04 05:31:58.931 15677 15761 E ActivityThread: Failed to find provider info for com.amazon.tv.ambient.provider
03-04 05:34:01.783   879   879 I FrameworkJumpTable: Successfully loaded all classes
03-04 05:34:01.795   879   879 I FrameworkJumpTable: Successfully loaded all methods
03-04 05:34:01.797   879   879 I FrameworkJumpTable: Successfully loaded all fields
03-04 05:34:01.797   879   879 I FrameworkJumpTable: Successfully loaded all constructors
03-04 05:34:02.252   969   999 I FrameworkJumpTable: Successfully loaded all classes
03-04 05:34:02.268   969   999 I FrameworkJumpTable: Successfully loaded all methods
03-04 05:34:02.269   969   999 I FrameworkJumpTable: Successfully loaded all fields
03-04 05:34:02.269   969   999 I FrameworkJumpTable: Successfully loaded all constructors
03-04 05:34:02.366   879   937 E ActivityThread: Failed to find provider info for com.amazon.tv.channelscan
03-04 05:34:02.367   879   937 E ActivityThread: Failed to find provider info for com.amazon.tv.channelscan
03-04 05:34:02.368   879   937 E ActivityThread: Failed to find provider info for com.amazon.tv.channelscan
03-04 05:34:02.617   617   634 I chatty  : uid=1000(system) FileObserver expire 1 line
03-04 05:34:02.765   617  1573 I chatty  : uid=1000(system) Binder:617_10 expire 6 lines
03-04 05:34:03.247  1068  1068 I FrameworkJumpTable: Successfully loaded all classes
