03-05 19:56:11.912   617 25608 W AmazonDropBoxManagerService: Either log duration is null or calculated wrong dropbox age due to wrong time in device.
03-05 19:56:11.999   617 13191 W ActivityManager: Unbind failed: could not find connection for android.os.BinderProxy@9afd9fb
03-05 19:56:12.066   617   630 W BroadcastQueue: Permission Denial: receiving Intent { act=android.intent.action.DROPBOX_ENTRY_ADDED flg=0x10 (has extras) } to ProcessRecord{47475f9 25458:com.amazon.aca/u0a59} (pid=25458, uid=10059) requires android.permission.READ_LOGS due to sender android (uid 1000)
03-05 19:56:12.129   617   629 I CrashDescriptorUtil: addErrorToCommonLog Hash already present in file
03-05 19:56:13.568   617  1330 I ActivityManager: Start proc 25771:com.amazon.alexamediaplayer.runtime.ftv/u0a66 for broadcast com.amazon.alexamediaplayer.runtime.ftv/com.amazon.alexamediaplayer.runtime.broadcastreceiver.MediaReceivers$SingletonSpotifyPolicyChangeReceiver
03-05 19:56:16.008 25771 25803 I FrameworkJumpTable: Successfully loaded all classes
03-05 19:56:16.066   617 16839 I ActivityManager: Start proc 25807:com.amazon.tv.settings.v2/u0a152 for broadcast com.amazon.tv.settings.v2/.tv.display_sounds.RestoreNavigationSoundsReceiver
03-05 19:56:16.081 25771 25803 I FrameworkJumpTable: Successfully loaded all methods
03-05 19:56:16.144 25771 25803 I FrameworkJumpTable: Successfully loaded all fields
03-05 19:56:16.144 25771 25803 I FrameworkJumpTable: Successfully loaded all constructors
03-05 19:56:16.723 25807 25807 I FrameworkJumpTable: Successfully loaded all classes
03-05 19:56:16.796 25807 25807 I FrameworkJumpTable: Successfully loaded all methods
03-05 19:56:16.824 25807 25807 I FrameworkJumpTable: Successfully loaded all fields
03-05 19:56:16.824 25807 25807 I FrameworkJumpTable: Successfully loaded all constructors
03-05 19:56:17.083 25807 25807 I AmazonHdmiServiceManager: AmazonHdmiServiceManager created
03-05 19:56:17.083   617 16839 I AmazonHdmiService: Get all supported display modes
03-05 19:56:17.085   617 16839 I AmazonHdmiService: Get Current HDCP Version
03-05 19:56:17.458   617 16839 I AmazonProfileService: Registering callback for all programs
03-05 19:56:19.566   617   617 E JobServiceContext: Time-out while trying to bind b0488ca #u0a38/3 com.amazon.client.metrics/.MetricsJobService, dropping.
03-05 19:56:19.780   617   617 E JobServiceContext: Time-out while trying to bind 97cd4f7 #u0a38/1 com.amazon.client.metrics/.MetricsJobService, dropping.
03-05 19:56:20.188   617   617 E JobServiceContext: Time-out while trying to bind 8702994 #u0a38/2 com.amazon.client.metrics/.MetricsJobService, dropping.
03-05 19:56:25.192   617   617 E JobServiceContext: Time-out while trying to bind e598d73 #u0a38/7 com.amazon.client.metrics/.MetricsJobService, dropping.
03-05 19:56:25.442   617   630 I ActivityManager: Waited long enough for: ServiceRecord{8e26703 u0 com.amazon.connectivitycontroller/.service.ConnectivityControllerService}
03-05 19:56:29.577   617 16839 I AmazonHdmiService: Get all supported display modes
03-05 19:56:29.580   617 16839 I AmazonHdmiService: Get Current HDCP Version
03-05 19:56:29.744   617  8828 I ActivityManager: Start proc 25947:com.android.providers.downloads/u0a28 for content provider com.android.providers.downloads/.DownloadProvider
03-05 19:56:30.246   617 19414 I ActivityManager: Start proc 26026:com.amazon.tv.ime/u0a141 for service com.amazon.tv.ime/.FireTVIME
03-05 19:56:30.304   617  8828 I ActivityManager: Start proc 26044:com.amazon.avod/u0a73 for service com.amazon.avod/.playbackclient.sdk.PlaybackSdkService
03-05 19:56:30.411 26026 26026 I FrameworkJumpTable: Successfully loaded all classes
03-05 19:56:30.431 26026 26026 I FrameworkJumpTable: Successfully loaded all methods
03-05 19:56:30.433 26026 26026 I FrameworkJumpTable: Successfully loaded all fields
03-05 19:56:30.433 26026 26026 I FrameworkJumpTable: Successfully loaded all constructors
03-05 19:56:30.746   617  8828 I ActivityManager: Start proc 26104:com.amazon.device.software.ota/u0a20 for service com.amazon.device.software.ota/.OtaService
03-05 19:56:31.050   617   630 I ActivityManager: Waited long enough for: ServiceRecord{81d4960 u0 com.amazon.alexamediaplayer.runtime.ftv/com.amazon.alexamediaplayer.runtime.NowPlayingService}
03-05 19:56:31.658 26044 26188 I FrameworkJumpTable: Successfully loaded all classes
03-05 19:56:31.679 26044 26188 I FrameworkJumpTable: Successfully loaded all methods
03-05 19:56:31.681 26044 26188 I FrameworkJumpTable: Successfully loaded all fields
03-05 19:56:31.681 26044 26188 I FrameworkJumpTable: Successfully loaded all constructors
03-05 19:56:32.321 26044 26044 I AmazonHdmiServiceManager: AmazonHdmiServiceManager created
--------- beginning of main
03-05 19:56:36.193 26044 26313 W AmazonVideo: Warning: Cannot find application info for com.amazon.readynowcore
03-05 19:56:36.193 26044 26313 I AmazonVideo: Completed initialize for AppUidManager
03-05 19:56:36.195 26044 26239 I AmazonVideo: Entered initialize for InsightsEventReporter
03-05 19:56:36.196 26044 26239 I AmazonVideo: Entered initialize for ApplicationInsightsEventFactory
03-05 19:56:36.196 26044 26239 I AmazonVideo: Completed initialize for ApplicationInsightsEventFactory
03-05 19:56:36.196 26044 26239 I AmazonVideo: Completed initialize for InsightsEventReporter
03-05 19:56:36.199  1164  4496 I ADMRegistrationProvider: [ADMRegistrationProvider]No cached result: Registration not found
03-05 19:56:36.200 26044 26309 I AmazonVideo: Start registration for ADM
03-05 19:56:36.202 26044 26313 I AmazonVideo: Entered initialize for DownloadNotificationListener
03-05 19:56:36.202 26044 26313 I AmazonVideo: Completed initialize for DownloadNotificationListener
03-05 19:56:36.204 26044 26313 I AmazonVideo: Entered initialize for DownloadConnectionEventListener
03-05 19:56:36.204 26044 26313 I AmazonVideo: Completed initialize for DownloadConnectionEventListener
03-05 19:56:36.211 26044 26239 I AmazonVideo: Sync Framework: queueing requestId=42b9a586 to run after initialDelay=0ms with data={trigger=application_startup, isQA=false}
03-05 19:56:36.222  1164 26315 I ADM     : [ADM][Register]Fetching external registration for com.amazon.avod
03-05 19:56:36.222  1164 26315 I ManifestChecker: Performing Manifest checks for package: com.amazon.avod
03-05 19:56:36.223  1164 26315 I ManifestChecker: com.amazon.avod was granted permission com.amazon.device.messaging.permission.RECEIVE.
03-05 19:56:36.224  1164 26315 I ReceiverChecker: # of receiver found for com.amazon.device.messaging.intent.REGISTRATION, package: com.amazon.avod: 1
03-05 19:56:36.224  1164 26315 I ReceiverChecker: Found Receiver: com.amazon.avod.pushnotification.adm.MultiplexingMessageReceiver with action: com.amazon.device.messaging.intent.REGISTRATION
03-05 19:56:36.225  1164 26315 I ReceiverChecker: # of receiver found for com.amazon.device.messaging.intent.RECEIVE, package: com.amazon.avod: 1
03-05 19:56:36.226  1164 26315 I ReceiverChecker: Found Receiver: com.amazon.avod.pushnotification.adm.MultiplexingMessageReceiver with action: com.amazon.device.messaging.intent.RECEIVE
03-05 19:56:36.226  1164 26315 I ...atformDependencyImpl: isAmazonDevice() in ClientSideAmazonPlatformDependencyImpl is called
03-05 19:56:36.226  1164 26315 I ...g/LocalKeyValueStore: Create DE shared preference, OS supports direct boot.
03-05 19:56:36.228  1164 26315 I ...atformDependencyImpl: isAmazonDevice() in ClientSideAmazonPlatformDependencyImpl is called
03-05 19:56:36.230 26044 26239 I ...atformDependencyImpl: isAmazonDevice() in ClientSideAmazonPlatformDependencyImpl is called
03-05 19:56:36.232 26044 26239 I ...atformDependencyImpl: isAmazonDevice() in ClientSideAmazonPlatformDependencyImpl is called
03-05 19:56:36.233 26044 26239 I ...d/AmazonSerialNumber: MAP Client side on FireOS 6 or below calls android.os.Build to get the DSN.
03-05 19:56:36.234 26044 26239 I ...atformDependencyImpl: isAmazonDevice() in ClientSideAmazonPlatformDependencyImpl is called
03-05 19:56:36.237 26044 26241 I AmazonVideo: Shortcuts have already been set, not setting them again
03-05 19:56:36.243  1164 26315 I ...atformDependencyImpl: isAmazonDevice() in ClientSideAmazonPlatformDependencyImpl is called
03-05 19:56:36.243  1164 26315 I ...g/LocalKeyValueStore: Create DE shared preference, OS supports direct boot.
03-05 19:56:36.243  1164 26315 I ...atformDependencyImpl: isAmazonDevice() in ClientSideAmazonPlatformDependencyImpl is called
03-05 19:56:36.250 26044 26239 I AmazonVideo: Used packageDeviceTypeIdKey: (com.amazon.avod/DeviceType) to set result: (AKPGW064GI9HE)
03-05 19:56:36.252 26044 26239 I AmazonVideo: Device properties refresh from MAP succeeded: no change from cached data
03-05 19:56:36.261 25568 26303 I CevicheService: [pool-3-thread-1][HttpBatchTransporter] Response code: 200
03-05 19:56:36.261 25568 26303 I CevicheService: [pool-3-thread-1][HttpBatchTransporter] Response body: {}
03-05 19:56:36.265  1164 26315 I com.amazon.identity.auth.device.authorization.api.AmazonCredentialManager: AmazonCredentialManager=1.2.0
03-05 19:56:36.269 26044 26316 I ...atformDependencyImpl: isAmazonDevice() in ClientSideAmazonPlatformDependencyImpl is called
03-05 19:56:36.277 26044 26316 I ...atformDependencyImpl: isAmazonDevice() in ClientSideAmazonPlatformDependencyImpl is called
03-05 19:56:36.280  1164  4374 I com.amazon.identity.auth.device.authorization.api.AmazonCredentialManager: Candidate and self are system apps.
03-05 19:56:36.281  1164  4374 I com.amazon.identity.auth.device.authorization.api.AmazonCredentialManager: Candidate com.amazon.identity.auth.device.authorization passed system and permission checks.
03-05 19:56:36.281 26044 26316 I ...atformDependencyImpl: isAmazonDevice() in ClientSideAmazonPlatformDependencyImpl is called
03-05 19:56:36.282  1164  4374 I com.amazon.identity.auth.device.authorization.api.AmazonCredentialManager: Candidate and self are system apps.
03-05 19:56:36.282  1164  4374 I com.amazon.identity.auth.device.authorization.api.AmazonCredentialManager: Candidate com.amazon.identity.auth.device.authorization passed system and permission checks.
03-05 19:56:36.286 26044 26318 I AmazonVideo: Attempt #1: running FetchVideoRegionCallable
03-05 19:56:36.290 26044 26318 I AmazonVideo: DiskCacheHierarchy: created DiskCache for DiskSpec{location=FILES, owner=APP_STARTUP, customRoot=null}, TokenKey{account=xxaivxx, profile=null}; now managing 3 instances. Root xxaivxx.
03-05 19:56:36.297   617 19414 I ActivityManager: Start proc 26319:com.amazon.identity.auth.device.authorization/u0a106 for service com.amazon.identity.auth.device.authorization/.AmazonCredentialManagerService
03-05 19:56:36.299 26044 26316 I ...atformDependencyImpl: isAmazonDevice() in ClientSideAmazonPlatformDependencyImpl is called
03-05 19:56:36.300 26044 26316 I AmazonVideo: Attempt #1: running FetchMarketplaceCallable
03-05 19:56:36.301 26044 26316 I ...atformDependencyImpl: isAmazonDevice() in ClientSideAmazonPlatformDependencyImpl is called
03-05 19:56:36.302 26044 26316 I ...atformDependencyImpl: isAmazonDevice() in ClientSideAmazonPlatformDependencyImpl is called
03-05 19:56:36.319 26044 26316 I AmazonVideo: Attempt #1: success running FetchMarketplaceCallable. Returning.
03-05 19:56:36.321 26044 26318 I AmazonVideo: Successfully de-serialized model: AppStartupConfigResponse
03-05 19:56:36.325 26044 26316 I ...atformDependencyImpl: isAmazonDevice() in ClientSideAmazonPlatformDependencyImpl is called
03-05 19:56:36.331 26044 26316 I ...atformDependencyImpl: isAmazonDevice() in ClientSideAmazonPlatformDependencyImpl is called
03-05 19:56:36.332 26044 26316 I AmazonVideo: Returning Users{current=xxaivxx, isOwner=true, device=xxaivxx, externalMarketplace=A2Q3Y263D00KWC}
03-05 19:56:36.359 26319 26319 I art     : Starting a blocking GC AddRemoveAppImageSpace
03-05 19:56:36.360 26319 26319 W System  : ClassLoader referenced unknown path: /system/priv-app/com.amazon.identity.auth.device.authorization/lib/arm
03-05 19:56:36.361 26319 26319 W System  : ClassLoader referenced unknown path: /system/priv-app/MinervaApi/lib/arm
03-05 19:56:36.361 26319 26319 W System  : ClassLoader referenced unknown path: /system/priv-app/MetricsApi/lib/arm
03-05 19:56:36.380 25110 25110 I BlurPlateNodePresenterD: receives message: hero_expanded
03-05 19:56:36.380 25110 25110 I NavigationNodePresenter: receives message: hero_expanded
03-05 19:56:36.381 25110 25110 I HintNodePresenterDI: Received hero_expandedfrom FeaturedRotatorFragment{a81bd54} (cf824d3e-1e69-4e48-9c21-5ea3798b415f) id=0x7f0b0166}
03-05 19:56:36.381 25110 25110 I AlexaNavHintNodePresent: message=hero_expanded, mHintsAllowed=false
03-05 19:56:36.381 25110 25110 I NavMenuScreen: receives message: grid_expand
03-05 19:56:36.381 25110 25110 I GridNodePresenterDI: receives message: grid_expand
03-05 19:56:36.383 25110 25110 I FeaturedRotatorViewMode: Featured Rotator has expanded
03-05 19:56:36.384 25110 25110 I FrameworkUtils: isAppInteractive: displayId=0, displayState=2, isInteractive=true, isTvOn=true, isAppInteractive=true, isAmbientOn=false, isAmbientCheckOn=true
03-05 19:56:36.385 25110 25110 I FrameworkUtils: isVoiceViewEnabled: false
03-05 19:56:36.385 25110 25110 I FeaturedRotatorViewMode: shouldAutoRotate: true
03-05 19:56:36.386 25110 25110 I FrameworkUtils: isAppInteractive: displayId=0, displayState=2, isInteractive=true, isTvOn=true, isAppInteractive=true, isAmbientOn=false, isAmbientCheckOn=true
03-05 19:56:36.389 26044 26318 I AmazonVideo: BackgroundThreadWriteSharedPreferences for ServerPreferences initializeMemCache() took 1 ms
03-05 19:56:36.403 26319 26319 I com.amazon.identity.auth.device.authorization.AmazonCredentialManagerService: onCreate called
03-05 19:56:36.403 26319 26319 I com.amazon.identity.auth.device.authorization.AmazonCredentialManagerService: onBind called
03-05 19:56:36.407  1164  1164 I com.amazon.identity.auth.device.authorization.MAPServiceConnection: onServiceConnected called
03-05 19:56:36.408   892  2089 I ...imp/TokenJobQueue[0]: Begin executing task GetToken:com.amazon.dcp.sso.token.oauth.amazon.access_token
03-05 19:56:36.409   892 26281 I ...imp/TokenJobQueue[0]: Finish executing task GetToken:com.amazon.dcp.sso.token.oauth.amazon.access_token.
03-05 19:56:36.414   892  2089 I ...imp/TokenJobQueue[0]: Scheduled running concurrent job GetToken:com.amazon.dcp.sso.token.oauth.amazon.access_token.
03-05 19:56:36.469 26319 26331 I com.amazon.identity.auth.device.authorization.utils.ThirdPartyUtils: Getting static context
03-05 19:56:36.563 26044 26318 I AmazonVideo: StalenessTracker(AppStartupConfig) loaded ResponseManifest{key={xxaivxx/xxaivxx/}, status={null/null}}
03-05 19:56:36.563 26044 26318 I AmazonVideo: Attempt #1: success running FetchVideoRegionCallable. Returning.
03-05 19:56:36.570 26044 26340 I AmazonVideo: Attempt #1: running IdentityProfilesFetcher$$ExternalSyntheticLambda0
03-05 19:56:36.572 26044 26340 I AmazonVideo: DiskCacheHierarchy: created DiskCache for DiskSpec{location=FILES, owner=PROFILES, customRoot=null}, TokenKey{account=xxaivxx, profile=null}; now managing 4 instances. Root xxaivxx.
03-05 19:56:36.589 25568 26303 I CevicheService: [pool-3-thread-1][HttpBatchTransporter] Response code: 200
03-05 19:56:36.590 26044 26340 I art     : Unable to resolve java.lang.Class<com.google.common.collect.ImmutableCollection> annotation class 2152
03-05 19:56:36.592 26044 26340 I art     : Unable to resolve java.lang.Class<com.google.common.collect.ImmutableCollection> annotation class 2152
03-05 19:56:36.594 26044 26340 I art     : Unable to resolve java.lang.Class<com.google.common.collect.ImmutableCollection> annotation class 2152
03-05 19:56:36.595 26044 26340 I art     : Unable to resolve java.lang.Class<com.google.common.collect.ImmutableCollection> annotation class 2152
03-05 19:56:36.597 26044 26340 I art     : Unable to resolve java.lang.Class<com.google.common.collect.ImmutableCollection> annotation class 2152
03-05 19:56:36.599 26044 26340 I art     : Unable to resolve java.lang.Class<com.google.common.collect.ImmutableCollection> annotation class 2152
03-05 19:56:36.601 26044 26340 I art     : Unable to resolve java.lang.Class<com.google.common.collect.ImmutableCollection> annotation class 2152
03-05 19:56:36.602 25568 26303 I CevicheService: [pool-3-thread-1][HttpBatchTransporter] Response body: {}
03-05 19:56:36.604 26044 26340 I art     : Unable to resolve java.lang.Class<com.google.common.collect.ImmutableCollection> annotation class 2152
03-05 19:56:36.606 26044 26340 I art     : Unable to resolve java.lang.Class<com.google.common.collect.ImmutableCollection> annotation class 2152
03-05 19:56:36.624 26044 26340 I art     : Unable to resolve java.lang.Class<com.google.common.collect.ImmutableCollection> annotation class 2152
03-05 19:56:36.642   297 22370 I Drm     : [DrmHal:Timing] createPlugin() takes 0.596073(second)
03-05 19:56:36.644 26044 26265 I AmazonVideo: Operation New MediaDrm PLAYREADY took duration 598 (unit MILLISECONDS, tag null)
03-05 19:56:36.644 26044 26265 I AmazonVideo: MediaDrm assumed PlayReady Security Level: SL_2000
03-05 19:56:36.644 26044 26265 W AmazonVideo: Warning: MediaDrm multi session is disabled, defaulting to 1 sessions
03-05 19:56:36.644 26044 26265 I AmazonVideo: Instantiated new MediaDrm android.media.MediaDrm@6dfc690, Scheme: PLAYREADY SchemeUUID: 9a04f079-9840-4286-ab92-e65be0885f95 MaxSessionCount: 1
03-05 19:56:36.655 26044 26340 I AmazonVideo: ProfilesCache: found cached response; returning.
03-05 19:56:36.662 26044 26341 I AmazonVideo: PlaybackNativeLibrariesLoader: Loading library AIVMemoryAllocator
03-05 19:56:36.666 26044 26341 I AmazonVideo: PlaybackNativeLibrariesLoader: Success! Indirectly loaded native library AIVMemoryAllocator
03-05 19:56:36.666 26044 26341 I AmazonVideo: PlaybackNativeLibrariesLoader: Loading library AIVDash
03-05 19:56:36.673 26044 26341 I AmazonVideo: PlaybackNativeLibrariesLoader: Success! Indirectly loaded native library AIVDash
03-05 19:56:36.674 26044 26341 I AmazonVideo: PlaybackNativeLibrariesLoader: Loading library ATVPlaybackSmoothStream
03-05 19:56:36.679 26044 26341 I AmazonVideo: PlaybackNativeLibrariesLoader: Success! Indirectly loaded native library ATVPlaybackSmoothStream
03-05 19:56:36.680 26044 26341 I AmazonVideo: PlaybackNativeLibrariesLoader: Loading library AIVHeuristics
03-05 19:56:36.689 26044 26265 I AmazonVideo: Function mountTmpfs not available for InMemoryMappedFolder
03-05 19:56:36.689 26044 26265 I AmazonVideo: Function unMountTmpfs not available for InMemoryMappedFolder
03-05 19:56:36.689 26044 26265 I AmazonVideo: Retrieving the storage manager from storage service
03-05 19:56:36.692 26044 26265 I AmazonVideo: Successfully retrieved an instance of the storage manager
03-05 19:56:36.694 26044 26341 I AmazonVideo: PlaybackNativeLibrariesLoader: Success! Indirectly loaded native library AIVHeuristics
03-05 19:56:36.695 26044 26341 I AmazonVideo: PlaybackNativeLibrariesLoader: Loading library AutobahnTraceroute
03-05 19:56:36.697 26044 26341 I AmazonVideo: PlaybackNativeLibrariesLoader: Success! Indirectly loaded native library AutobahnTraceroute
03-05 19:56:36.698 26044 26265 I AmazonVideo: Initializing media component FileBackedContentStore
03-05 19:56:36.699 26044 26265 I AmazonVideo: Initializing media component DefaultHeuristicsConfigurationSynchronizer
03-05 19:56:36.701 26044 26265 I AmazonVideo: Initializing media component QosEventModelMediaComponent
03-05 19:56:36.701 26044 26265 I AmazonVideo: Initializing media component DrmLicenseCleaner
03-05 19:56:36.706 26044 26265 I AmazonVideo: Entered initialize for DrmSystemImpl
03-05 19:56:36.706 26044 26265 I AmazonVideo: Completed initialize for DrmSystemImpl
03-05 19:56:36.707 26044 26265 I AmazonVideo: Entered initialize for CachingPlaybackSupportEvaluator
03-05 19:56:36.708 26044 26265 I AmazonVideo: BackgroundThreadWriteSharedPreferences for PersistentPreferences initializeMemCache() took 0 ms
03-05 19:56:36.712 26044 26225 I AmazonVideo: AdId set to: 4b4372f1-f9a2-40f6-b258-2aa8d44b3004
03-05 19:56:36.725 26044 26353 I AmazonVideo: PlaybackAuthProvider: accountDirectedId is absent, fallback to using token for current profile.
03-05 19:56:36.730 26044 26265 I AmazonVideo: Completed initialize for CachingPlaybackSupportEvaluator
03-05 19:56:36.730 26044 26265 I AmazonVideo: Entered initialize for OkHttpClientFactory
03-05 19:56:36.731 26044 26265 I AmazonVideo: Completed initialize for OkHttpClientFactory
03-05 19:56:36.776 26044 26265 I AmazonVideo: CardCache open took 15 ms
03-05 19:56:36.783 26044 26265 I AmazonVideo: PrioritizingVideoCacheManager HttpResponseCache successfully installed at: /data/user/0/com.amazon.avod/cache/DownloadServiceHttpResponseCache maxSizeBytes: 5242880
03-05 19:56:36.784 26044 26265 W AmazonVideo: Warning: Upscaler is enabled by weblab/config, but device is not 64 bit
03-05 19:56:36.784 26044 26265 I AmazonVideo: Completed initialize for MediaSystem:Initialization
03-05 19:56:36.790 26044 26260 I AmazonVideo: Entered initialize for PlaybackDownloadManager
03-05 19:56:36.790 26044 26260 I AmazonVideo: Entered initialize for PlaybackDownloadPersistence
03-05 19:56:36.793 26044 26260 I AmazonVideo: Entered initialize for PlaybackDownloadDiskPersistence
03-05 19:56:36.794 26044 26260 I AmazonVideo: Completed initialize for PlaybackDownloadDiskPersistence
03-05 19:56:36.795 26044 26242 I AmazonVideo: Entered initialize for UserDownloadComponents:Initialization
03-05 19:56:36.797 26044 26242 I AmazonVideo: Completed initialize for UserDownloadComponents:Initialization
03-05 19:56:36.797 26044 26242 I AmazonVideo: Entered initialize for ClientDownloadSyncManager
03-05 19:56:36.799 26044 26357 I AmazonVideo: Initializing SonarController...
03-05 19:56:36.814 26044 26357 I AmazonVideo: Sonar: Initialize SonarLoadTestController with com.amazon.avod.sonarclientsdk.platform.HeadlessStreamingController@37ae53b 
03-05 19:56:36.814 26044 26357 I AmazonVideo: Sonar videoCacheManager has been injected successfully with com.amazon.avod.media.contentcache.internal.PrioritizingVideoCacheManager@3cdc458
03-05 19:56:36.818 26044 26242 I AmazonVideo: Completed initialize for ClientDownloadSyncManager
03-05 19:56:36.843 26044 26242 I AmazonVideo: Waiting for UserDownloadManager to initialize, current state NotInitialized
03-05 19:56:36.884   892  2089 I ...imp/TokenJobQueue[0]: Begin executing task GetToken:com.amazon.dcp.sso.token.oauth.amazon.access_token
03-05 19:56:36.884   892  2089 I ...imp/TokenJobQueue[0]: Scheduled running concurrent job GetToken:com.amazon.dcp.sso.token.oauth.amazon.access_token.
03-05 19:56:36.885   892 26281 I ...imp/TokenJobQueue[0]: Finish executing task GetToken:com.amazon.dcp.sso.token.oauth.amazon.access_token.
03-05 19:56:36.903 26044 26260 I AmazonVideo: DWNLD_SDK Checking Download DB Sanity
03-05 19:56:36.905 26044 26260 I AmazonVideo: Completed initialize for PlaybackDownloadPersistence
03-05 19:56:36.905 26044 26260 I AmazonVideo: Entered initialize for PlaybackDownloadExecutor
03-05 19:56:36.919 26044 26353 W AmazonVideo.http: Unable to resolve unexpected CRC route: IAD->IAD
03-05 19:56:36.920 26044 26353 I AmazonVideo.http: FetchFromServer: (196ms, #1) Completed Request@a10b911[GET https://abbye994khsg.na.api.amazonvideo.com/cdp/playback/GetDefaultSettings?<REMOVED>&deviceTypeID=AKPGW064GI9HE&firmware=fmw%3A25-app%3AFireTv.407.500501&format=json&osLocale=pt_BR&responseFormatVersion=1.0.0&softwareVersion=407&uxLocale=pt_BR&version=1]
03-05 19:56:36.922 26044 26356 I AmazonVideo: PrioritizingVideoCacheManager - Empty queue.
03-05 19:56:36.925 26044 26260 I AmazonVideo: Entered initialize for PlaybackDownloadQueueManager
03-05 19:56:36.925 26044 26260 I AmazonVideo: Completed initialize for PlaybackDownloadQueueManager
03-05 19:56:36.925 26044 26260 I AmazonVideo: DWNLD_SDK PlaybackDownloadManager updateDownloadsWithPreferredDownloadLocation INTERNAL_STORAGE
03-05 19:56:36.925 26044 26260 I AmazonVideo: Completed initialize for PlaybackDownloadExecutor
03-05 19:56:36.927 26044 26260 I AmazonVideo: DWNLD_SDK Acquired pause token: PauseToken{token=java.lang.Object@702d5e8, cause=EXTERNAL_STORAGE_STATE_UNKNOWN}
03-05 19:56:36.927 26044 26260 I AmazonVideo: DWNLD_SDK PlaybackDownloadManager updateDownloadsWithPreferredDownloadLocation INTERNAL_STORAGE
03-05 19:56:36.928 26044 26260 I AmazonVideo: Completed initialize for PlaybackDownloadManager
03-05 19:56:36.929 26044 26260 I AmazonVideo: Entered initialize for PlaybackDownloadManager:Media
03-05 19:56:36.930 26044 26260 I AmazonVideo: Entered initialize for PlaybackDownloadEventReporter
03-05 19:56:36.930 26044 26260 I AmazonVideo: Completed initialize for PlaybackDownloadEventReporter
03-05 19:56:36.931 26044 26260 I AmazonVideo: Entered initialize for PlaybackDownloadExecutor:Media
03-05 19:56:36.931 26044 26260 I AmazonVideo: Completed initialize for PlaybackDownloadExecutor:Media
03-05 19:56:36.940 26044 26360 I AmazonVideo: LORE event Event=[-1: QOS/AppLoad]; Session=[943-5484807-9462268]; Time=[2026-03-05 19:56:36-0300]; Age=[0mins]; Tag=[null]; Body=[{"screenResolutionWidth":1920,"screenResolutionHeight":1080,"clientMode":"online","chipset":"mantis","connectionType":"WIFI","connectionTypeList":"WIFI","clientVersion":"FireTv.407.500501","downloadSessionId":"1f915aae-83e8-421c-8d8c-9c7d03c08785","eventType":"AppLoad","eventTimestamp":1772751396896,"eventSubtype":"MediaCodecMediaDrmRendererScheme;","firmwareVersion":"Amazon\/mantis\/mantis:6.0\/NS6711\/5866N:user\/amz-p,release-keys","manufacturer":"Amazon","modelName":"AFTMM","note":"{\"fp\":\"Amazon\\\/mantis\\\/mantis:6.0\\\/NS6711\\\/5866N:user\\\/amz-p,release-keys\",\"resPath\":\"MediaCodecMediaDrmRendererScheme:AVAILABLE>\",\"cores\":2,\"freq\":1200,\"neon\":true,\"hwAcc\":true,\"supp\":true,\"sust\":true,\"pbkInfo\":\"SUPPORTED_HARDWARE\",\"maxBit\":2147483647,\"hw\":\"mt8695\",\"dpi\":320,\"font\":\"1.00\"}","operatingSystem":"Android7.1.2","sourceSystem":"AKPGW064GI9HE","streamingSessionId":"1f915aae-83e8-421c-8d8c-9c7d03c08785","signalStrength":3,"userWatchSessionId":"MediaSystemInitialization_4a860ed5-ccf1-4385-9289-31f9f0423e3e","primitiveSessionId":"1f915aae-83e8-421c-8d8c-9c7d03c08785","attributionTag":""}]
03-05 19:56:36.955 26044 26362 W AmazonVideo.http: Unable to resolve unexpected CRC route: IAD->IAD
03-05 19:56:36.969 26044 26357 I AmazonVideo: Sonar AppName com.amazon.avod appId 10073
03-05 19:56:36.971 26044 26260 I AmazonVideo: DWNLD_SDK resume, releasing pause token: PauseToken{token=java.lang.Object@702d5e8, cause=EXTERNAL_STORAGE_STATE_UNKNOWN}
03-05 19:56:36.971 26044 26260 I AmazonVideo: DWNLD_SDK DownloadQueue Processed download queue with 0 pending jobs; no actionable job found.
03-05 19:56:36.972 26044 26260 I AmazonVideo: Completed initialize for PlaybackDownloadManager:Media
03-05 19:56:36.972 26044 26260 I AmazonVideo: DWNLD_SDK DownloadQueue Processed download queue with 0 pending jobs; no actionable job found.
03-05 19:56:36.972 26044 26260 I AmazonVideo: PlayerApplicationInitializer.init() version 999.0.150 call completed in Ms : 4096
03-05 19:56:36.988 26044 26366 I AmazonVideo: DWNLD_SDK DownloadQueue Processed download queue with 0 pending jobs; no actionable job found.
03-05 19:56:36.988 26044 26366 I AmazonVideo: DWNLD_SDK DownloadQueue Processed download queue with 0 pending jobs; no actionable job found.
03-05 19:56:36.990 26044 26240 I AmazonVideo: This device is eligible for second screen as a Primary device. Enable second screen when using secondary profile = true. Enable notifications when in Companion mode = true
03-05 19:56:36.993 26044 26240 I AmazonVideo: Second screen communication will be enabled (isUsingSecondaryAccount=false)
03-05 19:56:36.994 26044 26313 I AmazonVideo: Entered initialize for UserDownloadManager
03-05 19:56:37.000 26044 26313 I AmazonVideo: PlayerSDK.getDownloadFeature()
03-05 19:56:37.013 26044 26313 I AmazonVideo: Entered initialize for RightsEventModelFactory
03-05 19:56:37.013 26044 26313 I AmazonVideo: Completed initialize for RightsEventModelFactory
03-05 19:56:37.014 26044 26313 I AmazonVideo: Entered initialize for UserDownloadNotifier
03-05 19:56:37.015 26044 26313 I AmazonVideo: Completed initialize for UserDownloadNotifier
03-05 19:56:37.015 26044 26313 I AmazonVideo: Entered initialize for ClientDownloadManager
03-05 19:56:37.016 26044 26313 I AmazonVideo: DWNLD Default download location is SD card
03-05 19:56:37.016 26044 26313 I AmazonVideo: Entered initialize for UserDownloadPersistence
03-05 19:56:37.022 26044 26313 I AmazonVideo: Entered initialize for UserDownloadDiskPersistence
03-05 19:56:37.023 26044 26370 I AmazonVideo: Initializing second screen
03-05 19:56:37.029 26044 26369 I AmazonVideo: Waiting for UserDownloadManager to initialize, current state Initializing
03-05 19:56:37.041 26044 26370 I AmazonVideo: Entered initialize for SecondScreenManager
03-05 19:56:37.054 26044 26350 I AmazonVideo: BackgroundThreadWriteSharedPreferences for PlaybackHeuristicsPreferences initializeMemCache() took 0 ms
03-05 19:56:37.054 26044 26350 I AmazonVideo: Updated default heuristics configuration
03-05 19:56:37.062 26044 26313 I AmazonVideo: Completed initialize for UserDownloadDiskPersistence
03-05 19:56:37.095 26044 26370 I AmazonVideo: App-level event reporter created with primitive session=3e9e5ed6-8dae-480a-a2e8-822c3d7f7a94
03-05 19:56:37.096 26044 26370 I DPLogger: DPLogger - Name was too long. Truncating; original name: TComm.CommunicationFactoryBase, truncated name: TComm.CommunicationFact
03-05 19:56:37.097 26044 26370 I DPLogger: DPLogger - Name was too long. Truncating; original name: TComm.AndroidTCommManager, truncated name: TComm.AndroidTCommManag
03-05 19:56:37.098 26044 26370 I DPLogger: DPLogger - Name was too long. Truncating; original name: TComm.AndroidIdentityResolver, truncated name: TComm.AndroidIdentityRe
03-05 19:56:37.098 26044 26370 I DPLogger: DPLogger - Name was too long. Truncating; original name: TComm.AndroidTCommServiceConnection, truncated name: TComm.AndroidTCommServi
03-05 19:56:37.107 26044 26354 I AmazonVideo: CardCache evictExpiredFragments evicted 0 fragments, took 306 ms
03-05 19:56:37.127 26044 26370 I AmazonVideo: Entered initialize for DialCore
03-05 19:56:37.128 26044 26370 I AmazonVideo: Completed initialize for DialCore
03-05 19:56:37.128 26044 26370 I AmazonVideo: Dial::DialCommunicationServiceFactory: Creating communication service.
03-05 19:56:37.129 26044 26313 I AmazonVideo: Completed initialize for UserDownloadPersistence
03-05 19:56:37.129 26044 26313 I AmazonVideo: Entered initialize for UserDownloadExecutor
03-05 19:56:37.130 26044 26313 I AmazonVideo: Entered initialize for DownloadEnabledStatus
03-05 19:56:37.130 26044 26313 I AmazonVideo: Completed initialize for DownloadEnabledStatus
03-05 19:56:37.131 26044 26313 I AmazonVideo: Entered initialize for UserDownloadAvailabilityCache
03-05 19:56:37.132 26044 26313 I AmazonVideo: Completed initialize for UserDownloadAvailabilityCache
03-05 19:56:37.132 26044 26313 I AmazonVideo: Entered initialize for DownloadQueueManager
03-05 19:56:37.132 26044 26313 I AmazonVideo: Completed initialize for DownloadQueueManager
03-05 19:56:37.133 26044 26313 I AmazonVideo: DWNLD_SDK PlaybackDownloadManager updateDownloadsWithPreferredDownloadLocation SD_CARD
03-05 19:56:37.133 26044 26313 I AmazonVideo: Completed initialize for UserDownloadExecutor
03-05 19:56:37.134 26044 26313 I AmazonVideo: DWNLD Registered OnDownloadLocationSettingChangeListener: OnDownloadLocationChangedListener
03-05 19:56:37.134 26044 26313 I AmazonVideo: DWNLD Acquired pause token: PauseToken{token=java.lang.Object@a750e09, cause=EXTERNAL_STORAGE_STATE_UNKNOWN}
03-05 19:56:37.134 26044 26313 I AmazonVideo: DWNLD_SDK PlaybackDownloadManager updateDownloadsWithPreferredDownloadLocation SD_CARD
03-05 19:56:37.135 26044 26313 I AmazonVideo: Entered initialize for DownloadsCleanUpManager
03-05 19:56:37.135 26044 26313 I AmazonVideo: Completed initialize for DownloadsCleanUpManager
03-05 19:56:37.136 26044 26313 I AmazonVideo: Completed initialize for ClientDownloadManager
03-05 19:56:37.139 26044 26313 I AmazonVideo: Completed initialize for UserDownloadManager
03-05 19:56:37.139 26044 26242 I AmazonVideo: Entered initialize for UserDownloadManager:Media
03-05 19:56:37.140 26044 26242 I AmazonVideo: Entered initialize for ClientDownloadManager:Media
03-05 19:56:37.140 26044 26242 I AmazonVideo: Entered initialize for UserDownloadExecutor:Media
03-05 19:56:37.141 26044 26242 I AmazonVideo: Completed initialize for UserDownloadExecutor:Media
03-05 19:56:37.141 26044 26242 I AmazonVideo: DWNLD Releasing pause token: PauseToken{token=java.lang.Object@a750e09, cause=EXTERNAL_STORAGE_STATE_UNKNOWN}
03-05 19:56:37.143 26044 26242 I AmazonVideo: DWNLD DownloadQueue Processed download queue with 0 pending jobs; no actionable job found.
03-05 19:56:37.144 26044 26242 I AmazonVideo: Completed initialize for ClientDownloadManager:Media
03-05 19:56:37.145 26044 26242 I AmazonVideo: DWNLD DownloadQueue Processed download queue with 0 pending jobs; no actionable job found.
03-05 19:56:37.145 26044 26242 I AmazonVideo: Completed initialize for UserDownloadManager:Media
03-05 19:56:37.153 26044 26313 I AmazonVideo: Completed initialize for DownloadPersistenceInitializationTask
03-05 19:56:37.154 26044 26373 I AmazonVideo: DWNLD DownloadsCleanUp init
03-05 19:56:37.154 26044 26373 I AmazonVideo: DWNLD DownloadsCleanUp clear orphaned downloads.
03-05 19:56:37.154 26044 26373 I AmazonVideo: DWNLD DownloadsCleanUp clear orphaned user downloads.
03-05 19:56:37.154 26044 26373 I AmazonVideo: DWNLD DownloadsCleanUp number of downloads retained: 0
03-05 19:56:37.155 26044 26373 I AmazonVideo: DWNLD DownloadsCleanUp number of downloads cleaned: 0
03-05 19:56:37.157 26044 26377 I AmazonVideo: Wifi network available; refreshing download status
03-05 19:56:37.157 26044 26378 I AmazonVideo: PlayerSDK.getDownloadFeature()
03-05 19:56:37.159 26044 26377 I AmazonVideo: DWNLD DownloadQueue Processed download queue with 0 pending jobs; no actionable job found.
03-05 19:56:37.159 26044 26377 I AmazonVideo: Download pause token is not present, refreshing current task
03-05 19:56:37.160 26044 26377 I AmazonVideo: Sync Framework: queueing requestId=761e89c2 to run after initialDelay=0ms with data={trigger=downloads, isQA=false}
03-05 19:56:37.164 26044 26375 I AmazonVideo: DWNLD DownloadQueue Processed download queue with 0 pending jobs; no actionable job found.
03-05 19:56:37.165 26044 26375 I AmazonVideo: DWNLD DownloadQueue Processed download queue with 0 pending jobs; no actionable job found.
03-05 19:56:37.165 26044 26375 I AmazonVideo: DWNLD DownloadQueue Processed download queue with 0 pending jobs; no actionable job found.
03-05 19:56:37.165 26044 26376 I AmazonVideo: DWNLD performAvailabilityBaseline: ignoring request; force=false, ttl=Will expire 1772770018377 milliseconds from Epoch
03-05 19:56:37.167 26044 26379 I AmazonVideo: Starting initialize for DialCommunicationService
03-05 19:56:37.167 26044 26379 I AmazonVideo: Initialize for DialCommunicationService finished, starting discovery.
03-05 19:56:37.174 26044 26380 I AmazonVideo: Starting initialize for TCommCommunicationService
03-05 19:56:37.177 26044 26379 I AmazonVideo: Starting discovery for DialCommunicationService
03-05 19:56:37.179 26044 26379 I AmazonVideo: Dial::DialClient: Discovering dial devices
03-05 19:56:37.180 26044 26370 I AmazonVideo: Completed initialize for SecondScreenManager
03-05 19:56:37.190 26044 26379 I AmazonVideo: Dial::DialClient: Exception getting device description java.io.IOException: Cleartext HTTP traffic to 192.168.3.110 not permitted
03-05 19:56:37.203 26044 26044 I TComm.CommunicationFact: onServiceConnected - Connected to TCommService;
03-05 19:56:37.208 26044 26380 I DPLogger: DPLogger - Name was too long. Truncating; original name: TComm.GatewayConnectivityImpl, truncated name: TComm.GatewayConnectivi
03-05 19:56:37.223 26044 26380 I DPLogger: DPLogger - Name was too long. Truncating; original name: TComm.MessageHandlerProxy, truncated name: TComm.MessageHandlerPro
03-05 19:56:37.224  1418 25074 I TComm.MessageRouterImpl: registerMessageHandler - adding route; channel: 905, handler: com.amazon.communication.ServiceSideMessageRouter$RemoteMessageHandler@5f62ddf
03-05 19:56:37.224 25568 26303 I CevicheService: [pool-3-thread-1][HttpBatchTransporter] Response code: 200
03-05 19:56:37.225 26044 26380 I AmazonVideo: Acquiring TComm connection
03-05 19:56:37.231  1418 25074 I TComm.CsmTCommService: acquireConnection - entering; identity: urn:tcomm-endpoint:service:serviceName:AIVRelayService, directedIdHash: 0, listener: com.amazon.communication.IConnectionListener$Stub$Proxy@545aa2c
03-05 19:56:37.233 25568 26303 I CevicheService: [pool-3-thread-1][HttpBatchTransporter] Response body: {}
03-05 19:56:36.747 26044 26344 I [PRISM] : Get prism service
03-05 19:56:37.235 26044 26344 I [PRISM] : Cancelled scheduled unbinding from Prism Service for: com.amazon.avod
03-05 19:56:37.235  1418 25074 I TComm.CsmSocketManager: getCsmProtocolSocket - retrieved CsmProtocolSocket; socket: com.amazon.communication.socket.CsmProtocolSocket@a35ebd1
03-05 19:56:37.243 25242 25257 I ...atformDependencyImpl: isAmazonDevice() in ClientSideAmazonPlatformDependencyImpl is called
03-05 19:56:37.248 25242 25334 I ...atformDependencyImpl: isAmazonDevice() in ClientSideAmazonPlatformDependencyImpl is called
03-05 19:56:37.249 26044 26382 I AmazonVideo: Sync Framework: Worker[5ed87232]: Attempting sync for {trigger=application_startup, isQA=false}
03-05 19:56:37.252  1418 25074 I TComm.CsmSocketDecision: acquireSocket - returning; socket: com.amazon.communication.socket.GatewaySocket@28b0cf5
03-05 19:56:37.256 26044 26380 I AmazonVideo: Connection with route TCOMM state changed to true
03-05 19:56:37.257 26044 26380 I AmazonVideo: TComm initialization finished.
03-05 19:56:37.257 26044 26380 I AmazonVideo: Initialize for TCommCommunicationService finished, starting discovery.
03-05 19:56:37.259 26044 26380 I AmazonVideo: Starting discovery for TCommCommunicationService
03-05 19:56:37.260 26044 26380 I AmazonVideo: Need to load request GetDevices.
03-05 19:56:37.261 26044 26380 I AmazonVideo: SessionId: Adding sessionId 943-5484807-9462268 to network call with path /cdp/devices/GetDevices.
03-05 19:56:37.271 25242 25257 I ...atformDependencyImpl: isAmazonDevice() in ClientSideAmazonPlatformDependencyImpl is called
03-05 19:56:37.274 25242 25334 I ...atformDependencyImpl: isAmazonDevice() in ClientSideAmazonPlatformDependencyImpl is called
03-05 19:56:37.282 26044 26382 I AmazonVideo: Sync Framework: Worker[5ed87232]:   EventSyncComponent (1 of 4): OK to sync
03-05 19:56:37.295 25242 25257 I PrismService: [Binder:25242_2][Profiler] DEPRECATED.DEPRECATED took 52 ms
03-05 19:56:37.305 26044 26382 I AmazonVideo: EventManager: processing events...
03-05 19:56:37.306 26044 26382 I AmazonVideo: Sync Framework: Worker[5ed87232]:   QueuedActionSyncComponent (2 of 4): OK to sync
03-05 19:56:37.306 26044 26382 I AmazonVideo: QueuedAction: Performing sync for QueuedActionSyncComponent
03-05 19:56:37.308 26044 26382 I AmazonVideo: Sync Framework: Worker[5ed87232]:   ResiliencyConfigSyncComponent (3 of 4): OK to sync
03-05 19:56:37.308 26044 26382 I AmazonVideo: Resiliency: Performing sync for ResiliencyConfigSyncComponent
03-05 19:56:37.308 25242 25334 I ...atformDependencyImpl: isAmazonDevice() in ClientSideAmazonPlatformDependencyImpl is called
03-05 19:56:37.338 25242 25334 I ...atformDependencyImpl: isAmazonDevice() in ClientSideAmazonPlatformDependencyImpl is called
03-05 19:56:37.347 25262 26069 I ...s/LocalKeyValueStore: Create DE shared preference, OS supports direct boot.
03-05 19:56:37.347 25262 26069 I ...atformDependencyImpl: isAmazonDevice() in ClientSideAmazonPlatformDependencyImpl is called
03-05 19:56:37.354 25242 25334 I PrismService: [Thread-8][MinervaMetricRecorder] Minerva event CacheHit.ListEnrolledProfiles recording successful
03-05 19:56:37.354 25242 25334 I ...atformDependencyImpl: isAmazonDevice() in ClientSideAmazonPlatformDependencyImpl is called
03-05 19:56:37.369 25242 25334 I ...atformDependencyImpl: isAmazonDevice() in ClientSideAmazonPlatformDependencyImpl is called
03-05 19:56:37.378   892  2089 I ...imp/TokenJobQueue[0]: Begin executing task GetToken:com.amazon.dcp.sso.token.oauth.amazon.access_token
03-05 19:56:37.379 25242 25334 I ...atformDependencyImpl: isAmazonDevice() in ClientSideAmazonPlatformDependencyImpl is called
03-05 19:56:37.379   892 26281 I ...imp/TokenJobQueue[0]: Finish executing task GetToken:com.amazon.dcp.sso.token.oauth.amazon.access_token.
03-05 19:56:37.380   892  2089 I ...imp/TokenJobQueue[0]: Scheduled running concurrent job GetToken:com.amazon.dcp.sso.token.oauth.amazon.access_token.
03-05 19:56:37.389 25242 25334 I ...atformDependencyImpl: isAmazonDevice() in ClientSideAmazonPlatformDependencyImpl is called
03-05 19:56:37.396 25568 26303 I CevicheService: [pool-3-thread-1][HttpBatchTransporter] Response code: 200
03-05 19:56:37.396 25568 26303 I CevicheService: [pool-3-thread-1][HttpBatchTransporter] Response body: {}
03-05 19:56:37.404 25242 25334 I ...atformDependencyImpl: isAmazonDevice() in ClientSideAmazonPlatformDependencyImpl is called
03-05 19:56:37.415 25242 25334 I PrismService: [Thread-8][MinervaMetricRecorder] Minerva event LIST_ENROLLED_PROFILES recording successful
03-05 19:56:37.415 25242 25334 I ...atformDependencyImpl: isAmazonDevice() in ClientSideAmazonPlatformDependencyImpl is called
03-05 19:56:37.419 26044 26382 I AmazonVideo: Sync Framework: Worker[5ed87232]:   StorageSpaceSyncComponent (4 of 4): OK to sync
03-05 19:56:37.427 25110 25328 I cevicheLTSPlugin.BaseEventHandler: Received an event from Launcher of typeScreenVisibilityEvent
03-05 19:56:37.431 25110 25328 I cevicheLTSPlugin.ItemVisibilityHandler: Reporting ScreenVisibilityEvent to AdManager - T1 treatment
03-05 19:56:37.438 25110 25451 I ...atformDependencyImpl: isAmazonDevice() in ClientSideAmazonPlatformDependencyImpl is called
03-05 19:56:37.441 25110 25451 I ...atformDependencyImpl: isAmazonDevice() in ClientSideAmazonPlatformDependencyImpl is called
03-05 19:56:37.443 25110 25278 I ...atformDependencyImpl: isAmazonDevice() in ClientSideAmazonPlatformDependencyImpl is called
03-05 19:56:37.449   892 25629 I ...n.imp/CorPfmLogic[0]: COR is empty: false, PFM is empty: false
03-05 19:56:37.450   892 25629 I ...n.imp/CorPfmLogic[0]: Current time: 1772751397449 
03-05 19:56:37.450   892 25629 I ...n.imp/CorPfmLogic[0]:  cor/pfm last updated time: 1772746155829 
03-05 19:56:37.450   892 25629 I ...n.imp/CorPfmLogic[0]:  TTL: 86400000 
03-05 19:56:37.450   892 25629 I ...n.imp/CorPfmLogic[0]:  Jitter: 35304271
03-05 19:56:37.450   892 25629 I ...n.imp/CorPfmLogic[0]: COR or PFM isn't expired.
03-05 19:56:37.450   892 25629 I ...n.imp/CorPfmLogic[0]: COR PFM has already been fetched. Returning current COR/PFM
03-05 19:56:37.450   892 25629 I ...tributeStoreLogic[0]: Callback with value empty: false
03-05 19:56:37.454 25110 25451 I ...atformDependencyImpl: isAmazonDevice() in ClientSideAmazonPlatformDependencyImpl is called
03-05 19:56:37.456 25110 25278 I ...atformDependencyImpl: isAmazonDevice() in ClientSideAmazonPlatformDependencyImpl is called
03-05 19:56:37.465   892 25629 I ...n.imp/CorPfmLogic[0]: COR is empty: false, PFM is empty: false
03-05 19:56:37.465   892 25629 I ...n.imp/CorPfmLogic[0]: Current time: 1772751397465 
03-05 19:56:37.465   892 25629 I ...n.imp/CorPfmLogic[0]:  cor/pfm last updated time: 1772746155829 
03-05 19:56:37.465   892 25629 I ...n.imp/CorPfmLogic[0]:  TTL: 86400000 
03-05 19:56:37.465   892 25629 I ...n.imp/CorPfmLogic[0]:  Jitter: 12235595
03-05 19:56:37.465   892 25629 I ...n.imp/CorPfmLogic[0]: COR or PFM isn't expired.
03-05 19:56:37.465   892 25629 I ...n.imp/CorPfmLogic[0]: COR PFM has already been fetched. Returning current COR/PFM
03-05 19:56:37.465   892 25629 I ...tributeStoreLogic[0]: Callback with value empty: false
03-05 19:56:37.467 26044 26383 W AmazonVideo.http: Unable to resolve unexpected CRC route: IAD->IAD
03-05 19:56:37.468 26044 26383 I AmazonVideo.http: FetchFromServer: (195ms, #1) Completed Request@d96cff5[GET https://abbye994khsg.na.api.amazonvideo.com/cdp/devices/GetDevices?clientName=ATVAndroidFireTvClient&<REMOVED>&deviceTypeGroups=AIV%2CCastingReceivers&deviceTypeID=AKPGW064GI9HE&firmware=fmw%3A25-app%3AFireTv.407.500501&format=json&osLocale=pt_BR&screenDensity=XHDPI&screenWidth=sw480dp&softwareVersion=407&supportsPKMZ=true&uxLocale=pt_BR&version=2]
03-05 19:56:37.513 26044 26290 W AmazonVideo.http: Unable to resolve unexpected CRC route: IAD->IAD
03-05 19:56:37.515 26044 26382 I AmazonVideo: StorageSpaceSyncComponent: trying to auto-retry DISK_FULL downloads
03-05 19:56:37.521 26044 26380 I AmazonVideo: Found 2 results with GetDevices: [GetDevicesResult{Device type=A1MPSLFC7L5AFK, Device id=xxaivxxbcd2}, GetDevicesResult{Device type=AKPGW064GI9HE, Device id=xxaivxx002G}]
03-05 19:56:37.527 26044 26382 I AmazonVideo: Sync Framework: Worker[5ed87232]: Completed sync for {trigger=application_startup, isQA=false}
03-05 19:56:37.540 26044 26382 I AmazonVideo: Sync Framework: Worker[1c5f1479]: Attempting sync for {trigger=downloads, isQA=false}
03-05 19:56:37.540 26044 26382 I AmazonVideo: Sync Framework: Worker[1c5f1479]: Completed sync for {trigger=downloads, isQA=false}
03-05 19:56:37.550 25568 26303 I CevicheService: [pool-3-thread-1][HttpBatchTransporter] Response code: 200
03-05 19:56:37.550 25568 26303 I CevicheService: [pool-3-thread-1][HttpBatchTransporter] Response body: {}
03-05 19:56:37.553 25568 25623 I WM-WorkerWrapper: Worker result SUCCESS for Work [ id=ccc6b718-bc19-4938-b0fb-bc1dbd2b1b29, tags={ com.amazon.ceviche.pipelines.asap.AsapWorker, AsapPipeliner } ]
03-05 19:56:37.568 26044 26384 I AmazonVideo: EventManager: processing complete
03-05 19:56:37.636 26044 26057 W art     : Suspending all threads took: 23.705ms
03-05 19:56:37.639 26044 26340 I AmazonVideo: Attempt #1: success running IdentityProfilesFetcher$$ExternalSyntheticLambda0. Returning.
03-05 19:56:37.653 26044 26342 I AmazonVideo: Attempt #1: running BackfillMapCurrentProfileCallable
03-05 19:56:37.653 26044 26342 I AmazonVideo: Attempt #1: success running BackfillMapCurrentProfileCallable. Returning.
03-05 19:56:37.682 26044 26344 I [PRISM] : Scheduling unbinding from Prism Service for: com.amazon.avod
03-05 19:56:37.725 25262 26069 I MetricsTransporter: MetricsTransporter - Successfully uploaded metrics; code: 200, message: OK;
03-05 19:56:37.727 25262 26069 I MetricsTransmissionManager: Transmission succeeded.
03-05 19:56:37.735 26044 26316 I AmazonVideo: Identity successfully updated household to HouseholdInfo{users=Users{current=xxaivxx, isOwner=true, device=xxaivxx, externalMarketplace=A2Q3Y263D00KWC}, profiles=Profiles{currentProfile=xxaivxx, isDefault=false, numProfiles=4, canCreate=true, status=AVAILABLE}, videoRegion=VideoRegion{vcr=BR, avMarketplace=ART4WZ8MWBX2Y, currentCountry=BR, homeRegion=NA}}
03-05 19:56:37.735 26044 26316 I AmazonVideo: Last known value: Optional.of(IdentityPersistenceData{userId=xxaivxx, profileId=xxaivxx, marketplace=ART4WZ8MWBX2Y, currentCountry=BR, vcr=BR})
03-05 19:56:37.736 26044 26316 I AmazonVideo: IdentityChangeTrigger{result=match, current=HouseholdInfo{users=Users{current=xxaivxx, isOwner=true, device=xxaivxx, externalMarketplace=A2Q3Y263D00KWC}, profiles=Profiles{currentProfile=xxaivxx, isDefault=false, numProfiles=4, canCreate=true, status=AVAILABLE}, videoRegion=VideoRegion{vcr=BR, avMarketplace=ART4WZ8MWBX2Y, currentCountry=BR, homeRegion=NA}}, persisted=IdentityPersistenceData{userId=xxaivxx, profileId=xxaivxx, marketplace=ART4WZ8MWBX2Y, currentCountry=BR, vcr=BR}}
03-05 19:56:37.762 25262 26069 E MetricsTransmissionManager: An error occurs with code SCHEMA_NOT_FOUND after uploading metric event with schemaID '2lbf/2/02330400', and discard.
03-05 19:56:37.764 25262 26069 I BoundedBatchFileQueue: batch file deleted: 1772750250471_us-east-1_0001
03-05 19:56:37.771 25262 26069 I ...atformDependencyImpl: isAmazonDevice() in ClientSideAmazonPlatformDependencyImpl is called
03-05 19:56:37.778 25262 26069 I ...atformDependencyImpl: isAmazonDevice() in ClientSideAmazonPlatformDependencyImpl is called
03-05 19:56:37.778 25262 26069 I ...s/AmazonSerialNumber: MAP Client side on FireOS 6 or below calls android.os.Build to get the DSN.
03-05 19:56:37.779 25262 26069 I ...onInformationQueryer: Populate change for remote MAP info.
03-05 19:56:37.779 25262 26069 I ...onInformationQueryer: CacheContainsPartialResults? true
03-05 19:56:37.782 25262 26069 E ...cs/DeviceTypeHelpers: Cannot get remote map information even including the calling app itself! This could happen only the calling app is IMP!
03-05 19:56:37.782 25262 26069 I ...atformDependencyImpl: isAmazonDevice() in ClientSideAmazonPlatformDependencyImpl is called
03-05 19:56:37.782 25262 26069 I ...s/LocalKeyValueStore: Create DE shared preference, OS supports direct boot.
03-05 19:56:37.784 25262 26069 I ...atformDependencyImpl: isAmazonDevice() in ClientSideAmazonPlatformDependencyImpl is called
03-05 19:56:37.791 26319 26331 I com.amazon.identity.auth.device.utils.ThirdPartyResourceParser: Unable to get api key asset document: api_key.txt
03-05 19:56:37.791 26319 26331 W com.amazon.identity.auth.device.utils.ThirdPartyResourceParser: Unable to get API Key from Assests
03-05 19:56:37.791 26319 26331 I com.amazon.identity.auth.device.utils.ThirdPartyResourceParser: Attempting to parse API Key from meta data in Android manifest
