--------- beginning of system
03-02 21:02:16.365  8921  8921 I FrameworkJumpTable: Successfully loaded all classes
03-02 21:02:16.414  8921  8921 I FrameworkJumpTable: Successfully loaded all methods
03-02 21:02:16.432  8921  8921 I FrameworkJumpTable: Successfully loaded all fields
03-02 21:02:16.432  8921  8921 I FrameworkJumpTable: Successfully loaded all constructors
03-02 21:02:22.374   617  1193 I chatty  : uid=1000(system) Binder:617_8 expire 5 lines
03-02 21:02:26.524   617   656 I chatty  : uid=1000(system) UEventObserver expire 10 lines
03-02 21:02:26.685   617  5868 I chatty  : uid=1000(system) Binder:617_13 expire 8 lines
03-02 21:02:27.320   617   718 I chatty  : uid=1000(system) AmazonUsageStat expire 4 lines
03-02 21:02:27.487   617   617 I chatty  : uid=1000 system_server expire 10 lines
03-02 21:02:27.495   617   701 I chatty  : uid=1000(system) AmazonHdmiServi expire 39 lines
03-02 21:02:27.515  1525  1525 I AmazonHdmiServiceManager: resolution applied and hdmi turned off
03-02 21:02:27.515  1525  1525 I AmazonHdmiServiceManager: MESSAGE: 
03-02 21:02:27.515  1444  1444 I AmazonHdmiServiceManager: resolution applied and hdmi turned off
03-02 21:02:27.514   831   831 I AmazonHdmiServiceManager: resolution applied and hdmi turned off
03-02 21:02:27.515  5458  5458 I AmazonHdmiServiceManager: resolution applied and hdmi turned off
03-02 21:02:27.516  5458  5458 I AmazonHdmiServiceManager: MESSAGE: 
03-02 21:02:27.516   831   831 I AmazonHdmiServiceManager: MESSAGE: 
03-02 21:02:27.516  1395  1395 I AmazonHdmiServiceManager: resolution applied and hdmi turned off
03-02 21:02:27.516  1444  1444 I AmazonHdmiServiceManager: MESSAGE: 
03-02 21:02:27.516  1395  1395 I AmazonHdmiServiceManager: MESSAGE: 
03-02 21:02:27.518  1427  1427 I AmazonHdmiServiceManager: resolution applied and hdmi turned off
03-02 21:02:27.518  1427  1427 I AmazonHdmiServiceManager: MESSAGE: 
03-02 21:02:27.781   617  5010 I chatty  : uid=1000(system) Binder:617_12 expire 5 lines
03-02 21:02:28.115   617   687 I chatty  : uid=1000(system) Hdmi Control Io expire 3 lines
03-02 21:02:28.432   617   627 I chatty  : uid=1000(system) Binder:617_1 expire 10 lines
03-02 21:02:28.550   617   628 I chatty  : uid=1000(system) Binder:617_2 expire 2 lines
03-02 21:02:28.551   617   807 I chatty  : uid=1000(system) Binder:617_3 expire 3 lines
03-02 21:02:32.740   617   715 I chatty  : uid=1000(system) MetricsHandler expire 2 lines
03-02 21:02:32.776   617   677 I chatty  : uid=1000(system) ConnectivitySer expire 10 lines
03-02 21:02:33.492  9081  9100 I FrameworkJumpTable: Successfully loaded all classes
03-02 21:02:33.655  9081  9100 I FrameworkJumpTable: Successfully loaded all methods
03-02 21:02:33.658  9081  9100 I FrameworkJumpTable: Successfully loaded all fields
03-02 21:02:33.658  9081  9100 I FrameworkJumpTable: Successfully loaded all constructors
03-02 21:02:33.796   617   630 I chatty  : uid=1000(system) ActivityManager expire 8 lines
03-02 21:02:35.402   617  1334 I chatty  : uid=1000(system) Binder:617_E expire 2 lines
03-02 21:02:37.328  9176  9176 I FrameworkJumpTable: Successfully loaded all classes
03-02 21:02:37.405   617   729 I chatty  : uid=1000(system) TimeServiceThre expire 8 lines
03-02 21:02:37.433  9176  9176 I FrameworkJumpTable: Successfully loaded all methods
03-02 21:02:37.441  9176  9176 I FrameworkJumpTable: Successfully loaded all fields
03-02 21:02:37.441  9176  9176 I FrameworkJumpTable: Successfully loaded all constructors
03-02 21:02:37.485   617  3421 I chatty  : uid=1000(system) Binder:617_11 expire 3 lines
03-02 21:02:37.669   617  8828 I chatty  : uid=1000(system) Binder:617_18 expire 3 lines
03-02 21:02:37.697  9235  9255 I FrameworkJumpTable: Successfully loaded all classes
03-02 21:02:37.838  9235  9255 I FrameworkJumpTable: Successfully loaded all methods
03-02 21:02:37.840  9235  9255 I FrameworkJumpTable: Successfully loaded all fields
03-02 21:02:37.843  9235  9255 I FrameworkJumpTable: Successfully loaded all constructors
03-02 21:03:07.629   617  7558 I chatty  : uid=1000(system) Binder:617_15 expire 2 lines
03-02 21:04:13.310   617  1332 I chatty  : uid=1000(system) Binder:617_D expire 3 lines
03-02 21:04:14.317   617  1573 I chatty  : uid=1000(system) Binder:617_10 expire 1 line
03-02 21:04:21.753  5823  5844 I FrameworkJumpTable: Successfully loaded all classes
03-02 21:04:21.776  5823  5844 I FrameworkJumpTable: Successfully loaded all methods
03-02 21:04:21.780  5823  5844 I FrameworkJumpTable: Successfully loaded all fields
03-02 21:04:21.780  5823  5844 I FrameworkJumpTable: Successfully loaded all constructors
03-02 21:04:21.868  5823  6436 E ActivityThread: Failed to find provider info for com.amazon.tv.ambient.provider
03-02 21:04:26.197   617  6124 I chatty  : uid=1000(system) Binder:617_14 expire 8 lines
03-02 21:04:43.140   617  9919 I chatty  : uid=1000(system) Binder:617_19 expire 5 lines
03-02 21:04:43.511   617   629 I chatty  : uid=1000(system) android.bg expire 5 lines
03-02 21:05:00.053 10035 10035 I FrameworkJumpTable: Successfully loaded all classes
03-02 21:05:00.070 10035 10035 I FrameworkJumpTable: Successfully loaded all methods
03-02 21:05:00.072 10035 10035 I FrameworkJumpTable: Successfully loaded all fields
03-02 21:05:00.072 10035 10035 I FrameworkJumpTable: Successfully loaded all constructors
03-02 21:05:07.946   617  1190 I chatty  : uid=1000(system) Binder:617_7 expire 3 lines
03-02 21:05:15.577   617  3876 I chatty  : uid=1000 system_server expire 1 line
03-02 21:05:15.584   617 10149 I chatty  : uid=1000 system_server expire 1 line
03-02 21:06:11.218 10265 10265 I FrameworkJumpTable: Successfully loaded all classes
03-02 21:06:11.236 10265 10265 I FrameworkJumpTable: Successfully loaded all methods
03-02 21:06:11.237 10265 10265 I FrameworkJumpTable: Successfully loaded all fields
03-02 21:06:11.237 10265 10265 I FrameworkJumpTable: Successfully loaded all constructors
03-02 21:12:53.214  1418  1418 E ActivityThread: Service com.amazon.communication.AndroidTCommService has leaked IntentReceiver com.amazon.communication.DeviceGatewaySocketRefresher$1@5324d that was originally registered here. Are you missing a call to unregisterReceiver()?
03-02 21:12:53.214  1418  1418 E ActivityThread: android.app.IntentReceiverLeaked: Service com.amazon.communication.AndroidTCommService has leaked IntentReceiver com.amazon.communication.DeviceGatewaySocketRefresher$1@5324d that was originally registered here. Are you missing a call to unregisterReceiver()?
03-02 21:12:53.214  1418  1418 E ActivityThread: 	at android.app.LoadedApk$ReceiverDispatcher.<init>(LoadedApk.java:1195)
03-02 21:12:53.214  1418  1418 E ActivityThread: 	at android.app.LoadedApk.getReceiverDispatcher(LoadedApk.java:982)
03-02 21:12:53.214  1418  1418 E ActivityThread: 	at android.app.ContextImpl.registerReceiverInternal(ContextImpl.java:1331)
03-02 21:12:53.214  1418  1418 E ActivityThread: 	at android.app.ContextImpl.registerReceiver(ContextImpl.java:1311)
03-02 21:12:53.214  1418  1418 E ActivityThread: 	at android.content.ContextWrapper.registerReceiver(ContextWrapper.java:593)
03-02 21:12:53.214  1418  1418 E ActivityThread: 	at com.amazon.communication.support.ContextUtil.registerReceiver(ContextUtil.java:79)
03-02 21:12:53.214  1418  1418 E ActivityThread: 	at com.amazon.communication.support.ContextUtil.registerReceiver(ContextUtil.java:39)
03-02 21:12:53.214  1418  1418 E ActivityThread: 	at com.amazon.communication.support.ContextUtil.registerReceiver(ContextUtil.java:24)
03-02 21:12:53.214  1418  1418 E ActivityThread: 	at com.amazon.communication.DeviceGatewaySocketRefresher.initialize(DeviceGatewaySocketRefresher.java:68)
03-02 21:12:53.214  1418  1418 E ActivityThread: 	at com.amazon.communication.DeviceGatewaySocketRefresher.getInstance(DeviceGatewaySocketRefresher.java:43)
03-02 21:12:53.214  1418  1418 E ActivityThread: 	at com.amazon.communication.CsmTCommService.backgroundInitialization(CsmTCommService.java:356)
03-02 21:12:53.214  1418  1418 E ActivityThread: 	at com.amazon.communication.CsmTCommService$3.call(CsmTCommService.java:229)
03-02 21:12:53.214  1418  1418 E ActivityThread: 	at com.amazon.communication.CsmTCommService$3.call(CsmTCommService.java:227)
03-02 21:12:53.214  1418  1418 E ActivityThread: 	at com.amazon.communication.WakeLockHoldingScheduledThreadPoolExecutor$WakeLockHoldingCallable.call(WakeLockHoldingScheduledThreadPoolExecutor.java:218)
03-02 21:12:53.214  1418  1418 E ActivityThread: 	at java.util.concurrent.FutureTask.run(FutureTask.java:237)
03-02 21:12:53.214  1418  1418 E ActivityThread: 	at java.util.concurrent.ScheduledThreadPoolExecutor$ScheduledFutureTask.run(ScheduledThreadPoolExecutor.java:272)
03-02 21:12:53.214  1418  1418 E ActivityThread: 	at java.util.concurrent.ThreadPoolExecutor.runWorker(ThreadPoolExecutor.java:1133)
03-02 21:12:53.214  1418  1418 E ActivityThread: 	at java.util.concurrent.ThreadPoolExecutor$Worker.run(ThreadPoolExecutor.java:607)
03-02 21:12:53.214  1418  1418 E ActivityThread: 	at java.lang.Thread.run(Thread.java:761)
03-02 21:12:53.214  1418  1418 E ActivityThread: 	at com.dp.utils.DpBackgroundThreadFactory$1.run(DpBackgroundThreadFactory.java:46)
03-02 21:13:21.444   617   677 I chatty  : uid=1000(system) ConnectivitySer expire 2 lines
03-02 21:13:21.886 11153 11182 I FrameworkJumpTable: Successfully loaded all classes
03-02 21:13:22.009 11153 11182 I FrameworkJumpTable: Successfully loaded all methods
03-02 21:13:22.022 11153 11182 I FrameworkJumpTable: Successfully loaded all fields
03-02 21:13:22.022 11153 11182 I FrameworkJumpTable: Successfully loaded all constructors
03-02 21:13:22.111   617  1258 I chatty  : uid=1000(system) Binder:617_B expire 2 lines
03-02 21:14:24.750   617  7919 I chatty  : uid=1000(system) Binder:617_17 expire 1 line
03-02 21:14:25.187 11315 11315 I FrameworkJumpTable: Successfully loaded all classes
03-02 21:14:25.225 11315 11315 I FrameworkJumpTable: Successfully loaded all methods
03-02 21:14:25.228 11315 11315 I FrameworkJumpTable: Successfully loaded all fields
03-02 21:14:25.228 11315 11315 I FrameworkJumpTable: Successfully loaded all constructors
03-02 21:14:25.754   617  1256 I chatty  : uid=1000(system) Binder:617_9 expire 3 lines
03-02 21:14:25.812 11383 11412 I FrameworkJumpTable: Successfully loaded all classes
03-02 21:14:25.833 11383 11412 I FrameworkJumpTable: Successfully loaded all methods
03-02 21:14:25.835 11383 11412 I FrameworkJumpTable: Successfully loaded all fields
03-02 21:14:25.835 11383 11412 I FrameworkJumpTable: Successfully loaded all constructors
03-02 21:14:32.787   617  1117 I chatty  : uid=1000(system) pool-6-thread-1 expire 8 lines
03-02 21:14:53.499   617   903 I chatty  : uid=1000(system) Binder:617_5 expire 1 line
03-02 21:15:03.499 11565 11594 I FrameworkJumpTable: Successfully loaded all classes
03-02 21:15:03.516 11565 11594 I FrameworkJumpTable: Successfully loaded all methods
03-02 21:15:03.517 11565 11594 I FrameworkJumpTable: Successfully loaded all fields
03-02 21:15:03.518 11565 11594 I FrameworkJumpTable: Successfully loaded all constructors
03-02 21:15:03.912 11565 11565 I AmazonHdmiServiceManager: AmazonHdmiServiceManager created
03-02 21:15:26.047 11850 11890 I FrameworkJumpTable: Successfully loaded all classes
03-02 21:15:26.110 11850 11890 I FrameworkJumpTable: Successfully loaded all methods
03-02 21:15:26.112 11850 11890 I FrameworkJumpTable: Successfully loaded all fields
03-02 21:15:26.112 11850 11890 I FrameworkJumpTable: Successfully loaded all constructors
03-02 21:15:26.869  5823  6436 E ActivityThread: Failed to find provider info for com.amazon.tv.ambient.provider
03-02 21:15:28.162   617   634 I chatty  : uid=1000(system) FileObserver expire 11 lines
03-02 21:24:40.118 12812 12812 I FrameworkJumpTable: Successfully loaded all classes
03-02 21:24:40.133 12812 12812 I FrameworkJumpTable: Successfully loaded all methods
03-02 21:24:40.135 12812 12812 I FrameworkJumpTable: Successfully loaded all fields
03-02 21:24:40.135 12812 12812 I FrameworkJumpTable: Successfully loaded all constructors
03-02 21:27:38.195   617  1257 I chatty  : uid=1000(system) Binder:617_A expire 1 line
03-02 21:29:06.778   617   633 I chatty  : uid=1000(system) batterystats-sy expire 4 lines
03-02 21:34:01.487   617   617 I chatty  : uid=1000 system_server expire 7 lines
03-02 21:34:01.806 13678 13678 I FrameworkJumpTable: Successfully loaded all classes
03-02 21:34:01.829 13678 13678 I FrameworkJumpTable: Successfully loaded all methods
03-02 21:34:01.832 13678 13678 I FrameworkJumpTable: Successfully loaded all fields
03-02 21:34:01.832 13678 13678 I FrameworkJumpTable: Successfully loaded all constructors
03-02 21:34:02.171   617  7591 I chatty  : uid=1000(system) Binder:617_16 expire 2 lines
03-02 21:34:03.171 13678 13707 E ActivityThread: Failed to find provider info for com.amazon.tv.channelscan
03-02 21:34:03.172 13678 13707 E ActivityThread: Failed to find provider info for com.amazon.tv.channelscan
03-02 21:34:03.195 13678 13707 E ActivityThread: Failed to find provider info for com.amazon.tv.channelscan
03-02 21:49:56.319 15202 15202 I FrameworkJumpTable: Successfully loaded all classes
03-02 21:49:56.333 15202 15202 I FrameworkJumpTable: Successfully loaded all methods
03-02 21:49:56.335 15202 15202 I FrameworkJumpTable: Successfully loaded all fields
03-02 21:49:56.335 15202 15202 I FrameworkJumpTable: Successfully loaded all constructors
03-02 21:58:51.671   617   661 I chatty  : uid=1000(system) InputReader expire 10 lines
03-02 21:59:54.011   617   653 I chatty  : uid=1000(system) AlarmManager expire 1 line
03-02 22:00:00.080   617 16212 I chatty  : uid=1000 system_server expire 2 lines
03-02 22:03:46.549   617   660 I chatty  : uid=1000(system) InputDispatcher expire 10 lines
03-02 22:03:48.306   617   701 I chatty  : uid=1000(system) AmazonHdmiServi expire 1 line
03-02 22:03:49.320 16562 16562 I FrameworkJumpTable: Successfully loaded all classes
03-02 22:03:49.338 16562 16562 I FrameworkJumpTable: Successfully loaded all methods
03-02 22:03:49.340 16562 16562 I FrameworkJumpTable: Successfully loaded all fields
03-02 22:03:49.340 16562 16562 I FrameworkJumpTable: Successfully loaded all constructors
03-02 22:03:49.854   617   661 I chatty  : uid=1000(system) InputReader expire 17 lines
03-02 22:03:50.504   617 16629 I chatty  : uid=1000 system_server expire 5 lines
03-02 22:03:50.575   617 13191 I chatty  : uid=1000(system) Binder:617_1A expire 1 line
03-02 22:03:50.635   617   637 I chatty  : uid=1000(system) android.display expire 1 line
03-02 22:03:50.746 16636 16636 I FrameworkJumpTable: Successfully loaded all classes
03-02 22:03:50.767 16636 16636 I FrameworkJumpTable: Successfully loaded all methods
03-02 22:03:50.770 16636 16636 I FrameworkJumpTable: Successfully loaded all fields
03-02 22:03:50.770 16636 16636 I FrameworkJumpTable: Successfully loaded all constructors
03-02 22:03:54.228   617   777 I chatty  : uid=1000(system) LazyTaskWriterT expire 4 lines
03-02 22:04:00.068   617   661 I chatty  : uid=1000(system) InputReader expire 33 lines
03-02 22:04:16.292   617  1256 I chatty  : uid=1000(system) Binder:617_9 expire 5 lines
03-02 22:04:16.576   617   677 I chatty  : uid=1000(system) ConnectivitySer expire 10 lines
03-02 22:04:17.052   617   632 I chatty  : uid=1000(system) ActivityManager expire 2 lines
03-02 22:04:17.175   617   629 I chatty  : uid=1000(system) android.bg expire 4 lines
03-02 22:04:22.265   617  1190 I chatty  : uid=1000(system) Binder:617_7 expire 10 lines
03-02 22:04:22.265   617  1330 I chatty  : uid=1000(system) Binder:617_C expire 4 lines
03-02 22:04:32.631   617  1257 I chatty  : uid=1000(system) Binder:617_A expire 8 lines
03-02 22:04:35.393   617  5010 I chatty  : uid=1000(system) Binder:617_12 expire 11 lines
03-02 22:04:35.604   617  7558 I chatty  : uid=1000(system) Binder:617_15 expire 7 lines
03-02 22:04:36.412   617  1332 I chatty  : uid=1000(system) Binder:617_D expire 3 lines
03-02 22:04:37.911   617  8828 I chatty  : uid=1000(system) Binder:617_18 expire 2 lines
03-02 22:04:37.970   617   666 I chatty  : uid=1000(system) NetworkStats expire 1 line
03-02 22:04:38.104   617 16839 I chatty  : uid=1000(system) Binder:617_1D expire 1 line
03-02 22:04:38.124   617   807 I chatty  : uid=1000(system) Binder:617_3 expire 9 lines
03-02 22:04:38.133   617  1186 I chatty  : uid=1000(system) Binder:617_6 expire 1 line
03-02 22:04:38.262   617  5868 I chatty  : uid=1000(system) Binder:617_13 expire 1 line
03-02 22:04:39.626   617   866 I chatty  : uid=1000(system) Binder:617_4 expire 10 lines
03-02 22:04:39.667   617  3421 I chatty  : uid=1000(system) Binder:617_11 expire 2 lines
03-02 22:04:40.701   617  7591 I chatty  : uid=1000(system) Binder:617_16 expire 7 lines
03-02 22:04:55.667   617   630 I chatty  : uid=1000(system) ActivityManager expire 16 lines
03-02 22:04:56.247   617   712 I chatty  : uid=1000(system) ArcusHandlerThr expire 1 line
03-02 22:04:56.774 16926 16965 I FrameworkJumpTable: Successfully loaded all classes
03-02 22:04:56.811 16926 16965 I FrameworkJumpTable: Successfully loaded all methods
03-02 22:04:56.815 16926 16965 I FrameworkJumpTable: Successfully loaded all fields
03-02 22:04:56.815 16926 16965 I FrameworkJumpTable: Successfully loaded all constructors
03-02 22:04:57.117   617   661 I chatty  : uid=1000(system) InputReader expire 18 lines
03-02 22:04:57.233   617   660 I chatty  : uid=1000(system) InputDispatcher expire 22 lines
03-02 22:04:57.432   617   718 I chatty  : uid=1000(system) AmazonUsageStat expire 4 lines
03-02 22:04:58.331 17022 17022 I FrameworkJumpTable: Successfully loaded all classes
03-02 22:04:58.351 17022 17022 I FrameworkJumpTable: Successfully loaded all methods
03-02 22:04:58.353 17022 17022 I FrameworkJumpTable: Successfully loaded all fields
03-02 22:04:58.353 17022 17022 I FrameworkJumpTable: Successfully loaded all constructors
03-02 22:04:58.552 17022 17052 I AmazonHdmiServiceManager: AmazonHdmiServiceManager created
03-02 22:04:58.624 17073 17104 I FrameworkJumpTable: Successfully loaded all classes
03-02 22:04:58.655 17073 17104 I FrameworkJumpTable: Successfully loaded all methods
03-02 22:04:58.657 17073 17104 I FrameworkJumpTable: Successfully loaded all fields
03-02 22:04:58.657 17073 17104 I FrameworkJumpTable: Successfully loaded all constructors
03-02 22:04:58.988 17148 17148 I FrameworkJumpTable: Successfully loaded all classes
03-02 22:04:58.995   617   701 I chatty  : uid=1000(system) AmazonHdmiServi expire 2 lines
03-02 22:04:59.008 17148 17148 I FrameworkJumpTable: Successfully loaded all methods
03-02 22:04:59.010 17148 17148 I FrameworkJumpTable: Successfully loaded all fields
03-02 22:04:59.010 17148 17148 I FrameworkJumpTable: Successfully loaded all constructors
03-02 22:04:59.203   617   687 I chatty  : uid=1000(system) Hdmi Control Io expire 2 lines
03-02 22:04:59.447 17167 17167 I FrameworkJumpTable: Successfully loaded all classes
03-02 22:04:59.448   617   617 I chatty  : uid=1000 system_server expire 4 lines
03-02 22:04:59.466 17167 17167 I FrameworkJumpTable: Successfully loaded all methods
03-02 22:04:59.468 17167 17167 I FrameworkJumpTable: Successfully loaded all fields
03-02 22:04:59.468 17167 17167 I FrameworkJumpTable: Successfully loaded all constructors
03-02 22:04:59.497   617   866 I chatty  : uid=1000(system) Binder:617_4 expire 16 lines
03-02 22:05:00.788 17195 17195 I FrameworkJumpTable: Successfully loaded all classes
03-02 22:05:00.834 17195 17195 I FrameworkJumpTable: Successfully loaded all methods
03-02 22:05:00.835   617  1193 I chatty  : uid=1000(system) Binder:617_8 expire 1 line
03-02 22:05:00.847 17195 17195 I FrameworkJumpTable: Successfully loaded all fields
03-02 22:05:00.847 17195 17195 I FrameworkJumpTable: Successfully loaded all constructors
03-02 22:05:01.050 17307 17351 I FrameworkJumpTable: Successfully loaded all classes
03-02 22:05:01.135 17307 17351 I FrameworkJumpTable: Successfully loaded all methods
03-02 22:05:01.162 17307 17351 I FrameworkJumpTable: Successfully loaded all fields
03-02 22:05:01.162 17307 17351 I FrameworkJumpTable: Successfully loaded all constructors
03-02 22:05:06.404   617 17576 I chatty  : uid=1000 system_server expire 5 lines
03-02 22:05:06.646   617   637 I chatty  : uid=1000(system) android.display expire 3 lines
03-02 22:05:09.301   617 17705 I chatty  : uid=1000 system_server expire 5 lines
03-02 22:05:10.932 17707 17707 I FrameworkJumpTable: Successfully loaded all classes
03-02 22:05:10.934 17580 17580 I FrameworkJumpTable: Successfully loaded all classes
03-02 22:05:10.969 17707 17707 I FrameworkJumpTable: Successfully loaded all methods
03-02 22:05:11.014 17707 17707 I FrameworkJumpTable: Successfully loaded all fields
03-02 22:05:11.014 17707 17707 I FrameworkJumpTable: Successfully loaded all constructors
03-02 22:05:11.047 17580 17580 I FrameworkJumpTable: Successfully loaded all methods
03-02 22:05:11.049 17580 17580 I FrameworkJumpTable: Successfully loaded all fields
03-02 22:05:11.050 17580 17580 I FrameworkJumpTable: Successfully loaded all constructors
03-02 22:05:13.949 17680 17794 I FrameworkJumpTable: Successfully loaded all classes
03-02 22:05:13.973 17680 17794 I FrameworkJumpTable: Successfully loaded all methods
03-02 22:05:13.997 17680 17794 I FrameworkJumpTable: Successfully loaded all fields
03-02 22:05:13.997 17680 17794 I FrameworkJumpTable: Successfully loaded all constructors
03-02 22:05:17.784   617 16820 I chatty  : uid=1000(system) Binder:617_1C expire 2 lines
03-02 22:05:19.318   617 17896 I chatty  : uid=1000 system_server expire 8 lines
--------- beginning of crash
03-02 22:05:21.145 17580 17580 E AndroidRuntime: FATAL EXCEPTION: main
03-02 22:05:21.145 17580 17580 E AndroidRuntime: Process: com.dcsapp.iptv, PID: 17580
03-02 22:05:21.145 17580 17580 E AndroidRuntime: java.lang.RuntimeException: Unable to resume activity {com.dcsapp.iptv/com.rtx.nextvproject.RTX.UI.SplashRTX}: java.lang.IllegalArgumentException
03-02 22:05:21.145 17580 17580 E AndroidRuntime: 	at android.app.ActivityThread.performResumeActivity(ActivityThread.java:3463)
03-02 22:05:21.145 17580 17580 E AndroidRuntime: 	at android.app.ActivityThread.handleResumeActivity(ActivityThread.java:3508)
03-02 22:05:21.145 17580 17580 E AndroidRuntime: 	at android.app.ActivityThread.handleLaunchActivity(ActivityThread.java:2760)
03-02 22:05:21.145 17580 17580 E AndroidRuntime: 	at android.app.ActivityThread.-wrap12(ActivityThread.java)
03-02 22:05:21.145 17580 17580 E AndroidRuntime: 	at android.app.ActivityThread$H.handleMessage(ActivityThread.java:1487)
03-02 22:05:21.145 17580 17580 E AndroidRuntime: 	at android.os.Handler.dispatchMessage(Handler.java:102)
03-02 22:05:21.145 17580 17580 E AndroidRuntime: 	at android.os.Looper.loop(Looper.java:154)
03-02 22:05:21.145 17580 17580 E AndroidRuntime: 	at android.app.ActivityThread.main(ActivityThread.java:6202)
03-02 22:05:21.145 17580 17580 E AndroidRuntime: 	at java.lang.reflect.Method.invoke(Native Method)
03-02 22:05:21.145 17580 17580 E AndroidRuntime: 	at com.android.internal.os.ZygoteInit$MethodAndArgsCaller.run(ZygoteInit.java:911)
03-02 22:05:21.145 17580 17580 E AndroidRuntime: 	at com.android.internal.os.ZygoteInit.main(ZygoteInit.java:801)
03-02 22:05:21.145 17580 17580 E AndroidRuntime: Caused by: java.lang.IllegalArgumentException
03-02 22:05:21.145 17580 17580 E AndroidRuntime: 	at android.os.Parcel.readException(Parcel.java:1698)
03-02 22:05:21.145 17580 17580 E AndroidRuntime: 	at android.os.Parcel.readException(Parcel.java:1647)
03-02 22:05:21.145 17580 17580 E AndroidRuntime: 	at android.app.ActivityManagerProxy.isTopOfTask(ActivityManagerNative.java:5505)
03-02 22:05:21.145 17580 17580 E AndroidRuntime: 	at android.app.Activity.isTopOfTask(Activity.java:6000)
03-02 22:05:21.145 17580 17580 E AndroidRuntime: 	at android.app.Activity.onResume(Activity.java:1268)
03-02 22:05:21.145 17580 17580 E AndroidRuntime: 	at android.app.Instrumentation.callActivityOnResume(Instrumentation.java:1269)
03-02 22:05:21.145 17580 17580 E AndroidRuntime: 	at android.app.Activity.performResume(Activity.java:6830)
03-02 22:05:21.145 17580 17580 E AndroidRuntime: 	at android.app.ActivityThread.performResumeActivity(ActivityThread.java:3434)
03-02 22:05:21.145 17580 17580 E AndroidRuntime: 	... 10 more
03-02 22:05:21.471   617 17943 I chatty  : uid=1000 system_server expire 1 line
03-02 22:05:21.843   617   677 I chatty  : uid=1000(system) ConnectivitySer expire 2 lines
03-02 22:05:22.338 17849 17849 I FrameworkJumpTable: Successfully loaded all classes
03-02 22:05:22.481 17849 17849 I FrameworkJumpTable: Successfully loaded all methods
03-02 22:05:22.505 17849 17849 I FrameworkJumpTable: Successfully loaded all fields
03-02 22:05:22.506 17849 17849 I FrameworkJumpTable: Successfully loaded all constructors
03-02 22:05:23.735 17680 17680 I AmazonHdmiServiceManager: AmazonHdmiServiceManager created
03-02 22:05:25.529   617   661 I chatty  : uid=1000(system) InputReader expire 8 lines
03-02 22:05:28.374   617   628 I chatty  : uid=1000(system) Binder:617_2 expire 4 lines
03-02 22:05:28.415   617  1193 I chatty  : uid=1000(system) Binder:617_8 expire 7 lines
03-02 22:05:28.440   617  1573 I chatty  : uid=1000(system) Binder:617_10 expire 3 lines
03-02 22:05:28.443   617 13191 I chatty  : uid=1000(system) Binder:617_1A expire 1 line
03-02 22:05:28.479   617   661 I chatty  : uid=1000(system) InputReader expire 201 lines
03-02 22:05:29.112   617   629 I chatty  : uid=1000(system) android.bg expire 3 lines
03-02 22:05:32.453   617  1332 I chatty  : uid=1000(system) Binder:617_D expire 2 lines
03-02 22:05:33.924   617  3421 I chatty  : uid=1000(system) Binder:617_11 expire 2 lines
03-02 22:05:39.714   617   637 I chatty  : uid=1000(system) android.display expire 1 line
03-02 22:05:39.864   617   656 I chatty  : uid=1000(system) UEventObserver expire 4 lines
03-02 22:05:40.925   617   718 I chatty  : uid=1000(system) AmazonUsageStat expire 1 line
03-02 22:05:40.963   617   701 I chatty  : uid=1000(system) AmazonHdmiServi expire 18 lines
03-02 22:05:41.020   617 18094 I chatty  : uid=1000 system_server expire 2 lines
03-02 22:05:41.155   617  6124 I chatty  : uid=1000(system) Binder:617_14 expire 2 lines
03-02 22:05:45.648   617   630 I chatty  : uid=1000(system) ActivityManager expire 1 line
03-02 22:05:46.146   617   712 I chatty  : uid=1000(system) ArcusHandlerThr expire 1 line
03-02 22:05:47.085   617   617 I chatty  : uid=1000 system_server expire 1 line
03-02 22:06:03.987   617  7919 I chatty  : uid=1000(system) Binder:617_17 expire 2 lines
03-02 22:06:32.415   617   661 I chatty  : uid=1000(system) InputReader expire 19 lines
03-02 22:06:32.889   617  1332 I chatty  : uid=1000(system) Binder:617_D expire 3 lines
03-02 22:07:17.744   617   630 I chatty  : uid=1000(system) ActivityManager expire 10 lines
03-02 22:10:07.410   617   617 I chatty  : uid=1000 system_server expire 10 lines
03-02 22:10:07.720 18709 18709 I FrameworkJumpTable: Successfully loaded all classes
03-02 22:10:07.743 18709 18709 I FrameworkJumpTable: Successfully loaded all methods
03-02 22:10:07.745 18709 18709 I FrameworkJumpTable: Successfully loaded all fields
03-02 22:10:07.745 18709 18709 I FrameworkJumpTable: Successfully loaded all constructors
03-02 22:10:26.171 18820 18848 I FrameworkJumpTable: Successfully loaded all classes
03-02 22:10:26.187 18820 18848 I FrameworkJumpTable: Successfully loaded all methods
03-02 22:10:26.189 18820 18848 I FrameworkJumpTable: Successfully loaded all fields
03-02 22:10:26.189 18820 18848 I FrameworkJumpTable: Successfully loaded all constructors
03-02 22:10:26.534   617 16839 I chatty  : uid=1000(system) Binder:617_1D expire 4 lines
03-02 22:10:26.558 18820 18820 I AmazonHdmiServiceManager: AmazonHdmiServiceManager created
03-02 22:10:26.950 18867 18899 I FrameworkJumpTable: Successfully loaded all classes
03-02 22:10:27.166 18867 18899 I FrameworkJumpTable: Successfully loaded all methods
03-02 22:10:27.168 18867 18899 I FrameworkJumpTable: Successfully loaded all fields
03-02 22:10:27.168 18867 18899 I FrameworkJumpTable: Successfully loaded all constructors
03-02 22:10:37.643   617   629 I chatty  : uid=1000(system) android.bg expire 9 lines
03-02 22:13:59.769   617   666 I chatty  : uid=1000(system) NetworkStats expire 11 lines
03-02 22:15:27.513   617  1407 I chatty  : uid=1000(system) Binder:617_F expire 4 lines
03-02 22:15:27.515   617   627 I chatty  : uid=1000(system) Binder:617_1 expire 1 line
03-02 22:15:30.106 19417 19445 I FrameworkJumpTable: Successfully loaded all classes
03-02 22:15:30.143 19417 19445 I FrameworkJumpTable: Successfully loaded all methods
03-02 22:15:30.145 19417 19445 I FrameworkJumpTable: Successfully loaded all fields
03-02 22:15:30.146 19417 19445 I FrameworkJumpTable: Successfully loaded all constructors
03-02 22:15:30.544 19417 19417 I AmazonHdmiServiceManager: AmazonHdmiServiceManager created
03-02 22:20:31.183   617  1330 I chatty  : uid=1000(system) Binder:617_C expire 1 line
03-02 22:20:33.638 20014 20042 I FrameworkJumpTable: Successfully loaded all classes
03-02 22:20:33.669 20014 20042 I FrameworkJumpTable: Successfully loaded all methods
03-02 22:20:33.671 20014 20042 I FrameworkJumpTable: Successfully loaded all fields
03-02 22:20:33.671 20014 20042 I FrameworkJumpTable: Successfully loaded all constructors
03-02 22:20:34.065 20014 20014 I AmazonHdmiServiceManager: AmazonHdmiServiceManager created
03-02 22:24:47.163 20465 20465 I FrameworkJumpTable: Successfully loaded all classes
03-02 22:24:47.178 20465 20465 I FrameworkJumpTable: Successfully loaded all methods
03-02 22:24:47.180 20465 20465 I FrameworkJumpTable: Successfully loaded all fields
03-02 22:24:47.180 20465 20465 I FrameworkJumpTable: Successfully loaded all constructors
03-02 22:25:34.632   617 16914 I chatty  : uid=1000(system) Binder:617_1E expire 8 lines
03-02 22:26:06.955   617   634 I chatty  : uid=1000(system) FileObserver expire 9 lines
03-02 22:28:46.729   617 16811 I chatty  : uid=1000(system) Binder:617_1B expire 2 lines
03-02 22:29:06.846   617   633 I chatty  : uid=1000(system) batterystats-sy expire 10 lines
03-02 22:35:10.372 21498 21498 I FrameworkJumpTable: Successfully loaded all classes
03-02 22:35:10.385 21498 21498 I FrameworkJumpTable: Successfully loaded all methods
03-02 22:35:10.386 21498 21498 I FrameworkJumpTable: Successfully loaded all fields
03-02 22:35:10.386 21498 21498 I FrameworkJumpTable: Successfully loaded all constructors
03-02 22:35:10.893 21498 21528 E ActivityThread: Failed to find provider info for com.amazon.tv.channelscan
03-02 22:35:10.893 21498 21528 E ActivityThread: Failed to find provider info for com.amazon.tv.channelscan
03-02 22:35:10.894 21498 21528 E ActivityThread: Failed to find provider info for com.amazon.tv.channelscan
03-02 22:35:10.928   617  1186 I chatty  : uid=1000(system) Binder:617_6 expire 1 line
03-02 22:49:23.447 22646 22646 I FrameworkJumpTable: Successfully loaded all classes
03-02 22:49:23.465 22646 22646 I FrameworkJumpTable: Successfully loaded all methods
03-02 22:49:23.467 22646 22646 I FrameworkJumpTable: Successfully loaded all fields
03-02 22:49:23.467 22646 22646 I FrameworkJumpTable: Successfully loaded all constructors
03-02 22:49:25.186 22646 22646 I AmazonHdmiServiceManager: AmazonHdmiServiceManager created
03-02 22:51:00.003   617   617 I chatty  : uid=1000 system_server expire 11 lines
03-02 22:55:00.081   617   677 I chatty  : uid=1000(system) ConnectivitySer expire 6 lines
03-02 22:59:59.888   617   653 I chatty  : uid=1000(system) AlarmManager expire 2 lines
03-02 23:05:11.174   617 19414 I chatty  : uid=1000(system) Binder:617_1F expire 1 line
03-02 23:20:00.083   617  6124 I chatty  : uid=1000(system) Binder:617_14 expire 1 line
03-02 23:24:49.243 25655 25655 I FrameworkJumpTable: Successfully loaded all classes
03-02 23:24:49.258 25655 25655 I FrameworkJumpTable: Successfully loaded all methods
03-02 23:24:49.260 25655 25655 I FrameworkJumpTable: Successfully loaded all fields
03-02 23:24:49.260 25655 25655 I FrameworkJumpTable: Successfully loaded all constructors
03-02 23:30:00.005   617   617 I chatty  : uid=1000 system_server expire 10 lines
03-02 23:41:05.611   617   661 I chatty  : uid=1000(system) InputReader expire 16 lines
03-02 23:41:17.435   617   637 I chatty  : uid=1000(system) android.display expire 6 lines
03-02 23:41:17.570   617   656 I chatty  : uid=1000(system) UEventObserver expire 11 lines
03-02 23:41:18.587   617   718 I chatty  : uid=1000(system) AmazonUsageStat expire 2 lines
03-02 23:41:18.620   617   701 I chatty  : uid=1000(system) AmazonHdmiServi expire 45 lines
03-02 23:41:18.637   617 27117 I chatty  : uid=1000 system_server expire 1 line
03-02 23:41:24.454   617  1334 I chatty  : uid=1000(system) Binder:617_E expire 5 lines
03-02 23:41:25.890   617  7558 I chatty  : uid=1000(system) Binder:617_15 expire 3 lines
03-02 23:51:09.511   617   807 I chatty  : uid=1000(system) Binder:617_3 expire 7 lines
03-02 23:51:10.472   617 27970 I chatty  : uid=1000 system_server expire 2 lines
03-03 00:10:12.825 29641 29641 I FrameworkJumpTable: Successfully loaded all classes
03-03 00:10:12.844 29641 29641 I FrameworkJumpTable: Successfully loaded all methods
03-03 00:10:12.846 29641 29641 I FrameworkJumpTable: Successfully loaded all fields
03-03 00:10:12.846 29641 29641 I FrameworkJumpTable: Successfully loaded all constructors
03-03 00:10:13.546 29702 29728 I FrameworkJumpTable: Successfully loaded all classes
03-03 00:10:13.569 29702 29728 I FrameworkJumpTable: Successfully loaded all methods
03-03 00:10:13.573 29702 29728 I FrameworkJumpTable: Successfully loaded all fields
03-03 00:10:13.573 29702 29728 I FrameworkJumpTable: Successfully loaded all constructors
03-03 00:10:13.789 29641 29670 E ActivityThread: Failed to find provider info for com.amazon.tv.channelscan
03-03 00:10:13.790 29641 29670 E ActivityThread: Failed to find provider info for com.amazon.tv.channelscan
03-03 00:10:13.791 29641 29670 E ActivityThread: Failed to find provider info for com.amazon.tv.channelscan
03-03 00:13:32.796   617  1193 I chatty  : uid=1000(system) Binder:617_8 expire 1 line
03-03 00:13:33.041 30086 30086 I FrameworkJumpTable: Successfully loaded all classes
03-03 00:13:33.060 30086 30086 I FrameworkJumpTable: Successfully loaded all methods
03-03 00:13:33.062 30086 30086 I FrameworkJumpTable: Successfully loaded all fields
03-03 00:13:33.062 30086 30086 I FrameworkJumpTable: Successfully loaded all constructors
03-03 00:13:39.816   831   831 W ContextImpl: Calling a method in the system process without a qualified user: android.app.ContextImpl.sendBroadcast:921 android.content.ContextWrapper.sendBroadcast:426 com.amazon.tifobserver.LiveTvObserver.broadcastChannelListChange:157 com.amazon.tifobserver.LiveTvObserver.-wrap0:-1 com.amazon.tifobserver.LiveTvObserver$1.run:111 
03-03 00:13:39.818   831   831 W ContextImpl: Calling a method in the system process without a qualified user: android.app.ContextImpl.sendBroadcast:921 android.content.ContextWrapper.sendBroadcast:426 com.amazon.tifobserver.LiveTvObserver.broadcastChannelListChange:161 com.amazon.tifobserver.LiveTvObserver.-wrap0:-1 com.amazon.tifobserver.LiveTvObserver$1.run:111 
03-03 00:23:20.532   617   617 I chatty  : uid=1000 system_server expire 11 lines
03-03 00:23:20.723 30909 30909 I FrameworkJumpTable: Successfully loaded all classes
03-03 00:23:20.742 30909 30909 I FrameworkJumpTable: Successfully loaded all methods
03-03 00:23:20.744 30909 30909 I FrameworkJumpTable: Successfully loaded all fields
03-03 00:23:20.744 30909 30909 I FrameworkJumpTable: Successfully loaded all constructors
03-03 00:26:57.451 31310 31310 I FrameworkJumpTable: Successfully loaded all classes
03-03 00:26:57.469 31310 31310 I FrameworkJumpTable: Successfully loaded all methods
03-03 00:26:57.471 31310 31310 I FrameworkJumpTable: Successfully loaded all fields
03-03 00:26:57.471 31310 31310 I FrameworkJumpTable: Successfully loaded all constructors
03-03 00:26:57.544 31310 31310 I AmazonHdmiServiceManager: AmazonHdmiServiceManager created
03-03 00:26:57.544   617  1258 I chatty  : uid=1000(system) Binder:617_B expire 3 lines
03-03 00:30:46.429 31669 31669 I FrameworkJumpTable: Successfully loaded all classes
03-03 00:30:46.447 31669 31669 I FrameworkJumpTable: Successfully loaded all methods
03-03 00:30:46.449 31669 31669 I FrameworkJumpTable: Successfully loaded all fields
03-03 00:30:46.449 31669 31669 I FrameworkJumpTable: Successfully loaded all constructors
03-03 00:31:27.867   617  9919 I chatty  : uid=1000(system) Binder:617_19 expire 1 line
03-03 00:35:23.609   617 31838 I chatty  : uid=1000(system) Binder:617_20 expire 1 line
03-03 00:40:36.903 32583 32611 I FrameworkJumpTable: Successfully loaded all classes
03-03 00:40:36.921 32583 32611 I FrameworkJumpTable: Successfully loaded all methods
03-03 00:40:36.923 32583 32611 I FrameworkJumpTable: Successfully loaded all fields
03-03 00:40:36.923 32583 32611 I FrameworkJumpTable: Successfully loaded all constructors
03-03 00:40:37.251 32583 32583 I AmazonHdmiServiceManager: AmazonHdmiServiceManager created
03-03 00:40:37.935   617  7591 I chatty  : uid=1000(system) Binder:617_16 expire 3 lines
03-03 00:40:38.174   617   632 I chatty  : uid=1000(system) ActivityManager expire 1 line
03-03 00:40:41.955   617   903 I chatty  : uid=1000(system) Binder:617_5 expire 1 line
03-03 00:45:26.346   837   837 I FrameworkJumpTable: Successfully loaded all classes
03-03 00:45:26.363   837   837 I FrameworkJumpTable: Successfully loaded all methods
03-03 00:45:26.365   837   837 I FrameworkJumpTable: Successfully loaded all fields
03-03 00:45:26.366   837   837 I FrameworkJumpTable: Successfully loaded all constructors
03-03 00:59:06.941   617   633 I chatty  : uid=1000(system) batterystats-sy expire 10 lines
03-03 00:59:32.796   617   653 I chatty  : uid=1000(system) AlarmManager expire 4 lines
03-03 00:59:41.173   617   617 I chatty  : uid=1000 system_server expire 10 lines
03-03 01:00:18.850   617   630 I chatty  : uid=1000(system) ActivityManager expire 13 lines
03-03 01:11:02.972   617   634 I chatty  : uid=1000(system) FileObserver expire 10 lines
03-03 01:24:51.214  4548  4548 I FrameworkJumpTable: Successfully loaded all classes
03-03 01:24:51.230  4548  4548 I FrameworkJumpTable: Successfully loaded all methods
03-03 01:24:51.232  4548  4548 I FrameworkJumpTable: Successfully loaded all fields
03-03 01:24:51.232  4548  4548 I FrameworkJumpTable: Successfully loaded all constructors
03-03 01:29:53.524   617   677 I chatty  : uid=1000(system) ConnectivitySer expire 6 lines
03-03 01:34:01.663  5357  5357 I FrameworkJumpTable: Successfully loaded all classes
03-03 01:34:01.681  5357  5357 I FrameworkJumpTable: Successfully loaded all methods
03-03 01:34:01.683  5357  5357 I FrameworkJumpTable: Successfully loaded all fields
03-03 01:34:01.684  5357  5357 I FrameworkJumpTable: Successfully loaded all constructors
03-03 01:34:02.048   617  8828 I chatty  : uid=1000(system) Binder:617_18 expire 10 lines
03-03 01:34:02.309  5419  5444 I FrameworkJumpTable: Successfully loaded all classes
03-03 01:34:02.330  5419  5444 I FrameworkJumpTable: Successfully loaded all methods
03-03 01:34:02.332  5419  5444 I FrameworkJumpTable: Successfully loaded all fields
03-03 01:34:02.332  5419  5444 I FrameworkJumpTable: Successfully loaded all constructors
03-03 01:34:03.027  5357  5386 E ActivityThread: Failed to find provider info for com.amazon.tv.channelscan
03-03 01:34:03.030  5357  5386 E ActivityThread: Failed to find provider info for com.amazon.tv.channelscan
03-03 01:34:03.039  5357  5386 E ActivityThread: Failed to find provider info for com.amazon.tv.channelscan
03-03 01:34:03.312   617 16811 I chatty  : uid=1000(system) Binder:617_1B expire 1 line
03-03 01:34:03.451  5505  5505 I FrameworkJumpTable: Successfully loaded all classes
03-03 01:34:03.467  5505  5505 I FrameworkJumpTable: Successfully loaded all methods
03-03 01:34:03.469  5505  5505 I FrameworkJumpTable: Successfully loaded all fields
03-03 01:34:03.469  5505  5505 I FrameworkJumpTable: Successfully loaded all constructors
03-03 01:34:03.502   617  1334 I chatty  : uid=1000(system) Binder:617_E expire 10 lines
03-03 01:34:03.548  5505  5505 I AmazonHdmiServiceManager: AmazonHdmiServiceManager created
03-03 01:42:14.597   617   617 I chatty  : uid=1000 system_server expire 16 lines
03-03 01:42:14.686  6254  6254 I FrameworkJumpTable: Successfully loaded all classes
03-03 01:42:14.703  6254  6254 I FrameworkJumpTable: Successfully loaded all methods
03-03 01:42:14.705  6254  6254 I FrameworkJumpTable: Successfully loaded all fields
03-03 01:42:14.705  6254  6254 I FrameworkJumpTable: Successfully loaded all constructors
03-03 01:59:59.125   617   807 I chatty  : uid=1000(system) Binder:617_3 expire 3 lines
03-03 02:04:28.989   617  7591 I chatty  : uid=1000(system) Binder:617_16 expire 1 line
03-03 02:12:21.777   617  1186 I chatty  : uid=1000(system) Binder:617_6 expire 4 lines
03-03 02:12:21.867   617   627 I chatty  : uid=1000(system) Binder:617_1 expire 1 line
03-03 02:18:56.869   617   629 I chatty  : uid=1000(system) android.bg expire 10 lines
03-03 02:24:52.732  9757  9757 I FrameworkJumpTable: Successfully loaded all classes
03-03 02:24:52.751  9757  9757 I FrameworkJumpTable: Successfully loaded all methods
03-03 02:24:52.754  9757  9757 I FrameworkJumpTable: Successfully loaded all fields
03-03 02:24:52.754  9757  9757 I FrameworkJumpTable: Successfully loaded all constructors
03-03 02:30:46.314 10303 10303 I FrameworkJumpTable: Successfully loaded all classes
03-03 02:30:46.334 10303 10303 I FrameworkJumpTable: Successfully loaded all methods
03-03 02:30:46.336 10303 10303 I FrameworkJumpTable: Successfully loaded all fields
03-03 02:30:46.336 10303 10303 I FrameworkJumpTable: Successfully loaded all constructors
03-03 02:30:48.385   617  1573 I chatty  : uid=1000(system) Binder:617_10 expire 3 lines
03-03 02:30:51.789   617 16839 I chatty  : uid=1000(system) Binder:617_1D expire 1 line
03-03 02:31:27.269   617  7919 I chatty  : uid=1000(system) Binder:617_17 expire 2 lines
03-03 02:33:27.977  5823  6436 E ActivityThread: Failed to find provider info for com.amazon.tv.ambient.provider
03-03 02:43:14.541   617  1193 I chatty  : uid=1000(system) Binder:617_8 expire 1 line
03-03 03:13:21.955   617  1257 I chatty  : uid=1000(system) Binder:617_A expire 1 line
03-03 03:20:17.173 14369 14369 I FrameworkJumpTable: Successfully loaded all classes
03-03 03:20:17.190 14369 14369 I FrameworkJumpTable: Successfully loaded all methods
03-03 03:20:17.193 14369 14369 I FrameworkJumpTable: Successfully loaded all fields
03-03 03:20:17.193 14369 14369 I FrameworkJumpTable: Successfully loaded all constructors
03-03 03:20:17.633   617 31838 I chatty  : uid=1000(system) Binder:617_20 expire 12 lines
03-03 03:20:17.904 14431 14457 I FrameworkJumpTable: Successfully loaded all classes
03-03 03:20:17.926 14431 14457 I FrameworkJumpTable: Successfully loaded all methods
03-03 03:20:17.928 14431 14457 I FrameworkJumpTable: Successfully loaded all fields
03-03 03:20:17.928 14431 14457 I FrameworkJumpTable: Successfully loaded all constructors
03-03 03:20:18.606 14369 14400 E ActivityThread: Failed to find provider info for com.amazon.tv.channelscan
03-03 03:20:18.606 14369 14400 E ActivityThread: Failed to find provider info for com.amazon.tv.channelscan
03-03 03:20:18.607 14369 14400 E ActivityThread: Failed to find provider info for com.amazon.tv.channelscan
03-03 03:24:54.099   617   617 I chatty  : uid=1000 system_server expire 12 lines
03-03 03:24:54.273 14850 14850 I FrameworkJumpTable: Successfully loaded all classes
03-03 03:24:54.290 14850 14850 I FrameworkJumpTable: Successfully loaded all methods
03-03 03:24:54.292 14850 14850 I FrameworkJumpTable: Successfully loaded all fields
03-03 03:24:54.292 14850 14850 I FrameworkJumpTable: Successfully loaded all constructors
03-03 03:29:07.022   617   633 I chatty  : uid=1000(system) batterystats-sy expire 6 lines
03-03 03:50:38.810   617  9919 I chatty  : uid=1000(system) Binder:617_19 expire 10 lines
03-03 03:50:52.665   617   718 I chatty  : uid=1000(system) AmazonUsageStat expire 3 lines
03-03 03:50:52.722 17043 17043 I FrameworkJumpTable: Successfully loaded all classes
03-03 03:50:52.741 17043 17043 I FrameworkJumpTable: Successfully loaded all methods
03-03 03:50:52.743 17043 17043 I FrameworkJumpTable: Successfully loaded all fields
03-03 03:50:52.743 17043 17043 I FrameworkJumpTable: Successfully loaded all constructors
03-03 03:50:53.093   617   637 I chatty  : uid=1000(system) android.display expire 12 lines
03-03 03:50:56.056   617   777 I chatty  : uid=1000(system) LazyTaskWriterT expire 2 lines
03-03 03:53:52.813   617  7558 I chatty  : uid=1000(system) Binder:617_15 expire 2 lines
03-03 03:53:52.830   617 16820 I chatty  : uid=1000(system) Binder:617_1C expire 15 lines
03-03 03:53:53.299   617  1258 I chatty  : uid=1000(system) Binder:617_B expire 5 lines
03-03 03:53:53.551 17465 17495 I FrameworkJumpTable: Successfully loaded all classes
03-03 03:53:53.574 17465 17495 I FrameworkJumpTable: Successfully loaded all methods
03-03 03:53:53.576 17465 17495 I FrameworkJumpTable: Successfully loaded all fields
03-03 03:53:53.576 17465 17495 I FrameworkJumpTable: Successfully loaded all constructors
03-03 03:53:55.177 17579 17579 I FrameworkJumpTable: Successfully loaded all classes
03-03 03:53:55.193 17579 17579 I FrameworkJumpTable: Successfully loaded all methods
03-03 03:53:55.194 17579 17579 I FrameworkJumpTable: Successfully loaded all fields
03-03 03:53:55.194 17579 17579 I FrameworkJumpTable: Successfully loaded all constructors
03-03 03:54:23.833 17731 17731 I FrameworkJumpTable: Successfully loaded all classes
03-03 03:54:23.845 17731 17731 I FrameworkJumpTable: Successfully loaded all methods
03-03 03:54:23.846 17731 17731 I FrameworkJumpTable: Successfully loaded all fields
03-03 03:54:23.847 17731 17731 I FrameworkJumpTable: Successfully loaded all constructors
03-03 03:54:23.903 17731 17731 I AmazonHdmiServiceManager: AmazonHdmiServiceManager created
03-03 03:54:24.010 17750 17750 I FrameworkJumpTable: Successfully loaded all classes
03-03 03:54:24.064 17750 17750 I FrameworkJumpTable: Successfully loaded all methods
03-03 03:54:24.066 17750 17750 I FrameworkJumpTable: Successfully loaded all fields
03-03 03:54:24.066 17750 17750 I FrameworkJumpTable: Successfully loaded all constructors
03-03 03:54:34.544   617 17831 I chatty  : uid=1000 system_server expire 1 line
03-03 04:06:08.104  1164 18932 E ActivityThread: Failed to find provider info for com.amazon.dcp.ota.pendingupdates.internal
03-03 04:10:52.560   617   629 I chatty  : uid=1000(system) android.bg expire 5 lines
03-03 04:13:48.177 19396 19396 I FrameworkJumpTable: Successfully loaded all classes
03-03 04:13:48.191 19396 19396 I FrameworkJumpTable: Successfully loaded all methods
03-03 04:13:48.193 19396 19396 I FrameworkJumpTable: Successfully loaded all fields
03-03 04:13:48.193 19396 19396 I FrameworkJumpTable: Successfully loaded all constructors
03-03 04:13:53.725   617   644 I chatty  : uid=1000(system) PowerManagerSer expire 4 lines
03-03 04:13:53.733   617   707 I chatty  : uid=1000(system) AmazonProfileSe expire 1 line
03-03 04:13:54.481   617   617 I chatty  : uid=1000 system_server expire 10 lines
03-03 04:13:54.741   617   866 I chatty  : uid=1000(system) Binder:617_4 expire 4 lines
03-03 04:13:54.786   617   660 I chatty  : uid=1000(system) InputDispatcher expire 2 lines
03-03 04:13:54.914   617   715 I chatty  : uid=1000(system) MetricsHandler expire 1 line
03-03 04:13:55.027 19574 19596 I FrameworkJumpTable: Successfully loaded all classes
03-03 04:13:55.105 19559 19559 I FrameworkJumpTable: Successfully loaded all classes
03-03 04:13:55.131 19574 19596 I FrameworkJumpTable: Successfully loaded all methods
03-03 04:13:55.134 19574 19596 I FrameworkJumpTable: Successfully loaded all fields
03-03 04:13:55.135 19574 19596 I FrameworkJumpTable: Successfully loaded all constructors
03-03 04:13:55.143 19559 19559 I FrameworkJumpTable: Successfully loaded all methods
03-03 04:13:55.145 19559 19559 I FrameworkJumpTable: Successfully loaded all fields
03-03 04:13:55.145 19559 19559 I FrameworkJumpTable: Successfully loaded all constructors
03-03 04:13:55.747   831   831 W ContextImpl: Calling a method in the system process without a qualified user: android.app.ContextImpl.sendBroadcast:921 android.content.ContextWrapper.sendBroadcast:426 com.amazon.tifobserver.LiveTvObserver.broadcastChannelListChange:157 com.amazon.tifobserver.LiveTvObserver.-wrap0:-1 com.amazon.tifobserver.LiveTvObserver$1.run:111 
03-03 04:13:55.748   831   831 W ContextImpl: Calling a method in the system process without a qualified user: android.app.ContextImpl.sendBroadcast:921 android.content.ContextWrapper.sendBroadcast:426 com.amazon.tifobserver.LiveTvObserver.broadcastChannelListChange:161 com.amazon.tifobserver.LiveTvObserver.-wrap0:-1 com.amazon.tifobserver.LiveTvObserver$1.run:111 
03-03 04:13:55.865 19639 19639 I FrameworkJumpTable: Successfully loaded all classes
03-03 04:13:55.884 19639 19639 I FrameworkJumpTable: Successfully loaded all methods
03-03 04:13:55.887 19639 19639 I FrameworkJumpTable: Successfully loaded all fields
03-03 04:13:55.887 19639 19639 I FrameworkJumpTable: Successfully loaded all constructors
03-03 04:13:57.898 19639 19668 E ActivityThread: Failed to find provider info for com.amazon.tv.channelscan
03-03 04:13:57.899 19639 19668 E ActivityThread: Failed to find provider info for com.amazon.tv.channelscan
03-03 04:13:57.900 19639 19668 E ActivityThread: Failed to find provider info for com.amazon.tv.channelscan
03-03 04:13:58.017   617 13191 I chatty  : uid=1000(system) Binder:617_1A expire 10 lines
