03-05 19:55:54.462 24859 24859 W System  : ClassLoader referenced unknown path: /system/priv-app/DeviceMessagingAndroidSDK/lib/arm
03-05 19:55:54.462   617  1860 W AmazonKeyEventLogging: remote_perf key event latency detected [Source: interceptKeyBeforeDispatching, KeyCode: KEYCODE_XXXX, IsDown: 0, Repeat: 0, EventTime: 255325278, Latency: 82430, DeviceId: 13, AppPackage: system_server]
03-05 19:55:54.464 24859 24859 W System  : ClassLoader referenced unknown path: /system/priv-app/MinervaApi/lib/arm
03-05 19:55:54.465 24859 24859 W System  : ClassLoader referenced unknown path: /system/priv-app/MetricsApi/lib/arm
03-05 19:55:54.482   831   831 I PeriodicKPIReporter: Shutdown was invoked.
03-05 19:55:54.493   831   831 I CoordinatorUtils: Report Trim-memory (level-10) to NSC
03-05 19:55:54.493   831   831 I CoordinatorUtils: Neo Trim-memory NSC notification (level-10) - done
03-05 19:55:54.495   831   852 I PeriodicKPIReporter: Shutdown was invoked.
03-05 19:55:54.529 21280 21280 W xpicker.XPickerApplication: 'OnTrimMemory' event occurred. Level: 10
03-05 19:55:54.529  1395  1395 I Vizzini_3.0.16038.0:SimApplication: onTrimMemory, 10
03-05 19:55:54.530  1395  1395 W Vizzini_3.0.16038.0:ShortcutPanelOverlayProxy: Tearing down shortcut panel due to DISMISS_MEMORY_LOW
03-05 19:55:54.531  1444  2547 I WhadWrapper: sendExplicitBroadcast, broadcast sent to all manifest receivers
03-05 19:55:54.533  1444  2547 W WhadWrapper: sendExplicitBroadcast, action unneeded for vizzini; not sending
03-05 19:55:54.534   617   939 E TimeDeltaAnrList: endTimeDelta: failed to find PID for end time, PID: 617
03-05 19:55:54.536  1444  2547 I WhadWrapper: sendExplicitBroadcast, broadcast sent to all manifest receivers
03-05 19:55:54.537  1444  2547 W WhadWrapper: sendExplicitBroadcast, action unneeded for vizzini; not sending
03-05 19:55:54.537  1444  2547 I WhadWrapper: sendExplicitBroadcast, broadcast sent to all manifest receivers
03-05 19:55:54.538  1444  2547 W WhadWrapper: sendExplicitBroadcast, action unneeded for vizzini; not sending
03-05 19:55:54.541  1395  4025 I SPCH-SCL_MessageObserverImpl: MessageObserverImpl.receive(). messageMetadata.getContextId() = AVSDownChannel-2055
03-05 19:55:54.542   617   630 E TimeDeltaAnrList: addTraceStartTime: failed to find PID for trace start time, PID: 24859
03-05 19:55:54.542   617   630 I Process : Sending signal. PID: 24859 SIG: 3
03-05 19:55:54.542  1444  2547 I WhadWrapper: hasHttStateChanged false
03-05 19:55:54.543  1395  2711 I Vizzini_3.0.16038.0:VolumeClient: AVLS updated, is htt: false
03-05 19:55:54.544  1444  2547 I whad    : LocalContentControllerInterface:onLocalClustersChanged:updating input associations
03-05 19:55:54.544  1444  2547 I whad    : AvlsStateManager:onLocalClustersChanged:isAVLSUSupported:unknown
03-05 19:55:54.544  1444  2547 I whad    : AvlsStateManager:onLocalClustersChanged:isInHTTuple:0
03-05 19:55:54.544  1444  2547 I whad    : AvlsStateManager:updateNavigationSounds:restoring users setting for navigation sounds
03-05 19:55:54.546  1444  2547 I whad    : LocalContentControllerInterface:setHDMIMute:value 0
03-05 19:55:54.547  1444  2547 E ProviderImplFTV: getInputHandle: AVLS Recorder has not been setup. Call set() first
03-05 19:55:54.547 24859 24871 I art     : Thread[3,tid=24871,WaitingInMainSignalCatcherLoop,Thread*=0x9b7d6300,peer=0x2ac0b160,"Signal Catcher"]: reacting to signal 3
03-05 19:55:54.547 24859 24871 I art     : 
03-05 19:55:54.547   291  1040 I DolbyAudioHwDeviceProxy: setParameters(0xad9d9000): AVLS HDMI sink mute is set to 0
03-05 19:55:54.547   291  1040 I DolbyAudioHwDeviceProxy: setParameters(0xad9d9180): AVLS HDMI sink mute is set to 0
03-05 19:55:54.549  1444  2547 I WhadWrapper: UpdateAudioManageCallback active:false
03-05 19:55:54.552  1444  2547 I whad    : AvlsStateManager:shouldPlayAVLS:shouldPlay:0. isInHTT:0,isSettingEnabled:1,NetworkConnected:1,hasSetupFinished:0
03-05 19:55:54.568  1395  4025 I SPCH-SCL_MessageParser: message ID: f10ee619-e941-4c20-a925-c484e147d938
03-05 19:55:54.568  1395  4025 I SPCH-SCL_MessageParser: [namespace=WholeHomeAudio, name=ReportVisibilityInfo]
03-05 19:55:54.574 21019 21019 W         : debuggerd: handling request: pid=244 uid=1000 gid=1003 tid=244
03-05 19:55:54.577  1395  4025 I DeviceEvent: CSMSIM#directive_received#1#WholeHomeAudio#ReportVisibilityInfo#null#f10ee619-e941-4c20-a925-c484e147d938
03-05 19:55:54.577  1395  4025 I DeviceEvent: CSMSIM#cloud_initiated_interaction#0
03-05 19:55:54.588 21003 21003 I BuellerApplication: Received on trim from framework, level is 60
03-05 19:55:54.588 21003 21003 I BuellerApplication:  should trim frozen image false
03-05 19:55:54.589 21003 21003 I BuellerApplication: TRIM_MEMORY_MODERATE
03-05 19:55:54.589 21003 21003 I MediaBrowseInMemoryCacheImpl: Cache size before trim: 161
03-05 19:55:54.589 21003 21003 I MediaBrowseInMemoryCacheImpl: Cache size after trim: 161
03-05 19:55:54.589 21003 21003 I BuellerApplication: Trim memory has completed
03-05 19:55:54.594 21003 21003 I MediaBrowseServiceImpl: Received notice that MediaBrowseServiceImpl is to trim memory. Trim memory level: 60
03-05 19:55:54.598  1444  2548 W whad    : DeviceCluster:computeClusterVolume:reason=unableToCalculateOnEmptyCluster,clusterId=
03-05 19:55:54.602  1444  2547 I whad    : DeviceClusterManager:processDeviceClusterStateChanged:reason=ManagerInClusterId=
03-05 19:55:54.602  1444  2547 I whad    : DeviceClusterManager:processDeviceClusterStateChanged:reason=MemberInClusterId=6571169d161e4c79b465b64470321971,asd=XX0QS8
03-05 19:55:54.603  1444  2547 I whad    : AsynchWorkManager:handleDCMQueueItem:reason=ItemCompleted,type=DeviceClusterStateChanged
03-05 19:55:54.604  1444  2548 I WhadWrapper: sendExplicitBroadcast, broadcast sent to all manifest receivers
03-05 19:55:54.606  1444  2547 I whad    : AsynchWorkManager:handleDCMQueueItem:reason=Item,type=ReportTimeSyncStatus
03-05 19:55:54.606  1444  9854 I whad    : Device:sendTimeSyncStatus:reason=sending,remote=XX0RV9
03-05 19:55:54.607  1444  9855 I whad    : Device:sendTimeSyncStatus:reason=sending,remote=XX0QS8
03-05 19:55:54.611  1444  2548 W WhadWrapper: sendExplicitBroadcast, action unneeded for vizzini; not sending
03-05 19:55:54.612  1444  2548 I whad    : DeviceClusterManager:void Whad::DeviceClusterManager::updateClusterAudioOutputConfigs(const string &, const string &):activecluster=,callingOnClusterConfigChanged
03-05 19:55:54.612  1444  2548 I whad    : AudioConfigUtil:static string Whad::AudioConfigUtil::clusterConfigToJSON(DeviceClusterPtr):clusterConfig: {"configs":[{"config":1}]}
03-05 19:55:54.614  1444  2547 I whad    : AsynchWorkManager:handleDCMQueueItem:reason=ItemCompleted,type=ReportTimeSyncStatus
03-05 19:55:54.617  1444  9855 I whad    : Device:sslCtxSetup:trusting certificate with serial=0x1ae82b5e
03-05 19:55:54.619  1444  9854 I whad    : Device:sslCtxSetup:trusting certificate with serial=0x545253e5
03-05 19:55:54.688  1395  2672 I SPCH-SIM_SimStateMachine: Got DownChannelEvent in ReadyState
03-05 19:55:54.689  1395  2672 I SPCH-SIM_DirectiveHelper: Directive namespace (WholeHomeAudio) name (ReportVisibilityInfo) approved
03-05 19:55:54.709  1395  2672 I SPCH-CSM_LocalDirectiveRouter_DirectiveManipulator: Directive does not support manipulation
03-05 19:55:54.639 21003 21829 I ImageTrimMemoryHandler: Processing trimMemory level=60, availablePriority=2, cachedPriority=2, bytesInMemoryCache=2 MB, bytesInUse=476 KB
03-05 19:55:54.712  1395  2672 W SPCH-DirectiveIntent: Directive not present in intent, checking old format
03-05 19:55:54.725 21003 21829 I ImagePriorityLru: Releasing 0 cached items, and 0 available items, bytesInUse=476 KB, bytesOnlyInCache=2 MB
03-05 19:55:54.741  1395  2672 I SPCH-SIM_CancelledDirectiveCache: Directive with sequence ID ed4dcb27-f481-455a-9868-5ed4cb8cd769 has been cancelled: false
03-05 19:55:54.741  1395  2672 I SPCH-SIM_SimIntentRouterImpl: Creating voice sequence with ID:ed4dcb27-f481-455a-9868-5ed4cb8cd769
03-05 19:55:54.742  1395  2672 I DeviceEvent: CSMSIM#directive_sequence_start#0#ed4dcb27-f481-455a-9868-5ed4cb8cd769
03-05 19:55:54.744  1395  2672 I SPCH-CapAg_CapabilityAgentDirectiveInterceptor: Intercepting directive WholeHomeAudio.ReportVisibilityInfo? false
03-05 19:55:54.744  1395  2672 I SPCH-CSM_LocalDirectiveRouter_CompositeDirectiveInterceptor: Intercepting directive WholeHomeAudio.ReportVisibilityInfo?Interceptor:null
03-05 19:55:54.744  1395  2672 I SPCH-SIM_DirectiveSequence: broadcasting sequence ed4dcb27-f481-455a-9868-5ed4cb8cd769
03-05 19:55:54.745  1395  2672 I SPCH-SIM_DirectiveSequence: Getting action for directive (WholeHomeAudio_ReportVisibilityInfo dirId:f10ee619-e941-4c20-a925-c484e147d938 seqId:ed4dcb27-f481-455a-9868-5ed4cb8cd769 keys:{})
03-05 19:55:54.746  1395  2672 I DeviceEvent: CSMSIM#directive_dispatching#1#ed4dcb27-f481-455a-9868-5ed4cb8cd769#f10ee619-e941-4c20-a925-c484e147d938#WholeHomeAudio#ReportVisibilityInfo#neither
03-05 19:55:54.931 24998 24998 W art     : Found duplicate classes, falling back to interpreter mode for /system/priv-app/DeviceClientPlatformContractsFramework/DeviceClientPlatformContractsFramework.apk
03-05 19:55:54.931 24998 24998 W art     : Found duplicated class when checking oat files: 'Lcom/amazon/dcp/common/ThirdPartyDeviceUtils;' in /system/priv-app/DeviceSoftwareOTAContracts/DeviceSoftwareOTAContracts.apk and /system/priv-app/DeviceClientPlatformContractsFramework/DeviceClientPlatformContractsFramework.apk
03-05 19:55:55.002  1444 11929 I whad    : DeviceClusterManager:proactiveVisibilityThread:seq=237
03-05 19:55:55.002  1444 11929 I whad    : DeviceClusterManager:proactiveVisibilityThread:clearing the priority devices set.
03-05 19:55:55.002  1444 11929 I whad    : DeviceClusterManager:proactiveVisibilityThread:maintenance test
03-05 19:55:55.002  1444 11929 I whad    : DeviceClusterManager:runProactiveVisibilityTest:started test 1 of 5
03-05 19:55:55.003 24859 24871 I art     : Wrote stack traces to '/data/anr/traces.txt'
03-05 19:55:55.005  1444 11929 I whad    : DeviceClusterManager:runProactiveVisibilityTest:testingId=XX0QS8
03-05 19:55:55.005  1444 11929 I whad    : Device:testVisibility:reason=sending,fetchingCapabilities=0,uniqueId=XX0QS8
03-05 19:55:55.027  1444 11929 I whad    : Device:testVisibilitySuccessful:uniqueId=XX0QS8,bssid=2,essid=2,wifiFrequency=0,networkTypeGuesses=2_4_GHZ
03-05 19:55:55.028  1444 11929 I whad    : DeviceClusterManager:runProactiveVisibilityTest:skippingLocalDevice,bssid=0,essid=0,networkTypeGuesses=5_0_GHZ
03-05 19:55:55.028  1444 11929 I whad    : DeviceClusterManager:runProactiveVisibilityTest:testingId=XX0RV9
03-05 19:55:55.028  1444 11929 I whad    : Device:testVisibility:reason=sending,fetchingCapabilities=0,uniqueId=XX0RV9
03-05 19:55:55.046  1444 11929 I whad    : Device:testVisibilitySuccessful:uniqueId=XX0RV9,bssid=0,essid=0,wifiFrequency=0,networkTypeGuesses=5_0_GHZ
03-05 19:55:55.046  1444 11929 I whad    : DeviceClusterManager:runProactiveVisibilityTest:localDevice=XX002G,finished sending proactive test 1 of 5
03-05 19:55:55.092 24998 24998 I art     : Starting a blocking GC AddRemoveAppImageSpace
03-05 19:55:55.109 24998 24998 W System  : ClassLoader referenced unknown path: /system/priv-app/com.amazon.venezia/lib/arm
03-05 19:55:55.121 24998 24998 W System  : ClassLoader referenced unknown path: /system/priv-app/DeviceMessagingAndroidInternalSDK/lib/arm
03-05 19:55:55.133 24998 24998 W System  : ClassLoader referenced unknown path: /system/priv-app/MinervaApi/lib/arm
03-05 19:55:55.136 24998 24998 W System  : ClassLoader referenced unknown path: /system/priv-app/RemoteSettingsInternalSDK/lib/arm
03-05 19:55:55.137 24998 24998 W System  : ClassLoader referenced unknown path: /system/priv-app/DeviceSoftwareOTAContracts/lib/arm
03-05 19:55:55.140 21019 21019 W         : debuggerd: resuming target 244
03-05 19:55:55.140 24998 24998 W System  : ClassLoader referenced unknown path: /system/priv-app/MetricsApi/lib/arm
03-05 19:55:55.143 24998 24998 W System  : ClassLoader referenced unknown path: /system/priv-app/DeviceClientPlatformContractsFramework/lib/arm
03-05 19:55:55.193   617   703 W Eve     : MEMORY_LEVEL: [23456,0]
03-05 19:55:55.193   617   703 W Eve     :   top=com.example.clickflix/.MainActivity launching=false
03-05 19:55:55.193   617   703 W Eve     :   prev=com.amazon.venezia/.pdi.AppLaunchActivity screen_on=true thermal=0
03-05 19:55:55.193   617   703 W Eve     :   adb=true downloading=false
03-05 19:55:55.193   617   703 W Eve     :   memory=0 trim=0 available=196100KB free=92920KB
03-05 19:55:55.283 24859 24859 I MultiDex: VM with version 2.1.0 has multidex support
03-05 19:55:55.283 24859 24859 I MultiDex: Installing application
03-05 19:55:55.283 24859 24859 I MultiDex: VM has multidex support, MultiDex support library is disabled.
03-05 19:55:55.366 24859 24859 W FirebaseApp: Default FirebaseApp failed to initialize because no default options were found. This usually means that com.google.gms:google-services was not applied to your gradle project.
03-05 19:55:55.366 24859 24859 I FirebaseInitProvider: FirebaseApp initialization unsuccessful
03-05 19:55:55.409 23669 23689 E IMGSRV  : :0: _AllocateDeviceMemory: Problem to allocate memory for TQMTextureCache (PVRSRV_ERROR_PMR_FAILED_TO_ALLOC_PAGES)
03-05 19:55:55.409 23669 23689 E IMGSRV  : :0: DevmemSubAllocate: Failed! Error is PVRSRV_ERROR_PMR_FAILED_TO_ALLOC_PAGES. Allocation size: 0X16E360
03-05 19:55:55.410 23669 23689 E IMGSRV  : :0: _AllocateDeviceMemory: Problem to allocate memory for TQMTextureCache (PVRSRV_ERROR_PMR_FAILED_TO_ALLOC_PAGES)
03-05 19:55:55.410 23669 23689 E IMGSRV  : :0: DevmemSubAllocate: Failed! Error is PVRSRV_ERROR_PMR_FAILED_TO_ALLOC_PAGES. Allocation size: 0X5B8D8
03-05 19:55:55.430 23669 23689 E IMGSRV  : :0: _AllocateDeviceMemory: Problem to allocate memory for 2D Tex 1980 512x1024 Lvls=11 (PVRSRV_ERROR_PMR_FAILED_TO_ALLOC_PAGES)
03-05 19:55:55.430 23669 23689 E IMGSRV  : :0: DevmemAllocateSparse: Failed! Error is PVRSRV_ERROR_PMR_FAILED_TO_ALLOC_PAGES. Allocation size: 0X2AB000
03-05 19:55:55.431 23669 23689 E IMGSRV  : :0: DevmemAllocateSparse() failed (PVRSRV_ERROR_PMR_FAILED_TO_ALLOC_PAGES) in PVRSRVAllocSparseDevMem2()
03-05 19:55:55.433 23669 23689 E IMGSRV  : :0: _AllocateDeviceMemory: Problem to allocate memory for 2D Tex 1980 512x1024 Lvls=11 (PVRSRV_ERROR_PMR_FAILED_TO_ALLOC_PAGES)
03-05 19:55:55.433 23669 23689 E IMGSRV  : :0: DevmemAllocateSparse: Failed! Error is PVRSRV_ERROR_PMR_FAILED_TO_ALLOC_PAGES. Allocation size: 0X2AB000
03-05 19:55:55.433 23669 23689 E IMGSRV  : :0: DevmemAllocateSparse() failed (PVRSRV_ERROR_PMR_FAILED_TO_ALLOC_PAGES) in PVRSRVAllocSparseDevMem2()
03-05 19:55:55.433 23669 23689 E IMGSRV  : :0: MakeTexStorageResident: TextureMakeResident failed
03-05 19:55:55.433 23669 23689 E IMGSRV  : :0: glTexStorage2D: MakeTexStorageResident failed
03-05 19:55:55.443 23669 23689 E IMGSRV  : :0: _AllocateDeviceMemory: Problem to allocate memory for 2D Tex 1981 512x1024 Lvls=11 (PVRSRV_ERROR_PMR_FAILED_TO_ALLOC_PAGES)
03-05 19:55:55.443 23669 23689 E IMGSRV  : :0: DevmemAllocateSparse: Failed! Error is PVRSRV_ERROR_PMR_FAILED_TO_ALLOC_PAGES. Allocation size: 0X2AB000
03-05 19:55:55.443 23669 23689 E IMGSRV  : :0: DevmemAllocateSparse() failed (PVRSRV_ERROR_PMR_FAILED_TO_ALLOC_PAGES) in PVRSRVAllocSparseDevMem2()
03-05 19:55:55.447 23669 23689 E IMGSRV  : :0: _AllocateDeviceMemory: Problem to allocate memory for 2D Tex 1981 512x1024 Lvls=11 (PVRSRV_ERROR_PMR_FAILED_TO_ALLOC_PAGES)
03-05 19:55:55.447 23669 23689 E IMGSRV  : :0: DevmemAllocateSparse: Failed! Error is PVRSRV_ERROR_PMR_FAILED_TO_ALLOC_PAGES. Allocation size: 0X2AB000
03-05 19:55:55.447 23669 23689 E IMGSRV  : :0: DevmemAllocateSparse() failed (PVRSRV_ERROR_PMR_FAILED_TO_ALLOC_PAGES) in PVRSRVAllocSparseDevMem2()
03-05 19:55:55.447 23669 23689 E IMGSRV  : :0: MakeTexStorageResident: TextureMakeResident failed
03-05 19:55:55.447 23669 23689 E IMGSRV  : :0: glTexStorage2D: MakeTexStorageResident failed
03-05 19:55:55.451 23669 23688 E IMGSRV  : :0: _AllocateDeviceMemory: Problem to allocate memory for SCBUF:CONSTANT_FRAG (PVRSRV_ERROR_PMR_FAILED_TO_ALLOC_PAGES)
03-05 19:55:55.451 23669 23688 E IMGSRV  : :0: DevmemAllocateSparse: Failed! Error is PVRSRV_ERROR_PMR_FAILED_TO_ALLOC_PAGES. Allocation size: 0X320000
03-05 19:55:55.451 23669 23688 E IMGSRV  : :0: DevmemAllocateSparse() failed (PVRSRV_ERROR_PMR_FAILED_TO_ALLOC_PAGES) in PVRSRVAllocSparseDevMem2()
03-05 19:55:55.451 23669 23688 E IMGSRV  : :0: CreatePoolBufferListEntry: Failed to allocate device memory for buffer 10
03-05 19:55:55.451 23669 23688 E IMGSRV  : :0: KEGLGetPoolBuffer: Failed to create new fragment buffer list entry
03-05 19:55:55.614   617   627 I ActivityManager: Process android.process.acore (pid 22669) has died
03-05 19:55:55.768 21003 21829 I ImageTrimMemoryHandler: Processed trimMemory level=60, bytesInMemoryCache=2 MB, bytesInUse=476 KB
03-05 19:55:56.362 21003 23805 I ImageCacheTasks: Start ImageDiskCache cleanup. Current disk cache size: 67 MB Number of files is: 1010and exceeds cached files beyond max cache files size of:1000 Number of files to be deleted: 10
03-05 19:55:56.543   617   630 E TimeDeltaAnrList: endTimeDelta: failed to find PID for end time, PID: 24859
03-05 19:55:56.782   617   627 I ActivityManager: Process com.amazon.device.lowstoragemanager (pid 23267) has died
03-05 19:55:56.787 21280 21280 W xpicker.XPickerApplication: 'OnTrimMemory' event occurred. Level: 15
03-05 19:55:56.787  1395  1395 I Vizzini_3.0.16038.0:SimApplication: onTrimMemory, 15
03-05 19:55:56.787  1395  1395 W Vizzini_3.0.16038.0:ShortcutPanelOverlayProxy: Tearing down shortcut panel due to DISMISS_MEMORY_LOW
03-05 19:55:56.788   831   831 I PeriodicKPIReporter: Shutdown was invoked.
03-05 19:55:56.788   831   831 I CoordinatorUtils: Report Trim-memory (level-15) to NSC
03-05 19:55:56.788   831   831 I CoordinatorUtils: Neo Trim-memory NSC notification (level-15) - done
03-05 19:55:56.789   831   852 I PeriodicKPIReporter: Shutdown was invoked.
03-05 19:55:56.864 23669 23689 E IMGSRV  : :0: _AllocateDeviceMemory: Problem to allocate memory for 2D Tex 1982 512x1024 Lvls=11 (PVRSRV_ERROR_PMR_FAILED_TO_ALLOC_PAGES)
03-05 19:55:56.864 23669 23689 E IMGSRV  : :0: DevmemAllocateSparse: Failed! Error is PVRSRV_ERROR_PMR_FAILED_TO_ALLOC_PAGES. Allocation size: 0X2AB000
03-05 19:55:56.864 23669 23689 E IMGSRV  : :0: DevmemAllocateSparse() failed (PVRSRV_ERROR_PMR_FAILED_TO_ALLOC_PAGES) in PVRSRVAllocSparseDevMem2()
03-05 19:55:56.867 23669 23689 E IMGSRV  : :0: _AllocateDeviceMemory: Problem to allocate memory for 2D Tex 1982 512x1024 Lvls=11 (PVRSRV_ERROR_PMR_FAILED_TO_ALLOC_PAGES)
03-05 19:55:56.867 23669 23689 E IMGSRV  : :0: DevmemAllocateSparse: Failed! Error is PVRSRV_ERROR_PMR_FAILED_TO_ALLOC_PAGES. Allocation size: 0X2AB000
03-05 19:55:56.867 23669 23689 E IMGSRV  : :0: DevmemAllocateSparse() failed (PVRSRV_ERROR_PMR_FAILED_TO_ALLOC_PAGES) in PVRSRVAllocSparseDevMem2()
03-05 19:55:56.867 23669 23689 E IMGSRV  : :0: MakeTexStorageResident: TextureMakeResident failed
03-05 19:55:56.867 23669 23689 E IMGSRV  : :0: glTexStorage2D: MakeTexStorageResident failed
03-05 19:55:56.883   617   703 W Eve     : MEMORY_LEVEL: [23267,903][22669,903][23321,902][21055,903][22044,903]
03-05 19:55:56.883   617   703 W Eve     :   top=com.example.clickflix/.MainActivity launching=false
03-05 19:55:56.883   617   703 W Eve     :   prev=com.amazon.venezia/.pdi.AppLaunchActivity screen_on=true thermal=0
03-05 19:55:56.883   617   703 W Eve     :   adb=true downloading=false
03-05 19:55:56.883   617   703 W Eve     :   memory=0 trim=0 available=229340KB free=105844KB
03-05 19:55:57.072   617   628 I ActivityManager: Process com.android.providers.tv (pid 23436) has died
03-05 19:55:57.074   249   249 E lowmemorykiller: Error opening /proc/21902/oom_score_adj; errno=2
03-05 19:55:57.075 21003 21003 I BuellerApplication: Received on trim from framework, level is 80
03-05 19:55:57.075 21003 21003 I BuellerApplication:  should trim frozen image false
03-05 19:55:57.075 21003 21003 W BuellerApplication: TRIM_MEMORY_COMPLETE
03-05 19:55:57.075 21003 21003 I MediaBrowseInMemoryCacheImpl: Cache size before trim: 161
03-05 19:55:57.075 21003 21003 I MediaBrowseInMemoryCacheImpl: Cache size after trim: 161
03-05 19:55:57.075 21003 21003 I BuellerApplication: Trim memory has completed
03-05 19:55:57.075 21003 21003 I MediaBrowseServiceImpl: Received notice that MediaBrowseServiceImpl is to trim memory. Trim memory level: 80
03-05 19:55:57.146   617   630 E ActivityManager: ANR in com.amazon.bueller.photos
03-05 19:55:57.146   617   630 E ActivityManager: PID: 24859
03-05 19:55:57.146   617   630 E ActivityManager: Reason: executing service com.amazon.bueller.photos/com.amazon.gallery.thor.config.control.RemoteConfigurationJob, reason = destroy, delay = 21741, started = 255317463, cmdCount = 4, fgService = true, fgProc = true
03-05 19:55:57.146   617   630 E ActivityManager: Load: 0.0 / 0.0 / 0.0
03-05 19:55:57.146   617   630 E ActivityManager: CPU usage from 0ms to 92331ms later (2026-03-05 19:54:24.212 to 2026-03-05 19:55:56.543):
03-05 19:55:57.146   617   630 E ActivityManager:   4.4% 56/kswapd0: 0% user + 4.4% kernel
03-05 19:55:57.146   617   630 E ActivityManager:   106% 23669/com.example.clickflix: 73% user + 32% kernel / faults: 37279 minor 4643 major
03-05 19:55:57.146   617   630 E ActivityManager:   43% 21003/com.amazon.tv.launcher: 9.9% user + 33% kernel / faults: 3050 minor 1240 major
03-05 19:55:57.146   617   630 E ActivityManager:   0.5% 151/mmcqd/0: 0% user + 0.5% kernel
03-05 19:55:57.146   617   630 E ActivityManager:   19% 617/system_server: 9.9% user + 9.1% kernel / faults: 3019 minor 267 major
03-05 19:55:57.146   617   630 E ActivityManager:   0.4% 26/ksmd: 0% user + 0.4% kernel
03-05 19:55:57.146   617   630 E ActivityManager:   8.3% 23919/kworker/u8:1: 0% user + 8.3% kernel
03-05 19:55:57.146   617   630 E ActivityManager:   8.3% 24859/com.amazon.bueller.photos: 6.4% user + 1.9% kernel / faults: 2681 minor 220 major
03-05 19:55:57.146   617   630 E ActivityManager:   0.2% 99/hdmi_timer_kthr: 0% user + 0.2% kernel
03-05 19:55:57.146   617   630 E ActivityManager:   4.9% 188/jbd2/mmcblk0p13: 0% user + 4.9% kernel
03-05 19:55:57.146   617   630 E ActivityManager:   4.1% 301/netd: 1.1% user + 3% kernel / faults: 238 minor
03-05 19:55:57.146   617   630 E ActivityManager:   3.7% 196/logd: 0% user + 3.7% kernel / faults: 34 minor 4 major
03-05 19:55:57.146   617   630 E ActivityManager:   3.8% 18420/kworker/u8:4: 0% user + 3.8% kernel
03-05 19:55:57.146   617   630 E ActivityManager:   0% 134/disp_osd2_irq_k: 0% user + 0% kernel
03-05 19:55:57.146   617   630 E ActivityManager:   0% 133/disp_osd1_irq_k: 0% user + 0% kernel
03-05 19:55:57.146   617   630 E ActivityManager:   3% 291/audioserver: 0% user + 3% kernel / faults: 62 minor 1 major
03-05 19:55:57.146   617   630 E ActivityManager:   3% 1444/com.amazon.whad: 0% user + 3% kernel / faults: 1346 minor 20 major
03-05 19:55:57.146   617   630 E ActivityManager:   2.2% 816/hif_thread: 0% user + 2.2% kernel
03-05 19:55:57.146   617   630 E ActivityManager:   2.2% 817/rx_thread: 0% user + 2.2% kernel
03-05 19:55:57.146   617   630 E ActivityManager:   0% 7/rcu_preempt: 0% user + 0% kernel
03-05 19:55:57.146   617   630 E ActivityManager:   0% 139/disp_dovi_vsync: 0% user + 0% kernel
03-05 19:55:57.146   617   630 E ActivityManager:   1.8% 218/ksdioirqd/mmc1: 0% user + 1.8% kernel
03-05 19:55:57.146   617   630 E ActivityManager:   0% 100/cec_timer_kthre: 0% user + 0% kernel
03-05 19:55:57.146   617   630 E ActivityManager:   1.5% 815/main_thread: 0% user + 1.5% kernel
03-05 19:55:57.146   617   630 E ActivityManager:   1.5% 1395/com.amazon.vizzini: 0% user + 1.5% kernel / faults: 1595 minor 36 major
03-05 19:55:57.146   617   630 E ActivityManager:   1.5% 6643/kworker/u8:5: 0% user + 1.5% kernel
03-05 19:55:57.146   617   630 E ActivityManager:   1.5% 23933/kworker/u8:3: 0% user + 1.5% kernel
03-05 19:55:57.146   617   630 E ActivityManager:   0% 126/pvr_defer_free: 0% user + 0% kernel
03-05 19:55:57.146   617   630 E ActivityManager:   0% 137/video_disp0: 0% user + 0% kernel
03-05 19:55:57.146   617   630 E ActivityManager:   1.1% 260/adbd: 0.3% user + 0.7% kernel / faults: 45 minor 6 major
03-05 19:55:57.146   617   630 E ActivityManager:   1.1% 14643/kworker/u8:2: 0% user + 1.1% kernel
03-05 19:55:57.146   617   630 E ActivityManager:   1.1% 23934/kworker/u8:7: 0% user + 1.1% kernel
03-05 19:55:57.146   617   630 E ActivityManager:   0% 20/ksoftirqd/3: 0% user + 0% kernel
03-05 19:55:57.146   617   630 E ActivityManager:   0% 96/hps_main: 0% user + 0% kernel
03-05 19:55:57.146   617   630 E ActivityManager:   0% 138/video_disp1: 0% user + 0% kernel
03-05 19:55:57.146   617   630 E ActivityManager:   0% 163/kworker/1:1H: 0% user + 0% kernel
03-05 19:55:57.146   617   630 E ActivityManager:   0.7% 288/perfmonitord: 0.3% user + 0.3% kernel
03-05 19:55:57.146   617   630 E ActivityManager:   0% 12/ksoftirqd/1: 0% user + 0% kernel
03-05 19:55:57.146   617   630 E ActivityManager:   0% 86/hwrng: 0% user + 0% kernel
03-05 19:55:57.146   617   630 E ActivityManager:   0% 118/irq/109-sdio-ei: 0% user + 0% kernel
03-05 19:55:57.146   617   630 E ActivityManager:   0% 161/kworker/3:1H: 0% user + 0% kernel
03-05 19:55:57.146   617   630 E ActivityManager:   0.3% 244/surfaceflinger: 0% user + 0.3% kernel / faults: 14704 minor 10 major
03-05 19:55:57.146   617   630 E ActivityManager:   0% 251/servicemanager: 0% user + 0% kernel / faults: 1 minor
03-05 19:55:57.146   617   630 E ActivityManager:   0.3% 778/com.android.bluetooth: 0.3% user + 0% kernel / faults: 5 minor
03-05 19:55:57.146   617   630 E ActivityManager:   0% 892/com.amazon.imp: 0% user + 0% kernel / faults: 778 minor 11 major
03-05 19:55:57.146   617   630 E ActivityManager:   0.3% 1214/com.amazon.client.metrics: 0.3% user + 0% kernel / faults: 318 minor 2 major
03-05 19:55:57.146   617   630 E ActivityManager:   0.3% 1427/com.amazon.tv.devicecontrol: 0.3% user + 0% kernel / faults: 1 minor
03-05 19:55:57.146   617   630 E ActivityManager:   0% 3159/com.amazon.alexamediaplayer.runtime.ftv: 0% user + 0% kernel / faults: 84 minor 4 major
03-05 19:55:57.146   617   630 E ActivityManager:   0% 18562/kworker/u8:6: 0% user + 0% kernel
03-05 19:55:57.146   617   630 E ActivityManager:   0% 23490/kworker/2:2: 0% user + 0% kernel
03-05 19:55:57.146   617   630 E ActivityManager:   0.3% 24896/kworker/3:2: 0.3% user + 0% kernel
03-05 19:55:57.146   617   630 E ActivityManager:  +0% 24994/kworker/u8:8: 0% user + 0% kernel
03-05 19:55:57.146   617   630 E ActivityManager:  +0% 24998/com.amazon.venezia: 0% user + 0% kernel
03-05 19:55:57.146   617   630 E ActivityManager:  +0% 25056/sh: 0% user + 0% kernel
03-05 19:55:57.146   617   630 E ActivityManager:  +0% 25066/sh: 0% user + 0% kernel
03-05 19:55:57.146   617   630 E ActivityManager: 79% TOTAL: 2.1% user + 62% kernel + 15% iowait + 0% softirq
03-05 19:55:57.146   617   630 E ActivityManager: CPU usage from 255317470ms to 255317470ms ago (1969-12-31 21:00:00.000 to 1969-12-31 21:00:00.000) with 0% awake:
03-05 19:55:57.146   617   630 E ActivityManager: 0% TOTAL: 0% user + 0% kernel
03-05 19:55:57.147   617   630 E TimeDeltaAnrList: getTimeDelta: failed to find timeDelta entry, PID: 24859
03-05 19:55:57.170   617   630 I ActivityManager: Killing 24859:com.amazon.bueller.photos/u0a76 (adj 0): bg anr
