03-05 19:53:53.332   831   831 I CoordinatorUtils: Report Trim-memory (level-5) to NSC
03-05 19:53:53.335   617  1860 W AmazonKeyEventLogging: remote_perf key event latency detected [Source: interceptKeyBeforeDispatching, KeyCode: KEYCODE_XXXX, IsDown: 1, Repeat: 0, EventTime: 255285982, Latency: 610, DeviceId: 13, AppPackage: system_server]
03-05 19:53:53.344   831   831 I CoordinatorUtils: Neo Trim-memory NSC notification (level-5) - done
03-05 19:53:53.348 23669 23821 W AmazonKeyEventLogging: remote_perf key event latency detected [Source: ViewRootImpl, KeyCode: KEYCODE_XXXX, IsDown: 1, Repeat: 0, EventTime: 255277021, Latency: 9569, DeviceId: 13, AppPackage: com.example.clickflix]
03-05 19:53:53.355   831   952 I PeriodicKPIReporter: Shutdown was invoked.
03-05 19:53:53.359   831   952 I PeriodicKPIReporter: Shutdown was invoked.
03-05 19:53:53.370 23669 23821 W AmazonKeyEventLogging: remote_perf key event latency detected [Source: ViewRootImpl, KeyCode: KEYCODE_XXXX, IsDown: 0, Repeat: 0, EventTime: 255277160, Latency: 9468, DeviceId: 13, AppPackage: com.example.clickflix]
03-05 19:53:53.371   617  1860 W AmazonKeyEventLogging: remote_perf key event latency detected [Source: interceptKeyBeforeDispatching, KeyCode: KEYCODE_XXXX, IsDown: 0, Repeat: 0, EventTime: 255286181, Latency: 447, DeviceId: 13, AppPackage: system_server]
03-05 19:53:53.375   617   617 W ActivityManager: Slow operation: 52ms so far, now at startProcess: returned from zygote!
03-05 19:53:53.376   617   617 W ActivityManager: Slow operation: 52ms so far, now at startProcess: done updating battery stats
03-05 19:53:53.376   617   617 W ActivityManager: Slow operation: 53ms so far, now at startProcess: building log message
03-05 19:53:53.376   617   617 I ActivityManager: Start proc 24859:com.amazon.bueller.photos/u0a76 for service com.amazon.bueller.photos/com.amazon.gallery.thor.config.control.RemoteConfigurationJob
03-05 19:53:53.376   617   617 W ActivityManager: Slow operation: 53ms so far, now at startProcess: starting to update pids map
03-05 19:53:53.376   617   617 W ActivityManager: Slow operation: 53ms so far, now at startProcess: done updating pids map
03-05 19:53:53.376   617   617 W ActivityManager: Slow operation: 55ms so far, now at startProcess: done starting proc!
03-05 19:53:53.420 23669 23821 W AmazonKeyEventLogging: remote_perf key event latency detected [Source: ViewRootImpl, KeyCode: KEYCODE_XXXX, IsDown: 1, Repeat: 0, EventTime: 255285982, Latency: 695, DeviceId: 13, AppPackage: com.example.clickflix]
03-05 19:53:53.449 23669 23821 W AmazonKeyEventLogging: remote_perf key event latency detected [Source: ViewRootImpl, KeyCode: KEYCODE_XXXX, IsDown: 0, Repeat: 0, EventTime: 255286181, Latency: 525, DeviceId: 13, AppPackage: com.example.clickflix]
03-05 19:53:53.859  1395  1395 I Vizzini_3.0.16038.0:SimApplication: onTrimMemory, 5
03-05 19:53:53.902 21003 21829 I ImageTrimMemoryHandler: Processing trimMemory level=40, availablePriority=null, cachedPriority=1, bytesInMemoryCache=3 MB, bytesInUse=6 MB
03-05 19:53:54.012 21003 21829 I ImagePriorityLru: Releasing 0 cached items, and 0 available items, bytesInUse=6 MB, bytesOnlyInCache=3 MB
03-05 19:53:54.879   778  1057 W bt_btif : bta_hh_le_input_rpt_notify uuid=0x2a4d srv_handle=31 is_bl_svc_primary=1 rpt_id=1 len=8
03-05 19:53:54.880   617   661 I AmazonProfileService: Event is not filtered because it is not in filter key list.
03-05 19:53:54.880   617   661 I FireTVKeyPolicyManager: Dynamic key mapping has been enabled
03-05 19:53:54.880   617   661 I FireTVKeyPolicyManager: Dynamic key mapping key intercepted result 0
03-05 19:53:54.881  1427  3971 I OZ-DCS:KeyPressReceiver: Received keyCode: KEYCODE_DPAD_RIGHT
03-05 19:53:54.882  1427  3971 I OZ-DCS:CallbackBaseManager_KeyPress: notify callbacks: KeyEvent { action=ACTION_DOWN, keyCode=KEYCODE_DPAD_RIGHT, scanCode=106, metaState=0, flags=0x8, repeatCount=0, eventTime=255288137, downTime=255288137, deviceId=13, source=0x301 }
03-05 19:53:54.882  1427  3971 I OZ-DCS:KeyPressReceiver: Remote button pressed. keyCode: 22, keyEvent: KeyEvent { action=ACTION_DOWN, keyCode=KEYCODE_DPAD_RIGHT, scanCode=106, metaState=0, flags=0x8, repeatCount=0, eventTime=255288137, downTime=255288137, deviceId=13, source=0x301 }
03-05 19:53:55.003   778  1057 W bt_btif : bta_hh_le_input_rpt_notify uuid=0x2a4d srv_handle=31 is_bl_svc_primary=1 rpt_id=1 len=8
03-05 19:53:55.004   617   661 I AmazonProfileService: Event is not filtered because it is not in filter key list.
03-05 19:53:55.005  1427  3971 I OZ-DCS:KeyPressReceiver: Received keyCode: KEYCODE_DPAD_RIGHT
03-05 19:53:55.005  1427  3971 I OZ-DCS:CallbackBaseManager_KeyPress: notify callbacks: KeyEvent { action=ACTION_UP, keyCode=KEYCODE_DPAD_RIGHT, scanCode=106, metaState=0, flags=0x8, repeatCount=0, eventTime=255288261, downTime=255288137, deviceId=13, source=0x301 }
03-05 19:53:55.006  1427  3971 I OZ-DCS:KeyPressReceiver: Remote button pressed. keyCode: 22, keyEvent: KeyEvent { action=ACTION_UP, keyCode=KEYCODE_DPAD_RIGHT, scanCode=106, metaState=0, flags=0x8, repeatCount=0, eventTime=255288261, downTime=255288137, deviceId=13, source=0x301 }
03-05 19:53:55.006   617   661 I FireTVKeyPolicyManager: Dynamic key mapping has been enabled
03-05 19:53:55.006   617   661 I FireTVKeyPolicyManager: Dynamic key mapping key intercepted result 0
03-05 19:53:55.022 21003 21829 I ImageTrimMemoryHandler: Processed trimMemory level=40, bytesInMemoryCache=3 MB, bytesInUse=6 MB
03-05 19:53:55.615   778  1057 W bt_btif : bta_hh_le_input_rpt_notify uuid=0x2a4d srv_handle=31 is_bl_svc_primary=1 rpt_id=1 len=8
03-05 19:53:55.616   617   661 I AmazonProfileService: Event is not filtered because it is not in filter key list.
03-05 19:53:55.616   617   661 I FireTVKeyPolicyManager: Dynamic key mapping has been enabled
03-05 19:53:55.616   617   661 I FireTVKeyPolicyManager: Dynamic key mapping key intercepted result 0
03-05 19:53:55.618  1427  3971 I OZ-DCS:KeyPressReceiver: Received keyCode: KEYCODE_DPAD_DOWN
03-05 19:53:55.618  1427  3971 I OZ-DCS:CallbackBaseManager_KeyPress: notify callbacks: KeyEvent { action=ACTION_DOWN, keyCode=KEYCODE_DPAD_DOWN, scanCode=108, metaState=0, flags=0x8, repeatCount=0, eventTime=255288873, downTime=255288873, deviceId=13, source=0x301 }
03-05 19:53:55.618  1427  3971 I OZ-DCS:KeyPressReceiver: Remote button pressed. keyCode: 20, keyEvent: KeyEvent { action=ACTION_DOWN, keyCode=KEYCODE_DPAD_DOWN, scanCode=108, metaState=0, flags=0x8, repeatCount=0, eventTime=255288873, downTime=255288873, deviceId=13, source=0x301 }
03-05 19:53:55.759   778  1057 W bt_btif : bta_hh_le_input_rpt_notify uuid=0x2a4d srv_handle=31 is_bl_svc_primary=1 rpt_id=1 len=8
03-05 19:53:55.760   617   661 I AmazonProfileService: Event is not filtered because it is not in filter key list.
03-05 19:53:55.760   617   661 I FireTVKeyPolicyManager: Dynamic key mapping has been enabled
03-05 19:53:55.760   617   661 I FireTVKeyPolicyManager: Dynamic key mapping key intercepted result 0
03-05 19:53:55.761  1427  3971 I OZ-DCS:KeyPressReceiver: Received keyCode: KEYCODE_DPAD_DOWN
03-05 19:53:55.761  1427  3971 I OZ-DCS:CallbackBaseManager_KeyPress: notify callbacks: KeyEvent { action=ACTION_UP, keyCode=KEYCODE_DPAD_DOWN, scanCode=108, metaState=0, flags=0x8, repeatCount=0, eventTime=255289017, downTime=255288873, deviceId=13, source=0x301 }
03-05 19:53:55.762  1427  3971 I OZ-DCS:KeyPressReceiver: Remote button pressed. keyCode: 20, keyEvent: KeyEvent { action=ACTION_UP, keyCode=KEYCODE_DPAD_DOWN, scanCode=108, metaState=0, flags=0x8, repeatCount=0, eventTime=255289017, downTime=255288873, deviceId=13, source=0x301 }
03-05 19:53:56.102 21003 21003 I BuellerApplication: Received on trim from framework, level is 40
03-05 19:53:56.192 21003 21003 I BuellerApplication:  should trim frozen image false
03-05 19:53:56.192 21003 21003 I BuellerApplication: Trim memory has completed
03-05 19:53:56.232 21003 21003 I MediaBrowseServiceImpl: Received notice that MediaBrowseServiceImpl is to trim memory. Trim memory level: 40
03-05 19:53:59.388   291  6882 I Node    : dolby-audio-meter, AdapterPcmSystem adapter audio meter: channel 0; audio level: 0.000
03-05 19:53:59.388   291  6882 I Node    : dolby-audio-meter, AdapterPcmSystem adapter audio meter: channel 1; audio level: 0.000
03-05 19:53:59.388   291  6882 I RendererNode: dolby-audio-meter, Renderer renderer audio meter: channel 0; audio level: 0.060
03-05 19:53:59.388   291  6882 I RendererNode: dolby-audio-meter, Renderer renderer audio meter: channel 1; audio level: 0.068
03-05 19:53:59.388   291  6882 I RendererNode: dolby-audio-meter, Renderer renderer audio meter: channel 2; audio level: 0.000
03-05 19:53:59.388   291  6882 I RendererNode: dolby-audio-meter, Renderer renderer audio meter: channel 3; audio level: 0.000
03-05 19:53:59.388   291  6882 I RendererNode: dolby-audio-meter, Renderer renderer audio meter: channel 4; audio level: 0.000
03-05 19:53:59.388   291  6882 I RendererNode: dolby-audio-meter, Renderer renderer audio meter: channel 5; audio level: 0.000
03-05 19:53:59.388   291  6882 I Node    : dolby-audio-meter, AdapterPcmOut adapter audio meter: channel 0; audio level: 0.000
03-05 19:53:59.388   291  6882 I Node    : dolby-audio-meter, AdapterPcmOut adapter audio meter: channel 1; audio level: 0.000
03-05 19:53:59.763   617  1186 I ActivityManager: Process com.amazon.adep (pid 21449) has died
03-05 19:54:00.807   617  1860 W AmazonKeyEventLogging: remote_perf key event latency detected [Source: interceptKeyBeforeDispatching, KeyCode: KEYCODE_XXXX, IsDown: 0, Repeat: 0, EventTime: 255288261, Latency: 5802, DeviceId: 13, AppPackage: system_server]
03-05 19:54:00.807   617  1860 W AmazonKeyEventLogging: remote_perf key event latency detected [Source: interceptKeyBeforeDispatching, KeyCode: KEYCODE_XXXX, IsDown: 0, Repeat: 0, EventTime: 255288261, Latency: 5803, DeviceId: 13, AppPackage: system_server]
03-05 19:54:00.829 23669 23821 W AmazonKeyEventLogging: remote_perf key event latency detected [Source: ViewRootImpl, KeyCode: KEYCODE_XXXX, IsDown: 1, Repeat: 0, EventTime: 255288137, Latency: 5949, DeviceId: 13, AppPackage: com.example.clickflix]
03-05 19:54:00.831   617  1860 W AmazonKeyEventLogging: remote_perf key event latency detected [Source: interceptKeyBeforeDispatching, KeyCode: KEYCODE_XXXX, IsDown: 1, Repeat: 0, EventTime: 255288873, Latency: 5214, DeviceId: 13, AppPackage: system_server]
03-05 19:54:00.832 23669 23821 W AmazonKeyEventLogging: remote_perf key event latency detected [Source: ViewRootImpl, KeyCode: KEYCODE_XXXX, IsDown: 0, Repeat: 0, EventTime: 255288261, Latency: 5828, DeviceId: 13, AppPackage: com.example.clickflix]
03-05 19:54:00.834   617  1860 W AmazonKeyEventLogging: remote_perf key event latency detected [Source: interceptKeyBeforeDispatching, KeyCode: KEYCODE_XXXX, IsDown: 1, Repeat: 0, EventTime: 255288873, Latency: 5217, DeviceId: 13, AppPackage: system_server]
03-05 19:54:00.845 23669 23821 W AmazonKeyEventLogging: remote_perf key event latency detected [Source: ViewRootImpl, KeyCode: KEYCODE_XXXX, IsDown: 1, Repeat: 0, EventTime: 255288873, Latency: 5229, DeviceId: 13, AppPackage: com.example.clickflix]
03-05 19:54:00.848 23669 23821 W AmazonKeyEventLogging: remote_perf key event latency detected [Source: ViewRootImpl, KeyCode: KEYCODE_XXXX, IsDown: 0, Repeat: 0, EventTime: 255289017, Latency: 5088, DeviceId: 13, AppPackage: com.example.clickflix]
03-05 19:54:01.915  1395  1395 W Vizzini_3.0.16038.0:ShortcutPanelOverlayProxy: Tearing down shortcut panel due to DISMISS_MEMORY_LOW
03-05 19:54:02.455   617   617 E JobServiceContext: Time-out while trying to bind a8b249d #u0a76/5235 com.amazon.bueller.photos/com.amazon.gallery.thor.config.control.RemoteConfigurationJob, dropping.
03-05 19:54:02.462 21003 21003 I BuellerApplication: Received on trim from framework, level is 60
03-05 19:54:02.463 21003 21003 I BuellerApplication:  should trim frozen image false
03-05 19:54:02.463 21003 21003 I BuellerApplication: TRIM_MEMORY_MODERATE
03-05 19:54:02.465 21003 21829 I ImageTrimMemoryHandler: Processing trimMemory level=60, availablePriority=2, cachedPriority=2, bytesInMemoryCache=3 MB, bytesInUse=6 MB
03-05 19:54:02.465 21003 21003 I MediaBrowseInMemoryCacheImpl: Cache size before trim: 161
03-05 19:54:02.465 21003 21003 I MediaBrowseInMemoryCacheImpl: Cache size after trim: 161
03-05 19:54:02.466 21003 21003 I BuellerApplication: Trim memory has completed
03-05 19:54:02.466 21003 21003 I MediaBrowseServiceImpl: Received notice that MediaBrowseServiceImpl is to trim memory. Trim memory level: 60
03-05 19:54:02.831 23669 23669 I flutter : ⚠️  [WARNING] ⚠️ TMDB: Nenhum resultado encontrado para "Megapix²"
03-05 19:54:06.173 24859 24875 W art     : Suspending all threads took: 317.169ms
03-05 19:54:06.524 21003 21829 I ImagePriorityLru: Releasing 12 cached items, and 10 available items, bytesInUse=6 MB, bytesOnlyInCache=2 MB
03-05 19:54:06.663 23321 24906 I com.amazon.diode.events.EventSaverService: Got external event for client WifiDiagsUtil
03-05 19:54:09.404   291  6882 I Node    : dolby-audio-meter, AdapterPcmSystem adapter audio meter: channel 0; audio level: 0.000
03-05 19:54:09.404   291  6882 I Node    : dolby-audio-meter, AdapterPcmSystem adapter audio meter: channel 1; audio level: 0.000
03-05 19:54:09.404   291  6882 I RendererNode: dolby-audio-meter, Renderer renderer audio meter: channel 0; audio level: 0.060
03-05 19:54:09.404   291  6882 I RendererNode: dolby-audio-meter, Renderer renderer audio meter: channel 1; audio level: 0.068
03-05 19:54:09.404   291  6882 I RendererNode: dolby-audio-meter, Renderer renderer audio meter: channel 2; audio level: 0.000
03-05 19:54:09.404   291  6882 I RendererNode: dolby-audio-meter, Renderer renderer audio meter: channel 3; audio level: 0.000
03-05 19:54:09.404   291  6882 I RendererNode: dolby-audio-meter, Renderer renderer audio meter: channel 4; audio level: 0.000
03-05 19:54:09.404   291  6882 I RendererNode: dolby-audio-meter, Renderer renderer audio meter: channel 5; audio level: 0.000
03-05 19:54:09.404   291  6882 I Node    : dolby-audio-meter, AdapterPcmOut adapter audio meter: channel 0; audio level: 0.000
03-05 19:54:09.404   291  6882 I Node    : dolby-audio-meter, AdapterPcmOut adapter audio meter: channel 1; audio level: 0.000
03-05 19:54:09.763  1444 24886 I whad    : DeviceClusterManager:onHeartBeat:seq=40,xmit=2944862325291712,recv=2944862479254799,uniqueId=XX0RV9,highNetworkLatency=1
03-05 19:54:13.102 21003 21015 W art     : Suspending all threads took: 1.310s
03-05 19:54:13.105 21003 21829 I ImageTrimMemoryHandler: Processed trimMemory level=60, bytesInMemoryCache=2 MB, bytesInUse=476 KB
03-05 19:54:17.664   778  1057 W bt_btif : bta_hh_le_input_rpt_notify uuid=0x2a4d srv_handle=31 is_bl_svc_primary=1 rpt_id=1 len=8
03-05 19:54:17.665   617   661 I AmazonProfileService: Event is not filtered because it is not in filter key list.
03-05 19:54:17.665   617   661 I FireTVKeyPolicyManager: Dynamic key mapping has been enabled
03-05 19:54:17.665   617   661 I FireTVKeyPolicyManager: Dynamic key mapping key intercepted result 0
03-05 19:54:17.666  1427  3971 I OZ-DCS:KeyPressReceiver: Received keyCode: KEYCODE_DPAD_DOWN
03-05 19:54:17.666  1427  3971 I OZ-DCS:CallbackBaseManager_KeyPress: notify callbacks: KeyEvent { action=ACTION_DOWN, keyCode=KEYCODE_DPAD_DOWN, scanCode=108, metaState=0, flags=0x8, repeatCount=0, eventTime=255310922, downTime=255310922, deviceId=13, source=0x301 }
03-05 19:54:17.667  1427  3971 I OZ-DCS:KeyPressReceiver: Remote button pressed. keyCode: 20, keyEvent: KeyEvent { action=ACTION_DOWN, keyCode=KEYCODE_DPAD_DOWN, scanCode=108, metaState=0, flags=0x8, repeatCount=0, eventTime=255310922, downTime=255310922, deviceId=13, source=0x301 }
03-05 19:54:17.825   778  1057 W bt_btif : bta_hh_le_input_rpt_notify uuid=0x2a4d srv_handle=31 is_bl_svc_primary=1 rpt_id=1 len=8
03-05 19:54:17.825   617   661 I AmazonProfileService: Event is not filtered because it is not in filter key list.
03-05 19:54:17.825   617   661 I FireTVKeyPolicyManager: Dynamic key mapping has been enabled
03-05 19:54:17.825   617   661 I FireTVKeyPolicyManager: Dynamic key mapping key intercepted result 0
03-05 19:54:17.826   778  1057 W bt_btif : bta_hh_le_input_rpt_notify uuid=0x2a19 srv_handle=27 is_bl_svc_primary=1 rpt_id=3 len=1
03-05 19:54:17.826  1427  3971 I OZ-DCS:KeyPressReceiver: Received keyCode: KEYCODE_DPAD_DOWN
03-05 19:54:17.826  1427  3971 I OZ-DCS:CallbackBaseManager_KeyPress: notify callbacks: KeyEvent { action=ACTION_UP, keyCode=KEYCODE_DPAD_DOWN, scanCode=108, metaState=0, flags=0x8, repeatCount=0, eventTime=255311082, downTime=255310922, deviceId=13, source=0x301 }
03-05 19:54:17.827  1427  3971 I OZ-DCS:KeyPressReceiver: Remote button pressed. keyCode: 20, keyEvent: KeyEvent { action=ACTION_UP, keyCode=KEYCODE_DPAD_DOWN, scanCode=108, metaState=0, flags=0x8, repeatCount=0, eventTime=255311082, downTime=255310922, deviceId=13, source=0x301 }
03-05 19:54:18.364   778  1057 W bt_btif : bta_hh_le_input_rpt_notify uuid=0x2a4d srv_handle=31 is_bl_svc_primary=1 rpt_id=1 len=8
03-05 19:54:18.365   617   661 I AmazonProfileService: Event not filtered. KPM proceeds the key
03-05 19:54:18.365   617   661 I FireTVKeyPolicyManager: Dynamic key mapping has been enabled
03-05 19:54:18.365   617   661 I FireTVKeyPolicyManager: Dynamic key mapping key intercepted result 0
03-05 19:54:18.366  1427  3971 I OZ-DCS:KeyPressReceiver: Received keyCode: KEYCODE_BACK
03-05 19:54:18.367  1427  3971 I OZ-DCS:CallbackBaseManager_KeyPress: notify callbacks: KeyEvent { action=ACTION_DOWN, keyCode=KEYCODE_BACK, scanCode=158, metaState=0, flags=0x8, repeatCount=0, eventTime=255311622, downTime=255311622, deviceId=13, source=0x301 }
03-05 19:54:18.368  1427  3971 I OZ-DCS:KeyPressReceiver: Remote button pressed. keyCode: 4, keyEvent: KeyEvent { action=ACTION_DOWN, keyCode=KEYCODE_BACK, scanCode=158, metaState=0, flags=0x8, repeatCount=0, eventTime=255311622, downTime=255311622, deviceId=13, source=0x301 }
03-05 19:54:18.505   778  1057 W bt_btif : bta_hh_le_input_rpt_notify uuid=0x2a4d srv_handle=31 is_bl_svc_primary=1 rpt_id=1 len=8
03-05 19:54:18.506   617   661 I AmazonProfileService: Event not filtered. KPM proceeds the key
03-05 19:54:18.506   617   661 I FireTVKeyPolicyManager: Dynamic key mapping has been enabled
03-05 19:54:18.506   617   661 I FireTVKeyPolicyManager: Dynamic key mapping key intercepted result 0
03-05 19:54:18.507  1427  3971 I OZ-DCS:KeyPressReceiver: Received keyCode: KEYCODE_BACK
03-05 19:54:18.508  1427  3971 I OZ-DCS:CallbackBaseManager_KeyPress: notify callbacks: KeyEvent { action=ACTION_UP, keyCode=KEYCODE_BACK, scanCode=158, metaState=0, flags=0x8, repeatCount=0, eventTime=255311763, downTime=255311622, deviceId=13, source=0x301 }
03-05 19:54:18.508  1427  3971 I OZ-DCS:KeyPressReceiver: Remote button pressed. keyCode: 4, keyEvent: KeyEvent { action=ACTION_UP, keyCode=KEYCODE_BACK, scanCode=158, metaState=0, flags=0x8, repeatCount=0, eventTime=255311763, downTime=255311622, deviceId=13, source=0x301 }
03-05 19:54:19.420   291  6882 I Node    : dolby-audio-meter, AdapterPcmSystem adapter audio meter: channel 0; audio level: 0.000
03-05 19:54:19.420   291  6882 I Node    : dolby-audio-meter, AdapterPcmSystem adapter audio meter: channel 1; audio level: 0.000
03-05 19:54:19.420   291  6882 I RendererNode: dolby-audio-meter, Renderer renderer audio meter: channel 0; audio level: 0.060
03-05 19:54:19.420   291  6882 I RendererNode: dolby-audio-meter, Renderer renderer audio meter: channel 1; audio level: 0.068
03-05 19:54:19.420   291  6882 I RendererNode: dolby-audio-meter, Renderer renderer audio meter: channel 2; audio level: 0.000
03-05 19:54:19.420   291  6882 I RendererNode: dolby-audio-meter, Renderer renderer audio meter: channel 3; audio level: 0.000
03-05 19:54:19.420   291  6882 I RendererNode: dolby-audio-meter, Renderer renderer audio meter: channel 4; audio level: 0.000
03-05 19:54:19.420   291  6882 I RendererNode: dolby-audio-meter, Renderer renderer audio meter: channel 5; audio level: 0.000
03-05 19:54:19.420   291  6882 I Node    : dolby-audio-meter, AdapterPcmOut adapter audio meter: channel 0; audio level: 0.000
03-05 19:54:19.420   291  6882 I Node    : dolby-audio-meter, AdapterPcmOut adapter audio meter: channel 1; audio level: 0.000
03-05 19:54:20.177 23321 24906 W com.amazon.diode.store.FIFOFile: Overwriting 1 elements to make room in store WifiDiagsUtil
03-05 19:54:21.109   617   626 I art     : Background sticky concurrent mark sweep GC freed 55507(1901KB) AllocSpace objects, 0(0B) LOS objects, 8% free, 20MB/22MB, paused 2.994ms total 2.434s
03-05 19:54:21.605 23669 23669 I Choreographer: Skipped 382 frames!  The application may be doing too much work on its main thread.
03-05 19:54:21.727 23669 23669 I flutter : ⚠️  [WARNING] ⚠️ TMDB: Nenhum resultado encontrado para "Modo Viagem"
03-05 19:54:22.224 23669 23669 I flutter : 💾 LazyTMDB: Cache hit "Demon City (2025)"
03-05 19:54:22.232 23669 23669 I flutter : 💾 LazyTMDB: Cache hit "Historia de Amor em Copenhague (2025)"
03-05 19:54:22.237 23669 23669 I flutter : 💾 LazyTMDB: Cache hit "Squad 36 (Bastion 36) (2025)"
03-05 19:54:22.242 23669 23669 I flutter : 💾 LazyTMDB: Cache hit "Acompanhante Perfeita (2025)"
03-05 19:54:22.247 23669 23669 I flutter : 💾 LazyTMDB: Cache hit "Larissa: O Outro Lado de Anitta (2025)"
03-05 19:54:22.251 23669 23669 I flutter : 💾 LazyTMDB: Cache hit "A Vila das Nove (2024)"
03-05 19:54:22.340   778  1057 W bt_btif : bta_hh_le_input_rpt_notify uuid=0x2a4d srv_handle=31 is_bl_svc_primary=1 rpt_id=1 len=8
03-05 19:54:22.341   617   661 I AmazonProfileService: Event is not filtered because it is not in filter key list.
03-05 19:54:22.341   617   661 I FireTVKeyPolicyManager: Dynamic key mapping has been enabled
03-05 19:54:22.341   617   661 I FireTVKeyPolicyManager: Dynamic key mapping key intercepted result 0
03-05 19:54:22.342  1427  3971 I OZ-DCS:KeyPressReceiver: Received keyCode: KEYCODE_DPAD_LEFT
03-05 19:54:22.343  1427  3971 I OZ-DCS:CallbackBaseManager_KeyPress: notify callbacks: KeyEvent { action=ACTION_DOWN, keyCode=KEYCODE_DPAD_LEFT, scanCode=105, metaState=0, flags=0x8, repeatCount=0, eventTime=255315598, downTime=255315598, deviceId=13, source=0x301 }
03-05 19:54:22.343  1427  3971 I OZ-DCS:KeyPressReceiver: Remote button pressed. keyCode: 21, keyEvent: KeyEvent { action=ACTION_DOWN, keyCode=KEYCODE_DPAD_LEFT, scanCode=105, metaState=0, flags=0x8, repeatCount=0, eventTime=255315598, downTime=255315598, deviceId=13, source=0x301 }
03-05 19:54:22.344 23669 23669 I flutter : ⚠️  [WARNING] ⚠️ TMDB: Nenhum resultado encontrado para "Modo Viagem²"
03-05 19:54:22.484   778  1057 W bt_btif : bta_hh_le_input_rpt_notify uuid=0x2a4d srv_handle=31 is_bl_svc_primary=1 rpt_id=1 len=8
03-05 19:54:22.485   617   661 I AmazonProfileService: Event is not filtered because it is not in filter key list.
03-05 19:54:22.485   617   661 I FireTVKeyPolicyManager: Dynamic key mapping has been enabled
03-05 19:54:22.485   617   661 I FireTVKeyPolicyManager: Dynamic key mapping key intercepted result 0
03-05 19:54:22.485  1427  3971 I OZ-DCS:KeyPressReceiver: Received keyCode: KEYCODE_DPAD_LEFT
03-05 19:54:22.486  1427  3971 I OZ-DCS:CallbackBaseManager_KeyPress: notify callbacks: KeyEvent { action=ACTION_UP, keyCode=KEYCODE_DPAD_LEFT, scanCode=105, metaState=0, flags=0x8, repeatCount=0, eventTime=255315742, downTime=255315598, deviceId=13, source=0x301 }
03-05 19:54:22.489  1427  3971 I OZ-DCS:KeyPressReceiver: Remote button pressed. keyCode: 21, keyEvent: KeyEvent { action=ACTION_UP, keyCode=KEYCODE_DPAD_LEFT, scanCode=105, metaState=0, flags=0x8, repeatCount=0, eventTime=255315742, downTime=255315598, deviceId=13, source=0x301 }
03-05 19:54:23.434   617   630 I ActivityManager: Waited long enough for: ServiceRecord{45f1cc8 u0 com.amazon.diode/.events.EventSaverService}
03-05 19:54:23.437   617  1860 W AmazonKeyEventLogging: remote_perf key event latency detected [Source: interceptKeyBeforeDispatching, KeyCode: KEYCODE_XXXX, IsDown: 1, Repeat: 0, EventTime: 255310922, Latency: 5771, DeviceId: 13, AppPackage: system_server]
03-05 19:54:23.438   617  1860 W AmazonKeyEventLogging: remote_perf key event latency detected [Source: interceptKeyBeforeDispatching, KeyCode: KEYCODE_XXXX, IsDown: 1, Repeat: 0, EventTime: 255310922, Latency: 5772, DeviceId: 13, AppPackage: system_server]
03-05 19:54:23.439   617   617 E JobServiceContext: Time-out while trying to bind 2495aa6 #u0a135/45 com.amazon.tv.csapp/.services.RCMPeriodicSyncService, dropping.
03-05 19:54:23.450   617  1860 W AmazonKeyEventLogging: remote_perf key event latency detected [Source: interceptKeyBeforeDispatching, KeyCode: KEYCODE_XXXX, IsDown: 1, Repeat: 0, EventTime: 255311622, Latency: 5085, DeviceId: 13, AppPackage: system_server]
03-05 19:54:23.453   617  1860 W AmazonKeyEventLogging: remote_perf key event latency detected [Source: interceptKeyBeforeDispatching, KeyCode: KEYCODE_XXXX, IsDown: 1, Repeat: 0, EventTime: 255311622, Latency: 5087, DeviceId: 13, AppPackage: system_server]
03-05 19:54:23.453 23669 23821 W AmazonKeyEventLogging: remote_perf key event latency detected [Source: ViewRootImpl, KeyCode: KEYCODE_XXXX, IsDown: 1, Repeat: 0, EventTime: 255310922, Latency: 5784, DeviceId: 13, AppPackage: com.example.clickflix]
03-05 19:54:23.454 23669 23821 W AmazonKeyEventLogging: remote_perf key event latency detected [Source: ViewRootImpl, KeyCode: KEYCODE_XXXX, IsDown: 0, Repeat: 0, EventTime: 255311082, Latency: 5627, DeviceId: 13, AppPackage: com.example.clickflix]
03-05 19:54:23.457 23669 23821 W AmazonKeyEventLogging: remote_perf key event latency detected [Source: ViewRootImpl, KeyCode: KEYCODE_XXXX, IsDown: 1, Repeat: 0, EventTime: 255311622, Latency: 5091, DeviceId: 13, AppPackage: com.example.clickflix]
03-05 19:54:23.458   617  1860 W AmazonKeyEventLogging: remote_perf key event latency detected [Source: interceptKeyBeforeDispatching, KeyCode: KEYCODE_XXXX, IsDown: 1, Repeat: 0, EventTime: 255315598, Latency: 1116, DeviceId: 13, AppPackage: system_server]
03-05 19:54:23.463 23669 23669 I flutter : 📌 Categoria focada: LANÇAMENTOS 2025
03-05 19:54:23.463   617  1860 W AmazonKeyEventLogging: remote_perf key event latency detected [Source: interceptKeyBeforeDispatching, KeyCode: KEYCODE_XXXX, IsDown: 1, Repeat: 0, EventTime: 255315598, Latency: 1120, DeviceId: 13, AppPackage: system_server]
03-05 19:54:23.468   617   629 W ProcessCpuTracker: Skipping unknown process pid 24867
03-05 19:54:23.468   617   629 W ProcessCpuTracker: Skipping unknown process pid 24868
03-05 19:54:23.469 23669 23821 W AmazonKeyEventLogging: remote_perf key event latency detected [Source: ViewRootImpl, KeyCode: KEYCODE_XXXX, IsDown: 0, Repeat: 0, EventTime: 255311763, Latency: 4955, DeviceId: 13, AppPackage: com.example.clickflix]
03-05 19:54:23.470   617   629 W IMGMemtrackHAL: hal_get_memory: memtrack cache rebuild was required
03-05 19:54:23.495 23669 23669 I flutter : 📌 Categoria focada: FILMES | TERROR / SUSPENSE / MISTERIO
03-05 19:54:23.495 23669 23821 W AmazonKeyEventLogging: remote_perf key event latency detected [Source: ViewRootImpl, KeyCode: KEYCODE_XXXX, IsDown: 1, Repeat: 0, EventTime: 255315598, Latency: 1154, DeviceId: 13, AppPackage: com.example.clickflix]
03-05 19:54:23.499 23669 23821 W AmazonKeyEventLogging: remote_perf key event latency detected [Source: ViewRootImpl, KeyCode: KEYCODE_XXXX, IsDown: 0, Repeat: 0, EventTime: 255315742, Latency: 1014, DeviceId: 13, AppPackage: com.example.clickflix]
03-05 19:54:23.517   617   629 W IMGMemtrackHAL: hal_get_memory: memtrack cache rebuild was required
03-05 19:54:24.185   617   630 W ActivityManager: Timeout executing service: ServiceRecord{1f46161 u0 com.amazon.bueller.photos/com.amazon.gallery.thor.config.control.RemoteConfigurationJob}
03-05 19:54:24.207   617  1258 I ActivityManager: Process com.amazon.prism.android.service:remote (pid 21257) has died
03-05 19:54:24.215   831   831 I PeriodicKPIReporter: Shutdown was invoked.
03-05 19:54:24.219  1395  1395 I Vizzini_3.0.16038.0:SimApplication: onTrimMemory, 10
03-05 19:54:24.219  1395  1395 W Vizzini_3.0.16038.0:ShortcutPanelOverlayProxy: Tearing down shortcut panel due to DISMISS_MEMORY_LOW
03-05 19:54:24.220   831   831 I CoordinatorUtils: Report Trim-memory (level-10) to NSC
03-05 19:54:24.223   831   831 I CoordinatorUtils: Neo Trim-memory NSC notification (level-10) - done
03-05 19:54:24.225 21280 21280 W xpicker.XPickerApplication: 'OnTrimMemory' event occurred. Level: 10
03-05 19:54:24.225   831   952 I PeriodicKPIReporter: Shutdown was invoked.
03-05 19:54:24.651 23669 23669 I flutter : ⚠️  [WARNING] ⚠️ TMDB: Nenhum resultado encontrado para "Modo Viagem"
03-05 19:54:24.729 21003 21003 I Choreographer: Skipped 884 frames!  The application may be doing too much work on its main thread.
03-05 19:54:25.208 23669 23669 I flutter : ⚠️  [WARNING] ⚠️ TMDB: Nenhum resultado encontrado para "Modo Viagem"
03-05 19:54:25.850   288   288 I perfmonitord:StatUtil: CPUUtilization crossed 95%. Current - 96%
03-05 19:54:26.160   778  1057 W bt_btif : bta_hh_le_input_rpt_notify uuid=0x2a4d srv_handle=31 is_bl_svc_primary=1 rpt_id=1 len=8
03-05 19:54:26.161   617   661 I AmazonProfileService: Event is not filtered because it is not in filter key list.
03-05 19:54:26.161   617   661 I FireTVKeyPolicyManager: Dynamic key mapping has been enabled
03-05 19:54:26.161   617   661 I FireTVKeyPolicyManager: Dynamic key mapping key intercepted result 0
03-05 19:54:26.161  1427  3971 I OZ-DCS:KeyPressReceiver: Received keyCode: KEYCODE_DPAD_LEFT
03-05 19:54:26.162  1427  3971 I OZ-DCS:CallbackBaseManager_KeyPress: notify callbacks: KeyEvent { action=ACTION_DOWN, keyCode=KEYCODE_DPAD_LEFT, scanCode=105, metaState=0, flags=0x8, repeatCount=0, eventTime=255319418, downTime=255319418, deviceId=13, source=0x301 }
03-05 19:54:26.162  1427  3971 I OZ-DCS:KeyPressReceiver: Remote button pressed. keyCode: 21, keyEvent: KeyEvent { action=ACTION_DOWN, keyCode=KEYCODE_DPAD_LEFT, scanCode=105, metaState=0, flags=0x8, repeatCount=0, eventTime=255319418, downTime=255319418, deviceId=13, source=0x301 }
03-05 19:54:26.344   778  1057 W bt_btif : bta_hh_le_input_rpt_notify uuid=0x2a4d srv_handle=31 is_bl_svc_primary=1 rpt_id=1 len=8
03-05 19:54:26.345   617   661 I AmazonProfileService: Event is not filtered because it is not in filter key list.
03-05 19:54:26.345   617   661 I FireTVKeyPolicyManager: Dynamic key mapping has been enabled
03-05 19:54:26.345   617   661 I FireTVKeyPolicyManager: Dynamic key mapping key intercepted result 0
03-05 19:54:26.346  1427  3971 I OZ-DCS:KeyPressReceiver: Received keyCode: KEYCODE_DPAD_LEFT
03-05 19:54:26.346  1427  3971 I OZ-DCS:CallbackBaseManager_KeyPress: notify callbacks: KeyEvent { action=ACTION_UP, keyCode=KEYCODE_DPAD_LEFT, scanCode=105, metaState=0, flags=0x8, repeatCount=0, eventTime=255319602, downTime=255319418, deviceId=13, source=0x301 }
03-05 19:54:26.347  1427  3971 I OZ-DCS:KeyPressReceiver: Remote button pressed. keyCode: 21, keyEvent: KeyEvent { action=ACTION_UP, keyCode=KEYCODE_DPAD_LEFT, scanCode=105, metaState=0, flags=0x8, repeatCount=0, eventTime=255319602, downTime=255319418, deviceId=13, source=0x301 }
03-05 19:54:26.604   778  1057 W bt_btif : bta_hh_le_input_rpt_notify uuid=0x2a4d srv_handle=31 is_bl_svc_primary=1 rpt_id=1 len=8
03-05 19:54:26.605   617   661 I AmazonProfileService: Event is not filtered because it is not in filter key list.
03-05 19:54:26.605   617   661 I FireTVKeyPolicyManager: Dynamic key mapping has been enabled
03-05 19:54:26.605   617   661 I FireTVKeyPolicyManager: Dynamic key mapping key intercepted result 0
03-05 19:54:26.607  1427  3971 I OZ-DCS:KeyPressReceiver: Received keyCode: KEYCODE_DPAD_LEFT
03-05 19:54:26.607  1427  3971 I OZ-DCS:CallbackBaseManager_KeyPress: notify callbacks: KeyEvent { action=ACTION_DOWN, keyCode=KEYCODE_DPAD_LEFT, scanCode=105, metaState=0, flags=0x8, repeatCount=0, eventTime=255319862, downTime=255319862, deviceId=13, source=0x301 }
03-05 19:54:26.608  1427  3971 I OZ-DCS:KeyPressReceiver: Remote button pressed. keyCode: 21, keyEvent: KeyEvent { action=ACTION_DOWN, keyCode=KEYCODE_DPAD_LEFT, scanCode=105, metaState=0, flags=0x8, repeatCount=0, eventTime=255319862, downTime=255319862, deviceId=13, source=0x301 }
03-05 19:54:26.760   778  1057 W bt_btif : bta_hh_le_input_rpt_notify uuid=0x2a4d srv_handle=31 is_bl_svc_primary=1 rpt_id=1 len=8
03-05 19:54:26.761   617   661 I AmazonProfileService: Event is not filtered because it is not in filter key list.
03-05 19:54:26.761   617   661 I FireTVKeyPolicyManager: Dynamic key mapping has been enabled
03-05 19:54:26.761   617   661 I FireTVKeyPolicyManager: Dynamic key mapping key intercepted result 0
03-05 19:54:26.762  1427  3971 I OZ-DCS:KeyPressReceiver: Received keyCode: KEYCODE_DPAD_LEFT
03-05 19:54:26.762  1427  3971 I OZ-DCS:CallbackBaseManager_KeyPress: notify callbacks: KeyEvent { action=ACTION_UP, keyCode=KEYCODE_DPAD_LEFT, scanCode=105, metaState=0, flags=0x8, repeatCount=0, eventTime=255320018, downTime=255319862, deviceId=13, source=0x301 }
03-05 19:54:26.763  1427  3971 I OZ-DCS:KeyPressReceiver: Remote button pressed. keyCode: 21, keyEvent: KeyEvent { action=ACTION_UP, keyCode=KEYCODE_DPAD_LEFT, scanCode=105, metaState=0, flags=0x8, repeatCount=0, eventTime=255320018, downTime=255319862, deviceId=13, source=0x301 }
03-05 19:54:26.944   778  1057 W bt_btif : bta_hh_le_input_rpt_notify uuid=0x2a4d srv_handle=31 is_bl_svc_primary=1 rpt_id=1 len=8
03-05 19:54:26.945   617   661 I AmazonProfileService: Event is not filtered because it is not in filter key list.
03-05 19:54:26.945   617   661 I FireTVKeyPolicyManager: Dynamic key mapping has been enabled
03-05 19:54:26.945   617   661 I FireTVKeyPolicyManager: Dynamic key mapping key intercepted result 0
03-05 19:54:26.946  1427  3971 I OZ-DCS:KeyPressReceiver: Received keyCode: KEYCODE_DPAD_UP
03-05 19:54:26.947  1427  3971 I OZ-DCS:CallbackBaseManager_KeyPress: notify callbacks: KeyEvent { action=ACTION_DOWN, keyCode=KEYCODE_DPAD_UP, scanCode=103, metaState=0, flags=0x8, repeatCount=0, eventTime=255320202, downTime=255320202, deviceId=13, source=0x301 }
03-05 19:54:26.947  1427  3971 I OZ-DCS:KeyPressReceiver: Remote button pressed. keyCode: 19, keyEvent: KeyEvent { action=ACTION_DOWN, keyCode=KEYCODE_DPAD_UP, scanCode=103, metaState=0, flags=0x8, repeatCount=0, eventTime=255320202, downTime=255320202, deviceId=13, source=0x301 }
03-05 19:54:27.100   778  1057 W bt_btif : bta_hh_le_input_rpt_notify uuid=0x2a4d srv_handle=31 is_bl_svc_primary=1 rpt_id=1 len=8
03-05 19:54:27.101   617   661 I AmazonProfileService: Event is not filtered because it is not in filter key list.
03-05 19:54:27.101   617   661 I FireTVKeyPolicyManager: Dynamic key mapping has been enabled
03-05 19:54:27.101   617   661 I FireTVKeyPolicyManager: Dynamic key mapping key intercepted result 0
03-05 19:54:27.101  1427  3971 I OZ-DCS:KeyPressReceiver: Received keyCode: KEYCODE_DPAD_UP
03-05 19:54:27.102  1427  3971 I OZ-DCS:CallbackBaseManager_KeyPress: notify callbacks: KeyEvent { action=ACTION_UP, keyCode=KEYCODE_DPAD_UP, scanCode=103, metaState=0, flags=0x8, repeatCount=0, eventTime=255320358, downTime=255320202, deviceId=13, source=0x301 }
03-05 19:54:27.102  1427  3971 I OZ-DCS:KeyPressReceiver: Remote button pressed. keyCode: 19, keyEvent: KeyEvent { action=ACTION_UP, keyCode=KEYCODE_DPAD_UP, scanCode=103, metaState=0, flags=0x8, repeatCount=0, eventTime=255320358, downTime=255320202, deviceId=13, source=0x301 }
03-05 19:54:27.724   778  1057 W bt_btif : bta_hh_le_input_rpt_notify uuid=0x2a4d srv_handle=31 is_bl_svc_primary=1 rpt_id=1 len=8
03-05 19:54:27.725   617   661 I AmazonProfileService: Event is not filtered because it is not in filter key list.
03-05 19:54:27.725   617   661 I FireTVKeyPolicyManager: Dynamic key mapping has been enabled
03-05 19:54:27.725   617   661 I FireTVKeyPolicyManager: Dynamic key mapping key intercepted result 0
03-05 19:54:27.725  1427  3971 I OZ-DCS:KeyPressReceiver: Received keyCode: KEYCODE_DPAD_RIGHT
03-05 19:54:27.726  1427  3971 I OZ-DCS:CallbackBaseManager_KeyPress: notify callbacks: KeyEvent { action=ACTION_DOWN, keyCode=KEYCODE_DPAD_RIGHT, scanCode=106, metaState=0, flags=0x8, repeatCount=0, eventTime=255320982, downTime=255320982, deviceId=13, source=0x301 }
03-05 19:54:27.726  1427  3971 I OZ-DCS:KeyPressReceiver: Remote button pressed. keyCode: 22, keyEvent: KeyEvent { action=ACTION_DOWN, keyCode=KEYCODE_DPAD_RIGHT, scanCode=106, metaState=0, flags=0x8, repeatCount=0, eventTime=255320982, downTime=255320982, deviceId=13, source=0x301 }
03-05 19:54:27.925   778  1057 W bt_btif : bta_hh_le_input_rpt_notify uuid=0x2a4d srv_handle=31 is_bl_svc_primary=1 rpt_id=1 len=8
03-05 19:54:27.925   617   661 I AmazonProfileService: Event is not filtered because it is not in filter key list.
03-05 19:54:27.925   617   661 I FireTVKeyPolicyManager: Dynamic key mapping has been enabled
03-05 19:54:27.926   617   661 I FireTVKeyPolicyManager: Dynamic key mapping key intercepted result 0
03-05 19:54:27.926  1427  3971 I OZ-DCS:KeyPressReceiver: Received keyCode: KEYCODE_DPAD_RIGHT
03-05 19:54:27.927  1427  3971 I OZ-DCS:CallbackBaseManager_KeyPress: notify callbacks: KeyEvent { action=ACTION_UP, keyCode=KEYCODE_DPAD_RIGHT, scanCode=106, metaState=0, flags=0x8, repeatCount=0, eventTime=255321183, downTime=255320982, deviceId=13, source=0x301 }
03-05 19:54:27.927  1427  3971 I OZ-DCS:KeyPressReceiver: Remote button pressed. keyCode: 22, keyEvent: KeyEvent { action=ACTION_UP, keyCode=KEYCODE_DPAD_RIGHT, scanCode=106, metaState=0, flags=0x8, repeatCount=0, eventTime=255321183, downTime=255320982, deviceId=13, source=0x301 }
03-05 19:54:28.506   778  1057 W bt_btif : bta_hh_le_input_rpt_notify uuid=0x2a4d srv_handle=31 is_bl_svc_primary=1 rpt_id=1 len=8
03-05 19:54:28.506   617   661 I AmazonProfileService: Event is not filtered because it is not in filter key list.
03-05 19:54:28.506   617   661 I FireTVKeyPolicyManager: Dynamic key mapping has been enabled
03-05 19:54:28.507   617   661 I FireTVKeyPolicyManager: Dynamic key mapping key intercepted result 0
03-05 19:54:28.507  1427  3971 I OZ-DCS:KeyPressReceiver: Received keyCode: KEYCODE_DPAD_DOWN
03-05 19:54:28.507  1427  3971 I OZ-DCS:CallbackBaseManager_KeyPress: notify callbacks: KeyEvent { action=ACTION_DOWN, keyCode=KEYCODE_DPAD_DOWN, scanCode=108, metaState=0, flags=0x8, repeatCount=0, eventTime=255321763, downTime=255321763, deviceId=13, source=0x301 }
03-05 19:54:28.508  1427  3971 I OZ-DCS:KeyPressReceiver: Remote button pressed. keyCode: 20, keyEvent: KeyEvent { action=ACTION_DOWN, keyCode=KEYCODE_DPAD_DOWN, scanCode=108, metaState=0, flags=0x8, repeatCount=0, eventTime=255321763, downTime=255321763, deviceId=13, source=0x301 }
03-05 19:54:28.700   778  1057 W bt_btif : bta_hh_le_input_rpt_notify uuid=0x2a4d srv_handle=31 is_bl_svc_primary=1 rpt_id=1 len=8
03-05 19:54:28.701   617   661 I AmazonProfileService: Event is not filtered because it is not in filter key list.
03-05 19:54:28.701   617   661 I FireTVKeyPolicyManager: Dynamic key mapping has been enabled
03-05 19:54:28.701   617   661 I FireTVKeyPolicyManager: Dynamic key mapping key intercepted result 0
03-05 19:54:28.703  1427  3971 I OZ-DCS:KeyPressReceiver: Received keyCode: KEYCODE_DPAD_DOWN
03-05 19:54:28.703  1427  3971 I OZ-DCS:CallbackBaseManager_KeyPress: notify callbacks: KeyEvent { action=ACTION_UP, keyCode=KEYCODE_DPAD_DOWN, scanCode=108, metaState=0, flags=0x8, repeatCount=0, eventTime=255321958, downTime=255321763, deviceId=13, source=0x301 }
03-05 19:54:28.703  1427  3971 I OZ-DCS:KeyPressReceiver: Remote button pressed. keyCode: 20, keyEvent: KeyEvent { action=ACTION_UP, keyCode=KEYCODE_DPAD_DOWN, scanCode=108, metaState=0, flags=0x8, repeatCount=0, eventTime=255321958, downTime=255321763, deviceId=13, source=0x301 }
03-05 19:54:28.905   778  1057 W bt_btif : bta_hh_le_input_rpt_notify uuid=0x2a4d srv_handle=31 is_bl_svc_primary=1 rpt_id=1 len=8
03-05 19:54:28.906   617   661 I AmazonProfileService: Event is not filtered because it is not in filter key list.
03-05 19:54:28.906   617   661 I FireTVKeyPolicyManager: Dynamic key mapping has been enabled
03-05 19:54:28.906   617   661 I FireTVKeyPolicyManager: Dynamic key mapping key intercepted result 0
03-05 19:54:28.908  1427  3971 I OZ-DCS:KeyPressReceiver: Received keyCode: KEYCODE_DPAD_LEFT
03-05 19:54:28.908  1427  3971 I OZ-DCS:CallbackBaseManager_KeyPress: notify callbacks: KeyEvent { action=ACTION_DOWN, keyCode=KEYCODE_DPAD_LEFT, scanCode=105, metaState=0, flags=0x8, repeatCount=0, eventTime=255322163, downTime=255322163, deviceId=13, source=0x301 }
03-05 19:54:28.909  1427  3971 I OZ-DCS:KeyPressReceiver: Remote button pressed. keyCode: 21, keyEvent: KeyEvent { action=ACTION_DOWN, keyCode=KEYCODE_DPAD_LEFT, scanCode=105, metaState=0, flags=0x8, repeatCount=0, eventTime=255322163, downTime=255322163, deviceId=13, source=0x301 }
03-05 19:54:29.046   778  1057 W bt_btif : bta_hh_le_input_rpt_notify uuid=0x2a4d srv_handle=31 is_bl_svc_primary=1 rpt_id=1 len=8
03-05 19:54:29.046   617   661 I AmazonProfileService: Event is not filtered because it is not in filter key list.
03-05 19:54:29.046   617   661 I FireTVKeyPolicyManager: Dynamic key mapping has been enabled
03-05 19:54:29.047   617   661 I FireTVKeyPolicyManager: Dynamic key mapping key intercepted result 0
03-05 19:54:29.048  1427  3971 I OZ-DCS:KeyPressReceiver: Received keyCode: KEYCODE_DPAD_LEFT
03-05 19:54:29.048  1427  3971 I OZ-DCS:CallbackBaseManager_KeyPress: notify callbacks: KeyEvent { action=ACTION_UP, keyCode=KEYCODE_DPAD_LEFT, scanCode=105, metaState=0, flags=0x8, repeatCount=0, eventTime=255322304, downTime=255322163, deviceId=13, source=0x301 }
03-05 19:54:29.049  1427  3971 I OZ-DCS:KeyPressReceiver: Remote button pressed. keyCode: 21, keyEvent: KeyEvent { action=ACTION_UP, keyCode=KEYCODE_DPAD_LEFT, scanCode=105, metaState=0, flags=0x8, repeatCount=0, eventTime=255322304, downTime=255322163, deviceId=13, source=0x301 }
03-05 19:54:29.436   291  6882 I Node    : dolby-audio-meter, AdapterPcmSystem adapter audio meter: channel 0; audio level: 0.000
03-05 19:54:29.436   291  6882 I Node    : dolby-audio-meter, AdapterPcmSystem adapter audio meter: channel 1; audio level: 0.000
03-05 19:54:29.436   291  6882 I RendererNode: dolby-audio-meter, Renderer renderer audio meter: channel 0; audio level: 0.060
03-05 19:54:29.436   291  6882 I RendererNode: dolby-audio-meter, Renderer renderer audio meter: channel 1; audio level: 0.068
03-05 19:54:29.436   291  6882 I RendererNode: dolby-audio-meter, Renderer renderer audio meter: channel 2; audio level: 0.000
03-05 19:54:29.436   291  6882 I RendererNode: dolby-audio-meter, Renderer renderer audio meter: channel 3; audio level: 0.000
03-05 19:54:29.436   291  6882 I RendererNode: dolby-audio-meter, Renderer renderer audio meter: channel 4; audio level: 0.000
03-05 19:54:29.436   291  6882 I RendererNode: dolby-audio-meter, Renderer renderer audio meter: channel 5; audio level: 0.000
03-05 19:54:29.436   291  6882 I Node    : dolby-audio-meter, AdapterPcmOut adapter audio meter: channel 0; audio level: 0.000
03-05 19:54:29.436   291  6882 I Node    : dolby-audio-meter, AdapterPcmOut adapter audio meter: channel 1; audio level: 0.000
03-05 19:54:30.161   778  1057 W bt_btif : bta_hh_le_input_rpt_notify uuid=0x2a4d srv_handle=31 is_bl_svc_primary=1 rpt_id=1 len=8
03-05 19:54:30.162   617   661 I AmazonProfileService: Event is not filtered because it is not in filter key list.
03-05 19:54:30.162   617   661 I FireTVKeyPolicyManager: Dynamic key mapping has been enabled
03-05 19:54:30.162   617   661 I FireTVKeyPolicyManager: Dynamic key mapping key intercepted result 0
03-05 19:54:30.163  1427  3971 I OZ-DCS:KeyPressReceiver: Received keyCode: KEYCODE_DPAD_DOWN
03-05 19:54:30.164  1427  3971 I OZ-DCS:CallbackBaseManager_KeyPress: notify callbacks: KeyEvent { action=ACTION_DOWN, keyCode=KEYCODE_DPAD_DOWN, scanCode=108, metaState=0, flags=0x8, repeatCount=0, eventTime=255323419, downTime=255323419, deviceId=13, source=0x301 }
03-05 19:54:30.164  1427  3971 I OZ-DCS:KeyPressReceiver: Remote button pressed. keyCode: 20, keyEvent: KeyEvent { action=ACTION_DOWN, keyCode=KEYCODE_DPAD_DOWN, scanCode=108, metaState=0, flags=0x8, repeatCount=0, eventTime=255323419, downTime=255323419, deviceId=13, source=0x301 }
03-05 19:54:30.320   778  1057 W bt_btif : bta_hh_le_input_rpt_notify uuid=0x2a4d srv_handle=31 is_bl_svc_primary=1 rpt_id=1 len=8
03-05 19:54:30.321   617   661 I AmazonProfileService: Event is not filtered because it is not in filter key list.
03-05 19:54:30.321   617   661 I FireTVKeyPolicyManager: Dynamic key mapping has been enabled
03-05 19:54:30.321   617   661 I FireTVKeyPolicyManager: Dynamic key mapping key intercepted result 0
03-05 19:54:30.323  1427  3971 I OZ-DCS:KeyPressReceiver: Received keyCode: KEYCODE_DPAD_DOWN
03-05 19:54:30.323  1427  3971 I OZ-DCS:CallbackBaseManager_KeyPress: notify callbacks: KeyEvent { action=ACTION_UP, keyCode=KEYCODE_DPAD_DOWN, scanCode=108, metaState=0, flags=0x8, repeatCount=0, eventTime=255323578, downTime=255323419, deviceId=13, source=0x301 }
03-05 19:54:30.323  1427  3971 I OZ-DCS:KeyPressReceiver: Remote button pressed. keyCode: 20, keyEvent: KeyEvent { action=ACTION_UP, keyCode=KEYCODE_DPAD_DOWN, scanCode=108, metaState=0, flags=0x8, repeatCount=0, eventTime=255323578, downTime=255323419, deviceId=13, source=0x301 }
03-05 19:54:30.420   778  1057 W bt_btif : bta_hh_le_input_rpt_notify uuid=0x2a4d srv_handle=31 is_bl_svc_primary=1 rpt_id=1 len=8
03-05 19:54:30.421   617   661 I AmazonProfileService: Event is not filtered because it is not in filter key list.
03-05 19:54:30.421   617   661 I FireTVKeyPolicyManager: Dynamic key mapping has been enabled
03-05 19:54:30.421   617   661 I FireTVKeyPolicyManager: Dynamic key mapping key intercepted result 0
03-05 19:54:30.423  1427  3971 I OZ-DCS:KeyPressReceiver: Received keyCode: KEYCODE_DPAD_DOWN
03-05 19:54:30.423  1427  3971 I OZ-DCS:CallbackBaseManager_KeyPress: notify callbacks: KeyEvent { action=ACTION_DOWN, keyCode=KEYCODE_DPAD_DOWN, scanCode=108, metaState=0, flags=0x8, repeatCount=0, eventTime=255323678, downTime=255323678, deviceId=13, source=0x301 }
03-05 19:54:30.424  1427  3971 I OZ-DCS:KeyPressReceiver: Remote button pressed. keyCode: 20, keyEvent: KeyEvent { action=ACTION_DOWN, keyCode=KEYCODE_DPAD_DOWN, scanCode=108, metaState=0, flags=0x8, repeatCount=0, eventTime=255323678, downTime=255323678, deviceId=13, source=0x301 }
03-05 19:54:30.564   778  1057 W bt_btif : bta_hh_le_input_rpt_notify uuid=0x2a4d srv_handle=31 is_bl_svc_primary=1 rpt_id=1 len=8
03-05 19:54:30.565   778  1057 W bt_btif : bta_hh_le_input_rpt_notify uuid=0x2a19 srv_handle=27 is_bl_svc_primary=1 rpt_id=3 len=1
03-05 19:54:30.566   617   661 I AmazonProfileService: Event is not filtered because it is not in filter key list.
03-05 19:54:30.566   617   661 I FireTVKeyPolicyManager: Dynamic key mapping has been enabled
03-05 19:54:30.566   617   661 I FireTVKeyPolicyManager: Dynamic key mapping key intercepted result 0
03-05 19:54:30.567  1427  3971 I OZ-DCS:KeyPressReceiver: Received keyCode: KEYCODE_DPAD_DOWN
03-05 19:54:30.567  1427  3971 I OZ-DCS:CallbackBaseManager_KeyPress: notify callbacks: KeyEvent { action=ACTION_UP, keyCode=KEYCODE_DPAD_DOWN, scanCode=108, metaState=0, flags=0x8, repeatCount=0, eventTime=255323822, downTime=255323678, deviceId=13, source=0x301 }
03-05 19:54:30.568  1427  3971 I OZ-DCS:KeyPressReceiver: Remote button pressed. keyCode: 20, keyEvent: KeyEvent { action=ACTION_UP, keyCode=KEYCODE_DPAD_DOWN, scanCode=108, metaState=0, flags=0x8, repeatCount=0, eventTime=255323822, downTime=255323678, deviceId=13, source=0x301 }
03-05 19:54:31.351   617   660 I InputDispatcher: Application is not responding: AppWindowToken{c931ffd token=Token{141f7a7 ActivityRecord{383a866 u0 com.example.clickflix/.MainActivity t4766}}} - Window{4017bbb u0 com.example.clickflix/com.example.clickflix.MainActivity}.  It has been 5006.5ms since event, 5005.2ms since wait started.  Reason: Waiting to send key event because the focused window has not finished processing all of the input events that were previously delivered to it.  Outbound queue length: 0.  Wait queue length: 1.
03-05 19:54:31.357   617   660 I WindowManager: Input event dispatching timed out sending to com.example.clickflix/com.example.clickflix.MainActivity.  Reason: Waiting to send key event because the focused window has not finished processing all of the input events that were previously delivered to it.  Outbound queue length: 0.  Wait queue length: 1.
03-05 19:54:31.860   778  1057 W bt_btif : bta_hh_le_input_rpt_notify uuid=0x2a4d srv_handle=31 is_bl_svc_primary=1 rpt_id=1 len=8
03-05 19:54:31.861   617   661 I AmazonProfileService: Event not filtered. KPM proceeds the key
03-05 19:54:31.861   617   661 I FireTVKeyPolicyManager: Dynamic key mapping has been enabled
03-05 19:54:31.862   617   661 I FireTVKeyPolicyManager: Dynamic key mapping key intercepted result 0
03-05 19:54:31.863  1427  3971 I OZ-DCS:KeyPressReceiver: Received keyCode: KEYCODE_BACK
03-05 19:54:31.863  1427  3971 I OZ-DCS:CallbackBaseManager_KeyPress: notify callbacks: KeyEvent { action=ACTION_DOWN, keyCode=KEYCODE_BACK, scanCode=158, metaState=0, flags=0x8, repeatCount=0, eventTime=255325118, downTime=255325118, deviceId=13, source=0x301 }
03-05 19:54:31.864  1427  3971 I OZ-DCS:KeyPressReceiver: Remote button pressed. keyCode: 4, keyEvent: KeyEvent { action=ACTION_DOWN, keyCode=KEYCODE_BACK, scanCode=158, metaState=0, flags=0x8, repeatCount=0, eventTime=255325118, downTime=255325118, deviceId=13, source=0x301 }
