03-05 18:45:32.286   617  7558 I chatty  : uid=1000(system) Binder:617_15 expire 1 line
03-05 18:45:32.805   617  6124 I chatty  : uid=1000(system) Binder:617_14 expire 3 lines
03-05 18:45:33.447   617  1332 I chatty  : uid=1000(system) Binder:617_D expire 1 line
03-05 18:45:34.330 12332 12332 I FrameworkJumpTable: Successfully loaded all classes
03-05 18:45:34.349 12332 12332 I FrameworkJumpTable: Successfully loaded all methods
03-05 18:45:34.355 12332 12332 I FrameworkJumpTable: Successfully loaded all fields
03-05 18:45:34.355 12332 12332 I FrameworkJumpTable: Successfully loaded all constructors
03-05 18:45:34.631   617   629 I chatty  : uid=1000(system) android.bg expire 6 lines
03-05 18:49:03.945 15677 15761 E ActivityThread: Failed to find provider info for com.amazon.tv.ambient.provider
03-05 18:51:18.180 15677 15761 E ActivityThread: Failed to find provider info for com.amazon.tv.ambient.provider
03-05 18:55:09.199 15677 15761 E ActivityThread: Failed to find provider info for com.amazon.tv.ambient.provider
03-05 18:57:29.889 13423 13448 I FrameworkJumpTable: Successfully loaded all classes
03-05 18:57:29.905 13423 13448 I FrameworkJumpTable: Successfully loaded all methods
03-05 18:57:29.909 13423 13448 I FrameworkJumpTable: Successfully loaded all fields
03-05 18:57:29.910 13423 13448 I FrameworkJumpTable: Successfully loaded all constructors
03-05 18:58:34.903 15677 15761 E ActivityThread: Failed to find provider info for com.amazon.tv.ambient.provider
03-05 18:59:09.787   617   633 I chatty  : uid=1000(system) batterystats-sy expire 4 lines
03-05 18:59:12.986   617 13569 I chatty  : uid=1000 system_server expire 2 lines
03-05 19:00:16.767   617   653 I chatty  : uid=1000(system) AlarmManager expire 1 line
03-05 19:00:17.715   617  1190 I chatty  : uid=1000(system) Binder:617_7 expire 7 lines
03-05 19:00:17.899   617   866 I chatty  : uid=1000(system) Binder:617_4 expire 2 lines
03-05 19:00:58.914 15677 15761 E ActivityThread: Failed to find provider info for com.amazon.tv.ambient.provider
03-05 19:02:44.094   617  1573 I chatty  : uid=1000(system) Binder:617_10 expire 3 lines
03-05 19:02:44.669   617  5010 I chatty  : uid=1000(system) Binder:617_12 expire 2 lines
03-05 19:04:51.926 15677 15761 E ActivityThread: Failed to find provider info for com.amazon.tv.ambient.provider
03-05 19:07:13.929   617   617 I chatty  : uid=1000 system_server expire 10 lines
03-05 19:07:14.567 14386 14386 I FrameworkJumpTable: Successfully loaded all classes
03-05 19:07:14.584 14386 14386 I FrameworkJumpTable: Successfully loaded all methods
03-05 19:07:14.593 14386 14386 I FrameworkJumpTable: Successfully loaded all fields
03-05 19:07:14.594 14386 14386 I FrameworkJumpTable: Successfully loaded all constructors
03-05 19:07:16.229 14386 14386 I AmazonHdmiServiceManager: AmazonHdmiServiceManager created
03-05 19:08:40.037 15677 15761 E ActivityThread: Failed to find provider info for com.amazon.tv.ambient.provider
03-05 19:08:41.097   617   903 I chatty  : uid=1000(system) Binder:617_5 expire 14 lines
03-05 19:11:49.259 15677 15761 E ActivityThread: Failed to find provider info for com.amazon.tv.ambient.provider
03-05 19:11:53.147   617  1258 I chatty  : uid=1000(system) Binder:617_B expire 2 lines
03-05 19:11:53.359   617  1186 I chatty  : uid=1000(system) Binder:617_6 expire 3 lines
03-05 19:11:53.518   617   628 I chatty  : uid=1000(system) Binder:617_2 expire 4 lines
03-05 19:12:16.009 14972 15002 I FrameworkJumpTable: Successfully loaded all classes
03-05 19:12:16.027 14972 15002 I FrameworkJumpTable: Successfully loaded all methods
03-05 19:12:16.033 14972 15002 I FrameworkJumpTable: Successfully loaded all fields
03-05 19:12:16.034 14972 15002 I FrameworkJumpTable: Successfully loaded all constructors
03-05 19:12:16.707 14972 14972 I AmazonHdmiServiceManager: AmazonHdmiServiceManager created
03-05 19:12:18.441   617 13191 I chatty  : uid=1000(system) Binder:617_1A expire 4 lines
03-05 19:12:18.602   617  1193 I chatty  : uid=1000(system) Binder:617_8 expire 3 lines
03-05 19:12:19.010 15021 15049 I FrameworkJumpTable: Successfully loaded all classes
03-05 19:12:19.053 15021 15049 I FrameworkJumpTable: Successfully loaded all methods
03-05 19:12:19.065 15021 15049 I FrameworkJumpTable: Successfully loaded all fields
03-05 19:12:19.065 15021 15049 I FrameworkJumpTable: Successfully loaded all constructors
03-05 19:12:35.967   617   630 I chatty  : uid=1000(system) ActivityManager expire 3 lines
03-05 19:14:58.466 15677 15761 E ActivityThread: Failed to find provider info for com.amazon.tv.ambient.provider
03-05 19:15:37.407 15408 15408 I FrameworkJumpTable: Successfully loaded all classes
03-05 19:15:37.422 15408 15408 I FrameworkJumpTable: Successfully loaded all methods
03-05 19:15:37.424 15408 15408 I FrameworkJumpTable: Successfully loaded all fields
03-05 19:15:37.424 15408 15408 I FrameworkJumpTable: Successfully loaded all constructors
03-05 19:15:50.128 15474 15498 I FrameworkJumpTable: Successfully loaded all classes
03-05 19:15:50.149 15474 15498 I FrameworkJumpTable: Successfully loaded all methods
03-05 19:15:50.151 15474 15498 I FrameworkJumpTable: Successfully loaded all fields
03-05 19:15:50.151 15474 15498 I FrameworkJumpTable: Successfully loaded all constructors
03-05 19:17:13.047 15677 15761 E ActivityThread: Failed to find provider info for com.amazon.tv.ambient.provider
03-05 19:17:18.345 15611 15639 I FrameworkJumpTable: Successfully loaded all classes
03-05 19:17:18.358 15611 15639 I FrameworkJumpTable: Successfully loaded all methods
03-05 19:17:18.361 15611 15639 I FrameworkJumpTable: Successfully loaded all fields
03-05 19:17:18.361 15611 15639 I FrameworkJumpTable: Successfully loaded all constructors
03-05 19:17:18.756 15611 15611 I AmazonHdmiServiceManager: AmazonHdmiServiceManager created
03-05 19:17:22.348   617 31838 I chatty  : uid=1000(system) Binder:617_20 expire 2 lines
03-05 19:19:18.982   617   661 I chatty  : uid=1000(system) InputReader expire 14 lines
03-05 19:19:38.557 15677 15761 E ActivityThread: Failed to find provider info for com.amazon.tv.ambient.provider
03-05 19:21:27.980 16214 16214 I FrameworkJumpTable: Successfully loaded all classes
03-05 19:21:27.995 16214 16214 I FrameworkJumpTable: Successfully loaded all methods
03-05 19:21:27.998 16214 16214 I FrameworkJumpTable: Successfully loaded all fields
03-05 19:21:27.998 16214 16214 I FrameworkJumpTable: Successfully loaded all constructors
03-05 19:21:33.395   617  9919 I chatty  : uid=1000(system) Binder:617_19 expire 3 lines
03-05 19:22:39.923 15677 15761 E ActivityThread: Failed to find provider info for com.amazon.tv.ambient.provider
03-05 19:23:23.716 16513 16513 I FrameworkJumpTable: Successfully loaded all classes
03-05 19:23:23.729 16513 16513 I FrameworkJumpTable: Successfully loaded all methods
03-05 19:23:23.731 16513 16513 I FrameworkJumpTable: Successfully loaded all fields
03-05 19:23:23.731 16513 16513 I FrameworkJumpTable: Successfully loaded all constructors
03-05 19:23:24.238 16513 16544 E ActivityThread: Failed to find provider info for com.amazon.tv.channelscan
03-05 19:23:24.239 16513 16544 E ActivityThread: Failed to find provider info for com.amazon.tv.channelscan
03-05 19:23:24.239 16513 16544 E ActivityThread: Failed to find provider info for com.amazon.tv.channelscan
03-05 19:23:26.551   617  7919 I chatty  : uid=1000(system) Binder:617_17 expire 2 lines
03-05 19:25:46.756 15677 15761 E ActivityThread: Failed to find provider info for com.amazon.tv.ambient.provider
03-05 19:25:50.060   617 16839 I chatty  : uid=1000(system) Binder:617_1D expire 12 lines
03-05 19:25:57.569   617   634 I chatty  : uid=1000(system) FileObserver expire 2 lines
03-05 19:26:15.941   617   617 I chatty  : uid=1000 system_server expire 10 lines
03-05 19:26:16.832 16966 16966 I FrameworkJumpTable: Successfully loaded all classes
03-05 19:26:16.849 16966 16966 I FrameworkJumpTable: Successfully loaded all methods
03-05 19:26:16.856 16966 16966 I FrameworkJumpTable: Successfully loaded all fields
03-05 19:26:16.856 16966 16966 I FrameworkJumpTable: Successfully loaded all constructors
03-05 19:26:21.486   617  1257 I chatty  : uid=1000(system) Binder:617_A expire 1 line
03-05 19:26:31.146   617  1330 I chatty  : uid=1000(system) Binder:617_C expire 1 line
03-05 19:26:31.156   617   807 I chatty  : uid=1000(system) Binder:617_3 expire 3 lines
03-05 19:26:49.585 17204 17204 I FrameworkJumpTable: Successfully loaded all classes
03-05 19:26:49.603 17204 17204 I FrameworkJumpTable: Successfully loaded all methods
03-05 19:26:49.614 17204 17204 I FrameworkJumpTable: Successfully loaded all fields
03-05 19:26:49.614 17204 17204 I FrameworkJumpTable: Successfully loaded all constructors
03-05 19:26:49.897   617   712 I chatty  : uid=1000(system) ArcusHandlerThr expire 1 line
03-05 19:28:11.875 17589 17612 I FrameworkJumpTable: Successfully loaded all classes
03-05 19:28:11.892 17589 17612 I FrameworkJumpTable: Successfully loaded all methods
03-05 19:28:11.896 17589 17612 I FrameworkJumpTable: Successfully loaded all fields
03-05 19:28:11.896 17589 17612 I FrameworkJumpTable: Successfully loaded all constructors
03-05 19:28:38.406 15677 15761 E ActivityThread: Failed to find provider info for com.amazon.tv.ambient.provider
03-05 19:30:39.092 17882 17882 I FrameworkJumpTable: Successfully loaded all classes
03-05 19:30:39.109 17882 17882 I FrameworkJumpTable: Successfully loaded all methods
03-05 19:30:39.114 17882 17882 I FrameworkJumpTable: Successfully loaded all fields
03-05 19:30:39.114 17882 17882 I FrameworkJumpTable: Successfully loaded all constructors
03-05 19:30:49.838   617   666 I chatty  : uid=1000(system) NetworkStats expire 2 lines
03-05 19:32:17.825 15677 15761 E ActivityThread: Failed to find provider info for com.amazon.tv.ambient.provider
03-05 19:35:34.209 15677 15761 E ActivityThread: Failed to find provider info for com.amazon.tv.ambient.provider
03-05 19:35:39.469   617   617 I chatty  : uid=1000 system_server expire 2 lines
03-05 19:35:40.028 18500 18500 I FrameworkJumpTable: Successfully loaded all classes
03-05 19:35:40.053 18500 18500 I FrameworkJumpTable: Successfully loaded all methods
03-05 19:35:40.059 18500 18500 I FrameworkJumpTable: Successfully loaded all fields
03-05 19:35:40.060 18500 18500 I FrameworkJumpTable: Successfully loaded all constructors
03-05 19:35:58.516   617   661 I chatty  : uid=1000(system) InputReader expire 13 lines
03-05 19:36:51.418   617   660 I chatty  : uid=1000(system) InputDispatcher expire 13 lines
03-05 19:36:54.637 18606 18606 I FrameworkJumpTable: Successfully loaded all classes
03-05 19:36:54.660 18606 18606 I FrameworkJumpTable: Successfully loaded all methods
03-05 19:36:54.667 18606 18606 I FrameworkJumpTable: Successfully loaded all fields
03-05 19:36:54.667 18606 18606 I FrameworkJumpTable: Successfully loaded all constructors
03-05 19:36:55.211 18655 18655 I FrameworkJumpTable: Successfully loaded all classes
03-05 19:36:55.259 18655 18655 I FrameworkJumpTable: Successfully loaded all methods
03-05 19:36:55.266 18655 18655 I FrameworkJumpTable: Successfully loaded all fields
03-05 19:36:55.266 18655 18655 I FrameworkJumpTable: Successfully loaded all constructors
03-05 19:36:55.444   617   701 I chatty  : uid=1000(system) AmazonHdmiServi expire 1 line
03-05 19:36:58.345 18820 18847 I FrameworkJumpTable: Successfully loaded all classes
03-05 19:36:58.441   617   661 I chatty  : uid=1000(system) InputReader expire 11 lines
03-05 19:36:58.589 18820 18847 I FrameworkJumpTable: Successfully loaded all methods
03-05 19:36:58.591 18820 18847 I FrameworkJumpTable: Successfully loaded all fields
03-05 19:36:58.591 18820 18847 I FrameworkJumpTable: Successfully loaded all constructors
03-05 19:36:58.969   617   903 I chatty  : uid=1000(system) Binder:617_5 expire 6 lines
03-05 19:36:58.988   617 18880 I chatty  : uid=1000 system_server expire 5 lines
03-05 19:36:59.276   617 16839 I chatty  : uid=1000(system) Binder:617_1D expire 2 lines
03-05 19:37:10.523   617   660 I chatty  : uid=1000(system) InputDispatcher expire 17 lines
03-05 19:37:10.531   617   630 I chatty  : uid=1000(system) ActivityManager expire 5 lines
03-05 19:37:10.578   617   718 I chatty  : uid=1000(system) AmazonUsageStat expire 5 lines
03-05 19:37:10.657   617 13191 I chatty  : uid=1000(system) Binder:617_1A expire 4 lines
03-05 19:37:12.035   617   701 I chatty  : uid=1000(system) AmazonHdmiServi expire 3 lines
03-05 19:37:12.232   617   687 I chatty  : uid=1000(system) Hdmi Control Io expire 3 lines
03-05 19:37:12.476   617   617 I chatty  : uid=1000 system_server expire 4 lines
03-05 19:37:14.241   617   661 I chatty  : uid=1000(system) InputReader expire 41 lines
03-05 19:37:22.036   617   629 I chatty  : uid=1000(system) android.bg expire 5 lines
03-05 19:37:22.690 18993 19021 I FrameworkJumpTable: Successfully loaded all classes
03-05 19:37:22.706 18993 19021 I FrameworkJumpTable: Successfully loaded all methods
03-05 19:37:22.711 18993 19021 I FrameworkJumpTable: Successfully loaded all fields
03-05 19:37:22.711 18993 19021 I FrameworkJumpTable: Successfully loaded all constructors
03-05 19:37:23.094 18993 18993 I AmazonHdmiServiceManager: AmazonHdmiServiceManager created
03-05 19:37:26.844   617   903 I chatty  : uid=1000(system) Binder:617_5 expire 3 lines
03-05 19:37:27.289   617  1190 I chatty  : uid=1000(system) Binder:617_7 expire 7 lines
03-05 19:37:34.644   617 19247 I chatty  : uid=1000 system_server expire 5 lines
03-05 19:37:34.723   617   637 I chatty  : uid=1000(system) android.display expire 1 line
03-05 19:37:37.715   617   777 I chatty  : uid=1000(system) LazyTaskWriterT expire 3 lines
03-05 19:37:41.457   617  1193 I chatty  : uid=1000(system) Binder:617_8 expire 3 lines
03-05 19:37:49.706 19350 19350 I FrameworkJumpTable: Successfully loaded all classes
03-05 19:37:49.718   617   661 I chatty  : uid=1000(system) InputReader expire 19 lines
03-05 19:37:49.721 19350 19350 I FrameworkJumpTable: Successfully loaded all methods
03-05 19:37:49.728 19350 19350 I FrameworkJumpTable: Successfully loaded all fields
03-05 19:37:49.728 19350 19350 I FrameworkJumpTable: Successfully loaded all constructors
03-05 19:37:49.782 19350 19350 I AmazonHdmiServiceManager: AmazonHdmiServiceManager created
03-05 19:37:49.782   617  1256 I chatty  : uid=1000(system) Binder:617_9 expire 5 lines
03-05 19:37:50.342   617   807 I chatty  : uid=1000(system) Binder:617_3 expire 4 lines
03-05 19:38:02.513   617   866 I chatty  : uid=1000(system) Binder:617_4 expire 7 lines
03-05 19:38:03.374 19471 19471 I FrameworkJumpTable: Successfully loaded all classes
03-05 19:38:03.374 19476 19476 I FrameworkJumpTable: Successfully loaded all classes
03-05 19:38:03.398 19471 19471 I FrameworkJumpTable: Successfully loaded all methods
03-05 19:38:03.398 19476 19476 I FrameworkJumpTable: Successfully loaded all methods
03-05 19:38:03.409 19476 19476 I FrameworkJumpTable: Successfully loaded all fields
03-05 19:38:03.409 19476 19476 I FrameworkJumpTable: Successfully loaded all constructors
03-05 19:38:03.410 19471 19471 I FrameworkJumpTable: Successfully loaded all fields
03-05 19:38:03.411 19471 19471 I FrameworkJumpTable: Successfully loaded all constructors
03-05 19:38:04.586   617 31838 I chatty  : uid=1000(system) Binder:617_20 expire 1 line
03-05 19:38:04.591   617  9919 I chatty  : uid=1000(system) Binder:617_19 expire 1 line
03-05 19:38:04.630   617  5010 I chatty  : uid=1000(system) Binder:617_12 expire 5 lines
03-05 19:38:04.680   617   677 I chatty  : uid=1000(system) ConnectivitySer expire 2 lines
03-05 19:38:05.319   617   661 I chatty  : uid=1000(system) InputReader expire 82 lines
03-05 19:38:07.073   617   647 I chatty  : uid=1000(system) PackageManager expire 1 line
03-05 19:38:28.638   617  7558 I chatty  : uid=1000(system) Binder:617_15 expire 8 lines
03-05 19:38:30.713   617   660 I chatty  : uid=1000(system) InputDispatcher expire 10 lines
03-05 19:38:31.136   617  1573 I chatty  : uid=1000(system) Binder:617_10 expire 1 line
03-05 19:38:33.331   617   866 I chatty  : uid=1000(system) Binder:617_4 expire 6 lines
03-05 19:38:33.335   617 19671 I chatty  : uid=1000 system_server expire 5 lines
03-05 19:38:33.393   617 16820 I chatty  : uid=1000(system) Binder:617_1C expire 5 lines
03-05 19:38:33.478   617   718 I chatty  : uid=1000(system) AmazonUsageStat expire 1 line
03-05 19:38:33.480   617   637 I chatty  : uid=1000(system) android.display expire 1 line
03-05 19:38:33.640 19672 19672 I FrameworkJumpTable: Successfully loaded all classes
03-05 19:38:33.655 19672 19672 I FrameworkJumpTable: Successfully loaded all methods
03-05 19:38:33.657 19672 19672 I FrameworkJumpTable: Successfully loaded all fields
03-05 19:38:33.658 19672 19672 I FrameworkJumpTable: Successfully loaded all constructors
03-05 19:38:36.928   617   777 I chatty  : uid=1000(system) LazyTaskWriterT expire 1 line
03-05 19:38:41.481   617   629 I chatty  : uid=1000(system) android.bg expire 2 lines
03-05 19:38:42.461   617   661 I chatty  : uid=1000(system) InputReader expire 212 lines
03-05 19:38:45.526   617   617 I chatty  : uid=1000 system_server expire 1 line
03-05 19:39:40.516   617   653 I chatty  : uid=1000(system) AlarmManager expire 5 lines
03-05 19:39:49.084   617  8828 I chatty  : uid=1000(system) Binder:617_18 expire 2 lines
03-05 19:40:00.364   617  1193 I chatty  : uid=1000(system) Binder:617_8 expire 1 line
03-05 19:40:00.377   617  7558 I chatty  : uid=1000(system) Binder:617_15 expire 1 line
03-05 19:40:04.815   617  1407 I chatty  : uid=1000(system) Binder:617_F expire 1 line
03-05 19:40:04.815   617 16811 I chatty  : uid=1000(system) Binder:617_1B expire 1 line
03-05 19:40:09.771   617  3421 I chatty  : uid=1000(system) Binder:617_11 expire 3 lines
03-05 19:40:09.776   617  9919 I chatty  : uid=1000(system) Binder:617_19 expire 1 line
03-05 19:40:26.071   617 20843 I chatty  : uid=1000 system_server expire 2 lines
03-05 19:40:37.720   617  1334 I chatty  : uid=1000(system) Binder:617_E expire 3 lines
03-05 19:42:39.402   617   660 I chatty  : uid=1000(system) InputDispatcher expire 20 lines
03-05 19:42:41.998   617   653 I chatty  : uid=1000(system) AlarmManager expire 4 lines
03-05 19:42:42.000   617   866 I chatty  : uid=1000(system) Binder:617_4 expire 1 line
03-05 19:42:42.057   617  1407 I chatty  : uid=1000(system) Binder:617_F expire 5 lines
03-05 19:42:42.062   617  7591 I chatty  : uid=1000(system) Binder:617_16 expire 7 lines
03-05 19:42:42.074   617  1334 I chatty  : uid=1000(system) Binder:617_E expire 1 line
03-05 19:42:42.081   617   628 I chatty  : uid=1000(system) Binder:617_2 expire 2 lines
03-05 19:42:42.083   617  5868 I chatty  : uid=1000(system) Binder:617_13 expire 4 lines
03-05 19:42:42.108   617  5010 I chatty  : uid=1000(system) Binder:617_12 expire 4 lines
03-05 19:42:42.215   617   939 I chatty  : uid=1000(system) watchdog expire 2 lines
03-05 19:42:42.256   617  9919 I chatty  : uid=1000(system) Binder:617_19 expire 3 lines
03-05 19:42:50.224   617  1190 I chatty  : uid=1000(system) Binder:617_7 expire 7 lines
03-05 19:42:50.280   617   627 I chatty  : uid=1000(system) Binder:617_1 expire 2 lines
03-05 19:42:50.304   617  1186 I chatty  : uid=1000(system) Binder:617_6 expire 1 line
03-05 19:42:53.973   617   677 I chatty  : uid=1000(system) ConnectivitySer expire 3 lines
03-05 19:42:57.473   617   661 I chatty  : uid=1000(system) InputReader expire 12 lines
03-05 19:43:34.882   617   635 I chatty  : uid=1000(system) android.fg expire 5 lines
03-05 19:43:34.921   617   630 I chatty  : uid=1000(system) ActivityManager expire 25 lines
03-05 19:43:34.955   617 13191 I chatty  : uid=1000(system) Binder:617_1A expire 4 lines
03-05 19:43:34.958   617  8828 I chatty  : uid=1000(system) Binder:617_18 expire 3 lines
03-05 19:43:34.978   617   617 I chatty  : uid=1000 system_server expire 10 lines
03-05 19:43:35.024   617  1332 I chatty  : uid=1000(system) Binder:617_D expire 2 lines
03-05 19:43:35.124   617   718 I chatty  : uid=1000(system) AmazonUsageStat expire 1 line
03-05 19:43:35.155   617   712 I chatty  : uid=1000(system) ArcusHandlerThr expire 1 line
03-05 19:43:36.083 21116 21116 I FrameworkJumpTable: Successfully loaded all classes
03-05 19:43:36.108   617   701 I chatty  : uid=1000(system) AmazonHdmiServi expire 1 line
03-05 19:43:36.135 21116 21116 I FrameworkJumpTable: Successfully loaded all methods
03-05 19:43:36.145 21116 21116 I FrameworkJumpTable: Successfully loaded all fields
03-05 19:43:36.145 21116 21116 I FrameworkJumpTable: Successfully loaded all constructors
03-05 19:43:36.217 21116 21116 I AmazonHdmiServiceManager: AmazonHdmiServiceManager created
03-05 19:43:36.217   617  1330 I chatty  : uid=1000(system) Binder:617_C expire 2 lines
03-05 19:43:36.282   617   687 I chatty  : uid=1000(system) Hdmi Control Io expire 1 line
03-05 19:43:36.306 21029 21029 I FrameworkJumpTable: Successfully loaded all classes
03-05 19:43:36.324 21029 21029 I FrameworkJumpTable: Successfully loaded all methods
03-05 19:43:36.326 21029 21029 I FrameworkJumpTable: Successfully loaded all fields
03-05 19:43:36.326 21029 21029 I FrameworkJumpTable: Successfully loaded all constructors
03-05 19:43:36.581   617   632 I chatty  : uid=1000(system) ActivityManager expire 1 line
03-05 19:43:36.626   617 21236 I chatty  : uid=1000 system_server expire 1 line
03-05 19:43:36.660   617 16820 I chatty  : uid=1000(system) Binder:617_1C expire 7 lines
03-05 19:43:36.946 21003 21003 I FrameworkJumpTable: Successfully loaded all classes
03-05 19:43:36.978 21003 21003 I FrameworkJumpTable: Successfully loaded all methods
03-05 19:43:36.980 21003 21003 I FrameworkJumpTable: Successfully loaded all fields
03-05 19:43:36.980 21003 21003 I FrameworkJumpTable: Successfully loaded all constructors
03-05 19:43:37.268 20957 20976 I FrameworkJumpTable: Successfully loaded all classes
03-05 19:43:37.309 21257 21345 I FrameworkJumpTable: Successfully loaded all classes
03-05 19:43:37.339 21257 21345 I FrameworkJumpTable: Successfully loaded all methods
03-05 19:43:37.341 21257 21345 I FrameworkJumpTable: Successfully loaded all fields
03-05 19:43:37.341 21257 21345 I FrameworkJumpTable: Successfully loaded all constructors
03-05 19:43:37.358 21003 21207 I AmazonHdmiServiceManager: AmazonHdmiServiceManager created
03-05 19:43:37.470 20957 20976 I FrameworkJumpTable: Successfully loaded all methods
03-05 19:43:37.478 20957 20976 I FrameworkJumpTable: Successfully loaded all fields
03-05 19:43:37.480 20957 20976 I FrameworkJumpTable: Successfully loaded all constructors
03-05 19:43:37.598   617   629 I chatty  : uid=1000(system) android.bg expire 14 lines
03-05 19:43:37.811 21449 21449 I FrameworkJumpTable: Successfully loaded all classes
03-05 19:43:37.834 21449 21449 I FrameworkJumpTable: Successfully loaded all methods
03-05 19:43:37.836 21449 21449 I FrameworkJumpTable: Successfully loaded all fields
03-05 19:43:37.836 21449 21449 I FrameworkJumpTable: Successfully loaded all constructors
03-05 19:43:38.085   617   777 I chatty  : uid=1000(system) LazyTaskWriterT expire 1 line
03-05 19:43:38.145   617  6124 I chatty  : uid=1000(system) Binder:617_14 expire 7 lines
03-05 19:43:38.319   617  1257 I chatty  : uid=1000(system) Binder:617_A expire 2 lines
03-05 19:43:38.428 21462 21462 I FrameworkJumpTable: Successfully loaded all classes
03-05 19:43:38.447 21462 21462 I FrameworkJumpTable: Successfully loaded all methods
03-05 19:43:38.449 21462 21462 I FrameworkJumpTable: Successfully loaded all fields
03-05 19:43:38.449 21462 21462 I FrameworkJumpTable: Successfully loaded all constructors
03-05 19:43:38.836 21593 21593 I FrameworkJumpTable: Successfully loaded all classes
03-05 19:43:38.856 21593 21593 I FrameworkJumpTable: Successfully loaded all methods
03-05 19:43:38.858 21593 21593 I FrameworkJumpTable: Successfully loaded all fields
03-05 19:43:38.858 21593 21593 I FrameworkJumpTable: Successfully loaded all constructors
03-05 19:43:39.092 21554 21554 I FrameworkJumpTable: Successfully loaded all classes
03-05 19:43:39.109 21554 21554 I FrameworkJumpTable: Successfully loaded all methods
03-05 19:43:39.110 21554 21554 I FrameworkJumpTable: Successfully loaded all fields
03-05 19:43:39.110 21554 21554 I FrameworkJumpTable: Successfully loaded all constructors
03-05 19:43:39.551   617 19414 I chatty  : uid=1000(system) Binder:617_1F expire 2 lines
03-05 19:43:40.728 21290 21766 I FrameworkJumpTable: Successfully loaded all classes
03-05 19:43:40.968 21290 21766 I FrameworkJumpTable: Successfully loaded all methods
03-05 19:43:40.969 21290 21766 I FrameworkJumpTable: Successfully loaded all fields
03-05 19:43:40.970 21290 21766 I FrameworkJumpTable: Successfully loaded all constructors
03-05 19:43:41.763   617   647 I chatty  : uid=1000(system) PackageManager expire 16 lines
03-05 19:43:42.819 21280 21280 I FrameworkJumpTable: Successfully loaded all classes
03-05 19:43:43.129 21280 21280 I FrameworkJumpTable: Successfully loaded all methods
03-05 19:43:43.157 21280 21280 I FrameworkJumpTable: Successfully loaded all fields
03-05 19:43:43.157 21280 21280 I FrameworkJumpTable: Successfully loaded all constructors
03-05 19:43:48.977 22187 22232 I FrameworkJumpTable: Successfully loaded all classes
03-05 19:43:49.004 22187 22232 I FrameworkJumpTable: Successfully loaded all methods
03-05 19:43:49.006 22187 22232 I FrameworkJumpTable: Successfully loaded all fields
03-05 19:43:49.006 22187 22232 I FrameworkJumpTable: Successfully loaded all constructors
03-05 19:43:49.541 21116 21116 E ActivityThread: Service com.amazon.tv.settings.v2.EmitStorageMetricService has leaked ServiceConnection com.amazon.dcp.ota.ServiceBinder$1@4d94721 that was originally bound here
03-05 19:43:49.541 21116 21116 E ActivityThread: android.app.ServiceConnectionLeaked: Service com.amazon.tv.settings.v2.EmitStorageMetricService has leaked ServiceConnection com.amazon.dcp.ota.ServiceBinder$1@4d94721 that was originally bound here
03-05 19:43:49.541 21116 21116 E ActivityThread: 	at android.app.LoadedApk$ServiceDispatcher.<init>(LoadedApk.java:1372)
03-05 19:43:49.541 21116 21116 E ActivityThread: 	at android.app.LoadedApk.getServiceDispatcher(LoadedApk.java:1267)
03-05 19:43:49.541 21116 21116 E ActivityThread: 	at android.app.ContextImpl.bindServiceCommon(ContextImpl.java:1479)
03-05 19:43:49.541 21116 21116 E ActivityThread: 	at android.app.ContextImpl.bindService(ContextImpl.java:1451)
03-05 19:43:49.541 21116 21116 E ActivityThread: 	at android.content.ContextWrapper.bindService(ContextWrapper.java:636)
03-05 19:43:49.541 21116 21116 E ActivityThread: 	at com.amazon.dcp.ota.ServiceBinder.startBind(ServiceBinder.java:159)
03-05 19:43:49.541 21116 21116 E ActivityThread: 	at com.amazon.dcp.ota.ServiceBinder.unsafeBind(ServiceBinder.java:83)
03-05 19:43:49.541 21116 21116 E ActivityThread: 	at com.amazon.dcp.ota.ServiceBinder.bind(ServiceBinder.java:68)
03-05 19:43:49.541 21116 21116 E ActivityThread: 	at com.amazon.dcp.ota.OtaServiceConnectionManager.getServiceBinder(OtaServiceConnectionManager.java:87)
03-05 19:43:49.541 21116 21116 E ActivityThread: 	at com.amazon.dcp.ota.OtaServiceConnectionManager.access$000(OtaServiceConnectionManager.java:22)
03-05 19:43:49.541 21116 21116 E ActivityThread: 	at com.amazon.dcp.ota.OtaServiceConnectionManager$OtaServiceWrapper.getAllBlockedApps(OtaServiceConnectionManager.java:528)
03-05 19:43:49.541 21116 21116 E ActivityThread: 	at com.amazon.dcp.ota.OTAController.getAllBlockedApps(OTAController.java:1048)
03-05 19:43:49.541 21116 21116 E ActivityThread: 	at com.amazon.tv.settings.v2.EmitStorageMetricService$1$1.onFinishedMeasuringApps(EmitStorageMetricService.java:107)
03-05 19:43:49.541 21116 21116 E ActivityThread: 	at com.amazon.tv.settings.v2.tv.applications.PackageStatsApplicationSizeComputer$2.onGetSizeCompleted(PackageStatsApplicationSizeComputer.java:64)
03-05 19:43:49.541 21116 21116 E ActivityThread: 	at com.amazon.tv.sysappsinternal.impl.AppSettingsImpl$4.onGetStatsCompleted(AppSettingsImpl.java:140)
03-05 19:43:49.541 21116 21116 E ActivityThread: 	at android.content.pm.IPackageStatsObserver$Stub.onTransact(IPackageStatsObserver.java:63)
03-05 19:43:49.541 21116 21116 E ActivityThread: 	at android.os.Binder.execTransact(Binder.java:565)
03-05 19:43:49.620 22187 22187 I AmazonHdmiServiceManager: AmazonHdmiServiceManager created
03-05 19:43:54.256   617 31838 I chatty  : uid=1000(system) Binder:617_20 expire 1 line
03-05 19:43:55.371 22404 22404 I FrameworkJumpTable: Successfully loaded all classes
03-05 19:43:55.459 22404 22404 I FrameworkJumpTable: Successfully loaded all methods
03-05 19:43:55.461 22404 22404 I FrameworkJumpTable: Successfully loaded all fields
03-05 19:43:55.461 22404 22404 I FrameworkJumpTable: Successfully loaded all constructors
03-05 19:43:58.929 21462 22536 W PackageParser: Unknown element under <manifest>: queries at /data/app/com.esaba.downloader-1/base.apk Binary XML file line #14
03-05 19:43:58.937 21462 22536 W SystemConfig: No directory /system/etc/sysconfig, skipping
03-05 19:44:05.496 21462 22581 W PackageParser: Unknown element under <manifest>: queries at /data/securedStorageLocation/com.amazon.venezia/9227f333-04fe-4177-8599-b2d68ceeb13d.apk Binary XML file line #14
03-05 19:44:05.794 21462 22581 W PackageParser: Unknown element under <manifest>: queries at /data/securedStorageLocation/com.amazon.venezia/9227f333-04fe-4177-8599-b2d68ceeb13d.apk Binary XML file line #14
03-05 19:44:05.824 21462 22581 W PackageParser: Unknown element under <manifest>: queries at /data/securedStorageLocation/com.amazon.venezia/9227f333-04fe-4177-8599-b2d68ceeb13d.apk Binary XML file line #14
03-05 19:44:06.551 21462 22580 W PackageParser: Unknown element under <manifest>: queries at /data/securedStorageLocation/com.amazon.venezia/9227f333-04fe-4177-8599-b2d68ceeb13d.apk Binary XML file line #14
03-05 19:44:07.490 21462 22580 W PackageParser: Unknown element under <manifest>: queries at /data/securedStorageLocation/com.amazon.venezia/9227f333-04fe-4177-8599-b2d68ceeb13d.apk Binary XML file line #14
03-05 19:44:07.508 21462 22580 W PackageParser: Unknown element under <manifest>: queries at /data/securedStorageLocation/com.amazon.venezia/9227f333-04fe-4177-8599-b2d68ceeb13d.apk Binary XML file line #14
03-05 19:44:07.547 21462 22580 W PackageParser: Unknown element under <manifest>: queries at /data/app/com.esaba.downloader-1/base.apk Binary XML file line #14
03-05 19:44:07.775 21462 22580 W PackageParser: Unknown element under <manifest>: queries at /data/securedStorageLocation/com.amazon.venezia/9227f333-04fe-4177-8599-b2d68ceeb13d.apk Binary XML file line #14
03-05 19:44:10.198   617   630 I chatty  : uid=1000(system) ActivityManager expire 5 lines
03-05 19:44:10.911   617 16839 I chatty  : uid=1000(system) Binder:617_1D expire 2 lines
03-05 19:44:11.678 22648 22648 W ContextImpl: Calling a method in the system process without a qualified user: android.app.ContextImpl.startService:1386 android.content.ContextWrapper.startService:613 android.content.ContextWrapper.startService:613 com.android.keychain.KeyChainBroadcastReceiver.onReceive:12 android.app.ActivityThread.handleReceiver:3068 
03-05 19:44:25.183   617 16914 I chatty  : uid=1000(system) Binder:617_1E expire 5 lines
03-05 19:46:04.289 22949 22949 I FrameworkJumpTable: Successfully loaded all classes
03-05 19:46:04.313 22949 22949 I FrameworkJumpTable: Successfully loaded all methods
03-05 19:46:04.314 22949 22949 I FrameworkJumpTable: Successfully loaded all fields
03-05 19:46:04.315 22949 22949 I FrameworkJumpTable: Successfully loaded all constructors
03-05 19:46:09.255   617   629 I chatty  : uid=1000(system) android.bg expire 12 lines
03-05 19:48:00.977   617   617 I chatty  : uid=1000 system_server expire 3 lines
03-05 19:48:01.106   617  1256 I chatty  : uid=1000(system) Binder:617_9 expire 1 line
03-05 19:48:37.339 23359 23359 I FrameworkJumpTable: Successfully loaded all classes
03-05 19:48:37.357 23359 23359 I FrameworkJumpTable: Successfully loaded all methods
03-05 19:48:37.359 23359 23359 I FrameworkJumpTable: Successfully loaded all fields
03-05 19:48:37.359 23359 23359 I FrameworkJumpTable: Successfully loaded all constructors
03-05 19:48:48.295   617   629 I chatty  : uid=1000(system) android.bg expire 10 lines
03-05 19:50:47.131   617   661 I AmazonProfileService: Event is not filtered because it is not in filter key list.
03-05 19:50:47.291   617   661 I AmazonProfileService: Event is not filtered because it is not in filter key list.
03-05 19:50:47.519   617   661 I AmazonProfileService: Event is not filtered because it is not in filter key list.
03-05 19:50:47.672   617   661 I AmazonProfileService: Event is not filtered because it is not in filter key list.
03-05 19:50:47.811   617   661 I AmazonProfileService: Event is not filtered because it is not in filter key list.
03-05 19:50:47.931   617   661 I AmazonProfileService: Event is not filtered because it is not in filter key list.
03-05 19:50:47.939   617  7591 I ActivityManager: START u0 {act=android.intent.action.VIEW (has data) flg=0x10000000 cmp=com.amazon.venezia/.pdi.AppLaunchActivity (has extras)} from uid 10142 on display 0
03-05 19:50:47.940   617  7591 I AmazonProfileService: shouldAbortActivityStart() Package: xxx activity: xxx
03-05 19:50:47.941   617  7591 I AmazonProfileService: APS_V2 enabled in Arcus and mIsChildPINEnabled : false
03-05 19:50:47.941   617  7591 I AmazonProfileService: APS_V2 enabled in Arcus and mIsChildPINEnabled : false
03-05 19:50:47.941   617  7591 I AmazonProfileService: xxx is a system app, do not abort activity start.
03-05 19:50:47.941   617  7591 I AmazonProfileService: APS_V2 enabled in Arcus and mIsChildPINEnabled : false
03-05 19:50:47.943   617 23668 I ActivityManager: START u0 {act=android.intent.action.MAIN cat=[android.intent.category.LEANBACK_LAUNCHER] flg=0x10000000 pkg=com.example.clickflix cmp=com.example.clickflix/.MainActivity (has extras)} from uid 1000 on display 0
03-05 19:50:47.944   617 23668 I AmazonProfileService: shouldAbortActivityStart() Package: xxx activity: xxx
03-05 19:50:47.944   617 23668 I AmazonProfileService: APS_V2 enabled in Arcus and mIsChildPINEnabled : false
03-05 19:50:47.944   617 23668 I AmazonProfileService: APS_V2 enabled in Arcus and mIsChildPINEnabled : false
03-05 19:50:47.944   617 23668 I AmazonProfileService: shouldAbortActivityStart() not aborted
03-05 19:50:47.990   617 16914 I ActivityManager: Start proc 23669:com.example.clickflix/u0a318 for activity com.example.clickflix/.MainActivity
03-05 19:50:48.038   617   637 I AmazonProfileService: Sending broadcast as the package is a non-enabled app
03-05 19:50:48.105   617   718 W AmazonProfileService: Active profile for the package xxx not present for customer Id xxx
03-05 19:50:48.145 23669 23669 I FrameworkJumpTable: Successfully loaded all classes
03-05 19:50:48.158 23669 23669 I FrameworkJumpTable: Successfully loaded all methods
03-05 19:50:48.160 23669 23669 I FrameworkJumpTable: Successfully loaded all fields
03-05 19:50:48.160 23669 23669 I FrameworkJumpTable: Successfully loaded all constructors
03-05 19:50:48.549   617 16839 E WindowManager: App trying to use insecure INPUT_FEATURE_NO_INPUT_CHANNEL flag. Ignoring
03-05 19:50:48.551   617 16839 I AmazonProfileService: Event is not filtered because it is not in filter key list.
03-05 19:50:48.613   617  5010 E WindowManager: App trying to use insecure INPUT_FEATURE_NO_INPUT_CHANNEL flag. Ignoring
03-05 19:50:48.682   617  5010 I ActivityManager: Start proc 23707:com.amazon.aca/u0a59 for content provider com.amazon.aca/.cues.provider.HintsProvider
03-05 19:50:49.551 23707 23707 I FrameworkJumpTable: Successfully loaded all classes
03-05 19:50:49.579 23707 23707 I FrameworkJumpTable: Successfully loaded all methods
03-05 19:50:49.581 23707 23707 I FrameworkJumpTable: Successfully loaded all fields
03-05 19:50:49.581 23707 23707 I FrameworkJumpTable: Successfully loaded all constructors
03-05 19:50:51.520   617   777 E TaskPersister: File error accessing recents directory (directory doesn't exist?).
03-05 19:50:53.034   617  5010 I ActivityManager: Killing 22690:com.amazon.sync.service/u0a165 (adj 903): empty #17
03-05 19:50:56.696   617   661 I AmazonProfileService: Event is not filtered because it is not in filter key list.
03-05 19:50:56.837   617   661 I AmazonProfileService: Event is not filtered because it is not in filter key list.
03-05 19:50:57.096   617   661 I AmazonProfileService: Event is not filtered because it is not in filter key list.
03-05 19:50:57.196   617   661 I AmazonProfileService: Event is not filtered because it is not in filter key list.
03-05 19:50:57.456   617   661 I AmazonProfileService: Event is not filtered because it is not in filter key list.
03-05 19:50:57.467   617   629 E TvInputManagerService: failed to load TV input org.videolan.vlc.PreviewVideoInputService
03-05 19:50:57.467   617   629 E TvInputManagerService: java.lang.IllegalStateException: Setup activity not found for org.videolan.vlc.PreviewVideoInputService
03-05 19:50:57.467   617   629 E TvInputManagerService: 	at android.media.tv.TvInputInfo$Builder.parseServiceMetadata(TvInputInfo.java:956)
03-05 19:50:57.467   617   629 E TvInputManagerService: 	at android.media.tv.TvInputInfo$Builder.build(TvInputInfo.java:901)
03-05 19:50:57.467   617   629 E TvInputManagerService: 	at com.android.server.tv.TvInputManagerService.buildTvInputListLocked(TvInputManagerService.java:345)
03-05 19:50:57.467   617   629 E TvInputManagerService: 	at com.android.server.tv.TvInputManagerService.-wrap10(TvInputManagerService.java)
03-05 19:50:57.467   617   629 E TvInputManagerService: 	at com.android.server.tv.TvInputManagerService$1.buildTvInputList(TvInputManagerService.java:190)
03-05 19:50:57.467   617   629 E TvInputManagerService: 	at com.android.server.tv.TvInputManagerService$1.onSomePackagesChanged(TvInputManagerService.java:240)
03-05 19:50:57.467   617   629 E TvInputManagerService: 	at com.android.internal.content.PackageMonitor.onReceive(PackageMonitor.java:431)
03-05 19:50:57.467   617   629 E TvInputManagerService: 	at android.app.LoadedApk$ReceiverDispatcher$Args.run(LoadedApk.java:1158)
03-05 19:50:57.467   617   629 E TvInputManagerService: 	at android.os.Handler.handleCallback(Handler.java:751)
03-05 19:50:57.467   617   629 E TvInputManagerService: 	at android.os.Handler.dispatchMessage(Handler.java:95)
03-05 19:50:57.467   617   629 E TvInputManagerService: 	at android.os.Looper.loop(Looper.java:154)
03-05 19:50:57.467   617   629 E TvInputManagerService: 	at android.os.HandlerThread.run(HandlerThread.java:61)
03-05 19:50:57.615   617   661 I AmazonProfileService: Event is not filtered because it is not in filter key list.
03-05 19:51:08.097   617   661 I AmazonProfileService: Event is not filtered because it is not in filter key list.
03-05 19:51:08.256   617   661 I AmazonProfileService: Event is not filtered because it is not in filter key list.
03-05 19:51:08.578   617   661 I AmazonProfileService: Event is not filtered because it is not in filter key list.
03-05 19:51:08.732   617   661 I AmazonProfileService: Event is not filtered because it is not in filter key list.
03-05 19:51:08.817   617   661 I AmazonProfileService: Event is not filtered because it is not in filter key list.
03-05 19:51:08.917   617   661 I AmazonProfileService: Event is not filtered because it is not in filter key list.
03-05 19:51:09.078   617   661 I AmazonProfileService: Event is not filtered because it is not in filter key list.
03-05 19:51:09.232   617   661 I AmazonProfileService: Event is not filtered because it is not in filter key list.
03-05 19:51:11.693   617   661 I AmazonProfileService: Event not filtered. KPM proceeds the key
03-05 19:51:11.878   617   661 I AmazonProfileService: Event not filtered. KPM proceeds the key
03-05 19:51:12.812   617   661 I AmazonProfileService: Event is not filtered because it is not in filter key list.
03-05 19:51:12.956   617   661 I AmazonProfileService: Event is not filtered because it is not in filter key list.
03-05 19:51:13.812   617   661 I AmazonProfileService: Event is not filtered because it is not in filter key list.
03-05 19:51:13.937   617   661 I AmazonProfileService: Event is not filtered because it is not in filter key list.
03-05 19:51:14.073   617   661 I AmazonProfileService: Event is not filtered because it is not in filter key list.
03-05 19:51:14.217   617   661 I AmazonProfileService: Event is not filtered because it is not in filter key list.
03-05 19:51:14.493   617   661 I AmazonProfileService: Event is not filtered because it is not in filter key list.
03-05 19:51:14.641   617   661 I AmazonProfileService: Event is not filtered because it is not in filter key list.
03-05 19:51:15.297   617   661 I AmazonProfileService: Event is not filtered because it is not in filter key list.
03-05 19:51:15.437   617   661 I AmazonProfileService: Event is not filtered because it is not in filter key list.
03-05 19:51:15.817   617   661 I AmazonProfileService: Event is not filtered because it is not in filter key list.
03-05 19:51:15.952   617   661 I AmazonProfileService: Event is not filtered because it is not in filter key list.
03-05 19:51:16.037   617   661 I AmazonProfileService: Event is not filtered because it is not in filter key list.
03-05 19:51:16.153   617   661 I AmazonProfileService: Event is not filtered because it is not in filter key list.
03-05 19:51:16.273   617   661 I AmazonProfileService: Event is not filtered because it is not in filter key list.
03-05 19:51:16.417   617   661 I AmazonProfileService: Event is not filtered because it is not in filter key list.
03-05 19:51:16.432   617   630 I ActivityManager: Killing 22419:com.amazon.identity.auth.device.authorization/u0a106 (adj 903): empty #17
03-05 19:51:16.997   617   661 I AmazonProfileService: Event is not filtered because it is not in filter key list.
03-05 19:51:17.154   617   661 I AmazonProfileService: Event is not filtered because it is not in filter key list.
03-05 19:51:17.333   617   661 I AmazonProfileService: Event is not filtered because it is not in filter key list.
03-05 19:51:17.493   617   661 I AmazonProfileService: Event is not filtered because it is not in filter key list.
03-05 19:51:24.197   617   661 I AmazonProfileService: Event is not filtered because it is not in filter key list.
03-05 19:51:24.358   617   661 I AmazonProfileService: Event is not filtered because it is not in filter key list.
03-05 19:51:24.713   617   661 I AmazonProfileService: Event is not filtered because it is not in filter key list.
03-05 19:51:24.857   617   661 I AmazonProfileService: Event is not filtered because it is not in filter key list.
03-05 19:51:40.714   617   661 I AmazonProfileService: Event is not filtered because it is not in filter key list.
03-05 19:51:40.797   617   661 I AmazonProfileService: Event is not filtered because it is not in filter key list.
03-05 19:51:41.397   617   661 I AmazonProfileService: Event is not filtered because it is not in filter key list.
03-05 19:51:41.553   617   661 I AmazonProfileService: Event is not filtered because it is not in filter key list.
03-05 19:51:41.874   617   661 I AmazonProfileService: Event is not filtered because it is not in filter key list.
03-05 19:51:41.998   617   661 I AmazonProfileService: Event is not filtered because it is not in filter key list.
03-05 19:51:42.338   617   661 I AmazonProfileService: Event is not filtered because it is not in filter key list.
03-05 19:51:42.498   617   661 I AmazonProfileService: Event is not filtered because it is not in filter key list.
03-05 19:51:43.458   617   661 I AmazonProfileService: Event is not filtered because it is not in filter key list.
03-05 19:51:43.614   617   661 I AmazonProfileService: Event is not filtered because it is not in filter key list.
03-05 19:51:46.094   617   661 I AmazonProfileService: Event is not filtered because it is not in filter key list.
03-05 19:51:46.238   617   661 I AmazonProfileService: Event is not filtered because it is not in filter key list.
03-05 19:51:46.248   617   630 I ActivityManager: Killing 22735:com.amazon.platform.fdrw/1000 (adj 903): empty #17
03-05 19:51:46.810   617   661 I AmazonProfileService: Event is not filtered because it is not in filter key list.
03-05 19:51:46.954   617   661 I AmazonProfileService: Event is not filtered because it is not in filter key list.
03-05 19:51:47.094   617   661 I AmazonProfileService: Event is not filtered because it is not in filter key list.
03-05 19:51:47.238   617   661 I AmazonProfileService: Event is not filtered because it is not in filter key list.
03-05 19:51:48.114   617   661 I AmazonProfileService: Event is not filtered because it is not in filter key list.
03-05 19:51:48.254   617   661 I AmazonProfileService: Event is not filtered because it is not in filter key list.
03-05 19:51:48.374   617   661 I AmazonProfileService: Event is not filtered because it is not in filter key list.
03-05 19:51:48.514   617   661 I AmazonProfileService: Event is not filtered because it is not in filter key list.
03-05 19:51:48.694   617   661 I AmazonProfileService: Event is not filtered because it is not in filter key list.
03-05 19:51:48.847   617   661 I AmazonProfileService: Event is not filtered because it is not in filter key list.
03-05 19:51:49.034   617   661 I AmazonProfileService: Event is not filtered because it is not in filter key list.
03-05 19:51:49.167   617   661 I AmazonProfileService: Event is not filtered because it is not in filter key list.
03-05 19:51:49.614   617   661 I AmazonProfileService: Event is not filtered because it is not in filter key list.
03-05 19:51:49.754   617   661 I AmazonProfileService: Event is not filtered because it is not in filter key list.
03-05 19:51:49.978   617   661 I AmazonProfileService: Event is not filtered because it is not in filter key list.
03-05 19:51:50.130   617   661 I AmazonProfileService: Event is not filtered because it is not in filter key list.
03-05 19:51:57.295   617   661 I AmazonProfileService: Event is not filtered because it is not in filter key list.
03-05 19:51:57.514   617   661 I AmazonProfileService: Event is not filtered because it is not in filter key list.
03-05 19:51:57.938   617   661 I AmazonProfileService: Event is not filtered because it is not in filter key list.
03-05 19:51:58.098   617   661 I AmazonProfileService: Event is not filtered because it is not in filter key list.
03-05 19:51:58.215   617   661 I AmazonProfileService: Event is not filtered because it is not in filter key list.
03-05 19:51:58.298   617   661 I AmazonProfileService: Event is not filtered because it is not in filter key list.
03-05 19:51:58.435   617   661 I AmazonProfileService: Event is not filtered because it is not in filter key list.
03-05 19:51:58.558   617   661 I AmazonProfileService: Event is not filtered because it is not in filter key list.
03-05 19:51:58.674   617   661 I AmazonProfileService: Event is not filtered because it is not in filter key list.
03-05 19:51:58.774   617   661 I AmazonProfileService: Event is not filtered because it is not in filter key list.
03-05 19:51:58.839   617   661 I AmazonProfileService: Event is not filtered because it is not in filter key list.
03-05 19:51:58.949   617   661 I AmazonProfileService: Event is not filtered because it is not in filter key list.
03-05 19:51:59.054   617   661 I AmazonProfileService: Event is not filtered because it is not in filter key list.
03-05 19:51:59.139   617   661 I AmazonProfileService: Event is not filtered because it is not in filter key list.
03-05 19:51:59.234   617   661 I AmazonProfileService: Event is not filtered because it is not in filter key list.
03-05 19:51:59.334   617   661 I AmazonProfileService: Event is not filtered because it is not in filter key list.
03-05 19:51:59.438   617   661 I AmazonProfileService: Event is not filtered because it is not in filter key list.
03-05 19:51:59.614   617   661 I AmazonProfileService: Event is not filtered because it is not in filter key list.
03-05 19:52:00.194   617   661 I AmazonProfileService: Event is not filtered because it is not in filter key list.
03-05 19:52:00.278   617   661 I AmazonProfileService: Event is not filtered because it is not in filter key list.
03-05 19:52:00.359   617   661 I AmazonProfileService: Event is not filtered because it is not in filter key list.
03-05 19:52:00.459   617   661 I AmazonProfileService: Event is not filtered because it is not in filter key list.
03-05 19:52:01.635   617   661 I AmazonProfileService: Event is not filtered because it is not in filter key list.
03-05 19:52:01.739   617   661 I AmazonProfileService: Event is not filtered because it is not in filter key list.
03-05 19:52:02.215   617   661 I AmazonProfileService: Event is not filtered because it is not in filter key list.
03-05 19:52:02.295   617   661 I AmazonProfileService: Event is not filtered because it is not in filter key list.
03-05 19:52:02.815   617   661 I AmazonProfileService: Event is not filtered because it is not in filter key list.
03-05 19:52:02.899   617   661 I AmazonProfileService: Event is not filtered because it is not in filter key list.
03-05 19:52:03.475   617   661 I AmazonProfileService: Event is not filtered because it is not in filter key list.
03-05 19:52:03.615   617   661 I AmazonProfileService: Event is not filtered because it is not in filter key list.
03-05 19:52:03.679   617   661 I AmazonProfileService: Event is not filtered because it is not in filter key list.
03-05 19:52:03.839   617   661 I AmazonProfileService: Event is not filtered because it is not in filter key list.
03-05 19:52:03.854   617   661 I AmazonProfileService: Event is not filtered because it is not in filter key list.
