03-05 19:42:39.820   617   661 I AmazonProfileService: Event is not filtered because it is not in filter key list.
03-05 19:42:39.821   617   661 I AmazonProfileService: Event is not filtered because it is not in filter key list.
03-05 19:42:39.821   617   661 I AmazonProfileService: Event is not filtered because it is not in filter key list.
03-05 19:42:41.997   617   653 W ActivityManager: Slow operation: 120681ms so far, now at startProcess: returned from zygote!
03-05 19:42:41.997   617   653 W ActivityManager: Slow operation: 120681ms so far, now at startProcess: done updating battery stats
03-05 19:42:41.998   617   653 W ActivityManager: Slow operation: 120682ms so far, now at startProcess: building log message
03-05 19:42:41.998   617   653 I ActivityManager: Start proc 20923:com.android.providers.tv/u0a50 for service com.android.providers.tv/.EpgDataCleanupService
03-05 19:42:41.998   617   653 W ActivityManager: Slow operation: 120682ms so far, now at startProcess: starting to update pids map
03-05 19:42:41.998   617   653 W ActivityManager: Slow operation: 120682ms so far, now at startProcess: done updating pids map
03-05 19:42:41.998   617   653 W ActivityManager: Slow operation: 120683ms so far, now at startProcess: done starting proc!
03-05 19:42:42.000   617   866 I ActivityManager: Process com.amazon.prism.android.service:remote (pid 18820) has died
03-05 19:42:42.057   617  1407 I ActivityManager: Process com.android.defcontainer (pid 19568) has died
03-05 19:42:42.062   617  7591 I ActivityManager: Process com.android.proxyhandler (pid 17259) has died
03-05 19:42:42.074   617  1334 I ActivityManager: Process com.amazon.webview.chromium:AWVMetricsProcess (pid 12103) has died
03-05 19:42:42.081   617   628 I ActivityManager: Process com.amazon.tv.settings.core (pid 19507) has died
03-05 19:42:42.083   617  5868 I ActivityManager: Process com.amazon.whisperlink.core.android (pid 18391) has died
03-05 19:42:42.108   617  5010 E WifiService: Multicaster binderDied
03-05 19:42:42.136   617  5868 W ActivityManager: Scheduling restart of crashed service com.amazon.whisperlink.core.android/.WhisperLinkCoreService in 16000ms
03-05 19:42:42.215   617   939 E TimeDeltaAnrList: addTraceStartTime: failed to find PID for trace start time, PID: 617
03-05 19:42:42.252   617  7591 I ActivityManager: Start proc 20957:com.amazon.ceviche/u0a78 for content provider com.amazon.ceviche/.TrackEventsContentProvider
03-05 19:42:42.253   617  1407 I ActivityManager: Process com.amazon.ftv.xpicker (pid 17849) has died
03-05 19:42:42.253   617  1407 W ActivityManager: Scheduling restart of crashed service com.amazon.ftv.xpicker/.service.XPickerFeatureService in 25883ms
03-05 19:42:42.256   617  9919 I ActivityManager: Process com.amazon.whisperjoin.middleware.np (pid 16926) has died
03-05 19:42:42.257   617  9919 W ActivityManager: Scheduling restart of crashed service com.amazon.whisperjoin.middleware.np/com.amazon.whisperjoin.deviceprovisioningservice.service.FFSBackgroundProvisioningServiceBinder in 35880ms
03-05 19:42:42.257   617  9919 W ActivityManager: Scheduling restart of crashed service com.amazon.whisperjoin.middleware.np/com.amazon.whisperjoin.middleware.services.MiddlewareService in 35879ms
03-05 19:42:42.293   617  5868 I ActivityManager: Process com.amazon.tv.alexaalerts (pid 18145) has died
03-05 19:42:42.294   617  5868 W ActivityManager: Scheduling restart of crashed service com.amazon.tv.alexaalerts/amazon.alexa.alerts.service.AlarmService in 45842ms
03-05 19:42:44.316   617   939 E TimeDeltaAnrList: endTimeDelta: failed to find PID for end time, PID: 617
03-05 19:42:50.224   617  1190 I ActivityManager: Process com.amazon.alexa.externalmediaplayer.fireos (pid 20067) has died
03-05 19:42:50.280   617   627 E AmazonHdmiService: Settings client binder died.
03-05 19:42:50.281   617   628 I WindowManager: WIN DEATH: Window{edf31b1 u0 com.amazon.tv.launcher/com.amazon.tv.launcher.ui.HomeActivity_vNext}
03-05 19:42:50.297   617  1190 W ActivityManager: Scheduling restart of crashed service com.amazon.alexa.externalmediaplayer.fireos/com.amazon.alexa.externalmediaplayeragent.ExternalMediaPlayerAgentService in 47840ms
03-05 19:42:50.304   617  1186 I ActivityManager: Process com.amazon.tv.launcher (pid 17022) has died
03-05 19:42:53.973   617   677 E ConnectivityService: RemoteException caught trying to send a callback msg for NetworkRequest [ TRACK_DEFAULT id=62, [ Capabilities: INTERNET&NOT_RESTRICTED&TRUSTED&NOT_VPN] ]
03-05 19:42:53.975   617   677 E ConnectivityService: RemoteException caught trying to send a callback msg for NetworkRequest [ TRACK_DEFAULT id=63, [ Capabilities: INTERNET&NOT_RESTRICTED&TRUSTED&NOT_VPN] ]
03-05 19:42:54.296   617   660 W ContextImpl: Calling a method in the system process without a qualified user: android.app.ContextImpl.sendBroadcast:921 com.amazon.policy.keypolicymanager.FireTVKeyPolicyManager.sendHomePressedIntent:2672 com.amazon.policy.keypolicymanager.FireTVKeyPolicyManager.handleHomeKeyInteractive:2637 com.amazon.policy.keypolicymanager.FireTVKeyPolicyManager.handleShortPressOnHome:3201 com.android.server.policy.PhoneWindowManager.handleShortPressOnHome:1559 
03-05 19:42:54.297   617   660 W ContextImpl: Calling a method in the system process without a qualified user: android.app.ContextImpl.sendBroadcast:921 com.amazon.policy.keypolicymanager.FireTVKeyPolicyManager.sendHomePressedIntent:2672 com.amazon.policy.keypolicymanager.FireTVKeyPolicyManager.handleHomeKeyInteractive:2637 com.amazon.policy.keypolicymanager.FireTVKeyPolicyManager.handleShortPressOnHome:3201 com.android.server.policy.PhoneWindowManager.handleShortPressOnHome:1559 
03-05 19:42:54.297   617   660 W ContextImpl: Calling a method in the system process without a qualified user: android.app.ContextImpl.sendBroadcast:921 com.amazon.policy.keypolicymanager.FireTVKeyPolicyManager.sendHomePressedIntent:2672 com.amazon.policy.keypolicymanager.FireTVKeyPolicyManager.handleHomeKeyInteractive:2637 com.amazon.policy.keypolicymanager.FireTVKeyPolicyManager.handleShortPressOnHome:3201 com.android.server.policy.PhoneWindowManager.handleShortPressOnHome:1559 
03-05 19:42:54.297   617   660 W ContextImpl: Calling a method in the system process without a qualified user: android.app.ContextImpl.sendBroadcast:921 com.amazon.policy.keypolicymanager.FireTVKeyPolicyManager.sendHomePressedIntent:2672 com.amazon.policy.keypolicymanager.FireTVKeyPolicyManager.handleHomeKeyInteractive:2637 com.amazon.policy.keypolicymanager.FireTVKeyPolicyManager.handleShortPressOnHome:3201 com.android.server.policy.PhoneWindowManager.handleShortPressOnHome:1559 
03-05 19:42:54.703   617   660 I ActivityManager: START u0 {act=android.intent.action.MAIN cat=[android.intent.category.HOME] flg=0x10200000 cmp=com.amazon.tv.launcher/.ui.HomeActivity_vNext (has extras)} from uid 1000 on display 0
03-05 19:42:57.473   617   661 I AmazonProfileService: Event not filtered. KPM proceeds the key
03-05 19:42:57.598   617   661 I AmazonProfileService: Event not filtered. KPM proceeds the key
03-05 19:42:57.673   617   661 I AmazonProfileService: Event not filtered. KPM proceeds the key
03-05 19:42:57.777   617   661 I AmazonProfileService: Event not filtered. KPM proceeds the key
03-05 19:42:58.086   617   661 I AmazonProfileService: Event is not filtered because it is not in filter key list.
03-05 19:42:58.231   617   661 I AmazonProfileService: Event is not filtered because it is not in filter key list.
03-05 19:42:58.277   617   661 I AmazonProfileService: Event is not filtered because it is not in filter key list.
03-05 19:42:58.392   617   661 I AmazonProfileService: Event is not filtered because it is not in filter key list.
03-05 19:42:58.436   617   661 I AmazonProfileService: Event is not filtered because it is not in filter key list.
03-05 19:42:58.536   617   661 I AmazonProfileService: Event is not filtered because it is not in filter key list.
03-05 19:42:59.193   617   661 I AmazonProfileService: Event is not filtered because it is not in filter key list.
03-05 19:42:59.352   617   661 I AmazonProfileService: Event is not filtered because it is not in filter key list.
03-05 19:43:34.022   617   660 I AmazonProfileService: shouldAbortActivityStart() Package: xxx activity: xxx
03-05 19:43:34.023   617   660 I AmazonProfileService: APS_V2 enabled in Arcus and mIsChildPINEnabled : false
03-05 19:43:34.023   617   660 I AmazonProfileService: APS_V2 enabled in Arcus and mIsChildPINEnabled : false
03-05 19:43:34.023   617   660 I AmazonProfileService: xxx is a system app, do not abort activity start.
03-05 19:43:34.023   617   660 I AmazonProfileService: APS_V2 enabled in Arcus and mIsChildPINEnabled : false
03-05 19:43:34.756   617   660 W ActivityManager: Slow operation: 727ms so far, now at startProcess: done creating new process record
03-05 19:43:34.756   617   660 W ActivityManager: Slow operation: 727ms so far, now at startProcess: stepping in to startProcess
03-05 19:43:34.829   617   660 W ActivityManager: Slow operation: 72ms so far, now at startProcess: returned from zygote!
03-05 19:43:34.829   617   660 W ActivityManager: Slow operation: 73ms so far, now at startProcess: done updating battery stats
03-05 19:43:34.829   617   660 W ActivityManager: Slow operation: 73ms so far, now at startProcess: building log message
03-05 19:43:34.829   617   660 I ActivityManager: Start proc 21003:com.amazon.tv.launcher/u0a142 for activity com.amazon.tv.launcher/.ui.HomeActivity_vNext
03-05 19:43:34.829   617   660 W ActivityManager: Slow operation: 73ms so far, now at startProcess: starting to update pids map
03-05 19:43:34.829   617   660 W ActivityManager: Slow operation: 73ms so far, now at startProcess: done updating pids map
03-05 19:43:34.830   617   660 W ActivityManager: Slow operation: 800ms so far, now at startProcess: done starting proc!
03-05 19:43:34.835   617  1190 I ActivityManager: Process com.amazon.tv.ime (pid 784) has died
03-05 19:43:34.835   617  1190 W ActivityManager: Scheduling restart of crashed service com.amazon.tv.ime/.FireTVIME in 16000ms
03-05 19:43:34.843   617  1190 W ActivityManager: Failed setting process group of 19672 to 1
03-05 19:43:34.882   617   635 E NetdConnector: NDC event {614 Address updated 2804:d56:e01:dc01:a91:15ff:fe5a:45e1/64 wlan0 0 0} processed too late: 55480ms
03-05 19:43:34.883   617   635 E NetdConnector: NDC event {614 Address updated 2804:d56:e01:dc01:4c4e:a2:ac7:1682/64 wlan0 1 0} processed too late: 55480ms
03-05 19:43:34.885   617   635 E NetdConnector: NDC event {614 Address updated 2804:d56:e01:dc01:68c3:c32f:2b98:a11a/64 wlan0 33 0} processed too late: 55481ms
03-05 19:43:34.886   617   635 E NetdConnector: NDC event {614 Address updated 2804:d56:e01:dc01:4901:69b8:64d6:220c/64 wlan0 33 0} processed too late: 55482ms
03-05 19:43:34.888   617   635 E NetdConnector: NDC event {615 DnsInfo servers wlan0 1200 fe80::b245:2ff:fe5b:2ac2%wlan0} processed too late: 55483ms
03-05 19:43:34.921   617   630 I ProcessStatsService: Prepared write state in 11ms
03-05 19:43:34.923   617  1190 I WindowManager: WIN DEATH: Window{b8ccb56 u0 SurfaceView - com.example.clickflix/com.example.clickflix.MainActivity}
03-05 19:43:34.955   617 13191 I WindowManager: WIN DEATH: Window{92b0318 u0 com.example.clickflix/com.example.clickflix.MainActivity}
03-05 19:43:34.957   617   630 I ProcessStatsService: Prepared write state in 10ms
03-05 19:43:34.958   617  8828 I ActivityManager: Process com.example.clickflix (pid 19672) has died
03-05 19:43:34.959   617  8828 W ActivityManager: Force removing ActivityRecord{a16a50b u0 com.example.clickflix/.MainActivity t4765}: app died, no saved state
03-05 19:43:34.978   617   617 I ActivityManager: Start proc 21029:com.amazon.bueller.photos/u0a76 for service com.amazon.bueller.photos/com.amazon.gallery.thor.config.control.RemoteConfigurationJob
03-05 19:43:34.985   617   630 I ProcessStatsService: Prepared write state in 5ms
03-05 19:43:34.996   617   630 I ProcessStatsService: Prepared write state in 6ms
03-05 19:43:35.001   617   630 I ProcessStatsService: Prepared write state in 4ms
03-05 19:43:35.006   617   630 I ProcessStatsService: Prepared write state in 5ms
03-05 19:43:35.023   617   630 I ProcessStatsService: Prepared write state in 4ms
03-05 19:43:35.024   617  1332 W InputMethodManagerService: Session failed to close due to remote exception
03-05 19:43:35.024   617  1332 W InputMethodManagerService: android.os.DeadObjectException
03-05 19:43:35.024   617  1332 W InputMethodManagerService: 	at android.os.BinderProxy.transactNative(Native Method)
03-05 19:43:35.024   617  1332 W InputMethodManagerService: 	at android.os.BinderProxy.transact(Binder.java:617)
03-05 19:43:35.024   617  1332 W InputMethodManagerService: 	at com.android.internal.view.IInputMethodSession$Stub$Proxy.finishSession(IInputMethodSession.java:305)
03-05 19:43:35.024   617  1332 W InputMethodManagerService: 	at com.android.server.InputMethodManagerService.finishSessionLocked(InputMethodManagerService.java:1660)
03-05 19:43:35.024   617  1332 W InputMethodManagerService: 	at com.android.server.InputMethodManagerService.clearClientSessionLocked(InputMethodManagerService.java:1651)
03-05 19:43:35.024   617  1332 W InputMethodManagerService: 	at com.android.server.InputMethodManagerService.removeClient(InputMethodManagerService.java:1268)
03-05 19:43:35.024   617  1332 W InputMethodManagerService: 	at com.android.server.wm.Session.binderDied(Session.java:160)
03-05 19:43:35.024   617  1332 W InputMethodManagerService: 	at android.os.BinderProxy.sendDeathNotice(Binder.java:690)
03-05 19:43:35.033   617   630 I ProcessStatsService: Prepared write state in 10ms
03-05 19:43:35.038   617   630 I ProcessStatsService: Prepared write state in 5ms
03-05 19:43:35.044   617   630 I ProcessStatsService: Prepared write state in 4ms
03-05 19:43:35.045   617   617 W InputMethodManagerService: Session failed to close due to remote exception
03-05 19:43:35.045   617   617 W InputMethodManagerService: android.os.DeadObjectException
03-05 19:43:35.045   617   617 W InputMethodManagerService: 	at android.os.BinderProxy.transactNative(Native Method)
03-05 19:43:35.045   617   617 W InputMethodManagerService: 	at android.os.BinderProxy.transact(Binder.java:617)
03-05 19:43:35.045   617   617 W InputMethodManagerService: 	at com.android.internal.view.IInputMethodSession$Stub$Proxy.finishSession(IInputMethodSession.java:305)
03-05 19:43:35.045   617   617 W InputMethodManagerService: 	at com.android.server.InputMethodManagerService.finishSessionLocked(InputMethodManagerService.java:1660)
03-05 19:43:35.045   617   617 W InputMethodManagerService: 	at com.android.server.InputMethodManagerService.clearClientSessionLocked(InputMethodManagerService.java:1651)
03-05 19:43:35.045   617   617 W InputMethodManagerService: 	at com.android.server.InputMethodManagerService.clearCurMethodLocked(InputMethodManagerService.java:1677)
03-05 19:43:35.045   617   617 W InputMethodManagerService: 	at com.android.server.InputMethodManagerService.onServiceDisconnected(InputMethodManagerService.java:1696)
03-05 19:43:35.045   617   617 W InputMethodManagerService: 	at android.app.LoadedApk$ServiceDispatcher.doDeath(LoadedApk.java:1505)
03-05 19:43:35.045   617   617 W InputMethodManagerService: 	at android.app.LoadedApk$ServiceDispatcher$RunConnection.run(LoadedApk.java:1519)
03-05 19:43:35.045   617   617 W InputMethodManagerService: 	at android.os.Handler.handleCallback(Handler.java:751)
03-05 19:43:35.045   617   617 W InputMethodManagerService: 	at android.os.Handler.dispatchMessage(Handler.java:95)
03-05 19:43:35.045   617   617 W InputMethodManagerService: 	at android.os.Looper.loop(Looper.java:154)
03-05 19:43:35.045   617   617 W InputMethodManagerService: 	at com.android.server.SystemServer.run(SystemServer.java:367)
03-05 19:43:35.045   617   617 W InputMethodManagerService: 	at com.android.server.SystemServer.main(SystemServer.java:234)
03-05 19:43:35.045   617   617 W InputMethodManagerService: 	at java.lang.reflect.Method.invoke(Native Method)
03-05 19:43:35.045   617   617 W InputMethodManagerService: 	at com.android.internal.os.ZygoteInit$MethodAndArgsCaller.run(ZygoteInit.java:911)
03-05 19:43:35.045   617   617 W InputMethodManagerService: 	at com.android.internal.os.ZygoteInit.main(ZygoteInit.java:801)
03-05 19:43:35.046   617   617 W InputMethodManagerService: Session failed to close due to remote exception
03-05 19:43:35.046   617   617 W InputMethodManagerService: android.os.DeadObjectException
03-05 19:43:35.046   617   617 W InputMethodManagerService: 	at android.os.BinderProxy.transactNative(Native Method)
03-05 19:43:35.046   617   617 W InputMethodManagerService: 	at android.os.BinderProxy.transact(Binder.java:617)
03-05 19:43:35.046   617   617 W InputMethodManagerService: 	at com.android.internal.view.IInputMethodSession$Stub$Proxy.finishSession(IInputMethodSession.java:305)
03-05 19:43:35.046   617   617 W InputMethodManagerService: 	at com.android.server.InputMethodManagerService.finishSessionLocked(InputMethodManagerService.java:1660)
03-05 19:43:35.046   617   617 W InputMethodManagerService: 	at com.android.server.InputMethodManagerService.clearClientSessionLocked(InputMethodManagerService.java:1651)
03-05 19:43:35.046   617   617 W InputMethodManagerService: 	at com.android.server.InputMethodManagerService.clearCurMethodLocked(InputMethodManagerService.java:1677)
03-05 19:43:35.046   617   617 W InputMethodManagerService: 	at com.android.server.InputMethodManagerService.onServiceDisconnected(InputMethodManagerService.java:1696)
03-05 19:43:35.046   617   617 W InputMethodManagerService: 	at android.app.LoadedApk$ServiceDispatcher.doDeath(LoadedApk.java:1505)
03-05 19:43:35.046   617   617 W InputMethodManagerService: 	at android.app.LoadedApk$ServiceDispatcher$RunConnection.run(LoadedApk.java:1519)
03-05 19:43:35.046   617   617 W InputMethodManagerService: 	at android.os.Handler.handleCallback(Handler.java:751)
03-05 19:43:35.046   617   617 W InputMethodManagerService: 	at android.os.Handler.dispatchMessage(Handler.java:95)
03-05 19:43:35.046   617   617 W InputMethodManagerService: 	at android.os.Looper.loop(Looper.java:154)
03-05 19:43:35.046   617   617 W InputMethodManagerService: 	at com.android.server.SystemServer.run(SystemServer.java:367)
03-05 19:43:35.046   617   617 W InputMethodManagerService: 	at com.android.server.SystemServer.main(SystemServer.java:234)
03-05 19:43:35.046   617   617 W InputMethodManagerService: 	at java.lang.reflect.Method.invoke(Native Method)
03-05 19:43:35.046   617   617 W InputMethodManagerService: 	at com.android.internal.os.ZygoteInit$MethodAndArgsCaller.run(ZygoteInit.java:911)
03-05 19:43:35.046   617   617 W InputMethodManagerService: 	at com.android.internal.os.ZygoteInit.main(ZygoteInit.java:801)
03-05 19:43:35.049   617   630 I ProcessStatsService: Prepared write state in 5ms
03-05 19:43:35.053   617   630 I ProcessStatsService: Prepared write state in 4ms
03-05 19:43:35.093   617   630 E TimeDeltaAnrList: addTraceStartTime: failed to find PID for trace start time, PID: 0
03-05 19:43:35.124   617   718 W AmazonProfileService: Active profile for the package xxx not present for customer Id xxx
03-05 19:43:35.133   617  1332 I ActivityManager: Start proc 21055:com.amazon.alexa.externalmediaplayer.fireos/u0a65 for broadcast com.amazon.alexa.externalmediaplayer.fireos/com.amazon.alexa.externalmediaplayeragent.receivers.ClustersChangedReceiver
03-05 19:43:35.155   617   712 I ActivityManager: Start proc 21071:com.android.proxyhandler/u0a2 for service com.fireos.arcus.proxy/.ArcusProxy
03-05 19:43:35.550   617   627 I ActivityManager: Start proc 21116:com.amazon.tv.settings.v2/u0a152 for broadcast com.amazon.tv.settings.v2/.tv.display_sounds.RestoreNavigationSoundsReceiver
03-05 19:43:36.083 21116 21116 I FrameworkJumpTable: Successfully loaded all classes
03-05 19:43:36.108   617   701 I AmazonHdmiService: OneTouchPlay: Call starting
03-05 19:43:36.135 21116 21116 I FrameworkJumpTable: Successfully loaded all methods
03-05 19:43:36.145 21116 21116 I FrameworkJumpTable: Successfully loaded all fields
03-05 19:43:36.145 21116 21116 I FrameworkJumpTable: Successfully loaded all constructors
03-05 19:43:36.217 21116 21116 I AmazonHdmiServiceManager: AmazonHdmiServiceManager created
03-05 19:43:36.217   617  1330 I AmazonHdmiService: Get all supported display modes
03-05 19:43:36.221   617  1330 I AmazonHdmiService: Get Current HDCP Version
03-05 19:43:36.282   617   687 W HdmiCecController: Failed to send <Text View On> src: 4, dst: 0
03-05 19:43:36.306 21029 21029 I FrameworkJumpTable: Successfully loaded all classes
03-05 19:43:36.324 21029 21029 I FrameworkJumpTable: Successfully loaded all methods
03-05 19:43:36.326 21029 21029 I FrameworkJumpTable: Successfully loaded all fields
03-05 19:43:36.326 21029 21029 I FrameworkJumpTable: Successfully loaded all constructors
03-05 19:43:36.525   617   617 I AmazonHdmiService: OneTouchPlay: worked :Result:0
03-05 19:43:36.560   617   630 E TimeDeltaAnrList: endTimeDelta: failed to find PID for end time, PID: 0
03-05 19:43:36.568   617   630 E ActivityManager: ANR in com.example.clickflix (com.example.clickflix/.MainActivity)
03-05 19:43:36.568   617   630 E ActivityManager: PID: 0
03-05 19:43:36.568   617   630 E ActivityManager: Reason: Input dispatching timed out (Waiting to send key event because the focused window has not finished processing all of the input events that were previously delivered to it.  Outbound queue length: 0.  Wait queue length: 1.)
03-05 19:43:36.568   617   630 E ActivityManager: Load: 0.0 / 0.0 / 0.0
03-05 19:43:36.568   617   630 E ActivityManager: CPU usage from 176676ms to 0ms ago (2026-03-05 19:40:38.380 to 2026-03-05 19:43:35.056):
03-05 19:43:36.568   617   630 E ActivityManager:   11% 18562/kworker/u8:6: 0% user + 11% kernel
03-05 19:43:36.568   617   630 E ActivityManager:   9.7% 6643/kworker/u8:5: 0% user + 9.7% kernel
03-05 19:43:36.568   617   630 E ActivityManager:   7.6% 18631/kworker/u8:8: 0% user + 7.6% kernel
03-05 19:43:36.568   617   630 E ActivityManager:   5.1% 18420/kworker/u8:4: 0% user + 5.1% kernel
03-05 19:43:36.568   617   630 E ActivityManager:   4.7% 291/audioserver: 0% user + 4.7% kernel / faults: 52 minor 11 major
03-05 19:43:36.568   617   630 E ActivityManager:   3.9% 617/system_server: 2.6% user + 1.2% kernel / faults: 9713 minor 233 major
03-05 19:43:36.568   617   630 E ActivityManager:   1.4% 56/kswapd0: 0% user + 1.4% kernel
03-05 19:43:36.568   617   630 E ActivityManager:   0.8% 26/ksmd: 0% user + 0.8% kernel
03-05 19:43:36.568   617   630 E ActivityManager:   1.6% 1444/com.amazon.whad: 0% user + 1.6% kernel / faults: 721 minor 115 major
03-05 19:43:36.568   617   630 E ActivityManager:   1.1% 288/perfmonitord: 0.4% user + 0.6% kernel
03-05 19:43:36.568   617   630 E ActivityManager:   1% 196/logd: 0.2% user + 0.8% kernel / faults: 66 minor 11 major
03-05 19:43:36.568   617   630 E ActivityManager:   0.3% 151/mmcqd/0: 0% user + 0.3% kernel
03-05 19:43:36.568   617   630 E ActivityManager:   0.7% 1395/com.amazon.vizzini: 0.2% user + 0.4% kernel / faults: 2492 minor 346 major
03-05 19:43:36.568   617   630 E ActivityManager:   0.2% 99/hdmi_timer_kthr: 0% user + 0.2% kernel
03-05 19:43:36.568   617   630 E ActivityManager:   0.5% 244/surfaceflinger: 0.2% user + 0.3% kernel / faults: 99 minor 8 major
03-05 19:43:36.568   617   630 E ActivityManager:   0.3% 243/healthd: 0% user + 0.3% kernel
03-05 19:43:36.568   617   630 E ActivityManager:   0.3% 301/netd: 0.1% user + 0.2% kernel / faults: 367 minor
03-05 19:43:36.568   617   630 E ActivityManager:   0.3% 188/jbd2/mmcblk0p13: 0% user + 0.3% kernel
03-05 19:43:36.568   617   630 E ActivityManager:   0.3% 816/hif_thread: 0% user + 0.3% kernel
03-05 19:43:36.568   617   630 E ActivityManager:   0.1% 134/disp_osd2_irq_k: 0% user + 0.1% kernel
03-05 19:43:36.568   617   630 E ActivityManager:   0.2% 218/ksdioirqd/mmc1: 0% user + 0.2% kernel
03-05 19:43:36.568   617   630 E ActivityManager:   0% 7/rcu_preempt: 0% user + 0% kernel
03-05 19:43:36.568   617   630 E ActivityManager:   0% 133/disp_osd1_irq_k: 0% user + 0% kernel
03-05 19:43:36.568   617   630 E ActivityManager:   0% 100/cec_timer_kthre: 0% user + 0% kernel
03-05 19:43:36.568   617   630 E ActivityManager:   0.1% 815/main_thread: 0% user + 0.1% kernel
03-05 19:43:36.568   617   630 E ActivityManager:   0.1% 817/rx_thread: 0% user + 0.1% kernel
03-05 19:43:36.568   617   630 E ActivityManager:   0.1% 778/com.android.bluetooth: 0% user + 0.1% kernel / faults: 238 minor 83 major
03-05 19:43:36.568   617   630 E ActivityManager:   0.1% 14643/kworker/u8:2: 0% user + 0.1% kernel
03-05 19:43:36.568   617   630 E ActivityManager:   0% 137/video_disp0: 0% user + 0% kernel
03-05 19:43:36.568   617   630 E ActivityManager:   0% 139/disp_dovi_vsync: 0% user + 0% kernel
03-05 19:43:36.568   617   630 E ActivityManager:   0.1% 6641/kworker/u8:0: 0% user + 0.1% kernel
03-05 19:43:36.568   617   630 E ActivityManager:   0% 1427/com.amazon.tv.devicecontrol: 0% user + 0% kernel / faults: 530 minor 47 major
03-05 19:43:36.568   617   630 E ActivityManager:   0% 126/pvr_defer_free: 0% user + 0% kernel
03-05 19:43:36.568   617   630 E ActivityManager:   0% 138/video_disp1: 0% user + 0% kernel
03-05 19:43:36.568   617   630 E ActivityManager:   0% 1214/com.amazon.client.metrics: 0% user + 0% kernel / faults: 56 minor 1 major
03-05 19:43:36.568   617   630 E ActivityManager:   0% 18632/kworker/u8:9: 0% user + 0% kernel
03-05 19:43:36.568   617   630 E ActivityManager:   0% 289/zygote: 0% user + 0% kernel / faults: 463 minor
03-05 19:43:36.568   617   630 E ActivityManager:   0% 19563/kworker/1:2: 0% user + 0% kernel
03-05 19:43:36.568   617   630 E ActivityManager:   0% 2/kthreadd: 0% user + 0% kernel
03-05 19:43:36.568   617   630 E ActivityManager:   0% 33/cfinteractive: 0% user + 0% kernel
03-05 19:43:36.568   617   630 E ActivityManager:   0% 96/hps_main: 0% user + 0% kernel
03-05 19:43:36.568   617   630 E ActivityManager:   0% 118/irq/109-sdio-ei: 0% user + 0% kernel
03-05 19:43:36.568   617   630 E ActivityManager:   0% 161/kworker/3:1H: 0% user + 0% kernel
03-05 19:43:36.568   617   630 E ActivityManager:   0% 1413/com.amazon.dialservice: 0% user + 0% kernel
03-05 19:43:36.568   617   630 E ActivityManager:   0% 18573/kworker/0:1H: 0% user + 0% kernel
03-05 19:43:36.568   617   630 E ActivityManager:   0% 20/ksoftirqd/3: 0% user + 0% kernel
03-05 19:43:36.568   617   630 E ActivityManager:   0% 86/hwrng: 0% user + 0% kernel
03-05 19:43:36.568   617   630 E ActivityManager:   0% 128/pvr_cacheop: 0% user + 0% kernel
03-05 19:43:36.568   617   630 E ActivityManager:   0% 163/kworker/1:1H: 0% user + 0% kernel
03-05 19:43:36.568   617   630 E ActivityManager:   0% 187/kworker/2:1H: 0% user + 0% kernel
03-05 19:43:36.568   617   630 E ActivityManager:   0% 228/btmtk_main_serv: 0% user + 0% kernel
03-05 19:43:36.568   617   630 E ActivityManager:   0% 251/servicemanager: 0% user + 0% kernel / faults: 6 minor
03-05 19:43:36.568   617   630 E ActivityManager:   0% 260/adbd: 0% user + 0% kernel
03-05 19:43:36.568   617   630 E ActivityManager:   0% 303/securetime: 0% user + 0% kernel
03-05 19:43:36.568   617   630 E ActivityManager:   0% 831/com.amazon.device.services: 0% user + 0% kernel / faults: 98 minor 10 major
03-05 19:43:36.568   617   630 E ActivityManager:   0% 889/wpa_supplicant: 0% user + 0% kernel / faults: 1 minor 4 major
03-05 19:43:36.568   617   630 E ActivityManager:   0% 3159/com.amazon.alexamediaplayer.runtime.ftv: 0% user + 0% kernel
03-05 19:43:36.568   617   630 E ActivityManager:  +0% 20923/com.android.providers.tv: 0% user + 0% kernel
03-05 19:43:36.568   617   630 E ActivityManager:  +0% 20951/kworker/2:1: 0% user + 0% kernel
03-05 19:43:36.568   617   630 E ActivityManager:  +0% 20957/com.amazon.ceviche: 0% user + 0% kernel
03-05 19:43:36.568   617   630 E ActivityManager:  +0% 20974/kworker/3:0: 0% user + 0% kernel
03-05 19:43:36.568   617   630 E ActivityManager:  +0% 21003/com.amazon.tv.launcher: 0% user + 0% kernel
03-05 19:43:36.568   617   630 E ActivityManager:  +0% 21019/debuggerd: 0% user + 0% kernel
03-05 19:43:36.568   617   630 E ActivityManager:  +0% 21026/iw: 0% user + 0% kernel
03-05 19:43:36.568   617   630 E ActivityManager:  +0% 21027/head: 0% user + 0% kernel
03-05 19:43:36.568   617   630 E ActivityManager:  +0% 21028/cut: 0% user + 0% kernel
03-05 19:43:36.568   617   630 E ActivityManager:  +0% 21029/com.amazon.bueller.photos: 0% user + 0% kernel
03-05 19:43:36.568   617   630 E ActivityManager:  +0% 21046/kworker/1:0: 0% user + 0% kernel
03-05 19:43:36.568   617   630 E ActivityManager:  +0% 21047/debuggerd:signaller: 0% user + 0% kernel
03-05 19:43:36.568   617   630 E ActivityManager: 78% TOTAL: 1.2% user + 23% kernel + 54% iowait + 0% softirq
03-05 19:43:36.568   617   630 E ActivityManager: CPU usage from 25466831
03-05 19:43:36.569   617   630 E TimeDeltaAnrList: getTimeDelta: failed to find timeDelta entry, PID: 0
03-05 19:43:36.571   617   630 I ActivityManager: Killing 0:com.example.clickflix/u0a318 (adj 200): bg anr
03-05 19:43:36.581   617   632 W libprocessgroup: failed to open /acct/uid_10318/pid_0/cgroup.procs: No such file or directory
03-05 19:43:36.582   617   630 I ProcessStatsService: Prepared write state in 6ms
03-05 19:43:36.586   617   630 I ProcessStatsService: Prepared write state in 4ms
03-05 19:43:36.587   617 13191 I AmazonProfileService: Registering callback
03-05 19:43:36.618   617   630 I ActivityManager: Start proc 21242:com.amazon.whisperlink.core.android/u0a56 for service com.amazon.whisperlink.core.android/.WhisperLinkCoreService
03-05 19:43:36.626   617 21236 I CrashReporterActivityManagerCallback: ANR addErrorToDropBox inserted hashcode=3c74efd80f8019cfbfe0b4c178bb223404aca182.
03-05 19:43:36.660   617 16820 I ActivityManager: Start proc 21257:com.amazon.prism.android.service:remote/u0a118 for service com.amazon.prism.android.service/.PrismService
03-05 19:43:36.712   617 13191 I AmazonProfileService: Registering callback
03-05 19:43:36.717   617   630 I ActivityManager: Start proc 21280:com.amazon.ftv.xpicker/u0a101 for service com.amazon.ftv.xpicker/.service.XPickerFeatureService
03-05 19:43:36.741   617   630 I ActivityManager: Start proc 21290:com.amazon.whisperjoin.middleware.np/u0a159 for service com.amazon.whisperjoin.middleware.np/com.amazon.whisperjoin.middleware.services.MiddlewareService
03-05 19:43:36.771   617   630 I ActivityManager: Start proc 21307:com.amazon.tv.alexaalerts/u0a132 for service com.amazon.tv.alexaalerts/amazon.alexa.alerts.service.AlarmService
03-05 19:43:36.799   617   630 I ProcessStatsService: Prepared write state in 14ms
03-05 19:43:36.918   617 16820 W ActivityManager: Slow operation: 119ms so far, now at getContentProviderImpl: before updateLruProcess
03-05 19:43:36.918   617 16820 W ActivityManager: Slow operation: 119ms so far, now at getContentProviderImpl: after updateLruProcess
03-05 19:43:36.918   617 16820 W ActivityManager: Slow operation: 119ms so far, now at getContentProviderImpl: before updateOomAdj
03-05 19:43:36.918   617 16820 W ActivityManager: Slow operation: 119ms so far, now at getContentProviderImpl: after updateOomAdj
03-05 19:43:36.919   617 16820 W ActivityManager: Slow operation: 119ms so far, now at getContentProviderImpl: done!
03-05 19:43:36.928   617   630 I ProcessStatsService: Prepared write state in 5ms
03-05 19:43:36.946 21003 21003 I FrameworkJumpTable: Successfully loaded all classes
03-05 19:43:36.978 21003 21003 I FrameworkJumpTable: Successfully loaded all methods
03-05 19:43:36.980 21003 21003 I FrameworkJumpTable: Successfully loaded all fields
03-05 19:43:36.980 21003 21003 I FrameworkJumpTable: Successfully loaded all constructors
03-05 19:43:37.268 20957 20976 I FrameworkJumpTable: Successfully loaded all classes
03-05 19:43:37.309 21257 21345 I FrameworkJumpTable: Successfully loaded all classes
03-05 19:43:37.339 21257 21345 I FrameworkJumpTable: Successfully loaded all methods
03-05 19:43:37.341 21257 21345 I FrameworkJumpTable: Successfully loaded all fields
03-05 19:43:37.341 21257 21345 I FrameworkJumpTable: Successfully loaded all constructors
03-05 19:43:37.358 21003 21207 I AmazonHdmiServiceManager: AmazonHdmiServiceManager created
03-05 19:43:37.359   617 16820 I AmazonHdmiService: Get Current HDCP Version
03-05 19:43:37.470 20957 20976 I FrameworkJumpTable: Successfully loaded all methods
03-05 19:43:37.478 20957 20976 I FrameworkJumpTable: Successfully loaded all fields
03-05 19:43:37.480 20957 20976 I FrameworkJumpTable: Successfully loaded all constructors
03-05 19:43:37.598   617   629 I CrashDescriptorUtil: addErrorToCommonLog trace inserted line :3c74efd80f8019cfbfe0b4c178bb223404aca182into file /data/anr/traces_commonlog.txt
03-05 19:43:37.635   617  7591 I ActivityManager: Start proc 21449:com.amazon.adep/u0a60 for content provider com.amazon.adep/.providers.AdepContentProvider
03-05 19:43:37.665   617   617 I ActivityManager: Start proc 21462:com.amazon.venezia/u0a155 for service com.amazon.venezia/.oobe.easyupgrade.backup.YacBackupService
03-05 19:43:37.811 21449 21449 I FrameworkJumpTable: Successfully loaded all classes
03-05 19:43:37.834 21449 21449 I FrameworkJumpTable: Successfully loaded all methods
03-05 19:43:37.836 21449 21449 I FrameworkJumpTable: Successfully loaded all fields
03-05 19:43:37.836 21449 21449 I FrameworkJumpTable: Successfully loaded all constructors
03-05 19:43:38.085   617   777 E TaskPersister: File error accessing recents directory (directory doesn't exist?).
03-05 19:43:38.145   617  6124 E WindowManager: App trying to use insecure INPUT_FEATURE_NO_INPUT_CHANNEL flag. Ignoring
03-05 19:43:38.319   617  1257 I ActivityManager: Start proc 21554:com.amazon.aca/u0a59 for content provider com.amazon.aca/.instahints.provider.InstaHintsProvider
03-05 19:43:38.336   617  6124 I AmazonProfileService: Event is not filtered because it is not in filter key list.
03-05 19:43:38.428 21462 21462 I FrameworkJumpTable: Successfully loaded all classes
03-05 19:43:38.447 21462 21462 I FrameworkJumpTable: Successfully loaded all methods
03-05 19:43:38.449 21462 21462 I FrameworkJumpTable: Successfully loaded all fields
03-05 19:43:38.449 21462 21462 I FrameworkJumpTable: Successfully loaded all constructors
03-05 19:43:38.458   617  1407 I AmazonHdmiService: Get Current HDCP Version
03-05 19:43:38.524   617  1190 I ActivityManager: Start proc 21593:com.amazon.tv.ime/u0a141 for service com.amazon.tv.ime/.FireTVIME
03-05 19:43:38.836 21593 21593 I FrameworkJumpTable: Successfully loaded all classes
03-05 19:43:38.856 21593 21593 I FrameworkJumpTable: Successfully loaded all methods
03-05 19:43:38.858 21593 21593 I FrameworkJumpTable: Successfully loaded all fields
03-05 19:43:38.858 21593 21593 I FrameworkJumpTable: Successfully loaded all constructors
03-05 19:43:39.092 21554 21554 I FrameworkJumpTable: Successfully loaded all classes
03-05 19:43:39.109 21554 21554 I FrameworkJumpTable: Successfully loaded all methods
03-05 19:43:39.110 21554 21554 I FrameworkJumpTable: Successfully loaded all fields
03-05 19:43:39.110 21554 21554 I FrameworkJumpTable: Successfully loaded all constructors
03-05 19:43:39.551   617 19414 W ActivityManager: Unable to start service Intent { act=amazon.speech.intent.action.GET_SIMCLIENT cmp=amazon.speech.sim/.service.SpeechInteractionService } U=0: not found
03-05 19:43:39.911   617 13191 I AmazonHdmiService: Get all supported display modes
03-05 19:43:39.915   617  6124 I AmazonHdmiService: Get Current HDCP Version
03-05 19:43:39.916   617  1257 I ActivityManager: Start proc 21751:com.amazon.diode/u0a90 for broadcast com.amazon.diode/.events.ExternalEventReceiver
03-05 19:43:40.504   617 19414 I AmazonProfileService: Registering callback
03-05 19:43:40.728 21290 21766 I FrameworkJumpTable: Successfully loaded all classes
03-05 19:43:40.968 21290 21766 I FrameworkJumpTable: Successfully loaded all methods
03-05 19:43:40.969 21290 21766 I FrameworkJumpTable: Successfully loaded all fields
03-05 19:43:40.970 21290 21766 I FrameworkJumpTable: Successfully loaded all constructors
03-05 19:43:41.763   617   647 I ActivityManager: Start proc 21902:com.android.defcontainer/u0a15 for service com.android.defcontainer/.DefaultContainerService
03-05 19:43:42.819 21280 21280 I FrameworkJumpTable: Successfully loaded all classes
03-05 19:43:43.129 21280 21280 I FrameworkJumpTable: Successfully loaded all methods
03-05 19:43:43.157 21280 21280 I FrameworkJumpTable: Successfully loaded all fields
03-05 19:43:43.157 21280 21280 I FrameworkJumpTable: Successfully loaded all constructors
03-05 19:43:44.406   617  6124 I ActivityManager: Start proc 22044:com.android.providers.downloads/u0a28 for content provider com.android.providers.downloads/.DownloadProvider
03-05 19:43:47.834   617  8828 I ActivityManager: Start proc 22165:com.amazon.device.software.ota/u0a20 for service com.amazon.device.software.ota/.OtaService
03-05 19:43:48.075   617  5010 I ActivityManager: Start proc 22187:com.amazon.avod/u0a73 for service com.amazon.avod/.playbackclient.sdk.PlaybackSdkService
03-05 19:43:48.977 22187 22232 I FrameworkJumpTable: Successfully loaded all classes
03-05 19:43:49.004 22187 22232 I FrameworkJumpTable: Successfully loaded all methods
03-05 19:43:49.006 22187 22232 I FrameworkJumpTable: Successfully loaded all fields
03-05 19:43:49.006 22187 22232 I FrameworkJumpTable: Successfully loaded all constructors
03-05 19:43:49.541 21116 21116 E ActivityThread: Service com.amazon.tv.settings.v2.EmitStorageMetricService has leaked ServiceConnection com.amazon.dcp.ota.ServiceBinder$1@4d94721 that was originally bound here
03-05 19:43:49.541 21116 21116 E ActivityThread: android.app.ServiceConnectionLeaked: Service com.amazon.tv.settings.v2.EmitStorageMetricService has leaked ServiceConnection com.amazon.dcp.ota.ServiceBinder$1@4d94721 that was originally bound here
03-05 19:43:49.541 21116 21116 E ActivityThread: 	at android.app.LoadedApk$ServiceDispatcher.<init>(LoadedApk.java:1372)
03-05 19:43:49.541 21116 21116 E ActivityThread: 	at android.app.LoadedApk.getServiceDispatcher(LoadedApk.java:1267)
03-05 19:43:49.541 21116 21116 E ActivityThread: 	at android.app.ContextImpl.bindServiceCommon(ContextImpl.java:1479)
03-05 19:43:49.541 21116 21116 E ActivityThread: 	at android.app.ContextImpl.bindService(ContextImpl.java:1451)
03-05 19:43:49.541 21116 21116 E ActivityThread: 	at android.content.ContextWrapper.bindService(ContextWrapper.java:636)
03-05 19:43:49.541 21116 21116 E ActivityThread: 	at com.amazon.dcp.ota.ServiceBinder.startBind(ServiceBinder.java:159)
03-05 19:43:49.541 21116 21116 E ActivityThread: 	at com.amazon.dcp.ota.ServiceBinder.unsafeBind(ServiceBinder.java:83)
03-05 19:43:49.541 21116 21116 E ActivityThread: 	at com.amazon.dcp.ota.ServiceBinder.bind(ServiceBinder.java:68)
03-05 19:43:49.541 21116 21116 E ActivityThread: 	at com.amazon.dcp.ota.OtaServiceConnectionManager.getServiceBinder(OtaServiceConnectionManager.java:87)
03-05 19:43:49.541 21116 21116 E ActivityThread: 	at com.amazon.dcp.ota.OtaServiceConnectionManager.access$000(OtaServiceConnectionManager.java:22)
03-05 19:43:49.541 21116 21116 E ActivityThread: 	at com.amazon.dcp.ota.OtaServiceConnectionManager$OtaServiceWrapper.getAllBlockedApps(OtaServiceConnectionManager.java:528)
03-05 19:43:49.541 21116 21116 E ActivityThread: 	at com.amazon.dcp.ota.OTAController.getAllBlockedApps(OTAController.java:1048)
03-05 19:43:49.541 21116 21116 E ActivityThread: 	at com.amazon.tv.settings.v2.EmitStorageMetricService$1$1.onFinishedMeasuringApps(EmitStorageMetricService.java:107)
03-05 19:43:49.541 21116 21116 E ActivityThread: 	at com.amazon.tv.settings.v2.tv.applications.PackageStatsApplicationSizeComputer$2.onGetSizeCompleted(PackageStatsApplicationSizeComputer.java:64)
03-05 19:43:49.541 21116 21116 E ActivityThread: 	at com.amazon.tv.sysappsinternal.impl.AppSettingsImpl$4.onGetStatsCompleted(AppSettingsImpl.java:140)
03-05 19:43:49.541 21116 21116 E ActivityThread: 	at android.content.pm.IPackageStatsObserver$Stub.onTransact(IPackageStatsObserver.java:63)
03-05 19:43:49.541 21116 21116 E ActivityThread: 	at android.os.Binder.execTransact(Binder.java:565)
03-05 19:43:49.620 22187 22187 I AmazonHdmiServiceManager: AmazonHdmiServiceManager created
03-05 19:43:49.853   617   629 I ActivityManager: Start proc 22262:com.amazon.kso.blackbird/u0a111 for service com.amazon.kso.blackbird/.sync.arcus.PeriodicArcusSyncService
03-05 19:43:52.073   617   617 I ActivityManager: Start proc 22331:com.amazon.tv.csapp/u0a135 for service com.amazon.tv.csapp/.services.RCMPeriodicSyncService
--------- beginning of main
03-05 19:43:53.480  1395  4042 I chatty  : uid=10156(com.amazon.vizzini) pool-9-thread-1 expire 36 lines
03-05 19:43:53.485 22187 22292 I AmazonVideo: Waiting for MediaSystem:Initialization to initialize, current state Initializing
03-05 19:43:53.488 22187 22293 I AmazonVideo: Entered initialize for AssociateTagProviderProxy
03-05 19:43:53.489 22187 22293 I AmazonVideo: Completed initialize for AssociateTagProviderProxy
03-05 19:43:53.504 21462 22384 I chatty  : uid=10155(com.amazon.venezia) expire 3 lines
03-05 19:43:53.524 22187 22228 I art     : Waiting for a blocking GC DisableMovingGc
03-05 19:43:53.532 22187 22291 I AmazonVideo: Waiting for EventManager to initialize, current state NotInitialized
03-05 19:43:53.533 22187 22293 I AmazonVideo: Entered initialize for ImpressionEventReporter
03-05 19:43:53.534 22187 22293 I AmazonVideo: Completed initialize for ImpressionEventReporter
03-05 19:43:53.535 22187 22293 I AmazonVideo: Waiting for QueuedActionProcessor to initialize, current state NotInitialized
03-05 19:43:53.536 22187 22385 I AmazonVideo: Entered initialize for EventManager
03-05 19:43:53.537 22187 22385 I AmazonVideo: Completed initialize for EventManager
03-05 19:43:53.538 22187 22291 I AmazonVideo: Waiting for PurchaseComponents to initialize, current state NotInitialized
03-05 19:43:53.538 22187 22386 I AmazonVideo: Entered initialize for QueuedActionProcessor
03-05 19:43:53.546 22187 22290 I art     : Waiting for a blocking GC DisableMovingGc
03-05 19:43:53.547 22187 22388 I AmazonVideo: Entered initialize for PurchaseComponents
03-05 19:43:53.549 21462 21476 I chatty  : uid=10155(com.amazon.venezia) Binder:21462_2 expire 16 lines
03-05 19:43:53.552 22187 22388 I AmazonVideo: Completed initialize for PurchaseComponents
03-05 19:43:53.559 22187 22386 I AmazonVideo: Entered initialize for WatchlistQueueProcessor
03-05 19:43:53.559 22187 22386 I AmazonVideo: Completed initialize for WatchlistQueueProcessor
03-05 19:43:53.560 22187 22386 I AmazonVideo: Entered initialize for TitleReactionQueueProcessor
03-05 19:43:53.560 22187 22386 I AmazonVideo: Completed initialize for TitleReactionQueueProcessor
03-05 19:43:53.562 22187 22291 I AmazonVideo: Waiting for InAppBillingManagerSupplier to initialize, current state NotInitialized
03-05 19:43:53.563 22187 22389 I AmazonVideo: Entered initialize for InAppBillingManagerSupplier
03-05 19:43:53.564 22187 22389 I AmazonVideo: Completed initialize for InAppBillingManagerSupplier
03-05 19:43:53.565 22187 22291 I AmazonVideo: Waiting for BookmarkCacheProxy to initialize, current state NotInitialized
03-05 19:43:53.561 22187 22386 I AmazonVideo: Entered initialize for FeedbackQueueProcessor
03-05 19:43:53.566 22187 22386 I AmazonVideo: Completed initialize for FeedbackQueueProcessor
03-05 19:43:53.566 22187 22386 I AmazonVideo: Completed initialize for QueuedActionProcessor
03-05 19:43:53.573 22187 22390 I AmazonVideo: Entered initialize for BookmarkCacheProxy
03-05 19:43:53.591 22187 22293 I AmazonVideo: Waiting for MediaSystem:Initialization to initialize, current state Initializing
03-05 19:43:53.592 22187 22390 I art     : Waiting for a blocking GC DisableMovingGc
03-05 19:43:53.593 22187 22392 I AmazonVideo: Entered initialize for DownloadPersistenceInitializationTask
03-05 19:43:53.594 22187 22392 I AmazonVideo: Entered initialize for AppUidManager
03-05 19:43:53.594 22187 22392 I art     : Waiting for a blocking GC DisableMovingGc
03-05 19:43:53.596 21462 22391 I chatty  : uid=10155(com.amazon.venezia) expire 3 lines
03-05 19:43:53.621 22187 22228 I art     : WaitForGcToComplete blocked for 97.092ms for cause DisableMovingGc
03-05 19:43:53.621 22187 22228 I art     : Starting a blocking GC DisableMovingGc
03-05 19:43:53.621 22187 22290 I art     : WaitForGcToComplete blocked for 74.738ms for cause DisableMovingGc
03-05 19:43:53.621 22187 22290 I art     : Starting a blocking GC DisableMovingGc
03-05 19:43:53.621 22187 22390 I art     : WaitForGcToComplete blocked for 28.884ms for cause DisableMovingGc
03-05 19:43:53.621 22187 22390 I art     : Starting a blocking GC DisableMovingGc
03-05 19:43:53.625 22187 22390 I AmazonVideo: Completed initialize for BookmarkCacheProxy
03-05 19:43:53.625 22187 22392 I art     : WaitForGcToComplete blocked for 31.268ms for cause DisableMovingGc
03-05 19:43:53.625 22187 22392 I art     : Starting a blocking GC DisableMovingGc
03-05 19:43:53.626 22187 22290 I AmazonVideo: Entered initialize for PushNotifications
03-05 19:43:53.627 22187 22290 I AmazonVideo: Push notification is enabled
03-05 19:43:53.629 22187 22392 I AmazonVideo: App uid : 10127 packageName : com.amazon.tahoe
03-05 19:43:53.630 22187 22392 W AmazonVideo: Warning: Cannot find application info for com.amazon.asxr
03-05 19:43:53.630 22187 22392 W AmazonVideo: Warning: Cannot find application info for com.amazon.avod.sdk.example
03-05 19:43:53.631 22187 22392 W AmazonVideo: Warning: Cannot find application info for com.amazon.storagemanager
03-05 19:43:53.631 22187 22392 W AmazonVideo: Warning: Cannot find application info for com.amazon.kindle.unifiedSearch
03-05 19:43:53.632 22187 22392 I AmazonVideo: App uid : 10093 packageName : com.amazon.firebat
03-05 19:43:53.633 22187 22392 W AmazonVideo: Warning: Cannot find application info for com.amazon.readynowcore
03-05 19:43:53.633 22187 22392 I AmazonVideo: Completed initialize for AppUidManager
03-05 19:43:53.636 22187 22392 I AmazonVideo: Entered initialize for DownloadNotificationListener
03-05 19:43:53.636 22187 22392 I AmazonVideo: Completed initialize for DownloadNotificationListener
03-05 19:43:53.639 22187 22290 I AmazonVideo: Entered initialize for PushFrontendServiceClient
03-05 19:43:53.640 22187 22290 I AmazonVideo: Completed initialize for PushFrontendServiceClient
03-05 19:43:53.658 22187 22290 I AmazonVideo: Completed initialize for PushNotifications
03-05 19:43:53.660 22187 22392 I AmazonVideo: Entered initialize for DownloadConnectionEventListener
03-05 19:43:53.660 22187 22392 I AmazonVideo: Completed initialize for DownloadConnectionEventListener
03-05 19:43:53.678 22187 22291 I AmazonVideo: Shortcuts have already been set, not setting them again
03-05 19:43:53.688 22187 22291 I AmazonVideo: Entered initialize for InsightsEventReporter
03-05 19:43:53.688 22187 22291 I AmazonVideo: Entered initialize for ApplicationInsightsEventFactory
03-05 19:43:53.688 22187 22291 I AmazonVideo: Completed initialize for ApplicationInsightsEventFactory
03-05 19:43:53.688 22187 22291 I AmazonVideo: Completed initialize for InsightsEventReporter
03-05 19:43:53.692   617   629 W Searchables: No global search activity found
03-05 19:43:53.693 22187 22291 I AmazonVideo: Sync Framework: queueing requestId=ca7e50dc to run after initialDelay=0ms with data={trigger=application_startup, isQA=false}
03-05 19:43:53.700 22187 22291 I ...atformDependencyImpl: isAmazonDevice() in ClientSideAmazonPlatformDependencyImpl is called
03-05 19:43:53.702 22187 22291 I ...atformDependencyImpl: isAmazonDevice() in ClientSideAmazonPlatformDependencyImpl is called
03-05 19:43:53.702 22187 22291 I ...d/AmazonSerialNumber: MAP Client side on FireOS 6 or below calls android.os.Build to get the DSN.
03-05 19:43:53.704 22187 22291 I ...atformDependencyImpl: isAmazonDevice() in ClientSideAmazonPlatformDependencyImpl is called
03-05 19:43:53.712 21462 22374 I chatty  : uid=10155(com.amazon.venezia) expire 9 lines
03-05 19:43:53.713 22187 22291 I AmazonVideo: Used packageDeviceTypeIdKey: (com.amazon.avod/DeviceType) to set result: (AKPGW064GI9HE)
03-05 19:43:53.716 22187 22291 I AmazonVideo: Device properties refresh from MAP succeeded: no change from cached data
03-05 19:43:53.723 22187 22395 I ...atformDependencyImpl: isAmazonDevice() in ClientSideAmazonPlatformDependencyImpl is called
03-05 19:43:53.728 21462 21478 I chatty  : uid=10155(com.amazon.venezia) Binder:21462_4 expire 33 lines
03-05 19:43:53.732 21462 22371 I chatty  : uid=10155(com.amazon.venezia) expire 20 lines
03-05 19:43:53.736 22187 22395 I ...atformDependencyImpl: isAmazonDevice() in ClientSideAmazonPlatformDependencyImpl is called
03-05 19:43:53.741 22187 22387 I ADM     : Retrieving the registration id.
03-05 19:43:53.743 22187 22395 I ...atformDependencyImpl: isAmazonDevice() in ClientSideAmazonPlatformDependencyImpl is called
03-05 19:43:53.749 22187 22395 I ...atformDependencyImpl: isAmazonDevice() in ClientSideAmazonPlatformDependencyImpl is called
03-05 19:43:53.750 22187 22395 I AmazonVideo: Attempt #1: running FetchMarketplaceCallable
03-05 19:43:53.751 22187 22395 I ...atformDependencyImpl: isAmazonDevice() in ClientSideAmazonPlatformDependencyImpl is called
03-05 19:43:53.752 22187 22395 I ...atformDependencyImpl: isAmazonDevice() in ClientSideAmazonPlatformDependencyImpl is called
03-05 19:43:53.753 22187 22396 I AmazonVideo: Attempt #1: running FetchVideoRegionCallable
