12-28 08:17:33.644   618   662 I AmazonProfileService: Event not filtered. KPM proceeds the key
12-28 08:17:34.464   618   662 I AmazonProfileService: Event not filtered. KPM proceeds the key
12-28 08:17:34.641   618   662 I AmazonProfileService: Event not filtered. KPM proceeds the key
12-28 08:17:50.274   618  3780 I ActivityManager: Killing 24012:org.jellyfin.androidtv/u0a71 (adj 903): empty #17
12-28 08:18:00.005   618   618 I ActivityManager: Killing 23483:com.amazon.bueller.photos/u0a76 (adj 903): empty #17
12-28 08:18:37.687   618   662 I AmazonProfileService: Event not filtered. KPM proceeds the key
12-28 08:18:37.787   618   662 I AmazonProfileService: Event not filtered. KPM proceeds the key
12-28 08:18:40.183   618   662 I AmazonProfileService: Event is not filtered because it is not in filter key list.
12-28 08:18:40.363   618   662 I AmazonProfileService: Event is not filtered because it is not in filter key list.
12-28 08:18:40.368   618   662 I AmazonProfileService: Event is not filtered because it is not in filter key list.
12-28 08:18:40.482   618   662 I AmazonProfileService: Event is not filtered because it is not in filter key list.
12-28 08:18:41.639   618   618 I ActivityManager: Start proc 25404:com.amazon.firebat/u0a93 for service com.amazon.firebat/androidx.work.impl.background.systemjob.SystemJobService
12-28 08:18:42.108 25404 25404 I FrameworkJumpTable: Successfully loaded all classes
12-28 08:18:42.123 25404 25404 I FrameworkJumpTable: Successfully loaded all methods
12-28 08:18:42.124 25404 25404 I FrameworkJumpTable: Successfully loaded all fields
12-28 08:18:42.125 25404 25404 I FrameworkJumpTable: Successfully loaded all constructors
12-28 08:18:42.342   618   662 I AmazonProfileService: Event is not filtered because it is not in filter key list.
12-28 08:18:42.487   618   662 I AmazonProfileService: Event is not filtered because it is not in filter key list.
12-28 08:18:42.696 25404 25404 I AmazonHdmiServiceManager: AmazonHdmiServiceManager created
12-28 08:18:43.027   618   662 I AmazonProfileService: Event is not filtered because it is not in filter key list.
12-28 08:18:43.186   618   662 I AmazonProfileService: Event is not filtered because it is not in filter key list.
12-28 08:18:43.362   618   662 I AmazonProfileService: Event is not filtered because it is not in filter key list.
12-28 08:18:43.487   618   662 I AmazonProfileService: Event is not filtered because it is not in filter key list.
12-28 08:18:44.162   618   662 I AmazonProfileService: Event is not filtered because it is not in filter key list.
12-28 08:18:44.247   618   662 I AmazonProfileService: Event is not filtered because it is not in filter key list.
12-28 08:18:44.342   618   662 I AmazonProfileService: Event is not filtered because it is not in filter key list.
12-28 08:18:44.443   618   662 I AmazonProfileService: Event is not filtered because it is not in filter key list.
12-28 08:18:44.543   618   662 I AmazonProfileService: Event is not filtered because it is not in filter key list.
12-28 08:18:44.642   618   662 I AmazonProfileService: Event is not filtered because it is not in filter key list.
12-28 08:18:46.367   618   662 I AmazonProfileService: Event is not filtered because it is not in filter key list.
12-28 08:18:46.583   618   662 I AmazonProfileService: Event is not filtered because it is not in filter key list.
12-28 08:18:46.787   618   662 I AmazonProfileService: Event is not filtered because it is not in filter key list.
12-28 08:18:46.942   618   662 I AmazonProfileService: Event is not filtered because it is not in filter key list.
12-28 08:18:47.542   618   662 I AmazonProfileService: Event is not filtered because it is not in filter key list.
12-28 08:18:47.688   618   662 I AmazonProfileService: Event is not filtered because it is not in filter key list.
12-28 08:18:47.883   618   662 I AmazonProfileService: Event is not filtered because it is not in filter key list.
12-28 08:18:48.023   618   662 I AmazonProfileService: Event is not filtered because it is not in filter key list.
12-28 08:18:48.647   618   662 I AmazonProfileService: Event is not filtered because it is not in filter key list.
12-28 08:18:48.823   618   662 I AmazonProfileService: Event is not filtered because it is not in filter key list.
12-28 08:18:51.769   618   662 I AmazonProfileService: Event is not filtered because it is not in filter key list.
12-28 08:18:51.927   618   662 I AmazonProfileService: Event is not filtered because it is not in filter key list.
12-28 08:18:52.364   618   662 I AmazonProfileService: Event is not filtered because it is not in filter key list.
12-28 08:18:52.463   618   662 I AmazonProfileService: Event is not filtered because it is not in filter key list.
12-28 08:18:52.651   618   628 E WindowManager: App trying to use insecure INPUT_FEATURE_NO_INPUT_CHANNEL flag. Ignoring
12-28 08:18:57.128   618   662 I AmazonProfileService: Event is not filtered because it is not in filter key list.
12-28 08:18:57.267   618   662 I AmazonProfileService: Event is not filtered because it is not in filter key list.
12-28 08:18:57.708   618   662 I AmazonProfileService: Event is not filtered because it is not in filter key list.
12-28 08:18:57.868   618   662 I AmazonProfileService: Event is not filtered because it is not in filter key list.
12-28 08:18:58.236   618   662 I AmazonProfileService: Event is not filtered because it is not in filter key list.
12-28 08:18:58.367   618   662 I AmazonProfileService: Event is not filtered because it is not in filter key list.
12-28 08:19:45.432   618   618 I ActivityManager: Start proc 25688:com.amazon.bueller.photos/u0a76 for service com.amazon.bueller.photos/com.amazon.gallery.thor.config.control.RemoteConfigurationJob
12-28 08:19:45.467   618   628 I ActivityManager: Killing 1936:com.amazon.tv.csapp/u0a135 (adj 903): empty #17
12-28 08:19:45.702 25688 25688 I FrameworkJumpTable: Successfully loaded all classes
12-28 08:19:45.717 25688 25688 I FrameworkJumpTable: Successfully loaded all methods
12-28 08:19:45.719 25688 25688 I FrameworkJumpTable: Successfully loaded all fields
12-28 08:19:45.719 25688 25688 I FrameworkJumpTable: Successfully loaded all constructors
12-28 08:19:46.130   618  1236 I ActivityManager: Killing 24674:com.amazon.perfc/u0a117 (adj 903): empty #17
12-28 08:19:51.273   618   618 I ActivityManager: Start proc 25755:com.amazon.tv.csapp/u0a135 for service com.amazon.tv.csapp/.services.RCMPeriodicSyncService
12-28 08:19:52.630   618  3780 I ActivityManager: Killing 23273:com.amazon.diode/u0a90 (adj 903): empty #17
12-28 08:19:52.697   618   678 E ConnectivityService: RemoteException caught trying to send a callback msg for NetworkRequest [ LISTEN id=1727, [ Capabilities: NOT_RESTRICTED&TRUSTED&NOT_VPN] ]
12-28 08:21:36.508   618   631 I ActivityManager: Start proc 25923:com.amazon.diode/u0a90 for broadcast com.amazon.diode/.events.ExternalEventReceiver
12-28 08:21:36.920   618  3780 I ActivityManager: Killing 24690:com.amazon.wirelessmetrics.service/u0a168 (adj 903): empty #17
12-28 08:31:37.578   618   631 I ProcessStatsService: Prepared write state in 8ms
12-28 08:32:27.093   618   635 W AmazonDropBoxManagerService: Either log duration is null or calculated wrong dropbox age due to wrong time in device.
12-28 08:32:27.093   618   635 I AmazonDropBoxManagerService: Either there is noLog.crash files or all files are corrupted
12-28 08:34:35.085   618   634 E BatteryStatsService: no controller energy info supplied
12-28 08:34:35.095   618   634 E BatteryStatsService: no controller energy info supplied
12-28 08:34:57.746   618   654 I ActivityManager: Start proc 26940:org.videolan.vlc/u0a206 for service org.videolan.vlc/.RecommendationsService
12-28 08:35:00.004   618   618 I ActivityManager: Killing 24765:com.amazon.tv.devicecontrolsettings/u0a137 (adj 903): empty #17
12-28 08:35:04.666   618   618 I ActivityManager: Start proc 26985:com.amazon.prism.android.service/u0a118 for service com.amazon.prism.android.service/.configuration.synchronization.SyncRemoteConfigJobService
12-28 08:35:04.906   618  3780 I ActivityManager: Killing 25090:com.amazon.identity.auth.device.authorization/u0a106 (adj 903): empty #17
12-28 08:36:35.274   618   630 I UsageStatsService: User[0] Flushing usage stats to disk
12-28 08:37:43.255   618   618 I ActivityManager: Start proc 27287:com.amazon.perfc/u0a117 for service com.amazon.perfcollection/.PerfStatsCService
12-28 08:37:43.501 27287 27306 I FrameworkJumpTable: Successfully loaded all classes
12-28 08:37:43.519 27287 27306 I FrameworkJumpTable: Successfully loaded all methods
12-28 08:37:43.521 27287 27306 I FrameworkJumpTable: Successfully loaded all fields
12-28 08:37:43.521 27287 27306 I FrameworkJumpTable: Successfully loaded all constructors
12-28 08:39:00.006   618   618 I ActivityManager: Killing 23627:com.amazon.providers.tv/u0a119 (adj 903): empty #17
12-28 08:39:42.347   618   635 W AmazonDropBoxManagerService: Either log duration is null or calculated wrong dropbox age due to wrong time in device.
12-28 08:39:42.347   618   635 I AmazonDropBoxManagerService: Either there is noLog.crash files or all files are corrupted
12-28 08:42:06.249   618   662 I AmazonProfileService: Event not filtered. KPM proceeds the key
12-28 08:42:06.388   618   662 I AmazonProfileService: Event not filtered. KPM proceeds the key
12-28 08:42:07.228   618   662 I AmazonProfileService: Event not filtered. KPM proceeds the key
12-28 08:42:07.404   618   662 I AmazonProfileService: Event not filtered. KPM proceeds the key
12-28 08:42:09.043   618   662 I AmazonProfileService: Event is not filtered because it is not in filter key list.
12-28 08:42:09.188   618   662 I AmazonProfileService: Event is not filtered because it is not in filter key list.
12-28 08:42:09.374   618  1188 E WindowManager: App trying to use insecure INPUT_FEATURE_NO_INPUT_CHANNEL flag. Ignoring
12-28 08:42:16.888   618   662 I AmazonProfileService: Event not filtered. KPM proceeds the key
12-28 08:42:17.064   618   662 I AmazonProfileService: Event not filtered. KPM proceeds the key
12-28 08:42:17.704   618   662 I AmazonProfileService: Event not filtered. KPM proceeds the key
12-28 08:42:17.849   618   662 I AmazonProfileService: Event not filtered. KPM proceeds the key
12-28 08:42:20.968   618   662 I AmazonProfileService: Event is not filtered because it is not in filter key list.
12-28 08:42:21.129   618   662 I AmazonProfileService: Event is not filtered because it is not in filter key list.
12-28 08:42:21.688   618   662 I AmazonProfileService: Event is not filtered because it is not in filter key list.
12-28 08:42:21.848   618   662 I AmazonProfileService: Event is not filtered because it is not in filter key list.
12-28 08:42:22.688   618   662 I AmazonProfileService: Event is not filtered because it is not in filter key list.
12-28 08:42:22.848   618   662 I AmazonProfileService: Event is not filtered because it is not in filter key list.
12-28 08:42:22.976   618   662 I AmazonProfileService: Event is not filtered because it is not in filter key list.
12-28 08:42:23.085   618   662 I AmazonProfileService: Event is not filtered because it is not in filter key list.
12-28 08:42:23.169   618   662 I AmazonProfileService: Event is not filtered because it is not in filter key list.
12-28 08:42:23.327   618   662 I AmazonProfileService: Event is not filtered because it is not in filter key list.
12-28 08:42:23.369   618   662 I AmazonProfileService: Event is not filtered because it is not in filter key list.
12-28 08:42:23.484   618   662 I AmazonProfileService: Event is not filtered because it is not in filter key list.
12-28 08:42:23.888   618   662 I AmazonProfileService: Event is not filtered because it is not in filter key list.
12-28 08:42:23.987   618   662 I AmazonProfileService: Event is not filtered because it is not in filter key list.
12-28 08:42:24.569   618   662 I AmazonProfileService: Event is not filtered because it is not in filter key list.
12-28 08:42:24.729   618   662 I AmazonProfileService: Event is not filtered because it is not in filter key list.
12-28 08:42:25.629   618   662 I AmazonProfileService: Event is not filtered because it is not in filter key list.
12-28 08:42:25.789   618   662 I AmazonProfileService: Event is not filtered because it is not in filter key list.
12-28 08:42:26.184   618   662 I AmazonProfileService: Event is not filtered because it is not in filter key list.
12-28 08:42:26.248   618   662 I AmazonProfileService: Event is not filtered because it is not in filter key list.
12-28 08:42:26.569   618   662 I AmazonProfileService: Event is not filtered because it is not in filter key list.
12-28 08:42:26.668   618   662 I AmazonProfileService: Event is not filtered because it is not in filter key list.
12-28 08:42:26.844   618   662 I AmazonProfileService: Event is not filtered because it is not in filter key list.
12-28 08:42:26.968   618   662 I AmazonProfileService: Event is not filtered because it is not in filter key list.
12-28 08:42:28.544   618   662 I AmazonProfileService: Event is not filtered because it is not in filter key list.
12-28 08:42:28.629   618   662 I AmazonProfileService: Event is not filtered because it is not in filter key list.
12-28 08:42:29.628   618   662 I AmazonProfileService: Event is not filtered because it is not in filter key list.
12-28 08:42:29.804   618   662 I AmazonProfileService: Event is not filtered because it is not in filter key list.
12-28 08:42:29.959   618 11744 E WindowManager: App trying to use insecure INPUT_FEATURE_NO_INPUT_CHANNEL flag. Ignoring
12-28 08:47:06.680   618  7380 I ActivityManager: Killing 23539:com.amazon.tv.livetv/u0a144 (adj 903): empty for 1800s
12-28 08:47:26.694   618   654 I ActivityManager: Killing 21515:com.amazon.prism.android.service:remote/u0a118 (adj 903): empty for 1805s
12-28 08:47:26.695   618   654 I ActivityManager: Killing 24853:com.amazon.aca/u0a59 (adj 903): empty for 1809s
12-28 08:48:00.004   618   618 I ActivityManager: Killing 24634:com.amazon.device.bluetoothkeymaplib/u0a5 (adj 903): empty for 1809s
12-28 08:48:41.827   618   618 I ActivityManager: Start proc 28214:tv.pluto.android/u0a222 for service tv.pluto.android/com.google.android.datatransport.runtime.scheduling.jobscheduling.JobInfoSchedulerService
12-28 08:48:42.278 28214 28214 I FrameworkJumpTable: Successfully loaded all classes
12-28 08:48:42.304 28214 28214 I FrameworkJumpTable: Successfully loaded all methods
12-28 08:48:42.306 28214 28214 I FrameworkJumpTable: Successfully loaded all fields
12-28 08:48:42.307 28214 28214 I FrameworkJumpTable: Successfully loaded all constructors
12-28 08:48:50.048   618 11733 I ActivityManager: Killing 25404:com.amazon.firebat/u0a93 (adj 903): empty for 1805s
12-28 08:48:50.149   618  1180 E AmazonHdmiService: Settings client binder died.
12-28 08:48:52.910   618   635 W AmazonDropBoxManagerService: Either log duration is null or calculated wrong dropbox age due to wrong time in device.
12-28 08:48:52.910   618   635 I AmazonDropBoxManagerService: Either there is noLog.crash files or all files are corrupted
12-28 08:56:11.650   618   635 W AmazonDropBoxManagerService: Either log duration is null or calculated wrong dropbox age due to wrong time in device.
12-28 08:56:11.650   618   635 I AmazonDropBoxManagerService: Either there is noLog.crash files or all files are corrupted
12-28 09:01:40.602   618   631 I ProcessStatsService: Prepared write state in 4ms
12-28 09:03:31.935   618   635 W AmazonDropBoxManagerService: Either log duration is null or calculated wrong dropbox age due to wrong time in device.
12-28 09:03:31.935   618   635 I AmazonDropBoxManagerService: Either there is noLog.crash files or all files are corrupted
12-28 09:04:35.110   618   634 E BatteryStatsService: no controller energy info supplied
12-28 09:04:35.113   618   634 E BatteryStatsService: no controller energy info supplied
12-28 09:04:58.666   618  1012 I ActivityManager: Killing 26940:org.videolan.vlc/u0a206 (adj 903): empty for 1800s
12-28 09:04:58.748   618   678 E ConnectivityService: RemoteException caught trying to send a callback msg for NetworkRequest [ REQUEST id=2054, [ Capabilities: INTERNET&NOT_RESTRICTED&TRUSTED&NOT_VPN] ]
12-28 09:05:10.580   618   618 I ActivityManager: Killing 26985:com.amazon.prism.android.service/u0a118 (adj 903): empty for 1805s
12-28 09:05:15.988   618   667 W AmazonDropBoxManagerService: Either log duration is null or calculated wrong dropbox age due to wrong time in device.
12-28 09:05:15.989   618   667 I AmazonDropBoxManagerService: Either there is noLog.crash files or all files are corrupted
12-28 09:06:05.986   618   648 I ActivityManager: Start proc 29699:com.android.defcontainer/u0a15 for service com.android.defcontainer/.DefaultContainerService
12-28 09:06:06.119   618   648 W PackageManager: Package com.example.clickflix desires unavailable shared library androidx.window.extensions; ignoring!
12-28 09:06:06.119   618   648 W PackageManager: Package com.example.clickflix desires unavailable shared library androidx.window.sidecar; ignoring!
12-28 09:06:07.468   618   631 I ActivityManager: Force stopping com.example.clickflix appid=10244 user=-1: installPackageLI
12-28 09:06:07.470   618   631 I ActivityManager: Killing 23026:com.example.clickflix/u0a244 (adj 900): stop com.example.clickflix
12-28 09:06:07.636   618   648 I PackageManager: Package com.example.clickflix codePath changed from /data/app/com.example.clickflix-1 to /data/app/com.example.clickflix-2; Retaining data and using new
12-28 09:06:07.636   618   648 W PackageManager: Package com.example.clickflix desires unavailable shared library androidx.window.extensions; ignoring!
12-28 09:06:07.636   618   648 W PackageManager: Package com.example.clickflix desires unavailable shared library androidx.window.sidecar; ignoring!
12-28 09:06:07.636   618   648 W PackageManager: Code path for com.example.clickflix changing from /data/app/com.example.clickflix-1 to /data/app/com.example.clickflix-2
12-28 09:06:07.636   618   648 W PackageManager: Resource path for com.example.clickflix changing from /data/app/com.example.clickflix-1 to /data/app/com.example.clickflix-2
12-28 09:06:08.137   618   648 W CleanUpDalvikCache: null object found, returning
12-28 09:06:08.138   618   648 I NeoPkgMgrCallback: Sending Neo Delegate package changed intent
12-28 09:06:08.141   618   648 I AmznPkgMgrCallback: Deferring resource clean-up
12-28 09:06:08.146   618   648 I com.android.server.pm.ExternalInstallPackageManagerCallback: Installation succeeded for app com.example.clickflix on internal storage. Return code:1
12-28 09:06:08.149   618   648 I ActivityManager: Force stopping com.example.clickflix appid=10244 user=0: pkg removed
12-28 09:06:08.227   618   618 W ContextImpl: Calling a method in the system process without a qualified user: android.app.ContextImpl.sendBroadcast:921 com.amazon.android.service.pm.AmazonPackageManagerService$PackageInstalledOrRemovedReceiver.onReceive:109 android.app.LoadedApk$ReceiverDispatcher$Args.run:1158 android.os.Handler.handleCallback:751 android.os.Handler.dispatchMessage:95 
12-28 09:06:08.397   618   618 W ContextImpl: Calling a method in the system process without a qualified user: android.app.ContextImpl.sendBroadcast:921 com.amazon.android.service.pm.AmazonPackageManagerService$PackageInstalledOrRemovedReceiver.onReceive:103 android.app.LoadedApk$ReceiverDispatcher$Args.run:1158 android.os.Handler.handleCallback:751 android.os.Handler.dispatchMessage:95 
12-28 09:06:08.481   618 24696 I ActivityManager: Start proc 29748:com.amazon.adep/u0a60 for broadcast com.amazon.adep/.analyzers.PackageEventReceiver
12-28 09:06:08.694 29748 29748 I FrameworkJumpTable: Successfully loaded all classes
12-28 09:06:08.736 29748 29748 I FrameworkJumpTable: Successfully loaded all methods
12-28 09:06:08.745 29748 29748 I FrameworkJumpTable: Successfully loaded all fields
12-28 09:06:08.745 29748 29748 I FrameworkJumpTable: Successfully loaded all constructors
12-28 09:06:08.852   618   630 E TvInputManagerService: failed to load TV input org.videolan.vlc.PreviewVideoInputService
12-28 09:06:08.852   618   630 E TvInputManagerService: java.lang.IllegalStateException: Setup activity not found for org.videolan.vlc.PreviewVideoInputService
12-28 09:06:08.852   618   630 E TvInputManagerService: 	at android.media.tv.TvInputInfo$Builder.parseServiceMetadata(TvInputInfo.java:956)
12-28 09:06:08.852   618   630 E TvInputManagerService: 	at android.media.tv.TvInputInfo$Builder.build(TvInputInfo.java:901)
12-28 09:06:08.852   618   630 E TvInputManagerService: 	at com.android.server.tv.TvInputManagerService.buildTvInputListLocked(TvInputManagerService.java:345)
12-28 09:06:08.852   618   630 E TvInputManagerService: 	at com.android.server.tv.TvInputManagerService.-wrap10(TvInputManagerService.java)
12-28 09:06:08.852   618   630 E TvInputManagerService: 	at com.android.server.tv.TvInputManagerService$1.buildTvInputList(TvInputManagerService.java:190)
12-28 09:06:08.852   618   630 E TvInputManagerService: 	at com.android.server.tv.TvInputManagerService$1.onPackageUpdateFinished(TvInputManagerService.java:201)
12-28 09:06:08.852   618   630 E TvInputManagerService: 	at com.android.internal.content.PackageMonitor.onReceive(PackageMonitor.java:319)
12-28 09:06:08.852   618   630 E TvInputManagerService: 	at android.app.LoadedApk$ReceiverDispatcher$Args.run(LoadedApk.java:1158)
12-28 09:06:08.852   618   630 E TvInputManagerService: 	at android.os.Handler.handleCallback(Handler.java:751)
12-28 09:06:08.852   618   630 E TvInputManagerService: 	at android.os.Handler.dispatchMessage(Handler.java:95)
12-28 09:06:08.852   618   630 E TvInputManagerService: 	at android.os.Looper.loop(Looper.java:154)
12-28 09:06:08.852   618   630 E TvInputManagerService: 	at android.os.HandlerThread.run(HandlerThread.java:61)
12-28 09:06:08.865   618   630 W VoiceInteractionManagerService: no available voice recognition services found for user 0
12-28 09:06:09.566   618  1012 I ActivityManager: Start proc 29785:com.amazon.identity.auth.device.authorization/u0a106 for broadcast com.amazon.identity.auth.device.authorization/.appsync.PackageChangedReceiver
12-28 09:06:09.835   618 11165 I ActivityManager: Start proc 29805:com.amazon.storm.lightning.services/u0a125 for broadcast com.amazon.storm.lightning.services/.broadcastreceivers.AppUpdateReceiver
12-28 09:06:10.591   618   628 I ActivityManager: Start proc 29843:com.android.keychain/1000 for broadcast com.android.keychain/.KeyChainBroadcastReceiver
12-28 09:06:10.726 29843 29843 W ContextImpl: Calling a method in the system process without a qualified user: android.app.ContextImpl.startService:1386 android.content.ContextWrapper.startService:613 android.content.ContextWrapper.startService:613 com.android.keychain.KeyChainBroadcastReceiver.onReceive:12 android.app.ActivityThread.handleReceiver:3068 
12-28 09:06:10.743   618   628 I ActivityManager: Start proc 29862:android.process.acore/u0a10 for broadcast com.android.providers.contacts/.PackageIntentReceiver
12-28 09:06:11.044   618 11165 I ActivityManager: Start proc 29883:com.amazon.sync.service/u0a165 for broadcast com.amazon.sync.service/com.amazon.sync.framework.receivers.ApplicationChangedReceiver
12-28 09:06:11.744   618   628 I ActivityManager: Start proc 29911:com.svox.pico/u0a182 for broadcast com.svox.pico/.VoiceDataInstallerReceiver
12-28 09:06:11.931   618  1012 I ActivityManager: Start proc 29934:com.amazon.platform.fdrw/1000 for broadcast com.amazon.platform.fdrw/.PackageWhitelistingHandler
12-28 09:06:12.319   618 24696 I ActivityManager: Start proc 29959:com.android.providers.downloads/u0a28 for broadcast com.android.providers.downloads/.DownloadReceiver
12-28 09:06:21.942   618  1012 I ActivityManager: Killing 27287:com.amazon.perfc/u0a117 (adj 903): empty #17
12-28 09:06:24.957   618  1012 I ActivityManager: Force stopping com.example.clickflix appid=10244 user=0: clear data
12-28 09:06:24.964   618   631 I ActivityManager: Force stopping com.example.clickflix appid=10244 user=-1: clearApplicationUserData
12-28 09:06:24.973   618   778 E TaskPersister: File error accessing recents directory (directory doesn't exist?).
12-28 09:06:25.031   618   631 I ActivityManager: Start proc 30009:com.amazon.cloud9/u0a79 for broadcast com.amazon.cloud9/org.chromium.chrome.browser.browserservices.InstalledWebappBroadcastReceiver
12-28 09:06:25.178   618   631 I ActivityManager: Waited long enough for: ServiceRecord{434b26c u0 com.amazon.storm.lightning.services/.LightningWPServer}
12-28 09:06:25.334   618  1012 I ActivityManager: Killing 21006:com.android.providers.tv/u0a50 (adj 903): empty #17
12-28 09:06:25.358   618  1012 I ActivityManager: Start proc 30036:com.android.documentsui/u0a23 for broadcast com.android.documentsui/.PackageReceiver
12-28 09:06:25.497 30036 30036 I FrameworkJumpTable: Successfully loaded all classes
12-28 09:06:25.536 30036 30036 I FrameworkJumpTable: Successfully loaded all methods
12-28 09:06:25.538 30036 30036 I FrameworkJumpTable: Successfully loaded all fields
12-28 09:06:25.538 30036 30036 I FrameworkJumpTable: Successfully loaded all constructors
12-28 09:06:25.578   618  1012 I ActivityManager: Killing 24928:com.amazon.avod/u0a73 (adj 903): empty #17
12-28 09:06:25.705   618 24696 E AmazonHdmiService: Settings client binder died.
12-28 09:06:50.383   618  1012 I ActivityManager: START u0 {flg=0x10000000 cmp=com.example.clickflix/.MainActivity} from uid 2000 on display 0
12-28 09:06:50.388   618  1012 I AmazonProfileService: shouldAbortActivityStart() Package: xxx activity: xxx
12-28 09:06:50.391   618  1012 I AmazonProfileService: APS_V2 enabled in Arcus and mIsChildPINEnabled : false
12-28 09:06:50.391   618  1012 I AmazonProfileService: APS_V2 enabled in Arcus and mIsChildPINEnabled : false
12-28 09:06:50.391   618  1012 I AmazonProfileService: shouldAbortActivityStart() not aborted
12-28 09:06:50.492   618   628 I ActivityManager: Start proc 30077:com.example.clickflix/u0a244 for activity com.example.clickflix/.MainActivity
12-28 09:06:50.547   618   638 I AmazonProfileService: Sending broadcast as the package is a non-enabled app
12-28 09:06:50.622   618   716 W AmazonProfileService: Active profile for the package xxx not present for customer Id xxx
12-28 09:06:50.626 30077 30077 I FrameworkJumpTable: Successfully loaded all classes
12-28 09:06:50.646 30077 30077 I FrameworkJumpTable: Successfully loaded all methods
12-28 09:06:50.648 30077 30077 I FrameworkJumpTable: Successfully loaded all fields
12-28 09:06:50.648 30077 30077 I FrameworkJumpTable: Successfully loaded all constructors
12-28 09:06:50.843   618  7380 I ActivityManager: Killing 28214:tv.pluto.android/u0a222 (adj 903): empty #17
12-28 09:06:50.919   618   678 E ConnectivityService: RemoteException caught trying to send a callback msg for NetworkRequest [ TRACK_DEFAULT id=2063, [ Capabilities: INTERNET&NOT_RESTRICTED&TRUSTED&NOT_VPN] ]
12-28 09:06:51.133   618  6179 E WindowManager: App trying to use insecure INPUT_FEATURE_NO_INPUT_CHANNEL flag. Ignoring
12-28 09:06:51.135   618  6179 I AmazonProfileService: Event is not filtered because it is not in filter key list.
12-28 09:06:51.173   618  6179 E WindowManager: App trying to use insecure INPUT_FEATURE_NO_INPUT_CHANNEL flag. Ignoring
12-28 09:06:53.407   618   778 E TaskPersister: File error accessing recents directory (directory doesn't exist?).
12-28 09:06:58.774   618   662 I AmazonProfileService: Event is not filtered because it is not in filter key list.
12-28 09:06:58.812   618   662 I AmazonProfileService: Event is not filtered because it is not in filter key list.
12-28 09:06:58.840   792   792 E PerfBoostIMSCallback: Requires com.amazon.permission.USE_PERFBOOST permission
12-28 09:07:08.540   618   618 I ActivityManager: Start proc 30148:tv.pluto.android/u0a222 for service tv.pluto.android/androidx.work.impl.background.systemjob.SystemJobService
12-28 09:07:08.818 30148 30148 I FrameworkJumpTable: Successfully loaded all classes
12-28 09:07:08.847 30148 30148 I FrameworkJumpTable: Successfully loaded all methods
12-28 09:07:08.849 30148 30148 I FrameworkJumpTable: Successfully loaded all fields
12-28 09:07:08.849 30148 30148 I FrameworkJumpTable: Successfully loaded all constructors
12-28 09:07:14.110   618   631 I ActivityManager: Start proc 30266:com.amazon.tv.turnstile/u0a153 for broadcast com.amazon.tv.turnstile/.broadcastreceivers.ServiceToDeviceMessagingReceiver
12-28 09:07:14.216 30266 30266 I FrameworkJumpTable: Successfully loaded all classes
12-28 09:07:14.231 30266 30266 I FrameworkJumpTable: Successfully loaded all methods
12-28 09:07:14.233 30266 30266 I FrameworkJumpTable: Successfully loaded all fields
12-28 09:07:14.233 30266 30266 I FrameworkJumpTable: Successfully loaded all constructors
12-28 09:07:21.063   618  7380 I ActivityManager: Killing 6911:com.amazon.ceviche/u0a78 (adj 903): empty #17
12-28 09:07:30.793   618  6179 I ActivityManager: Killing 25755:com.amazon.tv.csapp/u0a135 (adj 903): empty #17
12-28 09:07:48.530   618   662 I AmazonProfileService: Event is not filtered because it is not in filter key list.
12-28 09:07:48.565   792   792 E PerfBoostIMSCallback: Requires com.amazon.permission.USE_PERFBOOST permission
12-28 09:07:48.614   618   662 I AmazonProfileService: Event is not filtered because it is not in filter key list.
12-28 09:07:48.874   618   618 I ActivityManager: Start proc 30440:com.amazon.perfc/u0a117 for service com.amazon.perfcollection/.PerfStatsCService
12-28 09:07:49.091 30440 30458 I FrameworkJumpTable: Successfully loaded all classes
12-28 09:07:49.128 30440 30458 I FrameworkJumpTable: Successfully loaded all methods
12-28 09:07:49.130 30440 30458 I FrameworkJumpTable: Successfully loaded all fields
12-28 09:07:49.130 30440 30458 I FrameworkJumpTable: Successfully loaded all constructors
12-28 09:07:49.224   618  7380 I ActivityManager: Start proc 30471:com.amazon.ceviche/u0a78 for content provider com.amazon.ceviche/.TrackEventsContentProvider
12-28 09:07:49.295   618  5676 I ActivityManager: Killing 25688:com.amazon.bueller.photos/u0a76 (adj 903): empty #17
12-28 09:07:49.396   618  7380 I AmazonProfileService: Registering callback
12-28 09:07:49.470 30471 30493 I FrameworkJumpTable: Successfully loaded all classes
12-28 09:07:49.486 30471 30493 I FrameworkJumpTable: Successfully loaded all methods
12-28 09:07:49.488 30471 30493 I FrameworkJumpTable: Successfully loaded all fields
12-28 09:07:49.488 30471 30493 I FrameworkJumpTable: Successfully loaded all constructors
12-28 09:07:49.549   618   662 I AmazonProfileService: Event not filtered. KPM proceeds the key
12-28 09:07:49.689   618   662 I AmazonProfileService: Event not filtered. KPM proceeds the key
12-28 09:07:50.170   618   662 I AmazonProfileService: Event is not filtered because it is not in filter key list.
12-28 09:07:50.289   618   662 I AmazonProfileService: Event is not filtered because it is not in filter key list.
12-28 09:07:51.375   618   662 I AmazonProfileService: Event is not filtered because it is not in filter key list.
12-28 09:07:51.550   618   662 I AmazonProfileService: Event is not filtered because it is not in filter key list.
12-28 09:07:52.050   618   662 I AmazonProfileService: Event is not filtered because it is not in filter key list.
12-28 09:07:52.173   618   662 I AmazonProfileService: Event is not filtered because it is not in filter key list.
12-28 09:07:53.154   618   662 I AmazonProfileService: Event is not filtered because it is not in filter key list.
12-28 09:07:53.325   618   662 I AmazonProfileService: Event is not filtered because it is not in filter key list.
12-28 09:07:53.710   618   662 I AmazonProfileService: Event is not filtered because it is not in filter key list.
12-28 09:07:53.748   792   792 E PerfBoostIMSCallback: Requires com.amazon.permission.USE_PERFBOOST permission
12-28 09:07:53.854   618   662 I AmazonProfileService: Event is not filtered because it is not in filter key list.
12-28 09:07:54.634   618   662 I AmazonProfileService: Event not filtered. KPM proceeds the key
12-28 09:07:54.795   618   662 I AmazonProfileService: Event not filtered. KPM proceeds the key
12-28 09:07:55.330   618   662 I AmazonProfileService: Event is not filtered because it is not in filter key list.
12-28 09:07:55.490   618   662 I AmazonProfileService: Event is not filtered because it is not in filter key list.
12-28 09:07:55.617   618   662 I AmazonProfileService: Event is not filtered because it is not in filter key list.
12-28 09:07:55.774   618   662 I AmazonProfileService: Event is not filtered because it is not in filter key list.
12-28 09:07:56.134   618   662 I AmazonProfileService: Event is not filtered because it is not in filter key list.
12-28 09:07:56.173   792   792 E PerfBoostIMSCallback: Requires com.amazon.permission.USE_PERFBOOST permission
12-28 09:07:56.294   618   662 I AmazonProfileService: Event is not filtered because it is not in filter key list.
12-28 09:07:56.314   618   662 I AmazonProfileService: Event is not filtered because it is not in filter key list.
12-28 09:07:56.425   618   662 I AmazonProfileService: Event is not filtered because it is not in filter key list.
12-28 09:07:56.530   618   662 I AmazonProfileService: Event is not filtered because it is not in filter key list.
12-28 09:07:56.629   618   662 I AmazonProfileService: Event is not filtered because it is not in filter key list.
12-28 09:07:57.250   618   662 I AmazonProfileService: Event not filtered. KPM proceeds the key
12-28 09:07:57.334   618   662 I AmazonProfileService: Event not filtered. KPM proceeds the key
12-28 09:07:58.630   618   662 I AmazonProfileService: Event is not filtered because it is not in filter key list.
12-28 09:07:58.671   792   792 E PerfBoostIMSCallback: Requires com.amazon.permission.USE_PERFBOOST permission
12-28 09:07:58.930   618   662 I AmazonProfileService: Event is not filtered because it is not in filter key list.
12-28 09:07:59.971   618   662 I AmazonProfileService: Event not filtered. KPM proceeds the key
12-28 09:08:00.054   618   662 I AmazonProfileService: Event not filtered. KPM proceeds the key
12-28 09:08:00.710   618   662 I AmazonProfileService: Event is not filtered because it is not in filter key list.
12-28 09:08:00.854   618   662 I AmazonProfileService: Event is not filtered because it is not in filter key list.
12-28 09:08:00.934   618   662 I AmazonProfileService: Event is not filtered because it is not in filter key list.
12-28 09:08:01.035   618   662 I AmazonProfileService: Event is not filtered because it is not in filter key list.
12-28 09:08:01.214   618   662 I AmazonProfileService: Event is not filtered because it is not in filter key list.
12-28 09:08:01.429   618   662 I AmazonProfileService: Event is not filtered because it is not in filter key list.
12-28 09:08:01.526   618   662 I AmazonProfileService: Event is not filtered because it is not in filter key list.
12-28 09:08:01.630   618   662 I AmazonProfileService: Event is not filtered because it is not in filter key list.
12-28 09:08:02.295   618   662 I AmazonProfileService: Event is not filtered because it is not in filter key list.
12-28 09:08:02.960   792   792 E PerfBoostIMSCallback: Requires com.amazon.permission.USE_PERFBOOST permission
12-28 09:08:03.694   618   662 I AmazonProfileService: Event is not filtered because it is not in filter key list.
12-28 09:08:04.115   618   662 I AmazonProfileService: Event not filtered. KPM proceeds the key
12-28 09:08:04.291   618   662 I AmazonProfileService: Event not filtered. KPM proceeds the key
12-28 09:08:04.592   618   662 I AmazonProfileService: Event is not filtered because it is not in filter key list.
12-28 09:08:04.629   792   792 E PerfBoostIMSCallback: Requires com.amazon.permission.USE_PERFBOOST permission
12-28 09:08:04.730   618   662 I AmazonProfileService: Event is not filtered because it is not in filter key list.
12-28 09:08:04.810   618   662 I AmazonProfileService: Event is not filtered because it is not in filter key list.
12-28 09:08:04.955   618   662 I AmazonProfileService: Event is not filtered because it is not in filter key list.
12-28 09:08:05.011   618   662 I AmazonProfileService: Event is not filtered because it is not in filter key list.
12-28 09:08:05.090   618   662 I AmazonProfileService: Event is not filtered because it is not in filter key list.
12-28 09:08:05.135   618   662 I AmazonProfileService: Event is not filtered because it is not in filter key list.
12-28 09:08:05.250   618   662 I AmazonProfileService: Event is not filtered because it is not in filter key list.
12-28 09:08:06.011   618   662 I AmazonProfileService: Event not filtered. KPM proceeds the key
12-28 09:08:06.095   618   662 I AmazonProfileService: Event not filtered. KPM proceeds the key
12-28 09:08:06.550   618   662 I AmazonProfileService: Event is not filtered because it is not in filter key list.
12-28 09:08:06.690   618   662 I AmazonProfileService: Event is not filtered because it is not in filter key list.
12-28 09:08:06.735   618   662 I AmazonProfileService: Event is not filtered because it is not in filter key list.
12-28 09:08:06.834   618   662 I AmazonProfileService: Event is not filtered because it is not in filter key list.
12-28 09:08:07.255   618   662 I AmazonProfileService: Event is not filtered because it is not in filter key list.
12-28 09:08:07.292   792   792 E PerfBoostIMSCallback: Requires com.amazon.permission.USE_PERFBOOST permission
12-28 09:08:07.355   618   662 I AmazonProfileService: Event is not filtered because it is not in filter key list.
12-28 09:08:07.430   618   662 I AmazonProfileService: Event is not filtered because it is not in filter key list.
12-28 09:08:07.529   618   662 I AmazonProfileService: Event is not filtered because it is not in filter key list.
12-28 09:08:07.574   618   662 I AmazonProfileService: Event is not filtered because it is not in filter key list.
12-28 09:08:07.674   618   662 I AmazonProfileService: Event is not filtered because it is not in filter key list.
12-28 09:08:09.791   618   662 I AmazonProfileService: Event not filtered. KPM proceeds the key
12-28 09:08:09.915   618   662 I AmazonProfileService: Event not filtered. KPM proceeds the key
12-28 09:08:10.070   618   662 I AmazonProfileService: Event not filtered. KPM proceeds the key
12-28 09:08:10.170   618   662 I AmazonProfileService: Event not filtered. KPM proceeds the key
12-28 09:08:10.855   618   662 I AmazonProfileService: Event not filtered. KPM proceeds the key
12-28 09:08:11.028   618   662 I AmazonProfileService: Event not filtered. KPM proceeds the key
12-28 09:08:11.068   618   638 I AmazonProfileService: Sending broadcast as the package is a non-enabled app
12-28 09:08:11.113   618  7380 I AmazonProfileService: Event is not filtered because it is not in filter key list.
12-28 09:08:11.142   618   716 W AmazonProfileService: Active profile for the package xxx not present for customer Id xxx
12-28 09:08:11.265   618  7380 I ActivityManager: Killing 29843:com.android.keychain/1000 (adj 903): empty #17
12-28 09:08:11.346   618  1324 W InputMethodManagerService: Starting input on non-focused client com.android.internal.view.IInputMethodClient$Stub$Proxy@463a81d (uid=10244 pid=30077)
12-28 09:08:14.585   618   778 E TaskPersister: File error accessing recents directory (directory doesn't exist?).
12-28 09:08:15.457   618  1324 I ActivityManager: Killing 29911:com.svox.pico/u0a182 (adj 903): empty #17
12-28 09:08:53.226   618   618 I ActivityManager: Start proc 30613:org.jellyfin.androidtv/u0a71 for service org.jellyfin.androidtv/androidx.work.impl.background.systemjob.SystemJobService
12-28 09:08:53.763 30613 30613 I FrameworkJumpTable: Successfully loaded all classes
12-28 09:08:53.776 30613 30613 I FrameworkJumpTable: Successfully loaded all methods
12-28 09:08:53.779 30613 30613 I FrameworkJumpTable: Successfully loaded all fields
12-28 09:08:53.779 30613 30613 I FrameworkJumpTable: Successfully loaded all constructors
12-28 09:08:54.068   618  1324 I ActivityManager: Killing 29883:com.amazon.sync.service/u0a165 (adj 903): empty #17
12-28 09:09:10.304   618  1324 I ActivityManager: Killing 29785:com.amazon.identity.auth.device.authorization/u0a106 (adj 903): empty #17
12-28 09:10:16.799   618   618 I ActivityManager: Start proc 30768:com.amazon.tv.csapp/u0a135 for service com.amazon.tv.csapp/.services.RCMPeriodicSyncService
12-28 09:10:18.107   618  1324 I ActivityManager: Killing 29934:com.amazon.platform.fdrw/1000 (adj 903): empty #17
12-28 09:10:23.997   618   662 I AmazonProfileService: Event not filtered. KPM proceeds the key
12-28 09:10:24.096   618   662 I AmazonProfileService: Event not filtered. KPM proceeds the key
12-28 09:10:25.537   618   662 I AmazonProfileService: Event not filtered. KPM proceeds the key
12-28 09:10:25.637   618   662 I AmazonProfileService: Event not filtered. KPM proceeds the key
12-28 09:10:27.722   618   662 I AmazonProfileService: Event is not filtered because it is not in filter key list.
12-28 09:10:27.821   618   662 I AmazonProfileService: Event is not filtered because it is not in filter key list.
12-28 09:10:27.987   618  1224 E WindowManager: App trying to use insecure INPUT_FEATURE_NO_INPUT_CHANNEL flag. Ignoring
12-28 09:11:06.504   618   618 I ActivityManager: Start proc 30851:com.amazon.bueller.photos/u0a76 for service com.amazon.bueller.photos/com.amazon.gallery.thor.config.control.RemoteConfigurationJob
12-28 09:11:06.807 30851 30851 I FrameworkJumpTable: Successfully loaded all classes
12-28 09:11:06.829 30851 30851 I FrameworkJumpTable: Successfully loaded all methods
12-28 09:11:06.832 30851 30851 I FrameworkJumpTable: Successfully loaded all fields
12-28 09:11:06.832 30851 30851 I FrameworkJumpTable: Successfully loaded all constructors
12-28 09:11:07.250   618  1324 I ActivityManager: Killing 29862:android.process.acore/u0a10 (adj 903): empty #17
12-28 09:11:07.464   618   633 E libprocessgroup: failed to kill 1 processes for processgroup 29862
12-28 09:11:11.189   618  1324 I ActivityManager: START u0 {flg=0x10000000 cmp=com.example.clickflix/.MainActivity} from uid 2000 on display 0
12-28 09:11:11.190   618  1324 I AmazonProfileService: shouldAbortActivityStart() Package: xxx activity: xxx
12-28 09:11:11.190   618  1324 I AmazonProfileService: APS_V2 enabled in Arcus and mIsChildPINEnabled : false
12-28 09:11:11.190   618  1324 I AmazonProfileService: APS_V2 enabled in Arcus and mIsChildPINEnabled : false
12-28 09:11:11.190   618  1324 I AmazonProfileService: shouldAbortActivityStart() not aborted
12-28 09:11:11.239   618   638 I AmazonProfileService: Sending broadcast as the package is a non-enabled app
12-28 09:11:11.272   618   716 W AmazonProfileService: Active profile for the package xxx not present for customer Id xxx
12-28 09:11:11.387   618  1224 E WindowManager: App trying to use insecure INPUT_FEATURE_NO_INPUT_CHANNEL flag. Ignoring
12-28 09:11:11.389   618  1224 I AmazonProfileService: Event is not filtered because it is not in filter key list.
12-28 09:11:11.420   618  1224 E WindowManager: App trying to use insecure INPUT_FEATURE_NO_INPUT_CHANNEL flag. Ignoring
12-28 09:11:14.699   618   778 E TaskPersister: File error accessing recents directory (directory doesn't exist?).
12-28 09:11:18.724   618   662 I AmazonProfileService: Event is not filtered because it is not in filter key list.
12-28 09:11:18.761   792   792 E PerfBoostIMSCallback: Requires com.amazon.permission.USE_PERFBOOST permission
12-28 09:11:18.824   618   662 I AmazonProfileService: Event is not filtered because it is not in filter key list.
12-28 09:11:33.801   618   631 I ActivityManager: Waited long enough for: ServiceRecord{9954811 u0 com.amazon.storm.lightning.services/.LightningWPServer}
12-28 09:11:36.803   618   662 I AmazonProfileService: Event is not filtered because it is not in filter key list.
12-28 09:11:36.964   618   662 I AmazonProfileService: Event is not filtered because it is not in filter key list.
12-28 09:11:38.625   618   662 I AmazonProfileService: Event is not filtered because it is not in filter key list.
12-28 09:11:38.839   618   662 I AmazonProfileService: Event is not filtered because it is not in filter key list.
12-28 09:11:39.363   618   662 I AmazonProfileService: Event is not filtered because it is not in filter key list.
12-28 09:11:39.539   618   662 I AmazonProfileService: Event is not filtered because it is not in filter key list.
12-28 09:11:40.760   618   662 I AmazonProfileService: Event not filtered. KPM proceeds the key
12-28 09:11:40.904   618   662 I AmazonProfileService: Event not filtered. KPM proceeds the key
12-28 09:11:40.938   618   638 I AmazonProfileService: Sending broadcast as the package is a non-enabled app
12-28 09:11:40.946   618   716 W AmazonProfileService: Active profile for the package xxx not present for customer Id xxx
12-28 09:11:40.970   618  1322 I AmazonProfileService: Event is not filtered because it is not in filter key list.
12-28 09:11:41.155   618  1322 W InputMethodManagerService: Starting input on non-focused client com.android.internal.view.IInputMethodClient$Stub$Proxy@463a81d (uid=10244 pid=30077)
12-28 09:11:44.446   618   778 E TaskPersister: File error accessing recents directory (directory doesn't exist?).
12-28 09:12:56.917   618   635 W AmazonDropBoxManagerService: Either log duration is null or calculated wrong dropbox age due to wrong time in device.
12-28 09:12:56.917   618   635 I AmazonDropBoxManagerService: Either there is noLog.crash files or all files are corrupted
12-28 09:16:43.615   618   630 I UsageStatsService: User[0] Flushing usage stats to disk
12-28 09:17:05.206   618   618 I ActivityManager: Start proc 31485:com.amazon.avod/u0a73 for service com.amazon.avod/androidx.work.impl.background.systemjob.SystemJobService
12-28 09:17:05.964 31485 31513 I FrameworkJumpTable: Successfully loaded all classes
12-28 09:17:05.978 31485 31513 I FrameworkJumpTable: Successfully loaded all methods
12-28 09:17:05.979 31485 31513 I FrameworkJumpTable: Successfully loaded all fields
12-28 09:17:05.980 31485 31513 I FrameworkJumpTable: Successfully loaded all constructors
12-28 09:17:06.258   618 11733 I ActivityManager: Start proc 31532:com.amazon.prism.android.service:remote/u0a118 for service com.amazon.prism.android.service/.PrismService
12-28 09:17:06.281 31485 31485 I AmazonHdmiServiceManager: AmazonHdmiServiceManager created
12-28 09:17:06.968 31532 31556 I FrameworkJumpTable: Successfully loaded all classes
12-28 09:17:06.989   618  3780 I ActivityManager: Killing 29748:com.amazon.adep/u0a60 (adj 903): empty #17
12-28 09:17:06.990   618  3780 I ActivityManager: Killing 29959:com.android.providers.downloads/u0a28 (adj 903): empty #18
12-28 09:17:07.085 31532 31556 I FrameworkJumpTable: Successfully loaded all methods
12-28 09:17:07.087 31532 31556 I FrameworkJumpTable: Successfully loaded all fields
12-28 09:17:07.087 31532 31556 I FrameworkJumpTable: Successfully loaded all constructors
12-28 09:17:09.773   618  6974 I ActivityManager: Start proc 31639:com.amazon.identity.auth.device.authorization/u0a106 for service com.amazon.identity.auth.device.authorization/.AmazonCredentialManagerService
12-28 09:17:10.109   618  3404 I ActivityManager: Killing 29699:com.android.defcontainer/u0a15 (adj 903): empty #17
12-28 09:17:17.249   618   630 E TvInputManagerService: failed to load TV input org.videolan.vlc.PreviewVideoInputService
12-28 09:17:17.249   618   630 E TvInputManagerService: java.lang.IllegalStateException: Setup activity not found for org.videolan.vlc.PreviewVideoInputService
12-28 09:17:17.249   618   630 E TvInputManagerService: 	at android.media.tv.TvInputInfo$Builder.parseServiceMetadata(TvInputInfo.java:956)
12-28 09:17:17.249   618   630 E TvInputManagerService: 	at android.media.tv.TvInputInfo$Builder.build(TvInputInfo.java:901)
12-28 09:17:17.249   618   630 E TvInputManagerService: 	at com.android.server.tv.TvInputManagerService.buildTvInputListLocked(TvInputManagerService.java:345)
12-28 09:17:17.249   618   630 E TvInputManagerService: 	at com.android.server.tv.TvInputManagerService.-wrap10(TvInputManagerService.java)
12-28 09:17:17.249   618   630 E TvInputManagerService: 	at com.android.server.tv.TvInputManagerService$1.buildTvInputList(TvInputManagerService.java:190)
12-28 09:17:17.249   618   630 E TvInputManagerService: 	at com.android.server.tv.TvInputManagerService$1.onSomePackagesChanged(TvInputManagerService.java:240)
12-28 09:17:17.249   618   630 E TvInputManagerService: 	at com.android.internal.content.PackageMonitor.onReceive(PackageMonitor.java:431)
12-28 09:17:17.249   618   630 E TvInputManagerService: 	at android.app.LoadedApk$ReceiverDispatcher$Args.run(LoadedApk.java:1158)
12-28 09:17:17.249   618   630 E TvInputManagerService: 	at android.os.Handler.handleCallback(Handler.java:751)
12-28 09:17:17.249   618   630 E TvInputManagerService: 	at android.os.Handler.dispatchMessage(Handler.java:95)
12-28 09:17:17.249   618   630 E TvInputManagerService: 	at android.os.Looper.loop(Looper.java:154)
12-28 09:17:17.249   618   630 E TvInputManagerService: 	at android.os.HandlerThread.run(HandlerThread.java:61)
12-28 09:20:18.554   618   635 W AmazonDropBoxManagerService: Either log duration is null or calculated wrong dropbox age due to wrong time in device.
12-28 09:20:18.554   618   635 I AmazonDropBoxManagerService: Either there is noLog.crash files or all files are corrupted
12-28 09:20:29.965   618  3404 I ActivityManager: START u0 {flg=0x10000000 cmp=com.example.clickflix/.MainActivity} from uid 2000 on display 0
