12-29 10:55:20.619  1148 20899 E DCP     : 	at com.android.okhttp.internal.huc.HttpURLConnectionImpl.connect(HttpURLConnectionImpl.java:126)
12-29 10:55:20.619  1148 20899 E DCP     : 	at com.android.okhttp.internal.huc.HttpURLConnectionImpl.getOutputStream(HttpURLConnectionImpl.java:257)
12-29 10:55:20.619  1148 20899 E DCP     : 	at com.android.okhttp.internal.huc.DelegatingHttpsURLConnection.getOutputStream(DelegatingHttpsURLConnection.java:218)
12-29 10:55:20.619  1148 20899 E DCP     : 	at com.android.okhttp.internal.huc.HttpsURLConnectionImpl.getOutputStream(HttpsURLConnectionImpl.java)
12-29 10:55:20.619  1148 20899 E DCP     : 	at com.amazon.identity.auth.request.HttpOutputStreamWrapper.flushToUnderlyingStream(HttpOutputStreamWrapper.java:3)
12-29 10:55:20.619  1148 20899 E DCP     : 	at com.amazon.identity.auth.device.api.AuthenticatedHttpURLConnection.performOnConnectionRequested(AuthenticatedHttpURLConnection.java:18)
12-29 10:55:20.619  1148 20899 E DCP     : 	at com.amazon.identity.auth.device.framework.WrappableHttpURLConnection.onConnectionRequested(WrappableHttpURLConnection.java:16)
12-29 10:55:20.619  1148 20899 E DCP     : 	at com.amazon.identity.auth.device.framework.WrappableHttpURLConnection.connect(WrappableHttpURLConnection.java:1)
12-29 10:55:20.619  1148 20899 E DCP     : 	at com.amazon.identity.auth.device.api.AuthenticatedHttpsURLConnection.connect(AuthenticatedHttpsURLConnection.java:1)
12-29 10:55:20.619  1148 20899 E DCP     : 	at com.amazon.dcp.framework.iuc.ConnectionWrapper.connect(DCP:326)
12-29 10:55:20.619  1148 20899 E DCP     : 	at com.amazon.dcp.framework.iuc.LoggingURLConnection.connect(DCP:83)
12-29 10:55:20.619  1148 20899 E DCP     : 	at com.amazon.dcp.framework.iuc.ConnectionEstablisherWithExternalConnectionFactory.doEstablishConnectionWithBody(DCP:95)
12-29 10:55:20.619  1148 20899 E DCP     : 	at com.amazon.dcp.framework.iuc.ConnectionEstablisherWithExternalConnectionFactory.access$000(DCP:19)
12-29 10:55:20.619  1148 20899 E DCP     : 	at com.amazon.dcp.framework.iuc.ConnectionEstablisherWithExternalConnectionFactory$1.onBodyAvailable(DCP:76)
12-29 10:55:20.619  1148 20899 E DCP     : 	at com.amazon.dcp.framework.iuc.ConnectionWithBufferedOutput.processBody(DCP:46)
12-29 10:55:20.619  1148 20899 E DCP     : 	at com.amazon.dcp.framework.iuc.ConnectionWithBufferedOutput.access$000(DCP:15)
12-29 10:55:20.619  1148 20899 E DCP     : 	at com.amazon.dcp.framework.iuc.ConnectionWithBufferedOutput$1.close(DCP:22)
12-29 10:55:20.619  1148 20899 E DCP     : 	at com.amazon.org.apache.commons.io.IOUtils.closeQuietly(DCP:339)
12-29 10:55:20.619  1148 20899 E DCP     : 	at com.amazon.org.apache.commons.io.IOUtils.closeQuietly(DCP:298)
12-29 10:55:20.619  1148 20899 E DCP     : 	at com.amazon.dcp.framework.iuc.ConnectionEstablisherWithRetry.establishConnectionWithTimeout(DCP:168)
12-29 10:55:20.619  1148 20899 E DCP     : 	at com.amazon.dcp.framework.iuc.ConnectionEstablisherWithRetry.waitAndEstablishConnection(DCP:124)
12-29 10:55:20.619  1148 20899 E DCP     : 	at com.amazon.dcp.framework.iuc.ConnectionEstablisherWithRetry.doEstablishConnectionWithBody(DCP:93)
12-29 10:55:20.619  1148 20899 E DCP     : 	at com.amazon.dcp.framework.iuc.ConnectionEstablisherWithRetry.access$000(DCP:24)
12-29 10:55:20.619  1148 20899 E DCP     : 	at com.amazon.dcp.framework.iuc.ConnectionEstablisherWithRetry$1.onBodyAvailable(DCP:76)
12-29 10:55:20.619  1148 20899 E DCP     : 	at com.amazon.dcp.framework.iuc.ConnectionWithBufferedOutput.processBody(DCP:46)
12-29 10:55:20.619  1148 20899 E DCP     : 	at com.amazon.dcp.framework.iuc.ConnectionWithBufferedOutput.access$000(DCP:15)
12-29 10:55:20.619  1148 20899 E DCP     : 	at com.amazon.dcp.framework.iuc.ConnectionWithBufferedOutput$1.close(DCP:22)
12-29 10:55:20.619  1148 20899 E DCP     : 	at com.amazon.org.apache.commons.io.IOUtils.closeQuietly(DCP:339)
12-29 10:55:20.619  1148 20899 E DCP     : 	at com.amazon.org.apache.commons.io.IOUtils.closeQuietly(DCP:298)
12-29 10:55:20.619  1148 20899 E DCP     : 	at com.amazon.dcp.framework.iuc.InstrumentedWebserviceCall.writeBodyIfRequired(DCP:194)
12-29 10:55:20.619  1148 20899 E DCP     : 	at com.amazon.dcp.framework.iuc.InstrumentedWebserviceCall.call(DCP:89)
12-29 10:55:20.619  1148 20899 E DCP     : 	at com.amazon.device.me
12-29 10:55:20.620  1148 20899 I DCP     : Connection attempt will be performed in 1 sec
12-29 10:55:22.178  1148 20899 I ...atformDependencyImpl: isAmazonDevice() in ClientSideAmazonPlatformDependencyImpl is called
12-29 10:55:22.178  1148 20899 I ...g/AmazonSerialNumber: MAP Client side on FireOS 6 or below calls android.os.Build to get the DSN.
12-29 10:55:22.179  1148 20899 I ...onInformationQueryer: Populate change for remote MAP info.
12-29 10:55:22.179  1148 20899 I ...onInformationQueryer: CacheContainsPartialResults? true
12-29 10:55:22.181  1148 20899 E ...ng/DeviceTypeHelpers: Cannot get remote map information even including the calling app itself! This could happen only the calling app is IMP!
12-29 10:55:22.184  1148 20899 I ...atformDependencyImpl: isAmazonDevice() in ClientSideAmazonPlatformDependencyImpl is called
12-29 10:55:22.184  1148 20899 I ...g/LocalKeyValueStore: Create DE shared preference, OS supports direct boot.
12-29 10:55:22.185  1148 20899 I ...atformDependencyImpl: isAmazonDevice() in ClientSideAmazonPlatformDependencyImpl is called
12-29 10:55:22.264  1148 20899 I DCP     : ConnectException occurred: Connection refused
12-29 10:55:22.266  1148 20899 E DCP     : Error occurred while establishing connection!
12-29 10:55:22.266  1148 20899 E DCP     : java.net.ConnectException: Connection refused
12-29 10:55:22.266  1148 20899 E DCP     : 	at java.net.PlainSocketImpl.socketConnect(Native Method)
12-29 10:55:22.266  1148 20899 E DCP     : 	at java.net.AbstractPlainSocketImpl.doConnect(AbstractPlainSocketImpl.java:334)
12-29 10:55:22.266  1148 20899 E DCP     : 	at java.net.AbstractPlainSocketImpl.connectToAddress(AbstractPlainSocketImpl.java:194)
12-29 10:55:22.266  1148 20899 E DCP     : 	at java.net.AbstractPlainSocketImpl.connect(AbstractPlainSocketImpl.java:178)
12-29 10:55:22.266  1148 20899 E DCP     : 	at java.net.SocksSocketImpl.connect(SocksSocketImpl.java:356)
12-29 10:55:22.266  1148 20899 E DCP     : 	at java.net.Socket.connect(Socket.java:605)
12-29 10:55:22.266  1148 20899 E DCP     : 	at com.android.okhttp.internal.Platform.connectSocket(Platform.java:113)
12-29 10:55:22.266  1148 20899 E DCP     : 	at com.android.okhttp.Connection.connectSocket(Connection.java:196)
12-29 10:55:22.266  1148 20899 E DCP     : 	at com.android.okhttp.Connection.connect(Connection.java:172)
12-29 10:55:22.266  1148 20899 E DCP     : 	at com.android.okhttp.Connection.connectAndSetOwner(Connection.java:367)
12-29 10:55:22.266  1148 20899 E DCP     : 	at com.android.okhttp.OkHttpClient$1.connectAndSetOwner(OkHttpClient.java:130)
12-29 10:55:22.266  1148 20899 E DCP     : 	at com.android.okhttp.internal.http.HttpEngine.connect(HttpEngine.java:329)
12-29 10:55:22.266  1148 20899 E DCP     : 	at com.android.okhttp.internal.http.HttpEngine.sendRequest(HttpEngine.java:246)
12-29 10:55:22.266  1148 20899 E DCP     : 	at com.android.okhttp.internal.huc.HttpURLConnectionImpl.execute(HttpURLConnectionImpl.java:457)
12-29 10:55:22.266  1148 20899 E DCP     : 	at com.android.okhttp.internal.huc.HttpURLConnectionImpl.connect(HttpURLConnectionImpl.java:126)
12-29 10:55:22.266  1148 20899 E DCP     : 	at com.android.okhttp.internal.huc.HttpURLConnectionImpl.getOutputStream(HttpURLConnectionImpl.java:257)
12-29 10:55:22.266  1148 20899 E DCP     : 	at com.android.okhttp.internal.huc.DelegatingHttpsURLConnection.getOutputStream(DelegatingHttpsURLConnection.java:218)
12-29 10:55:22.266  1148 20899 E DCP     : 	at com.android.okhttp.internal.huc.HttpsURLConnectionImpl.getOutputStream(HttpsURLConnectionImpl.java)
12-29 10:55:22.266  1148 20899 E DCP     : 	at com.amazon.identity.auth.request.HttpOutputStreamWrapper.flushToUnderlyingStream(HttpOutputStreamWrapper.java:3)
12-29 10:55:22.266  1148 20899 E DCP     : 	at com.amazon.identity.auth.device.api.AuthenticatedHttpURLConnection.performOnConnectionRequested(AuthenticatedHttpURLConnection.java:18)
12-29 10:55:22.266  1148 20899 E DCP     : 	at com.amazon.identity.auth.device.framework.WrappableHttpURLConnection.onConnectionRequested(WrappableHttpURLConnection.java:16)
12-29 10:55:22.266  1148 20899 E DCP     : 	at com.amazon.identity.auth.device.framework.WrappableHttpURLConnection.connect(WrappableHttpURLConnection.java:1)
12-29 10:55:22.266  1148 20899 E DCP     : 	at com.amazon.identity.auth.device.api.AuthenticatedHttpsURLConnection.connect(AuthenticatedHttpsURLConnection.java:1)
12-29 10:55:22.266  1148 20899 E DCP     : 	at com.amazon.dcp.framework.iuc.ConnectionWrapper.connect(DCP:326)
12-29 10:55:22.266  1148 20899 E DCP     : 	at com.amazon.dcp.framework.iuc.LoggingURLConnection.connect(DCP:83)
12-29 10:55:22.266  1148 20899 E DCP     : 	at com.amazon.dcp.framework.iuc.ConnectionEstablisherWithExternalConnectionFactory.doEstablishConnectionWithBody(DCP:95)
12-29 10:55:22.266  1148 20899 E DCP     : 	at com.amazon.dcp.framework.iuc.ConnectionEstablisherWithExternalConnectionFactory.access$000(DCP:19)
12-29 10:55:22.266  1148 20899 E DCP     : 	at com.amazon.dcp.framework.iuc.ConnectionEstablisherWithExternalConnectionFactory$1.onBodyAvailable(DCP:76)
12-29 10:55:22.266  1148 20899 E DCP     : 	at com.amazon.dcp.framework.iuc.ConnectionWithBufferedOutput.processBody(DCP:46)
12-29 10:55:22.266  1148 20899 E DCP     : 	at com.amazon.dcp.framework.iuc.ConnectionWithBufferedOutput.access$000(DCP:15)
12-29 10:55:22.266  1148 20899 E DCP     : 	at com.amazon.dcp.framework.iuc.ConnectionWithBufferedOutput$1.close(DCP:22)
12-29 10:55:22.266  1148 20899 E DCP     : 	at com.amazon.org.apache.commons.io.IOUtils.closeQuietly(DCP:339)
12-29 10:55:22.266  1148 20899 E DCP     : 	at com.amazon.org.apache.commons.io.IOUtils.closeQuietly(DCP:298)
12-29 10:55:22.266  1148 20899 E DCP     : 	at com.amazon.dcp.framework.iuc.ConnectionEstablisherWithRetry.establishConnectionWithTimeout(DCP:168)
12-29 10:55:22.266  1148 20899 E DCP     : 	at com.amazon.dcp.framework.iuc.ConnectionEstablisherWithRetry.waitAndEstablishConnection(DCP:124)
12-29 10:55:22.266  1148 20899 E DCP     : 	at com.amazon.dcp.framework.iuc.ConnectionEstablisherWithRetry.doEstablishConnectionWithBody(DCP:93)
12-29 10:55:22.266  1148 20899 E DCP     : 	at com.amazon.dcp.framework.iuc.ConnectionEstablisherWithRetry.access$000(DCP:24)
12-29 10:55:22.266  1148 20899 E DCP     : 	at com.amazon.dcp.framework.iuc.ConnectionEstablisherWithRetry$1.onBodyAvailable(DCP:76)
12-29 10:55:22.266  1148 20899 E DCP     : 	at com.amazon.dcp.framework.iuc.ConnectionWithBufferedOutput.processBody(DCP:46)
12-29 10:55:22.266  1148 20899 E DCP     : 	at com.amazon.dcp.framework.iuc.ConnectionWithBufferedOutput.access$000(DCP:15)
12-29 10:55:22.266  1148 20899 E DCP     : 	at com.amazon.dcp.framework.iuc.ConnectionWithBufferedOutput$1.close(DCP:22)
12-29 10:55:22.266  1148 20899 E DCP     : 	at com.amazon.org.apache.commons.io.IOUtils.closeQuietly(DCP:339)
12-29 10:55:22.266  1148 20899 E DCP     : 	at com.amazon.org.apache.commons.io.IOUtils.closeQuietly(DCP:298)
12-29 10:55:22.266  1148 20899 E DCP     : 	at com.amazon.dcp.framework.iuc.InstrumentedWebserviceCall.writeBodyIfRequired(DCP:194)
12-29 10:55:22.266  1148 20899 E DCP     : 	at com.amazon.dcp.framework.iuc.InstrumentedWebserviceCall.call(DCP:89)
12-29 10:55:22.266  1148 20899 E DCP     : 	at com.amazon.device.me
12-29 10:55:22.268  1148 20899 E ADM     : [ADM][D2SM][Flush]IOException making request
12-29 10:55:22.268  1148 20899 E ADM     : java.net.ConnectException: Connection refused
12-29 10:55:22.268  1148 20899 E ADM     : 	at java.net.PlainSocketImpl.socketConnect(Native Method)
12-29 10:55:22.268  1148 20899 E ADM     : 	at java.net.AbstractPlainSocketImpl.doConnect(AbstractPlainSocketImpl.java:334)
12-29 10:55:22.268  1148 20899 E ADM     : 	at java.net.AbstractPlainSocketImpl.connectToAddress(AbstractPlainSocketImpl.java:194)
12-29 10:55:22.268  1148 20899 E ADM     : 	at java.net.AbstractPlainSocketImpl.connect(AbstractPlainSocketImpl.java:178)
12-29 10:55:22.268  1148 20899 E ADM     : 	at java.net.SocksSocketImpl.connect(SocksSocketImpl.java:356)
12-29 10:55:22.268  1148 20899 E ADM     : 	at java.net.Socket.connect(Socket.java:605)
12-29 10:55:22.268  1148 20899 E ADM     : 	at com.android.okhttp.internal.Platform.connectSocket(Platform.java:113)
12-29 10:55:22.268  1148 20899 E ADM     : 	at com.android.okhttp.Connection.connectSocket(Connection.java:196)
12-29 10:55:22.268  1148 20899 E ADM     : 	at com.android.okhttp.Connection.connect(Connection.java:172)
12-29 10:55:22.268  1148 20899 E ADM     : 	at com.android.okhttp.Connection.connectAndSetOwner(Connection.java:367)
12-29 10:55:22.268  1148 20899 E ADM     : 	at com.android.okhttp.OkHttpClient$1.connectAndSetOwner(OkHttpClient.java:130)
12-29 10:55:22.268  1148 20899 E ADM     : 	at com.android.okhttp.internal.http.HttpEngine.connect(HttpEngine.java:329)
12-29 10:55:22.268  1148 20899 E ADM     : 	at com.android.okhttp.internal.http.HttpEngine.sendRequest(HttpEngine.java:246)
12-29 10:55:22.268  1148 20899 E ADM     : 	at com.android.okhttp.internal.huc.HttpURLConnectionImpl.execute(HttpURLConnectionImpl.java:457)
12-29 10:55:22.268  1148 20899 E ADM     : 	at com.android.okhttp.internal.huc.HttpURLConnectionImpl.connect(HttpURLConnectionImpl.java:126)
12-29 10:55:22.268  1148 20899 E ADM     : 	at com.android.okhttp.internal.huc.HttpURLConnectionImpl.getOutputStream(HttpURLConnectionImpl.java:257)
12-29 10:55:22.268  1148 20899 E ADM     : 	at com.android.okhttp.internal.huc.DelegatingHttpsURLConnection.getOutputStream(DelegatingHttpsURLConnection.java:218)
12-29 10:55:22.268  1148 20899 E ADM     : 	at com.android.okhttp.internal.huc.HttpsURLConnectionImpl.getOutputStream(HttpsURLConnectionImpl.java)
12-29 10:55:22.268  1148 20899 E ADM     : 	at com.amazon.identity.auth.request.HttpOutputStreamWrapper.flushToUnderlyingStream(HttpOutputStreamWrapper.java:3)
12-29 10:55:22.268  1148 20899 E ADM     : 	at com.amazon.identity.auth.device.api.AuthenticatedHttpURLConnection.performOnConnectionRequested(AuthenticatedHttpURLConnection.java:18)
12-29 10:55:22.268  1148 20899 E ADM     : 	at com.amazon.identity.auth.device.framework.WrappableHttpURLConnection.onConnectionRequested(WrappableHttpURLConnection.java:16)
12-29 10:55:22.268  1148 20899 E ADM     : 	at com.amazon.identity.auth.device.framework.WrappableHttpURLConnection.connect(WrappableHttpURLConnection.java:1)
12-29 10:55:22.268  1148 20899 E ADM     : 	at com.amazon.identity.auth.device.api.AuthenticatedHttpsURLConnection.connect(AuthenticatedHttpsURLConnection.java:1)
12-29 10:55:22.268  1148 20899 E ADM     : 	at com.amazon.dcp.framework.iuc.ConnectionWrapper.connect(DCP:326)
12-29 10:55:22.268  1148 20899 E ADM     : 	at com.amazon.dcp.framework.iuc.LoggingURLConnection.connect(DCP:83)
12-29 10:55:22.268  1148 20899 E ADM     : 	at com.amazon.dcp.framework.iuc.ConnectionEstablisherWithExternalConnectionFactory.doEstablishConnectionWithBody(DCP:95)
12-29 10:55:22.268  1148 20899 E ADM     : 	at com.amazon.dcp.framework.iuc.ConnectionEstablisherWithExternalConnectionFactory.access$000(DCP:19)
12-29 10:55:22.268  1148 20899 E ADM     : 	at com.amazon.dcp.framework.iuc.ConnectionEstablisherWithExternalConnectionFactory$1.onBodyAvailable(DCP:76)
12-29 10:55:22.268  1148 20899 E ADM     : 	at com.amazon.dcp.framework.iuc.ConnectionWithBufferedOutput.processBody(DCP:46)
12-29 10:55:22.268  1148 20899 E ADM     : 	at com.amazon.dcp.framework.iuc.ConnectionWithBufferedOutput.access$000(DCP:15)
12-29 10:55:22.268  1148 20899 E ADM     : 	at com.amazon.dcp.framework.iuc.ConnectionWithBufferedOutput$1.close(DCP:22)
12-29 10:55:22.268  1148 20899 E ADM     : 	at com.amazon.org.apache.commons.io.IOUtils.closeQuietly(DCP:339)
12-29 10:55:22.268  1148 20899 E ADM     : 	at com.amazon.org.apache.commons.io.IOUtils.closeQuietly(DCP:298)
12-29 10:55:22.268  1148 20899 E ADM     : 	at com.amazon.dcp.framework.iuc.ConnectionEstablisherWithRetry.establishConnectionWithTimeout(DCP:168)
12-29 10:55:22.268  1148 20899 E ADM     : 	at com.amazon.dcp.framework.iuc.ConnectionEstablisherWithRetry.waitAndEstablishConnection(DCP:124)
12-29 10:55:22.268  1148 20899 E ADM     : 	at com.amazon.dcp.framework.iuc.ConnectionEstablisherWithRetry.doEstablishConnectionWithBody(DCP:93)
12-29 10:55:22.268  1148 20899 E ADM     : 	at com.amazon.dcp.framework.iuc.ConnectionEstablisherWithRetry.access$000(DCP:24)
12-29 10:55:22.268  1148 20899 E ADM     : 	at com.amazon.dcp.framework.iuc.ConnectionEstablisherWithRetry$1.onBodyAvailable(DCP:76)
12-29 10:55:22.268  1148 20899 E ADM     : 	at com.amazon.dcp.framework.iuc.ConnectionWithBufferedOutput.processBody(DCP:46)
12-29 10:55:22.268  1148 20899 E ADM     : 	at com.amazon.dcp.framework.iuc.ConnectionWithBufferedOutput.access$000(DCP:15)
12-29 10:55:22.268  1148 20899 E ADM     : 	at com.amazon.dcp.framework.iuc.ConnectionWithBufferedOutput$1.close(DCP:22)
12-29 10:55:22.268  1148 20899 E ADM     : 	at com.amazon.org.apache.commons.io.IOUtils.closeQuietly(DCP:339)
12-29 10:55:22.268  1148 20899 E ADM     : 	at com.amazon.org.apache.commons.io.IOUtils.closeQuietly(DCP:298)
12-29 10:55:22.268  1148 20899 E ADM     : 	at com.amazon.dcp.framework.iuc.InstrumentedWebserviceCall.writeBodyIfRequired(DCP:194)
12-29 10:55:22.268  1148 20899 E ADM     : 	at com.amazon.dcp.framework.iuc.InstrumentedWebserviceCall.call(DCP:89)
12-29 10:55:22.268  1148 20899 E ADM     : 	at com.amazon.device.mes
12-29 10:55:22.268  1148 20899 E ADM     : [ADM][D2SM][Flush]PostMessagesListener: onNetworkFailure
12-29 10:55:22.269  1148 20899 I ADM     : [ADM][D2SM][Flush]Metrics Key is: Failure. Value is: 1
12-29 10:55:22.269  1148 20899 I ADM     : [ADM][D2SM][Flush]Metrics Key is: FailureReason. Value is: NetworkFailure
12-29 10:55:22.270  1148 20899 I ADM     : [ADM][D2SM][Flush]PostMessagesListener: Didn't receive response for message id f3d, treating as failed with retry
12-29 10:55:22.284  1148 20899 E ADM     : [ADM][D2SM][Flush]Failed to retrieve the number of retries from message: f3d
12-29 10:55:22.316  1148 20899 I ADM     : [ADM][D2SM][Flush]Queue size: 5 (0 without retry time). Next flush in 643 seconds.
12-29 10:55:22.321  1148 20899 I ADM     : [ADM][D2SM][Flush]Setting alarm to flush ODOT messages.
12-29 10:55:22.335  1148 20899 I ADM     : [ADM][D2SM][Schedule]Queue size: 5 (0 without retry time). Next flush in 643 seconds.
12-29 10:55:22.340  1148 20899 I ADM     : [ADM][D2SM][Schedule]Suppressed setting new alarm at 433894481 because an alarm was already scheduled at 433894462.
12-29 10:55:23.342  1148  1148 I ADM     : [ADM][D2SM]Queues are not busy, stopping: 2
12-29 10:55:27.115 25906 25983 I DiebusMetrics: Starting reporting metrics
12-29 10:55:27.115 25906 25983 I DiebusMetrics: End reporting metrics
12-29 10:55:27.771 25906 25968 I DiebusMetrics: Starting reporting metrics
12-29 10:55:27.772 25906 25968 I DiebusMetrics: End reporting metrics
12-29 10:55:29.813   288 10607 I Node    : dolby-audio-meter, AdapterPcmSystem adapter audio meter: channel 0; audio level: 0.000
12-29 10:55:29.813   288 10607 I Node    : dolby-audio-meter, AdapterPcmSystem adapter audio meter: channel 1; audio level: 0.000
12-29 10:55:29.813   288 10607 I RendererNode: dolby-audio-meter, Renderer renderer audio meter: channel 0; audio level: 0.000
12-29 10:55:29.813   288 10607 I RendererNode: dolby-audio-meter, Renderer renderer audio meter: channel 1; audio level: 0.000
12-29 10:55:29.813   288 10607 I RendererNode: dolby-audio-meter, Renderer renderer audio meter: channel 2; audio level: 0.000
12-29 10:55:29.813   288 10607 I RendererNode: dolby-audio-meter, Renderer renderer audio meter: channel 3; audio level: 0.000
12-29 10:55:29.813   288 10607 I RendererNode: dolby-audio-meter, Renderer renderer audio meter: channel 4; audio level: 0.000
12-29 10:55:29.813   288 10607 I RendererNode: dolby-audio-meter, Renderer renderer audio meter: channel 5; audio level: 0.000
12-29 10:55:29.813   288 10607 I Node    : dolby-audio-meter, AdapterPcmOut adapter audio meter: channel 0; audio level: 0.000
12-29 10:55:29.813   288 10607 I Node    : dolby-audio-meter, AdapterPcmOut adapter audio meter: channel 1; audio level: 0.000
12-29 10:55:34.786  1399 20915 I SPCH-Cont_HealthLogger: Current State = {"ProfileValidated":"true","ProfileType":"ADULT","Gateway":"avs-alexa-18-na.amazon.com:443","memoryLow":"false","ReleaseVersion":"655.1.3","AlexaLegalTermsAccepted":"true","memoryAvailable":"932970496","SupportsFarField":"false","RemoteSettingsStrategy":"VizArcus","memoryTotalPss":"47454","memoryTotalSharedDirty":"3484","DeviceFamily":"SMP","str.auto_wake_up_always":"0","OOBECompleted":"true","AppVersion":"3.0.16038.0","AlexaCaptionsSupported":"true","memoryTotalPrivateDirty":"25167","AlexaShortcutsEnabled":"{\"all\": true, \"runtime\": true, \"locale\": true, \"isChild\": false}","Account":"valid","ConnectionState":"CONNECTED","AlexaCaptionsEnabled":"false","AlexaExperience":"FULL"}
12-29 10:55:39.818   288 10607 I Node    : dolby-audio-meter, AdapterPcmSystem adapter audio meter: channel 0; audio level: 0.000
12-29 10:55:39.818   288 10607 I Node    : dolby-audio-meter, AdapterPcmSystem adapter audio meter: channel 1; audio level: 0.000
12-29 10:55:39.818   288 10607 I RendererNode: dolby-audio-meter, Renderer renderer audio meter: channel 0; audio level: 0.000
12-29 10:55:39.818   288 10607 I RendererNode: dolby-audio-meter, Renderer renderer audio meter: channel 1; audio level: 0.000
12-29 10:55:39.818   288 10607 I RendererNode: dolby-audio-meter, Renderer renderer audio meter: channel 2; audio level: 0.000
12-29 10:55:39.818   288 10607 I RendererNode: dolby-audio-meter, Renderer renderer audio meter: channel 3; audio level: 0.000
12-29 10:55:39.819   288 10607 I RendererNode: dolby-audio-meter, Renderer renderer audio meter: channel 4; audio level: 0.000
12-29 10:55:39.819   288 10607 I RendererNode: dolby-audio-meter, Renderer renderer audio meter: channel 5; audio level: 0.000
12-29 10:55:39.819   288 10607 I Node    : dolby-audio-meter, AdapterPcmOut adapter audio meter: channel 0; audio level: 0.000
12-29 10:55:39.819   288 10607 I Node    : dolby-audio-meter, AdapterPcmOut adapter audio meter: channel 1; audio level: 0.000
12-29 10:55:49.845   288 10607 I Node    : dolby-audio-meter, AdapterPcmSystem adapter audio meter: channel 0; audio level: 0.000
12-29 10:55:49.845   288 10607 I Node    : dolby-audio-meter, AdapterPcmSystem adapter audio meter: channel 1; audio level: 0.000
12-29 10:55:49.845   288 10607 I RendererNode: dolby-audio-meter, Renderer renderer audio meter: channel 0; audio level: 0.000
12-29 10:55:49.845   288 10607 I RendererNode: dolby-audio-meter, Renderer renderer audio meter: channel 1; audio level: 0.000
12-29 10:55:49.845   288 10607 I RendererNode: dolby-audio-meter, Renderer renderer audio meter: channel 2; audio level: 0.000
12-29 10:55:49.845   288 10607 I RendererNode: dolby-audio-meter, Renderer renderer audio meter: channel 3; audio level: 0.000
12-29 10:55:49.845   288 10607 I RendererNode: dolby-audio-meter, Renderer renderer audio meter: channel 4; audio level: 0.000
12-29 10:55:49.845   288 10607 I RendererNode: dolby-audio-meter, Renderer renderer audio meter: channel 5; audio level: 0.000
12-29 10:55:49.845   288 10607 I Node    : dolby-audio-meter, AdapterPcmOut adapter audio meter: channel 0; audio level: 0.000
12-29 10:55:49.845   288 10607 I Node    : dolby-audio-meter, AdapterPcmOut adapter audio meter: channel 1; audio level: 0.000
12-29 10:55:59.850   288 10607 I Node    : dolby-audio-meter, AdapterPcmSystem adapter audio meter: channel 0; audio level: 0.000
12-29 10:55:59.850   288 10607 I Node    : dolby-audio-meter, AdapterPcmSystem adapter audio meter: channel 1; audio level: 0.000
12-29 10:55:59.850   288 10607 I RendererNode: dolby-audio-meter, Renderer renderer audio meter: channel 0; audio level: 0.000
12-29 10:55:59.850   288 10607 I RendererNode: dolby-audio-meter, Renderer renderer audio meter: channel 1; audio level: 0.000
12-29 10:55:59.850   288 10607 I RendererNode: dolby-audio-meter, Renderer renderer audio meter: channel 2; audio level: 0.000
12-29 10:55:59.850   288 10607 I RendererNode: dolby-audio-meter, Renderer renderer audio meter: channel 3; audio level: 0.000
12-29 10:55:59.851   288 10607 I RendererNode: dolby-audio-meter, Renderer renderer audio meter: channel 4; audio level: 0.000
12-29 10:55:59.851   288 10607 I RendererNode: dolby-audio-meter, Renderer renderer audio meter: channel 5; audio level: 0.000
12-29 10:55:59.851   288 10607 I Node    : dolby-audio-meter, AdapterPcmOut adapter audio meter: channel 0; audio level: 0.000
12-29 10:55:59.851   288 10607 I Node    : dolby-audio-meter, AdapterPcmOut adapter audio meter: channel 1; audio level: 0.000
12-29 10:56:07.884 25906 19631 I BuellerApplication: Kick off Launcher idle task
12-29 10:56:07.905 25906 19631 I MediaBrowseDatabaseCach: Trim method beginning.  3750 initial rows.
12-29 10:56:07.906 25906 19631 I MediaBrowseDatabaseCach: Trim method did not delete any rows because only contains 3750 rows, max is 5000 and trim cache percentage is 0.75
12-29 10:56:07.906 25906 19631 I ImageCacheV2: Disk cleanup requested
12-29 10:56:09.877   288 10607 I Node    : dolby-audio-meter, AdapterPcmSystem adapter audio meter: channel 0; audio level: 0.000
12-29 10:56:09.877   288 10607 I Node    : dolby-audio-meter, AdapterPcmSystem adapter audio meter: channel 1; audio level: 0.000
12-29 10:56:09.877   288 10607 I RendererNode: dolby-audio-meter, Renderer renderer audio meter: channel 0; audio level: 0.000
12-29 10:56:09.877   288 10607 I RendererNode: dolby-audio-meter, Renderer renderer audio meter: channel 1; audio level: 0.000
12-29 10:56:09.877   288 10607 I RendererNode: dolby-audio-meter, Renderer renderer audio meter: channel 2; audio level: 0.000
12-29 10:56:09.877   288 10607 I RendererNode: dolby-audio-meter, Renderer renderer audio meter: channel 3; audio level: 0.000
12-29 10:56:09.877   288 10607 I RendererNode: dolby-audio-meter, Renderer renderer audio meter: channel 4; audio level: 0.000
12-29 10:56:09.877   288 10607 I RendererNode: dolby-audio-meter, Renderer renderer audio meter: channel 5; audio level: 0.000
12-29 10:56:09.877   288 10607 I Node    : dolby-audio-meter, AdapterPcmOut adapter audio meter: channel 0; audio level: 0.000
12-29 10:56:09.877   288 10607 I Node    : dolby-audio-meter, AdapterPcmOut adapter audio meter: channel 1; audio level: 0.000
12-29 10:56:17.018  1454  8140 I whad    : TimeSyncClient:clientThread:reason=skewOrDriftChange,server=XX0QS8,time=433306.129084,skewX=431475.211626,skewY=5.866986,drift=1.784354,reportedDrift=1.784354,numExchanges=708945
12-29 10:56:18.318 21006 21006 I main.wifi_log_levels: wifi_log_levels:wlan0:rssi=-50;rssi2=-46;noise=-84;noise2=-81;channel=149;txframes=13895974;txfails=303435;txper=2%;txaggr= 0 0 0 0 0 0 0 0;rxframes=27597661;rxcrc=28088136;rxper=50.4%;rxdrop=21637182;phymode=AC;phyrate=866;lasttxrate=MCS0_BW20;lastrxrate=6M_BW20; 
12-29 10:56:18.337 21007 21007 I main.wifi_log_levels: tx_packets=13660560;tx_bytes=3042319798;tx_errors=12;tx_dropped=0;rx_packets=25585428;rx_bytes=2886333937;rx_errors=0;rx_dropped=0;wlan0 arp=STALE 
12-29 10:56:18.357 21008 21008 I main.wifi_log_levels: max_rssi=-45;min_rssi=-69;max_noise=-81;min_noise=-92;noise histogram=0 0 0 0 0 113 2982 467011 10630 0 1781 
12-29 10:56:18.395 21010 21010 I main.wifi_log_levels: wifi_log_levels:ch_busy=3%;ch_idle=97%;ch_tx=0%;ch_rx=0%;tx_ok=100%;tx_fail=0%;tx_retry=0%;rx_ok=18%;rx_fcs=82%;tx_ok=21;tx_fail=0;tx_retry=0;rx_ok=9;rx_fcs=41;cck_false=0;cck_crc=0;ofdm_false=14;ofdm_crc=0; 
12-29 10:56:18.501 21018 21018 I main.wifi_log_levels: RXRATE=6M, BW20, OFDM, BCC; PERCNT=80%;RXRATE=NSS2_MCS9, BW80, SGI, VHT, LDPC; PERCNT=20%; 
12-29 10:56:19.882   288 10607 I Node    : dolby-audio-meter, AdapterPcmSystem adapter audio meter: channel 0; audio level: 0.000
12-29 10:56:19.882   288 10607 I Node    : dolby-audio-meter, AdapterPcmSystem adapter audio meter: channel 1; audio level: 0.000
12-29 10:56:19.882   288 10607 I RendererNode: dolby-audio-meter, Renderer renderer audio meter: channel 0; audio level: 0.000
12-29 10:56:19.882   288 10607 I RendererNode: dolby-audio-meter, Renderer renderer audio meter: channel 1; audio level: 0.000
12-29 10:56:19.883   288 10607 I RendererNode: dolby-audio-meter, Renderer renderer audio meter: channel 2; audio level: 0.000
12-29 10:56:19.883   288 10607 I RendererNode: dolby-audio-meter, Renderer renderer audio meter: channel 3; audio level: 0.000
12-29 10:56:19.883   288 10607 I RendererNode: dolby-audio-meter, Renderer renderer audio meter: channel 4; audio level: 0.000
12-29 10:56:19.883   288 10607 I RendererNode: dolby-audio-meter, Renderer renderer audio meter: channel 5; audio level: 0.000
12-29 10:56:19.883   288 10607 I Node    : dolby-audio-meter, AdapterPcmOut adapter audio meter: channel 0; audio level: 0.000
12-29 10:56:19.883   288 10607 I Node    : dolby-audio-meter, AdapterPcmOut adapter audio meter: channel 1; audio level: 0.000
12-29 10:56:20.335  1454 20981 I whad    : DeviceClusterManager:onHeartBeat:seq=6795,xmit=433315182171243,recv=433315357739907,uniqueId=XX0RV9,highNetworkLatency=1
12-29 10:56:29.909   288 10607 I Node    : dolby-audio-meter, AdapterPcmSystem adapter audio meter: channel 0; audio level: 0.000
12-29 10:56:29.909   288 10607 I Node    : dolby-audio-meter, AdapterPcmSystem adapter audio meter: channel 1; audio level: 0.000
12-29 10:56:29.909   288 10607 I RendererNode: dolby-audio-meter, Renderer renderer audio meter: channel 0; audio level: 0.000
12-29 10:56:29.909   288 10607 I RendererNode: dolby-audio-meter, Renderer renderer audio meter: channel 1; audio level: 0.000
12-29 10:56:29.909   288 10607 I RendererNode: dolby-audio-meter, Renderer renderer audio meter: channel 2; audio level: 0.000
12-29 10:56:29.909   288 10607 I RendererNode: dolby-audio-meter, Renderer renderer audio meter: channel 3; audio level: 0.000
12-29 10:56:29.909   288 10607 I RendererNode: dolby-audio-meter, Renderer renderer audio meter: channel 4; audio level: 0.000
12-29 10:56:29.909   288 10607 I RendererNode: dolby-audio-meter, Renderer renderer audio meter: channel 5; audio level: 0.000
12-29 10:56:29.909   288 10607 I Node    : dolby-audio-meter, AdapterPcmOut adapter audio meter: channel 0; audio level: 0.000
12-29 10:56:29.909   288 10607 I Node    : dolby-audio-meter, AdapterPcmOut adapter audio meter: channel 1; audio level: 0.000
12-29 10:56:34.846  1399 21030 I SPCH-Cont_HealthLogger: Current State = {"ProfileValidated":"true","ProfileType":"ADULT","Gateway":"avs-alexa-18-na.amazon.com:443","memoryLow":"false","ReleaseVersion":"655.1.3","AlexaLegalTermsAccepted":"true","memoryAvailable":"932970496","SupportsFarField":"false","RemoteSettingsStrategy":"VizArcus","memoryTotalPss":"47454","memoryTotalSharedDirty":"3484","DeviceFamily":"SMP","str.auto_wake_up_always":"0","OOBECompleted":"true","AppVersion":"3.0.16038.0","AlexaCaptionsSupported":"true","memoryTotalPrivateDirty":"25167","AlexaShortcutsEnabled":"{\"all\": true, \"runtime\": true, \"locale\": true, \"isChild\": false}","Account":"valid","ConnectionState":"CONNECTED","AlexaCaptionsEnabled":"false","AlexaExperience":"FULL"}
12-29 10:56:39.914   288 10607 I Node    : dolby-audio-meter, AdapterPcmSystem adapter audio meter: channel 0; audio level: 0.000
12-29 10:56:39.914   288 10607 I Node    : dolby-audio-meter, AdapterPcmSystem adapter audio meter: channel 1; audio level: 0.000
12-29 10:56:39.914   288 10607 I RendererNode: dolby-audio-meter, Renderer renderer audio meter: channel 0; audio level: 0.000
12-29 10:56:39.914   288 10607 I RendererNode: dolby-audio-meter, Renderer renderer audio meter: channel 1; audio level: 0.000
12-29 10:56:39.914   288 10607 I RendererNode: dolby-audio-meter, Renderer renderer audio meter: channel 2; audio level: 0.000
12-29 10:56:39.915   288 10607 I RendererNode: dolby-audio-meter, Renderer renderer audio meter: channel 3; audio level: 0.000
12-29 10:56:39.915   288 10607 I RendererNode: dolby-audio-meter, Renderer renderer audio meter: channel 4; audio level: 0.000
12-29 10:56:39.915   288 10607 I RendererNode: dolby-audio-meter, Renderer renderer audio meter: channel 5; audio level: 0.000
12-29 10:56:39.915   288 10607 I Node    : dolby-audio-meter, AdapterPcmOut adapter audio meter: channel 0; audio level: 0.000
12-29 10:56:39.915   288 10607 I Node    : dolby-audio-meter, AdapterPcmOut adapter audio meter: channel 1; audio level: 0.000
12-29 10:56:43.212 19979 19979 I AmznGallery__RemoteConfigurationJob: Started fetching remote configuration.
12-29 10:56:43.360 19979 21034 I AmznGallery__RemoteConfigurationJob: Received remote configuration
12-29 10:56:43.360 19979 21034 I ...atformDependencyImpl: isAmazonDevice() in ClientSideAmazonPlatformDependencyImpl is called
12-29 10:56:43.374 19979 21034 I ...atformDependencyImpl: isAmazonDevice() in ClientSideAmazonPlatformDependencyImpl is called
12-29 10:56:43.385 19979 21034 I ...atformDependencyImpl: isAmazonDevice() in ClientSideAmazonPlatformDependencyImpl is called
12-29 10:56:43.396 19979 21034 I ...atformDependencyImpl: isAmazonDevice() in ClientSideAmazonPlatformDependencyImpl is called
12-29 10:56:43.410 19979 21034 I AmznGallery__RemoteFetchConfigurationProcessor: Setting remote config fetch time: 0
12-29 10:56:43.410 19979 21034 I AmznGallery__RemoteConfigurationManager: Cancelling previous jobs.
12-29 10:56:43.420 19979 21034 I AmznGallery__RemoteConfigurationManager: Adding to job scheduler.
12-29 10:56:43.421 19979 21034 I ...atformDependencyImpl: isAmazonDevice() in ClientSideAmazonPlatformDependencyImpl is called
12-29 10:56:43.422 19979 19979 I AmznGallery__RemoteConfigurationJob: onStopJob invoked with parameters: android.app.job.JobParameters@7353c15
12-29 10:56:43.429 19979 21041 W JobInfo : Specified interval for 5235 is +10m0s0ms. Clamped to +15m0s0ms
12-29 10:56:43.438 19979 21034 I ...atformDependencyImpl: isAmazonDevice() in ClientSideAmazonPlatformDependencyImpl is called
12-29 10:56:43.449 19979 21034 I ...atformDependencyImpl: isAmazonDevice() in ClientSideAmazonPlatformDependencyImpl is called
12-29 10:56:43.458 19979 21034 I ...atformDependencyImpl: isAmazonDevice() in ClientSideAmazonPlatformDependencyImpl is called
12-29 10:56:49.941   288 10607 I Node    : dolby-audio-meter, AdapterPcmSystem adapter audio meter: channel 0; audio level: 0.000
12-29 10:56:49.941   288 10607 I Node    : dolby-audio-meter, AdapterPcmSystem adapter audio meter: channel 1; audio level: 0.000
12-29 10:56:49.941   288 10607 I RendererNode: dolby-audio-meter, Renderer renderer audio meter: channel 0; audio level: 0.000
12-29 10:56:49.941   288 10607 I RendererNode: dolby-audio-meter, Renderer renderer audio meter: channel 1; audio level: 0.000
12-29 10:56:49.941   288 10607 I RendererNode: dolby-audio-meter, Renderer renderer audio meter: channel 2; audio level: 0.000
12-29 10:56:49.941   288 10607 I RendererNode: dolby-audio-meter, Renderer renderer audio meter: channel 3; audio level: 0.000
12-29 10:56:49.941   288 10607 I RendererNode: dolby-audio-meter, Renderer renderer audio meter: channel 4; audio level: 0.000
12-29 10:56:49.941   288 10607 I RendererNode: dolby-audio-meter, Renderer renderer audio meter: channel 5; audio level: 0.000
12-29 10:56:49.941   288 10607 I Node    : dolby-audio-meter, AdapterPcmOut adapter audio meter: channel 0; audio level: 0.000
12-29 10:56:49.941   288 10607 I Node    : dolby-audio-meter, AdapterPcmOut adapter audio meter: channel 1; audio level: 0.000
12-29 10:56:57.115 25906 25983 I DiebusMetrics: Starting reporting metrics
12-29 10:56:57.120 25906 25983 I DiebusMetrics: End reporting metrics
12-29 10:56:57.772 25906 25968 I DiebusMetrics: Starting reporting metrics
12-29 10:56:57.772 25906 25968 I DiebusMetrics: End reporting metrics
12-29 10:56:59.946   288 10607 I Node    : dolby-audio-meter, AdapterPcmSystem adapter audio meter: channel 0; audio level: 0.000
12-29 10:56:59.946   288 10607 I Node    : dolby-audio-meter, AdapterPcmSystem adapter audio meter: channel 1; audio level: 0.000
12-29 10:56:59.946   288 10607 I RendererNode: dolby-audio-meter, Renderer renderer audio meter: channel 0; audio level: 0.000
12-29 10:56:59.947   288 10607 I RendererNode: dolby-audio-meter, Renderer renderer audio meter: channel 1; audio level: 0.000
12-29 10:56:59.947   288 10607 I RendererNode: dolby-audio-meter, Renderer renderer audio meter: channel 2; audio level: 0.000
12-29 10:56:59.947   288 10607 I RendererNode: dolby-audio-meter, Renderer renderer audio meter: channel 3; audio level: 0.000
12-29 10:56:59.947   288 10607 I RendererNode: dolby-audio-meter, Renderer renderer audio meter: channel 4; audio level: 0.000
12-29 10:56:59.947   288 10607 I RendererNode: dolby-audio-meter, Renderer renderer audio meter: channel 5; audio level: 0.000
12-29 10:56:59.947   288 10607 I Node    : dolby-audio-meter, AdapterPcmOut adapter audio meter: channel 0; audio level: 0.000
12-29 10:56:59.947   288 10607 I Node    : dolby-audio-meter, AdapterPcmOut adapter audio meter: channel 1; audio level: 0.000
12-29 10:57:01.313  1454  8140 I whad    : TimeSyncClient:clientThread:totalStats:sent=110875,recvdOnTime=110875,lateOrDuplicate=0,slots=4532,emptySlots=0,activeSec=4626,elapsedSec=67994,exchangesPerSec=24
12-29 10:57:09.678 25081 25089 W JavaBinder: BinderProxy is being destroyed but the application did not call unlinkToDeath to unlink all of its death recipients beforehand.  Releasing leaked death recipient: com.amazon.whisperlink.android.transport.messenger.TMessengerTransport
12-29 10:57:09.973   288 10607 I Node    : dolby-audio-meter, AdapterPcmSystem adapter audio meter: channel 0; audio level: 0.000
12-29 10:57:09.973   288 10607 I Node    : dolby-audio-meter, AdapterPcmSystem adapter audio meter: channel 1; audio level: 0.000
12-29 10:57:09.973   288 10607 I RendererNode: dolby-audio-meter, Renderer renderer audio meter: channel 0; audio level: 0.000
12-29 10:57:09.973   288 10607 I RendererNode: dolby-audio-meter, Renderer renderer audio meter: channel 1; audio level: 0.000
12-29 10:57:09.973   288 10607 I RendererNode: dolby-audio-meter, Renderer renderer audio meter: channel 2; audio level: 0.000
12-29 10:57:09.973   288 10607 I RendererNode: dolby-audio-meter, Renderer renderer audio meter: channel 3; audio level: 0.000
12-29 10:57:09.973   288 10607 I RendererNode: dolby-audio-meter, Renderer renderer audio meter: channel 4; audio level: 0.000
12-29 10:57:09.973   288 10607 I RendererNode: dolby-audio-meter, Renderer renderer audio meter: channel 5; audio level: 0.000
12-29 10:57:09.973   288 10607 I Node    : dolby-audio-meter, AdapterPcmOut adapter audio meter: channel 0; audio level: 0.000
12-29 10:57:09.973   288 10607 I Node    : dolby-audio-meter, AdapterPcmOut adapter audio meter: channel 1; audio level: 0.000
12-29 10:57:17.008  1454  8140 I whad    : TimeSyncClient:clientThread:reason=skewOrDriftChange,server=XX0QS8,time=433366.120415,skewX=431505.258315,skewY=5.867042,drift=1.784354,reportedDrift=1.784354,numExchanges=709039
12-29 10:57:19.978   288 10607 I Node    : dolby-audio-meter, AdapterPcmSystem adapter audio meter: channel 0; audio level: 0.000
12-29 10:57:19.978   288 10607 I Node    : dolby-audio-meter, AdapterPcmSystem adapter audio meter: channel 1; audio level: 0.000
12-29 10:57:19.978   288 10607 I RendererNode: dolby-audio-meter, Renderer renderer audio meter: channel 0; audio level: 0.000
12-29 10:57:19.978   288 10607 I RendererNode: dolby-audio-meter, Renderer renderer audio meter: channel 1; audio level: 0.000
12-29 10:57:19.978   288 10607 I RendererNode: dolby-audio-meter, Renderer renderer audio meter: channel 2; audio level: 0.000
12-29 10:57:19.978   288 10607 I RendererNode: dolby-audio-meter, Renderer renderer audio meter: channel 3; audio level: 0.000
12-29 10:57:19.979   288 10607 I RendererNode: dolby-audio-meter, Renderer renderer audio meter: channel 4; audio level: 0.000
12-29 10:57:19.979   288 10607 I RendererNode: dolby-audio-meter, Renderer renderer audio meter: channel 5; audio level: 0.000
12-29 10:57:19.979   288 10607 I Node    : dolby-audio-meter, AdapterPcmOut adapter audio meter: channel 0; audio level: 0.000
12-29 10:57:19.979   288 10607 I Node    : dolby-audio-meter, AdapterPcmOut adapter audio meter: channel 1; audio level: 0.000
12-29 10:57:30.005   288 10607 I Node    : dolby-audio-meter, AdapterPcmSystem adapter audio meter: channel 0; audio level: 0.000
12-29 10:57:30.005   288 10607 I Node    : dolby-audio-meter, AdapterPcmSystem adapter audio meter: channel 1; audio level: 0.000
12-29 10:57:30.005   288 10607 I RendererNode: dolby-audio-meter, Renderer renderer audio meter: channel 0; audio level: 0.000
12-29 10:57:30.005   288 10607 I RendererNode: dolby-audio-meter, Renderer renderer audio meter: channel 1; audio level: 0.000
12-29 10:57:30.005   288 10607 I RendererNode: dolby-audio-meter, Renderer renderer audio meter: channel 2; audio level: 0.000
12-29 10:57:30.005   288 10607 I RendererNode: dolby-audio-meter, Renderer renderer audio meter: channel 3; audio level: 0.000
12-29 10:57:30.005   288 10607 I RendererNode: dolby-audio-meter, Renderer renderer audio meter: channel 4; audio level: 0.000
12-29 10:57:30.005   288 10607 I RendererNode: dolby-audio-meter, Renderer renderer audio meter: channel 5; audio level: 0.000
12-29 10:57:30.005   288 10607 I Node    : dolby-audio-meter, AdapterPcmOut adapter audio meter: channel 0; audio level: 0.000
12-29 10:57:30.005   288 10607 I Node    : dolby-audio-meter, AdapterPcmOut adapter audio meter: channel 1; audio level: 0.000
12-29 10:57:34.905  1399 21060 I SPCH-Cont_HealthLogger: Current State = {"ProfileValidated":"true","ProfileType":"ADULT","Gateway":"avs-alexa-18-na.amazon.com:443","memoryLow":"false","ReleaseVersion":"655.1.3","AlexaLegalTermsAccepted":"true","memoryAvailable":"932970496","SupportsFarField":"false","RemoteSettingsStrategy":"VizArcus","memoryTotalPss":"47454","memoryTotalSharedDirty":"3484","DeviceFamily":"SMP","str.auto_wake_up_always":"0","OOBECompleted":"true","AppVersion":"3.0.16038.0","AlexaCaptionsSupported":"true","memoryTotalPrivateDirty":"25167","AlexaShortcutsEnabled":"{\"all\": true, \"runtime\": true, \"locale\": true, \"isChild\": false}","Account":"valid","ConnectionState":"CONNECTED","AlexaCaptionsEnabled":"false","AlexaExperience":"FULL"}
12-29 10:57:40.010   288 10607 I Node    : dolby-audio-meter, AdapterPcmSystem adapter audio meter: channel 0; audio level: 0.000
12-29 10:57:40.010   288 10607 I Node    : dolby-audio-meter, AdapterPcmSystem adapter audio meter: channel 1; audio level: 0.000
12-29 10:57:40.010   288 10607 I RendererNode: dolby-audio-meter, Renderer renderer audio meter: channel 0; audio level: 0.000
12-29 10:57:40.010   288 10607 I RendererNode: dolby-audio-meter, Renderer renderer audio meter: channel 1; audio level: 0.000
12-29 10:57:40.010   288 10607 I RendererNode: dolby-audio-meter, Renderer renderer audio meter: channel 2; audio level: 0.000
12-29 10:57:40.011   288 10607 I RendererNode: dolby-audio-meter, Renderer renderer audio meter: channel 3; audio level: 0.000
12-29 10:57:40.011   288 10607 I RendererNode: dolby-audio-meter, Renderer renderer audio meter: channel 4; audio level: 0.000
12-29 10:57:40.011   288 10607 I RendererNode: dolby-audio-meter, Renderer renderer audio meter: channel 5; audio level: 0.000
12-29 10:57:40.011   288 10607 I Node    : dolby-audio-meter, AdapterPcmOut adapter audio meter: channel 0; audio level: 0.000
12-29 10:57:40.011   288 10607 I Node    : dolby-audio-meter, AdapterPcmOut adapter audio meter: channel 1; audio level: 0.000
12-29 10:57:50.037   288 10607 I Node    : dolby-audio-meter, AdapterPcmSystem adapter audio meter: channel 0; audio level: 0.000
12-29 10:57:50.037   288 10607 I Node    : dolby-audio-meter, AdapterPcmSystem adapter audio meter: channel 1; audio level: 0.000
12-29 10:57:50.037   288 10607 I RendererNode: dolby-audio-meter, Renderer renderer audio meter: channel 0; audio level: 0.000
12-29 10:57:50.037   288 10607 I RendererNode: dolby-audio-meter, Renderer renderer audio meter: channel 1; audio level: 0.000
12-29 10:57:50.037   288 10607 I RendererNode: dolby-audio-meter, Renderer renderer audio meter: channel 2; audio level: 0.000
12-29 10:57:50.037   288 10607 I RendererNode: dolby-audio-meter, Renderer renderer audio meter: channel 3; audio level: 0.000
12-29 10:57:50.037   288 10607 I RendererNode: dolby-audio-meter, Renderer renderer audio meter: channel 4; audio level: 0.000
12-29 10:57:50.037   288 10607 I RendererNode: dolby-audio-meter, Renderer renderer audio meter: channel 5; audio level: 0.000
12-29 10:57:50.037   288 10607 I Node    : dolby-audio-meter, AdapterPcmOut adapter audio meter: channel 0; audio level: 0.000
12-29 10:57:50.037   288 10607 I Node    : dolby-audio-meter, AdapterPcmOut adapter audio meter: channel 1; audio level: 0.000
12-29 10:58:00.042   288 10607 I Node    : dolby-audio-meter, AdapterPcmSystem adapter audio meter: channel 0; audio level: 0.000
12-29 10:58:00.042   288 10607 I Node    : dolby-audio-meter, AdapterPcmSystem adapter audio meter: channel 1; audio level: 0.000
12-29 10:58:00.042   288 10607 I RendererNode: dolby-audio-meter, Renderer renderer audio meter: channel 0; audio level: 0.000
12-29 10:58:00.042   288 10607 I RendererNode: dolby-audio-meter, Renderer renderer audio meter: channel 1; audio level: 0.000
12-29 10:58:00.042   288 10607 I RendererNode: dolby-audio-meter, Renderer renderer audio meter: channel 2; audio level: 0.000
12-29 10:58:00.043   288 10607 I RendererNode: dolby-audio-meter, Renderer renderer audio meter: channel 3; audio level: 0.000
12-29 10:58:00.043   288 10607 I RendererNode: dolby-audio-meter, Renderer renderer audio meter: channel 4; audio level: 0.000
12-29 10:58:00.043   288 10607 I RendererNode: dolby-audio-meter, Renderer renderer audio meter: channel 5; audio level: 0.000
12-29 10:58:00.043   288 10607 I Node    : dolby-audio-meter, AdapterPcmOut adapter audio meter: channel 0; audio level: 0.000
12-29 10:58:00.043   288 10607 I Node    : dolby-audio-meter, AdapterPcmOut adapter audio meter: channel 1; audio level: 0.000
12-29 10:58:10.069   288 10607 I Node    : dolby-audio-meter, AdapterPcmSystem adapter audio meter: channel 0; audio level: 0.000
12-29 10:58:10.069   288 10607 I Node    : dolby-audio-meter, AdapterPcmSystem adapter audio meter: channel 1; audio level: 0.000
12-29 10:58:10.069   288 10607 I RendererNode: dolby-audio-meter, Renderer renderer audio meter: channel 0; audio level: 0.000
12-29 10:58:10.069   288 10607 I RendererNode: dolby-audio-meter, Renderer renderer audio meter: channel 1; audio level: 0.000
12-29 10:58:10.069   288 10607 I RendererNode: dolby-audio-meter, Renderer renderer audio meter: channel 2; audio level: 0.000
12-29 10:58:10.069   288 10607 I RendererNode: dolby-audio-meter, Renderer renderer audio meter: channel 3; audio level: 0.000
12-29 10:58:10.069   288 10607 I RendererNode: dolby-audio-meter, Renderer renderer audio meter: channel 4; audio level: 0.000
12-29 10:58:10.069   288 10607 I RendererNode: dolby-audio-meter, Renderer renderer audio meter: channel 5; audio level: 0.000
12-29 10:58:10.069   288 10607 I Node    : dolby-audio-meter, AdapterPcmOut adapter audio meter: channel 0; audio level: 0.000
12-29 10:58:10.069   288 10607 I Node    : dolby-audio-meter, AdapterPcmOut adapter audio meter: channel 1; audio level: 0.000
12-29 10:58:17.037  1454  8140 I whad    : TimeSyncClient:clientThread:reason=skewOrDriftChange,server=XX0QS8,time=433426.148999,skewX=431535.272362,skewY=5.867099,drift=1.784354,reportedDrift=1.784354,numExchanges=709138
12-29 10:58:19.551 21149 21149 I main.wifi_log_levels: wifi_log_levels:wlan0:rssi=-51;rssi2=-48;noise=-84;noise2=-81;channel=149;txframes=13896408;txfails=303453;txper=2%;txaggr= 1 0 0 0 0 0 0 0;rxframes=27599210;rxcrc=28093201;rxper=50.4%;rxdrop=21637794;phymode=AC;phyrate=866;lasttxrate=NSS2_MCS9_BW80;lastrxrate=NSS2_MCS9_BW80; 
12-29 10:58:19.573 21150 21150 I main.wifi_log_levels: tx_packets=13660996;tx_bytes=3042372249;tx_errors=12;tx_dropped=0;rx_packets=25586483;rx_bytes=2886490772;rx_errors=0;rx_dropped=0;wlan0 arp=STALE 
12-29 10:58:19.594 21151 21151 I main.wifi_log_levels: max_rssi=-45;min_rssi=-69;max_noise=-81;min_noise=-92;noise histogram=0 0 0 0 0 66 3152 583113 13152 0 2394 
12-29 10:58:19.636 21153 21153 I main.wifi_log_levels: wifi_log_levels:ch_busy=6%;ch_idle=94%;ch_tx=0%;ch_rx=0%;tx_ok=100%;tx_fail=0%;tx_retry=0%;rx_ok=12%;rx_fcs=88%;tx_ok=34;tx_fail=0;tx_retry=0;rx_ok=12;rx_fcs=85;cck_false=0;cck_crc=0;ofdm_false=715;ofdm_crc=11; 
12-29 10:58:19.751 21162 21162 I main.wifi_log_levels: RXRATE=6M, BW20, OFDM, BCC; PERCNT=60%;RXRATE=NSS2_MCS9, BW80, SGI, VHT, LDPC; PERCNT=40%; 
12-29 10:58:20.074   288 10607 I Node    : dolby-audio-meter, AdapterPcmSystem adapter audio meter: channel 0; audio level: 0.000
12-29 10:58:20.074   288 10607 I Node    : dolby-audio-meter, AdapterPcmSystem adapter audio meter: channel 1; audio level: 0.000
12-29 10:58:20.074   288 10607 I RendererNode: dolby-audio-meter, Renderer renderer audio meter: channel 0; audio level: 0.000
12-29 10:58:20.074   288 10607 I RendererNode: dolby-audio-meter, Renderer renderer audio meter: channel 1; audio level: 0.000
12-29 10:58:20.074   288 10607 I RendererNode: dolby-audio-meter, Renderer renderer audio meter: channel 2; audio level: 0.000
