12-27 19:59:52.738   618   635 I chatty  : uid=1000(system) FileObserver expire 2 lines
12-27 19:59:52.743 23290 23290 I FrameworkJumpTable: Successfully loaded all methods
12-27 19:59:52.753 23290 23290 I FrameworkJumpTable: Successfully loaded all fields
12-27 19:59:52.753 23290 23290 I FrameworkJumpTable: Successfully loaded all constructors
12-27 20:00:02.634   618  1087 I chatty  : uid=1000(system) Binder:618_6 expire 7 lines
12-27 20:00:03.899 23483 23483 I FrameworkJumpTable: Successfully loaded all classes
12-27 20:00:03.918 23483 23483 I FrameworkJumpTable: Successfully loaded all methods
12-27 20:00:03.920 23483 23483 I FrameworkJumpTable: Successfully loaded all fields
12-27 20:00:03.921 23483 23483 I FrameworkJumpTable: Successfully loaded all constructors
12-27 20:00:04.307   618   662 I chatty  : uid=1000(system) InputReader expire 41 lines
12-27 20:00:06.439   618  3780 I chatty  : uid=1000(system) Binder:618_10 expire 7 lines
12-27 20:00:06.543   618  1180 I chatty  : uid=1000(system) Binder:618_7 expire 1 line
12-27 20:00:08.831   618  6182 I chatty  : uid=1000(system) Binder:618_15 expire 13 lines
12-27 20:00:09.899   618 23561 I chatty  : uid=1000 system_server expire 5 lines
12-27 20:00:10.989 23573 23573 I FrameworkJumpTable: Successfully loaded all classes
12-27 20:00:11.008 23573 23573 I FrameworkJumpTable: Successfully loaded all methods
12-27 20:00:11.010 23573 23573 I FrameworkJumpTable: Successfully loaded all fields
12-27 20:00:11.011 23573 23573 I FrameworkJumpTable: Successfully loaded all constructors
12-27 20:00:24.196   792   792 E PerfBoostIMSCallback: Requires com.amazon.permission.USE_PERFBOOST permission
12-27 20:00:24.307   618   662 I chatty  : uid=1000(system) InputReader expire 28 lines
12-27 20:00:27.697   792   792 E PerfBoostIMSCallback: Requires com.amazon.permission.USE_PERFBOOST permission
12-27 20:00:29.810   792   792 E PerfBoostIMSCallback: Requires com.amazon.permission.USE_PERFBOOST permission
12-27 20:00:42.228   792   792 E PerfBoostIMSCallback: Requires com.amazon.permission.USE_PERFBOOST permission
12-27 20:00:42.369   618   662 I chatty  : uid=1000(system) InputReader expire 7 lines
12-27 20:00:46.503   618 23753 I chatty  : uid=1000 system_server expire 5 lines
12-27 20:00:46.560   618   716 I chatty  : uid=1000(system) AmazonUsageStat expire 7 lines
12-27 20:00:46.572   618   638 I chatty  : uid=1000(system) android.display expire 5 lines
12-27 20:00:46.687   618  4099 I chatty  : uid=1000(system) Binder:618_12 expire 17 lines
12-27 20:00:49.504   618   778 I chatty  : uid=1000(system) LazyTaskWriterT expire 6 lines
12-27 20:00:52.589   618   662 I chatty  : uid=1000(system) InputReader expire 15 lines
12-27 20:00:53.220   792   792 E PerfBoostIMSCallback: Requires com.amazon.permission.USE_PERFBOOST permission
12-27 20:00:55.386   618   630 I chatty  : uid=1000(system) android.bg expire 1 line
12-27 20:01:13.286   792   792 E PerfBoostIMSCallback: Requires com.amazon.permission.USE_PERFBOOST permission
12-27 20:01:13.421   618   662 I chatty  : uid=1000(system) InputReader expire 38 lines
12-27 20:01:16.586   792   792 E PerfBoostIMSCallback: Requires com.amazon.permission.USE_PERFBOOST permission
12-27 20:01:18.761   792   792 E PerfBoostIMSCallback: Requires com.amazon.permission.USE_PERFBOOST permission
12-27 20:01:20.691   792   792 E PerfBoostIMSCallback: Requires com.amazon.permission.USE_PERFBOOST permission
12-27 20:01:23.964   618 23819 I chatty  : uid=1000 system_server expire 2 lines
12-27 20:01:29.026   792   792 E PerfBoostIMSCallback: Requires com.amazon.permission.USE_PERFBOOST permission
12-27 20:01:29.851   618   662 I chatty  : uid=1000(system) InputReader expire 18 lines
12-27 20:01:31.051   792   792 E PerfBoostIMSCallback: Requires com.amazon.permission.USE_PERFBOOST permission
12-27 20:01:33.129   792   792 E PerfBoostIMSCallback: Requires com.amazon.permission.USE_PERFBOOST permission
12-27 20:01:37.144   792   792 E PerfBoostIMSCallback: Requires com.amazon.permission.USE_PERFBOOST permission
12-27 20:01:40.887   792   792 E PerfBoostIMSCallback: Requires com.amazon.permission.USE_PERFBOOST permission
12-27 20:01:40.931   618   662 I chatty  : uid=1000(system) InputReader expire 46 lines
12-27 20:01:48.836   792   792 E PerfBoostIMSCallback: Requires com.amazon.permission.USE_PERFBOOST permission
12-27 20:01:54.129   618   864 I chatty  : uid=1000(system) Binder:618_4 expire 3 lines
12-27 20:01:55.355   618 23967 I chatty  : uid=1000 system_server expire 5 lines
12-27 20:01:55.527   618  6182 I chatty  : uid=1000(system) Binder:618_15 expire 12 lines
12-27 20:02:07.031   792   792 E PerfBoostIMSCallback: Requires com.amazon.permission.USE_PERFBOOST permission
12-27 20:02:07.791   618   662 I chatty  : uid=1000(system) InputReader expire 10 lines
12-27 20:02:11.657   618 24001 I chatty  : uid=1000 system_server expire 5 lines
12-27 20:02:11.860   618  1226 I chatty  : uid=1000(system) Binder:618_A expire 7 lines
12-27 20:02:38.519 24022 24022 I FrameworkJumpTable: Successfully loaded all classes
12-27 20:02:38.540 24022 24022 I FrameworkJumpTable: Successfully loaded all methods
12-27 20:02:38.541 24022 24022 I FrameworkJumpTable: Successfully loaded all fields
12-27 20:02:38.541 24022 24022 I FrameworkJumpTable: Successfully loaded all constructors
12-27 20:02:48.310   618  1322 I chatty  : uid=1000(system) Binder:618_C expire 1 line
12-27 20:02:48.847   827   827 W ContextImpl: Calling a method in the system process without a qualified user: android.app.ContextImpl.sendBroadcast:921 android.content.ContextWrapper.sendBroadcast:426 com.amazon.tifobserver.LiveTvObserver.broadcastChannelListChange:157 com.amazon.tifobserver.LiveTvObserver.-wrap0:-1 com.amazon.tifobserver.LiveTvObserver$1.run:111 
12-27 20:02:48.849   827   827 W ContextImpl: Calling a method in the system process without a qualified user: android.app.ContextImpl.sendBroadcast:921 android.content.ContextWrapper.sendBroadcast:426 com.amazon.tifobserver.LiveTvObserver.broadcastChannelListChange:161 com.amazon.tifobserver.LiveTvObserver.-wrap0:-1 com.amazon.tifobserver.LiveTvObserver$1.run:111 
12-27 20:02:49.009 24182 24182 I FrameworkJumpTable: Successfully loaded all classes
12-27 20:02:49.022 24182 24182 I FrameworkJumpTable: Successfully loaded all methods
12-27 20:02:49.025 24182 24182 I FrameworkJumpTable: Successfully loaded all fields
12-27 20:02:49.025 24182 24182 I FrameworkJumpTable: Successfully loaded all constructors
12-27 20:02:49.567   618  3404 I chatty  : uid=1000(system) Binder:618_F expire 4 lines
12-27 20:02:49.883 24231 24265 I FrameworkJumpTable: Successfully loaded all classes
12-27 20:02:49.904 24231 24265 I FrameworkJumpTable: Successfully loaded all methods
12-27 20:02:49.906 24231 24265 I FrameworkJumpTable: Successfully loaded all fields
12-27 20:02:49.906 24231 24265 I FrameworkJumpTable: Successfully loaded all constructors
12-27 20:02:50.054 24182 24213 E ActivityThread: Failed to find provider info for com.amazon.tv.channelscan
12-27 20:02:50.055 24182 24213 E ActivityThread: Failed to find provider info for com.amazon.tv.channelscan
12-27 20:02:50.055 24182 24213 E ActivityThread: Failed to find provider info for com.amazon.tv.channelscan
12-27 20:02:56.241   618  4099 I chatty  : uid=1000(system) Binder:618_12 expire 1 line
12-27 20:02:56.449   618   633 I chatty  : uid=1000(system) ActivityManager expire 1 line
12-27 20:03:08.751   618   856 I chatty  : uid=1000(system) Binder:618_3 expire 1 line
12-27 20:03:20.048   618   629 I chatty  : uid=1000(system) Binder:618_2 expire 14 lines
12-27 20:03:57.496   792   792 E PerfBoostIMSCallback: Requires com.amazon.permission.USE_PERFBOOST permission
12-27 20:03:57.665   618   662 I chatty  : uid=1000(system) InputReader expire 26 lines
12-27 20:04:05.303   618 24530 I chatty  : uid=1000 system_server expire 5 lines
12-27 20:04:05.939 24532 24532 I FrameworkJumpTable: Successfully loaded all classes
12-27 20:04:05.957 24532 24532 I FrameworkJumpTable: Successfully loaded all methods
12-27 20:04:05.962 24532 24532 I FrameworkJumpTable: Successfully loaded all fields
12-27 20:04:05.962 24532 24532 I FrameworkJumpTable: Successfully loaded all constructors
12-27 20:04:06.572 24532 24551 E ActivityThread: Failed to find provider info for com.google.android.gms.phenotype
12-27 20:04:12.551   618   631 I chatty  : uid=1000(system) ActivityManager expire 1 line
12-27 20:04:34.481   618   634 I chatty  : uid=1000(system) batterystats-sy expire 2 lines
12-27 20:04:38.699   618   662 I chatty  : uid=1000(system) InputReader expire 122 lines
12-27 20:05:00.961   618  1226 I chatty  : uid=1000(system) Binder:618_A expire 1 line
12-27 20:07:36.255   618   618 I chatty  : uid=1000 system_server expire 1 line
12-27 20:07:36.776 24944 24944 I FrameworkJumpTable: Successfully loaded all classes
12-27 20:07:36.793 24944 24944 I FrameworkJumpTable: Successfully loaded all methods
12-27 20:07:36.798 24944 24944 I FrameworkJumpTable: Successfully loaded all fields
12-27 20:07:36.798 24944 24944 I FrameworkJumpTable: Successfully loaded all constructors
12-27 20:07:36.927   618   662 I chatty  : uid=1000(system) InputReader expire 91 lines
12-27 20:07:37.133   618  4099 I chatty  : uid=1000(system) Binder:618_12 expire 2 lines
12-27 20:08:38.833   792   792 E PerfBoostIMSCallback: Requires com.amazon.permission.USE_PERFBOOST permission
12-27 20:08:40.065   618   662 I chatty  : uid=1000(system) InputReader expire 37 lines
12-27 20:08:53.898   618   631 I chatty  : uid=1000(system) ActivityManager expire 2 lines
12-27 20:08:57.250   618   662 I chatty  : uid=1000(system) InputReader expire 103 lines
12-27 20:09:56.972   792   792 E PerfBoostIMSCallback: Requires com.amazon.permission.USE_PERFBOOST permission
12-27 20:09:58.849   618   662 I chatty  : uid=1000(system) InputReader expire 119 lines
12-27 20:10:02.399   792   792 E PerfBoostIMSCallback: Requires com.amazon.permission.USE_PERFBOOST permission
12-27 20:10:11.547   618   856 I chatty  : uid=1000(system) Binder:618_3 expire 8 lines
12-27 20:10:11.558   618   716 I chatty  : uid=1000(system) AmazonUsageStat expire 2 lines
12-27 20:10:12.964   618  6182 I chatty  : uid=1000(system) Binder:618_15 expire 8 lines
12-27 20:10:12.971   618 25352 I chatty  : uid=1000 system_server expire 5 lines
12-27 20:10:13.071   618   638 I chatty  : uid=1000(system) android.display expire 2 lines
12-27 20:10:13.148   618  4099 I chatty  : uid=1000(system) Binder:618_12 expire 1 line
12-27 20:10:16.089   618   778 I chatty  : uid=1000(system) LazyTaskWriterT expire 2 lines
12-27 20:10:18.842   618  3404 I chatty  : uid=1000(system) Binder:618_F expire 2 lines
12-27 20:10:19.068   618   629 I chatty  : uid=1000(system) Binder:618_2 expire 2 lines
12-27 20:12:36.554   618   662 I chatty  : uid=1000(system) InputReader expire 254 lines
12-27 20:14:51.073   618   630 I chatty  : uid=1000(system) android.bg expire 1 line
12-27 20:18:25.709   618   662 I chatty  : uid=1000(system) InputReader expire 253 lines
12-27 20:19:24.031   618 26063 I chatty  : uid=1000 system_server expire 2 lines
12-27 20:22:57.557   618   662 I chatty  : uid=1000(system) InputReader expire 116 lines
12-27 20:26:00.017   618   631 I chatty  : uid=1000(system) ActivityManager expire 2 lines
12-27 20:27:06.633   618   618 I chatty  : uid=1000 system_server expire 4 lines
12-27 20:27:08.020   618   856 I chatty  : uid=1000(system) Binder:618_3 expire 1 line
12-27 20:29:22.147 26875 26892 I FrameworkJumpTable: Successfully loaded all classes
12-27 20:29:22.193 26875 26892 I FrameworkJumpTable: Successfully loaded all methods
12-27 20:29:22.195 26875 26892 I FrameworkJumpTable: Successfully loaded all fields
12-27 20:29:22.195 26875 26892 I FrameworkJumpTable: Successfully loaded all constructors
12-27 20:29:23.807   618  1087 I chatty  : uid=1000(system) Binder:618_6 expire 1 line
12-27 20:29:23.902   618   662 I chatty  : uid=1000(system) InputReader expire 372 lines
12-27 20:32:24.200   618  4099 I chatty  : uid=1000(system) Binder:618_12 expire 1 line
12-27 20:33:00.005   618   618 I chatty  : uid=1000 system_server expire 7 lines
12-27 20:33:00.155   618   678 I chatty  : uid=1000(system) ConnectivitySer expire 2 lines
12-27 20:34:34.503   618   634 I chatty  : uid=1000(system) batterystats-sy expire 2 lines
12-27 20:34:56.341   618   654 I chatty  : uid=1000(system) AlarmManager expire 1 line
12-27 20:40:09.379   618  1087 I chatty  : uid=1000(system) Binder:618_6 expire 1 line
12-27 20:44:14.459   618   662 I chatty  : uid=1000(system) InputReader expire 251 lines
12-27 20:44:24.190   618 28283 I chatty  : uid=1000 system_server expire 2 lines
12-27 20:46:42.810   618  1322 I chatty  : uid=1000(system) Binder:618_C expire 1 line
12-27 20:48:37.290   618  4099 I chatty  : uid=1000(system) Binder:618_12 expire 1 line
12-27 20:49:08.307   618   662 I chatty  : uid=1000(system) InputReader expire 254 lines
12-27 20:52:32.254   618   630 I chatty  : uid=1000(system) android.bg expire 4 lines
12-27 20:53:33.403   618   662 I chatty  : uid=1000(system) InputReader expire 65 lines
12-27 20:53:55.487   618  1224 I chatty  : uid=1000(system) Binder:618_9 expire 1 line
12-27 20:55:02.768   618 11852 I chatty  : uid=1000(system) Binder:618_20 expire 15 lines
12-27 20:55:03.496   618   618 I chatty  : uid=1000 system_server expire 18 lines
12-27 20:55:12.469   618  1226 I chatty  : uid=1000(system) Binder:618_A expire 6 lines
12-27 20:55:12.867   618  4099 I chatty  : uid=1000(system) Binder:618_12 expire 2 lines
12-27 20:55:12.869   618  1322 I chatty  : uid=1000(system) Binder:618_C expire 1 line
12-27 20:55:13.950   618  1236 I chatty  : uid=1000(system) Binder:618_B expire 2 lines
12-27 20:56:04.157   618   631 I chatty  : uid=1000(system) ActivityManager expire 5 lines
12-27 21:04:34.531   618   634 I chatty  : uid=1000(system) batterystats-sy expire 8 lines
12-27 21:05:44.002   618   635 I chatty  : uid=1000(system) FileObserver expire 12 lines
12-27 21:06:38.840 30211 30228 I FrameworkJumpTable: Successfully loaded all classes
12-27 21:06:38.861 30211 30228 I FrameworkJumpTable: Successfully loaded all methods
12-27 21:06:38.862 30211 30228 I FrameworkJumpTable: Successfully loaded all fields
12-27 21:06:38.863 30211 30228 I FrameworkJumpTable: Successfully loaded all constructors
12-27 21:06:45.560 30249 30249 I FrameworkJumpTable: Successfully loaded all classes
12-27 21:06:45.584 30249 30249 I FrameworkJumpTable: Successfully loaded all methods
12-27 21:06:45.586 30249 30249 I FrameworkJumpTable: Successfully loaded all fields
12-27 21:06:45.586 30249 30249 I FrameworkJumpTable: Successfully loaded all constructors
12-27 21:06:47.906   618  1180 I chatty  : uid=1000(system) Binder:618_7 expire 2 lines
12-27 21:08:13.972 30401 30401 I FrameworkJumpTable: Successfully loaded all classes
12-27 21:08:13.990 30401 30401 I FrameworkJumpTable: Successfully loaded all methods
12-27 21:08:13.992 30401 30401 I FrameworkJumpTable: Successfully loaded all fields
12-27 21:08:13.992 30401 30401 I FrameworkJumpTable: Successfully loaded all constructors
12-27 21:08:15.440   618 15353 I chatty  : uid=1000(system) Binder:618_1C expire 2 lines
12-27 21:08:15.525   618   678 I chatty  : uid=1000(system) ConnectivitySer expire 3 lines
12-27 21:09:38.644 30568 30568 I FrameworkJumpTable: Successfully loaded all classes
12-27 21:09:38.658 30568 30568 I FrameworkJumpTable: Successfully loaded all methods
12-27 21:09:38.660 30568 30568 I FrameworkJumpTable: Successfully loaded all fields
12-27 21:09:38.660 30568 30568 I FrameworkJumpTable: Successfully loaded all constructors
12-27 21:09:38.976   618  1087 I chatty  : uid=1000(system) Binder:618_6 expire 2 lines
12-27 21:09:39.243 30632 30656 I FrameworkJumpTable: Successfully loaded all classes
12-27 21:09:39.258 30632 30656 I FrameworkJumpTable: Successfully loaded all methods
12-27 21:09:39.260 30632 30656 I FrameworkJumpTable: Successfully loaded all fields
12-27 21:09:39.260 30632 30656 I FrameworkJumpTable: Successfully loaded all constructors
12-27 21:09:39.381 30568 30599 E ActivityThread: Failed to find provider info for com.amazon.tv.channelscan
12-27 21:09:39.381 30568 30599 E ActivityThread: Failed to find provider info for com.amazon.tv.channelscan
12-27 21:09:39.382 30568 30599 E ActivityThread: Failed to find provider info for com.amazon.tv.channelscan
12-27 21:09:41.141   618  3780 I chatty  : uid=1000(system) Binder:618_10 expire 1 line
12-27 21:25:21.948   618   662 I chatty  : uid=1000(system) InputReader expire 38 lines
12-27 21:28:15.728   618  6974 I chatty  : uid=1000(system) Binder:618_16 expire 1 line
12-27 21:35:53.875   618   654 I chatty  : uid=1000(system) AlarmManager expire 6 lines
12-27 21:37:11.358   541   562 I FrameworkJumpTable: Successfully loaded all classes
12-27 21:37:11.378   541   562 I FrameworkJumpTable: Successfully loaded all methods
12-27 21:37:11.379   541   562 I FrameworkJumpTable: Successfully loaded all fields
12-27 21:37:11.379   541   562 I FrameworkJumpTable: Successfully loaded all constructors
12-27 21:37:43.721   618   618 I chatty  : uid=1000 system_server expire 11 lines
12-27 21:37:43.916   594   594 I FrameworkJumpTable: Successfully loaded all classes
12-27 21:37:43.933   594   594 I FrameworkJumpTable: Successfully loaded all methods
12-27 21:37:43.935   594   594 I FrameworkJumpTable: Successfully loaded all fields
12-27 21:37:43.935   594   594 I FrameworkJumpTable: Successfully loaded all constructors
12-27 21:37:43.996   618 11852 I chatty  : uid=1000(system) Binder:618_20 expire 3 lines
12-27 21:39:10.939   618   662 I chatty  : uid=1000(system) InputReader expire 30 lines
12-27 22:06:50.656  3796  3796 I FrameworkJumpTable: Successfully loaded all classes
12-27 22:06:50.679  3796  3796 I FrameworkJumpTable: Successfully loaded all methods
12-27 22:06:50.680  3796  3796 I FrameworkJumpTable: Successfully loaded all fields
12-27 22:06:50.680  3796  3796 I FrameworkJumpTable: Successfully loaded all constructors
12-27 22:08:14.688  4107  4107 I FrameworkJumpTable: Successfully loaded all classes
12-27 22:08:14.701  4107  4107 I FrameworkJumpTable: Successfully loaded all methods
12-27 22:08:14.704  4107  4107 I FrameworkJumpTable: Successfully loaded all fields
12-27 22:08:14.704  4107  4107 I FrameworkJumpTable: Successfully loaded all constructors
12-27 22:10:46.397   618   635 I chatty  : uid=1000(system) FileObserver expire 6 lines
12-27 22:12:01.509   618   662 I chatty  : uid=1000(system) InputReader expire 8 lines
12-27 22:34:36.173  6297  6297 I FrameworkJumpTable: Successfully loaded all classes
12-27 22:34:36.190  6297  6297 I FrameworkJumpTable: Successfully loaded all methods
12-27 22:34:36.192  6297  6297 I FrameworkJumpTable: Successfully loaded all fields
12-27 22:34:36.192  6297  6297 I FrameworkJumpTable: Successfully loaded all constructors
12-27 22:34:36.818   618   628 I chatty  : uid=1000(system) Binder:618_1 expire 1 line
12-27 22:34:36.852   618  1188 I chatty  : uid=1000(system) Binder:618_8 expire 2 lines
12-27 22:34:37.134  6415  6438 I FrameworkJumpTable: Successfully loaded all classes
12-27 22:34:37.152  6415  6438 I FrameworkJumpTable: Successfully loaded all methods
12-27 22:34:37.154  6415  6438 I FrameworkJumpTable: Successfully loaded all fields
12-27 22:34:37.154  6415  6438 I FrameworkJumpTable: Successfully loaded all constructors
12-27 22:34:37.369  6297  6363 E ActivityThread: Failed to find provider info for com.amazon.tv.channelscan
12-27 22:34:37.370  6297  6363 E ActivityThread: Failed to find provider info for com.amazon.tv.channelscan
12-27 22:34:37.371  6297  6363 E ActivityThread: Failed to find provider info for com.amazon.tv.channelscan
12-27 22:34:53.027   618   618 I chatty  : uid=1000 system_server expire 12 lines
12-27 22:35:09.531   618   628 I chatty  : uid=1000(system) Binder:618_1 expire 4 lines
12-27 22:35:25.700   618  1188 I chatty  : uid=1000(system) Binder:618_8 expire 1 line
12-27 22:35:25.776   618   678 I chatty  : uid=1000(system) ConnectivitySer expire 10 lines
12-27 22:35:38.152   618  1012 I chatty  : uid=1000(system) Binder:618_5 expire 5 lines
12-27 22:35:58.892  6852  6871 I FrameworkJumpTable: Successfully loaded all classes
12-27 22:35:58.910  6852  6871 I FrameworkJumpTable: Successfully loaded all methods
12-27 22:35:58.912  6852  6871 I FrameworkJumpTable: Successfully loaded all fields
12-27 22:35:58.912  6852  6871 I FrameworkJumpTable: Successfully loaded all constructors
12-27 22:36:00.232   618  6886 I chatty  : uid=1000 system_server expire 3 lines
12-27 22:36:01.189   618   630 I chatty  : uid=1000(system) android.bg expire 7 lines
12-27 22:36:07.813  6820  6839 I FrameworkJumpTable: Successfully loaded all classes
12-27 22:36:07.836  6820  6839 I FrameworkJumpTable: Successfully loaded all methods
12-27 22:36:07.838  6820  6839 I FrameworkJumpTable: Successfully loaded all fields
12-27 22:36:07.839  6820  6839 I FrameworkJumpTable: Successfully loaded all constructors
12-27 22:36:07.894   618  8740 I chatty  : uid=1000(system) Binder:618_18 expire 13 lines
12-27 22:37:04.357   618  1322 I chatty  : uid=1000(system) Binder:618_C expire 4 lines
12-27 22:37:04.439  6911  6942 I FrameworkJumpTable: Successfully loaded all classes
12-27 22:37:04.455  6911  6942 I FrameworkJumpTable: Successfully loaded all methods
12-27 22:37:04.457  6911  6942 I FrameworkJumpTable: Successfully loaded all fields
12-27 22:37:04.457  6911  6942 I FrameworkJumpTable: Successfully loaded all constructors
12-27 22:39:49.722   618   631 I chatty  : uid=1000(system) ActivityManager expire 12 lines
12-27 22:39:49.754   618   721 I chatty  : uid=1000(system) MetricsHandler expire 2 lines
12-27 22:39:49.906  7253  7271 I FrameworkJumpTable: Successfully loaded all classes
12-27 22:39:49.938  7253  7271 I FrameworkJumpTable: Successfully loaded all methods
12-27 22:39:49.939  7253  7271 I FrameworkJumpTable: Successfully loaded all fields
12-27 22:39:49.939  7253  7271 I FrameworkJumpTable: Successfully loaded all constructors
12-27 22:39:50.069   618 22065 I chatty  : uid=1000(system) Binder:618_1D expire 13 lines
12-27 22:49:44.234   618   635 I chatty  : uid=1000(system) FileObserver expire 6 lines
12-27 22:58:01.251   618   662 I chatty  : uid=1000(system) InputReader expire 4 lines
12-27 22:58:01.501   618  1224 I chatty  : uid=1000(system) Binder:618_9 expire 6 lines
12-27 22:58:05.953   618  5676 I chatty  : uid=1000(system) Binder:618_13 expire 11 lines
12-27 22:58:06.951   618   717 I chatty  : uid=1000(system) AmazonProfileSe expire 1 line
12-27 22:58:06.955   618   645 I chatty  : uid=1000(system) PowerManagerSer expire 1 line
12-27 22:58:06.980   618   633 I chatty  : uid=1000(system) ActivityManager expire 2 lines
12-27 22:58:07.063  8768  8768 I FrameworkJumpTable: Successfully loaded all classes
12-27 22:58:07.190  8768  8768 I FrameworkJumpTable: Successfully loaded all methods
12-27 22:58:07.192  8768  8768 I FrameworkJumpTable: Successfully loaded all fields
12-27 22:58:07.192  8768  8768 I FrameworkJumpTable: Successfully loaded all constructors
12-27 22:58:07.616   618   638 I chatty  : uid=1000(system) android.display expire 3 lines
12-27 22:58:07.626   618   618 I chatty  : uid=1000 system_server expire 11 lines
12-27 22:58:08.053   618  1324 I chatty  : uid=1000(system) Binder:618_E expire 3 lines
12-27 22:58:12.451   618   778 I chatty  : uid=1000(system) LazyTaskWriterT expire 2 lines
12-27 23:04:34.648   618   634 I chatty  : uid=1000(system) batterystats-sy expire 10 lines
12-27 23:06:32.319   618   654 I chatty  : uid=1000(system) AlarmManager expire 10 lines
12-27 23:06:52.894  9627  9627 I FrameworkJumpTable: Successfully loaded all classes
12-27 23:06:52.914  9627  9627 I FrameworkJumpTable: Successfully loaded all methods
12-27 23:06:52.916  9627  9627 I FrameworkJumpTable: Successfully loaded all fields
12-27 23:06:52.916  9627  9627 I FrameworkJumpTable: Successfully loaded all constructors
12-27 23:08:07.680   618   642 I chatty  : uid=1000(system) HomeLauncherCal expire 7 lines
12-27 23:08:07.899   618  5676 I chatty  : uid=1000(system) Binder:618_13 expire 2 lines
12-27 23:08:09.247  9884  9884 I FrameworkJumpTable: Successfully loaded all classes
12-27 23:08:09.263  9884  9884 I FrameworkJumpTable: Successfully loaded all methods
12-27 23:08:09.265  9884  9884 I FrameworkJumpTable: Successfully loaded all fields
12-27 23:08:09.265  9884  9884 I FrameworkJumpTable: Successfully loaded all constructors
12-27 23:08:18.259   618   618 I chatty  : uid=1000 system_server expire 12 lines
12-27 23:08:18.634  9946  9946 I FrameworkJumpTable: Successfully loaded all classes
12-27 23:08:18.650  9946  9946 I FrameworkJumpTable: Successfully loaded all methods
12-27 23:08:18.652  9946  9946 I FrameworkJumpTable: Successfully loaded all fields
12-27 23:08:18.653  9946  9946 I FrameworkJumpTable: Successfully loaded all constructors
12-27 23:30:00.295   618 11688 I chatty  : uid=1000 system_server expire 2 lines
12-27 23:34:55.265   618   720 I chatty  : uid=1000(system) AmazonWifiServi expire 1 line
12-27 23:38:56.680   618  1087 I chatty  : uid=1000(system) Binder:618_6 expire 4 lines
12-27 23:59:35.538 13953 13953 I FrameworkJumpTable: Successfully loaded all classes
12-27 23:59:35.565 13953 13953 I FrameworkJumpTable: Successfully loaded all methods
12-27 23:59:35.568 13953 13953 I FrameworkJumpTable: Successfully loaded all fields
12-27 23:59:35.568 13953 13953 I FrameworkJumpTable: Successfully loaded all constructors
12-28 00:00:07.905   618 12039 I chatty  : uid=1000(system) Binder:618_1B expire 1 line
12-28 00:02:56.256   618  1180 I chatty  : uid=1000(system) Binder:618_7 expire 1 line
12-28 00:02:56.497 14392 14392 I FrameworkJumpTable: Successfully loaded all classes
12-28 00:02:56.520 14392 14392 I FrameworkJumpTable: Successfully loaded all methods
12-28 00:02:56.522 14392 14392 I FrameworkJumpTable: Successfully loaded all fields
12-28 00:02:56.522 14392 14392 I FrameworkJumpTable: Successfully loaded all constructors
12-28 00:03:07.896   618 11852 I chatty  : uid=1000(system) Binder:618_20 expire 3 lines
12-28 00:03:08.069   827   827 W ContextImpl: Calling a method in the system process without a qualified user: android.app.ContextImpl.sendBroadcast:921 android.content.ContextWrapper.sendBroadcast:426 com.amazon.tifobserver.LiveTvObserver.broadcastChannelListChange:157 com.amazon.tifobserver.LiveTvObserver.-wrap0:-1 com.amazon.tifobserver.LiveTvObserver$1.run:111 
12-28 00:03:08.070   827   827 W ContextImpl: Calling a method in the system process without a qualified user: android.app.ContextImpl.sendBroadcast:921 android.content.ContextWrapper.sendBroadcast:426 com.amazon.tifobserver.LiveTvObserver.broadcastChannelListChange:161 com.amazon.tifobserver.LiveTvObserver.-wrap0:-1 com.amazon.tifobserver.LiveTvObserver$1.run:111 
12-28 00:03:08.110 14628 14628 I FrameworkJumpTable: Successfully loaded all classes
12-28 00:03:08.152 14628 14628 I FrameworkJumpTable: Successfully loaded all methods
12-28 00:03:08.155 14628 14628 I FrameworkJumpTable: Successfully loaded all fields
12-28 00:03:08.155 14628 14628 I FrameworkJumpTable: Successfully loaded all constructors
12-28 00:03:08.990 14676 14720 I FrameworkJumpTable: Successfully loaded all classes
12-28 00:03:09.011 14676 14720 I FrameworkJumpTable: Successfully loaded all methods
12-28 00:03:09.013 14676 14720 I FrameworkJumpTable: Successfully loaded all fields
12-28 00:03:09.013 14676 14720 I FrameworkJumpTable: Successfully loaded all constructors
12-28 00:03:09.154 14628 14664 E ActivityThread: Failed to find provider info for com.amazon.tv.channelscan
12-28 00:03:09.155 14628 14664 E ActivityThread: Failed to find provider info for com.amazon.tv.channelscan
12-28 00:03:09.164 14628 14664 E ActivityThread: Failed to find provider info for com.amazon.tv.channelscan
12-28 00:03:09.208   618   631 I chatty  : uid=1000(system) ActivityManager expire 10 lines
12-28 00:03:11.496   618  7380 I chatty  : uid=1000(system) Binder:618_17 expire 3 lines
12-28 00:08:22.957   618   618 I chatty  : uid=1000 system_server expire 14 lines
12-28 00:08:23.298 15238 15238 I FrameworkJumpTable: Successfully loaded all classes
12-28 00:08:23.310 15238 15238 I FrameworkJumpTable: Successfully loaded all methods
12-28 00:08:23.312 15238 15238 I FrameworkJumpTable: Successfully loaded all fields
12-28 00:08:23.313 15238 15238 I FrameworkJumpTable: Successfully loaded all constructors
12-28 00:12:04.278 15482 15482 I FrameworkJumpTable: Successfully loaded all classes
12-28 00:12:04.290 15482 15482 I FrameworkJumpTable: Successfully loaded all methods
12-28 00:12:04.292 15482 15482 I FrameworkJumpTable: Successfully loaded all fields
12-28 00:12:04.292 15482 15482 I FrameworkJumpTable: Successfully loaded all constructors
12-28 00:34:34.720   618   641 I chatty  : uid=1000(system) CpuTracker expire 1 line
12-28 00:38:59.650   618 11744 I chatty  : uid=1000(system) Binder:618_1A expire 3 lines
12-28 01:06:54.736 19692 19692 I FrameworkJumpTable: Successfully loaded all classes
12-28 01:06:54.753 19692 19692 I FrameworkJumpTable: Successfully loaded all methods
12-28 01:06:54.755 19692 19692 I FrameworkJumpTable: Successfully loaded all fields
12-28 01:06:54.755 19692 19692 I FrameworkJumpTable: Successfully loaded all constructors
12-28 01:06:56.284   618   864 I chatty  : uid=1000(system) Binder:618_4 expire 2 lines
12-28 01:08:48.554 19906 19906 I FrameworkJumpTable: Successfully loaded all classes
12-28 01:08:48.566 19906 19906 I FrameworkJumpTable: Successfully loaded all methods
12-28 01:08:48.568 19906 19906 I FrameworkJumpTable: Successfully loaded all fields
12-28 01:08:48.568 19906 19906 I FrameworkJumpTable: Successfully loaded all constructors
12-28 01:08:48.877   618  3780 I chatty  : uid=1000(system) Binder:618_10 expire 2 lines
12-28 01:29:24.153   618  3404 I chatty  : uid=1000(system) Binder:618_F expire 1 line
12-28 01:34:34.770   618   634 I chatty  : uid=1000(system) batterystats-sy expire 6 lines
12-28 01:37:44.346   618   678 I chatty  : uid=1000(system) ConnectivitySer expire 3 lines
12-28 01:54:52.042 23542 23542 I FrameworkJumpTable: Successfully loaded all classes
12-28 01:54:52.054 23542 23542 I FrameworkJumpTable: Successfully loaded all methods
12-28 01:54:52.056 23542 23542 I FrameworkJumpTable: Successfully loaded all fields
12-28 01:54:52.056 23542 23542 I FrameworkJumpTable: Successfully loaded all constructors
12-28 01:54:52.521 23612 23637 I FrameworkJumpTable: Successfully loaded all classes
12-28 01:54:52.539 23612 23637 I FrameworkJumpTable: Successfully loaded all methods
12-28 01:54:52.541 23612 23637 I FrameworkJumpTable: Successfully loaded all fields
12-28 01:54:52.541 23612 23637 I FrameworkJumpTable: Successfully loaded all constructors
12-28 01:54:53.288 23542 23576 E ActivityThread: Failed to find provider info for com.amazon.tv.channelscan
12-28 01:54:53.289 23542 23576 E ActivityThread: Failed to find provider info for com.amazon.tv.channelscan
12-28 01:54:53.289 23542 23576 E ActivityThread: Failed to find provider info for com.amazon.tv.channelscan
12-28 01:54:53.311   618 11165 I chatty  : uid=1000(system) Binder:618_19 expire 2 lines
12-28 02:06:10.365   618   618 I chatty  : uid=1000 system_server expire 12 lines
12-28 02:06:10.905 24590 24590 I FrameworkJumpTable: Successfully loaded all classes
12-28 02:06:10.926 24590 24590 I FrameworkJumpTable: Successfully loaded all methods
12-28 02:06:10.928 24590 24590 I FrameworkJumpTable: Successfully loaded all fields
12-28 02:06:10.929 24590 24590 I FrameworkJumpTable: Successfully loaded all constructors
12-28 02:06:11.352 24590 24590 I AmazonHdmiServiceManager: AmazonHdmiServiceManager created
12-28 02:06:56.492 24784 24784 I FrameworkJumpTable: Successfully loaded all classes
12-28 02:06:56.508 24784 24784 I FrameworkJumpTable: Successfully loaded all methods
12-28 02:06:56.510 24784 24784 I FrameworkJumpTable: Successfully loaded all fields
12-28 02:06:56.510 24784 24784 I FrameworkJumpTable: Successfully loaded all constructors
12-28 02:08:49.384 25045 25045 I FrameworkJumpTable: Successfully loaded all classes
12-28 02:08:49.398 25045 25045 I FrameworkJumpTable: Successfully loaded all methods
12-28 02:08:49.400 25045 25045 I FrameworkJumpTable: Successfully loaded all fields
12-28 02:08:49.400 25045 25045 I FrameworkJumpTable: Successfully loaded all constructors
12-28 02:11:24.005 25295 25324 I FrameworkJumpTable: Successfully loaded all classes
12-28 02:11:24.034 25295 25324 I FrameworkJumpTable: Successfully loaded all methods
12-28 02:11:24.036 25295 25324 I FrameworkJumpTable: Successfully loaded all fields
12-28 02:11:24.036 25295 25324 I FrameworkJumpTable: Successfully loaded all constructors
12-28 02:11:24.430 25359 25359 I FrameworkJumpTable: Successfully loaded all classes
12-28 02:11:24.480 25359 25359 I FrameworkJumpTable: Successfully loaded all methods
12-28 02:11:24.482 25359 25359 I FrameworkJumpTable: Successfully loaded all fields
12-28 02:11:24.482 25359 25359 I FrameworkJumpTable: Successfully loaded all constructors
12-28 02:11:30.572   618   631 I chatty  : uid=1000(system) ActivityManager expire 2 lines
12-28 02:34:55.503 27088 27088 I FrameworkJumpTable: Successfully loaded all classes
12-28 02:34:55.518 27088 27088 I FrameworkJumpTable: Successfully loaded all methods
12-28 02:34:55.520 27088 27088 I FrameworkJumpTable: Successfully loaded all fields
12-28 02:34:55.520 27088 27088 I FrameworkJumpTable: Successfully loaded all constructors
12-28 02:34:55.867   618   629 I chatty  : uid=1000(system) Binder:618_2 expire 2 lines
12-28 02:34:56.107 27190 27214 I FrameworkJumpTable: Successfully loaded all classes
12-28 02:34:56.127 27190 27214 I FrameworkJumpTable: Successfully loaded all methods
12-28 02:34:56.129 27190 27214 I FrameworkJumpTable: Successfully loaded all fields
12-28 02:34:56.129 27190 27214 I FrameworkJumpTable: Successfully loaded all constructors
12-28 02:34:56.236 27088 27153 E ActivityThread: Failed to find provider info for com.amazon.tv.channelscan
12-28 02:34:56.243 27088 27153 E ActivityThread: Failed to find provider info for com.amazon.tv.channelscan
12-28 02:34:56.244 27088 27153 E ActivityThread: Failed to find provider info for com.amazon.tv.channelscan
12-28 02:34:58.235   618   856 I chatty  : uid=1000(system) Binder:618_3 expire 1 line
12-28 02:42:19.728   618   654 I chatty  : uid=1000(system) AlarmManager expire 1 line
12-28 02:49:56.313   618  1099 I chatty  : uid=1000(system) pool-5-thread-1 expire 8 lines
12-28 03:00:00.023   618   618 I chatty  : uid=1000 system_server expire 11 lines
12-28 03:00:00.026   618   663 I chatty  : uid=1000(system) MountService expire 2 lines
12-28 03:00:00.040   199 29269 I vold    : Trimmed 0 bytes on /data in 4ms
12-28 03:00:00.041   199 29269 I vold    : Trimmed 0 bytes on /cache in 1ms
12-28 03:00:00.042   199 29269 W vold    : Failed to open /swap_zram0: No such file or directory
12-28 03:00:00.297   618   636 I chatty  : uid=1000(system) android.fg expire 4 lines
12-28 03:00:04.418   618   630 I chatty  : uid=1000(system) android.bg expire 4 lines
12-28 03:00:36.506   618   631 I chatty  : uid=1000(system) ActivityManager expire 15 lines
12-28 03:04:34.842   618   634 I chatty  : uid=1000(system) batterystats-sy expire 10 lines
12-28 03:05:18.286   618   678 I chatty  : uid=1000(system) ConnectivitySer expire 7 lines
12-28 03:06:58.240 29813 29813 I FrameworkJumpTable: Successfully loaded all classes
12-28 03:06:58.257 29813 29813 I FrameworkJumpTable: Successfully loaded all methods
12-28 03:06:58.259 29813 29813 I FrameworkJumpTable: Successfully loaded all fields
12-28 03:06:58.259 29813 29813 I FrameworkJumpTable: Successfully loaded all constructors
12-28 03:06:59.857   618  8740 I chatty  : uid=1000(system) Binder:618_18 expire 2 lines
12-28 03:08:49.989 30072 30072 I FrameworkJumpTable: Successfully loaded all classes
12-28 03:08:50.001 30072 30072 I FrameworkJumpTable: Successfully loaded all methods
12-28 03:08:50.003 30072 30072 I FrameworkJumpTable: Successfully loaded all fields
12-28 03:08:50.003 30072 30072 I FrameworkJumpTable: Successfully loaded all constructors
12-28 03:08:50.261   618  1224 I chatty  : uid=1000(system) Binder:618_9 expire 1 line
12-28 03:29:55.004 31622 31622 I FrameworkJumpTable: Successfully loaded all classes
12-28 03:29:55.018 31622 31622 I FrameworkJumpTable: Successfully loaded all methods
12-28 03:29:55.020 31622 31622 I FrameworkJumpTable: Successfully loaded all fields
12-28 03:29:55.020 31622 31622 I FrameworkJumpTable: Successfully loaded all constructors
12-28 03:29:55.257   618  3404 I chatty  : uid=1000(system) Binder:618_F expire 24 lines
12-28 03:29:55.485 31685 31725 I FrameworkJumpTable: Successfully loaded all classes
12-28 03:29:55.498 31685 31725 I FrameworkJumpTable: Successfully loaded all methods
12-28 03:29:55.499 31685 31725 I FrameworkJumpTable: Successfully loaded all fields
12-28 03:29:55.499 31685 31725 I FrameworkJumpTable: Successfully loaded all constructors
12-28 03:29:55.579 31622 31653 E ActivityThread: Failed to find provider info for com.amazon.tv.channelscan
12-28 03:29:55.580 31622 31653 E ActivityThread: Failed to find provider info for com.amazon.tv.channelscan
12-28 03:29:55.580 31622 31653 E ActivityThread: Failed to find provider info for com.amazon.tv.channelscan
12-28 03:34:55.280   618   654 I chatty  : uid=1000(system) AlarmManager expire 5 lines
12-28 03:38:51.766   618  1180 I chatty  : uid=1000(system) Binder:618_7 expire 5 lines
12-28 04:00:04.508   618   618 I chatty  : uid=1000 system_server expire 11 lines
12-28 04:00:14.119  2193  2193 I FrameworkJumpTable: Successfully loaded all classes
12-28 04:00:14.135  2193  2193 I FrameworkJumpTable: Successfully loaded all methods
12-28 04:00:14.137  2193  2193 I FrameworkJumpTable: Successfully loaded all fields
12-28 04:00:14.137  2193  2193 I FrameworkJumpTable: Successfully loaded all constructors
12-28 04:00:24.224   618   628 I chatty  : uid=1000(system) Binder:618_1 expire 1 line
12-28 04:03:15.961   618  4099 I chatty  : uid=1000(system) Binder:618_12 expire 2 lines
12-28 04:03:16.169  2705  2705 I FrameworkJumpTable: Successfully loaded all classes
12-28 04:03:16.187  2705  2705 I FrameworkJumpTable: Successfully loaded all methods
12-28 04:03:16.189  2705  2705 I FrameworkJumpTable: Successfully loaded all fields
12-28 04:03:16.189  2705  2705 I FrameworkJumpTable: Successfully loaded all constructors
12-28 04:03:26.040  2922  2922 I FrameworkJumpTable: Successfully loaded all classes
12-28 04:03:26.056  2922  2922 I FrameworkJumpTable: Successfully loaded all methods
12-28 04:03:26.058  2922  2922 I FrameworkJumpTable: Successfully loaded all fields
12-28 04:03:26.058  2922  2922 I FrameworkJumpTable: Successfully loaded all constructors
12-28 04:03:26.070   827   827 W ContextImpl: Calling a method in the system process without a qualified user: android.app.ContextImpl.sendBroadcast:921 android.content.ContextWrapper.sendBroadcast:426 com.amazon.tifobserver.LiveTvObserver.broadcastChannelListChange:157 com.amazon.tifobserver.LiveTvObserver.-wrap0:-1 com.amazon.tifobserver.LiveTvObserver$1.run:111 
12-28 04:03:26.071   827   827 W ContextImpl: Calling a method in the system process without a qualified user: android.app.ContextImpl.sendBroadcast:921 android.content.ContextWrapper.sendBroadcast:426 com.amazon.tifobserver.LiveTvObserver.broadcastChannelListChange:161 com.amazon.tifobserver.LiveTvObserver.-wrap0:-1 com.amazon.tifobserver.LiveTvObserver$1.run:111 
12-28 04:03:26.496   618   864 I chatty  : uid=1000(system) Binder:618_4 expire 4 lines
12-28 04:03:26.555   618  1188 I chatty  : uid=1000(system) Binder:618_8 expire 6 lines
12-28 04:03:26.762  2966  3012 I FrameworkJumpTable: Successfully loaded all classes
12-28 04:03:26.777  2966  3012 I FrameworkJumpTable: Successfully loaded all methods
12-28 04:03:26.779  2966  3012 I FrameworkJumpTable: Successfully loaded all fields
12-28 04:03:26.779  2966  3012 I FrameworkJumpTable: Successfully loaded all constructors
12-28 04:03:27.525  2922  2952 E ActivityThread: Failed to find provider info for com.amazon.tv.channelscan
12-28 04:03:27.526  2922  2952 E ActivityThread: Failed to find provider info for com.amazon.tv.channelscan
12-28 04:03:27.526  2922  2952 E ActivityThread: Failed to find provider info for com.amazon.tv.channelscan
12-28 04:06:08.092  1148  3304 E ActivityThread: Failed to find provider info for com.amazon.dcp.ota.pendingupdates.internal
12-28 04:08:50.580  3564  3564 I FrameworkJumpTable: Successfully loaded all classes
12-28 04:08:50.593  3564  3564 I FrameworkJumpTable: Successfully loaded all methods
12-28 04:08:50.595  3564  3564 I FrameworkJumpTable: Successfully loaded all fields
12-28 04:08:50.595  3564  3564 I FrameworkJumpTable: Successfully loaded all constructors
12-28 04:20:21.006   618   721 I chatty  : uid=1000(system) MetricsHandler expire 1 line
12-28 04:20:21.165  4454  4472 I FrameworkJumpTable: Successfully loaded all classes
12-28 04:20:21.182  4454  4472 I FrameworkJumpTable: Successfully loaded all methods
12-28 04:20:21.184  4454  4472 I FrameworkJumpTable: Successfully loaded all fields
12-28 04:20:21.184  4454  4472 I FrameworkJumpTable: Successfully loaded all constructors
12-28 04:20:21.463   618  6974 I chatty  : uid=1000(system) Binder:618_16 expire 8 lines
12-28 04:20:21.580  4511  4511 I FrameworkJumpTable: Successfully loaded all classes
12-28 04:20:21.603  4511  4511 I FrameworkJumpTable: Successfully loaded all methods
12-28 04:20:21.614  4511  4511 I FrameworkJumpTable: Successfully loaded all fields
12-28 04:20:21.616  4511  4511 I FrameworkJumpTable: Successfully loaded all constructors
12-28 04:20:34.357   618 11852 I chatty  : uid=1000(system) Binder:618_20 expire 16 lines
12-28 04:20:34.427   618 11744 I chatty  : uid=1000(system) Binder:618_1A expire 1 line
12-28 04:20:34.517   618  1322 I chatty  : uid=1000(system) Binder:618_C expire 15 lines
12-28 04:20:34.601   618  5676 I chatty  : uid=1000(system) Binder:618_13 expire 12 lines
12-28 04:20:56.181   618   856 I chatty  : uid=1000(system) Binder:618_3 expire 3 lines
12-28 04:21:55.869  4774  4774 I FrameworkJumpTable: Successfully loaded all classes
12-28 04:21:55.884  4774  4774 I FrameworkJumpTable: Successfully loaded all methods
12-28 04:21:55.886  4774  4774 I FrameworkJumpTable: Successfully loaded all fields
12-28 04:21:55.886  4774  4774 I FrameworkJumpTable: Successfully loaded all constructors
12-28 04:22:45.601   618   618 I chatty  : uid=1000 system_server expire 11 lines
12-28 04:22:45.729   618 15353 I chatty  : uid=1000(system) Binder:618_1C expire 12 lines
12-28 04:22:58.581   618  1087 I chatty  : uid=1000(system) Binder:618_6 expire 12 lines
12-28 04:36:01.649  6124  6181 I FrameworkJumpTable: Successfully loaded all classes
12-28 04:36:01.750  6124  6181 I FrameworkJumpTable: Successfully loaded all methods
12-28 04:36:01.752  6124  6181 I FrameworkJumpTable: Successfully loaded all fields
12-28 04:36:01.752  6124  6181 I FrameworkJumpTable: Successfully loaded all constructors
12-28 04:39:25.791   618   631 I chatty  : uid=1000(system) ActivityManager expire 12 lines
12-28 04:39:25.879   618  6182 I chatty  : uid=1000(system) Binder:618_15 expire 4 lines
12-28 04:40:20.058   618   618 I chatty  : uid=1000 system_server expire 17 lines
12-28 05:07:01.087   618  1322 I chatty  : uid=1000(system) Binder:618_C expire 2 lines
12-28 05:07:01.118   618   633 I chatty  : uid=1000(system) ActivityManager expire 1 line
12-28 05:07:01.837  8688  8688 I FrameworkJumpTable: Successfully loaded all classes
12-28 05:07:01.852  8676  8676 I FrameworkJumpTable: Successfully loaded all classes
12-28 05:07:01.854  8688  8688 I FrameworkJumpTable: Successfully loaded all methods
12-28 05:07:01.855  8688  8688 I FrameworkJumpTable: Successfully loaded all fields
12-28 05:07:01.856  8688  8688 I FrameworkJumpTable: Successfully loaded all constructors
12-28 05:07:01.874  8676  8676 I FrameworkJumpTable: Successfully loaded all methods
12-28 05:07:01.876  8676  8676 I FrameworkJumpTable: Successfully loaded all fields
12-28 05:07:01.877  8676  8676 I FrameworkJumpTable: Successfully loaded all constructors
12-28 05:07:02.072  8705  8737 I FrameworkJumpTable: Successfully loaded all classes
12-28 05:07:02.410  8705  8737 I FrameworkJumpTable: Successfully loaded all methods
12-28 05:07:02.412  8705  8737 I FrameworkJumpTable: Successfully loaded all fields
12-28 05:07:02.412  8705  8737 I FrameworkJumpTable: Successfully loaded all constructors
12-28 05:07:02.618   618  3404 I chatty  : uid=1000(system) Binder:618_F expire 3 lines
12-28 05:07:02.901  8853  8894 I FrameworkJumpTable: Successfully loaded all classes
12-28 05:07:02.923  8853  8894 I FrameworkJumpTable: Successfully loaded all methods
12-28 05:07:02.925  8853  8894 I FrameworkJumpTable: Successfully loaded all fields
12-28 05:07:02.925  8853  8894 I FrameworkJumpTable: Successfully loaded all constructors
12-28 05:07:03.142  8688  8779 E ActivityThread: Failed to find provider info for com.amazon.tv.channelscan
12-28 05:07:03.142  8688  8779 E ActivityThread: Failed to find provider info for com.amazon.tv.channelscan
12-28 05:07:03.143  8688  8779 E ActivityThread: Failed to find provider info for com.amazon.tv.channelscan
12-28 05:07:03.178   618  5676 I chatty  : uid=1000(system) Binder:618_13 expire 2 lines
12-28 05:07:56.899   618   631 I chatty  : uid=1000(system) ActivityManager expire 1 line
12-28 05:07:57.034   618   618 I chatty  : uid=1000 system_server expire 2 lines
12-28 05:07:57.093   618  6182 I AmazonProfileService: APS_V2 enabled in Arcus and mIsChildPINEnabled : false
12-28 05:07:57.094   618  6182 I AmazonProfileService: APS_V2 enabled in Arcus and mIsChildPINEnabled : false
12-28 05:07:57.094   618  6182 I AmazonProfileService: xxx is a system app, do not abort activity start.
12-28 05:07:57.094   618  6182 I AmazonProfileService: APS_V2 enabled in Arcus and mIsChildPINEnabled : false
12-28 05:07:57.158   618  3404 E WindowManager: App trying to use insecure INPUT_FEATURE_NO_INPUT_CHANNEL flag. Ignoring
12-28 05:07:57.160   618  3404 I AmazonProfileService: Event is not filtered because it is not in filter key list.
12-28 05:08:12.100   618   631 W BroadcastQueue: Permission Denial: receiving Intent { act=android.bluetooth.device.action.ACL_DISCONNECTED flg=0x4000010 (has extras) } to ProcessRecord{cd99ee4 4774:com.amazon.venezia/u0a155} (pid=4774, uid=10155) requires android.permission.BLUETOOTH due to sender com.android.bluetooth (uid 1002)
12-28 05:08:12.142   618  3404 I AmazonAutoPairService: onConnectStateChanged received..state:0
12-28 05:08:12.187   618   631 W BroadcastQueue: Permission Denial: receiving Intent { act=android.bluetooth.device.action.ACL_CONNECTED flg=0x4000010 (has extras) } to ProcessRecord{cd99ee4 4774:com.amazon.venezia/u0a155} (pid=4774, uid=10155) requires android.permission.BLUETOOTH due to sender com.android.bluetooth (uid 1002)
12-28 05:08:12.274   618  1180 I AmazonAutoPairService: onConnectStateChanged received..state:2
12-28 05:08:12.274   618   618 I AmazonAutoPairService: onConnectStateChanged..Stopping discovery as a desired device is connected
12-28 05:08:12.275   618   618 I AmazonAutoPairService: handleStopAutoPairProcess..
12-28 05:08:12.307   618  1180 I ActivityManager: START u0 {flg=0x10000000 cmp=com.amazon.device.blepa/.uxmanager.BluetoothDFUActivity2} from uid 10084 on display 0
12-28 05:08:12.308   618  1180 I AmazonProfileService: shouldAbortActivityStart() Package: xxx activity: xxx
12-28 05:08:12.309   618  1180 I AmazonProfileService: APS_V2 enabled in Arcus and mIsChildPINEnabled : false
12-28 05:08:12.309   618  1180 I AmazonProfileService: APS_V2 enabled in Arcus and mIsChildPINEnabled : false
12-28 05:08:12.309   618  1180 I AmazonProfileService: xxx is a system app, do not abort activity start.
12-28 05:08:12.309   618  1180 I AmazonProfileService: APS_V2 enabled in Arcus and mIsChildPINEnabled : false
12-28 05:08:12.354   618  3404 E WindowManager: App trying to use insecure INPUT_FEATURE_NO_INPUT_CHANNEL flag. Ignoring
12-28 05:08:12.356   618  3404 I AmazonProfileService: Event is not filtered because it is not in filter key list.
12-28 05:08:12.656   618 11852 I AmazonInputManagerService: Toggle Bit to Button mapping completed and saved.
12-28 05:08:23.180   618  6182 I AmazonInputManagerService: Toggle Bit to Button mapping completed and saved.
12-28 05:08:33.714   618  6182 I AmazonInputManagerService: Toggle Bit to Button mapping completed and saved.
12-28 05:08:39.594   618   631 W BroadcastQueue: Permission Denial: receiving Intent { act=android.bluetooth.device.action.ACL_DISCONNECTED flg=0x4000010 (has extras) } to ProcessRecord{cd99ee4 4774:com.amazon.venezia/u0a155} (pid=4774, uid=10155) requires android.permission.BLUETOOTH due to sender com.android.bluetooth (uid 1002)
12-28 05:08:39.656   618  3404 I AmazonAutoPairService: onConnectStateChanged received..state:0
12-28 05:08:40.137   618  3404 I AmazonInputManagerService: Toggle Bit to Button mapping completed and saved.
12-28 05:08:44.238   618  1322 I AmazonInputManagerService: Toggle Bit to Button mapping completed and saved.
12-28 05:08:47.071   618   631 W BroadcastQueue: Permission Denial: receiving Intent { act=android.bluetooth.device.action.ACL_CONNECTED flg=0x4000010 (has extras) } to ProcessRecord{cd99ee4 4774:com.amazon.venezia/u0a155} (pid=4774, uid=10155) requires android.permission.BLUETOOTH due to sender com.android.bluetooth (uid 1002)
12-28 05:08:47.229   618  1180 I AmazonAutoPairService: onConnectStateChanged received..state:2
12-28 05:08:47.229   618   618 I AmazonAutoPairService: onConnectStateChanged..Stopping discovery as a desired device is connected
