12-29 10:58:20.075   288 10607 I RendererNode: dolby-audio-meter, Renderer renderer audio meter: channel 3; audio level: 0.000
12-29 10:58:20.075   288 10607 I RendererNode: dolby-audio-meter, Renderer renderer audio meter: channel 4; audio level: 0.000
12-29 10:58:20.075   288 10607 I RendererNode: dolby-audio-meter, Renderer renderer audio meter: channel 5; audio level: 0.000
12-29 10:58:20.075   288 10607 I Node    : dolby-audio-meter, AdapterPcmOut adapter audio meter: channel 0; audio level: 0.000
12-29 10:58:20.075   288 10607 I Node    : dolby-audio-meter, AdapterPcmOut adapter audio meter: channel 1; audio level: 0.000
12-29 10:58:27.120 25906 25983 I DiebusMetrics: Starting reporting metrics
12-29 10:58:27.121 25906 25983 I DiebusMetrics: End reporting metrics
12-29 10:58:27.773 25906 25968 I DiebusMetrics: Starting reporting metrics
12-29 10:58:27.773 25906 25968 I DiebusMetrics: End reporting metrics
12-29 10:58:30.101   288 10607 I Node    : dolby-audio-meter, AdapterPcmSystem adapter audio meter: channel 0; audio level: 0.000
12-29 10:58:30.101   288 10607 I Node    : dolby-audio-meter, AdapterPcmSystem adapter audio meter: channel 1; audio level: 0.000
12-29 10:58:30.101   288 10607 I RendererNode: dolby-audio-meter, Renderer renderer audio meter: channel 0; audio level: 0.000
12-29 10:58:30.101   288 10607 I RendererNode: dolby-audio-meter, Renderer renderer audio meter: channel 1; audio level: 0.000
12-29 10:58:30.101   288 10607 I RendererNode: dolby-audio-meter, Renderer renderer audio meter: channel 2; audio level: 0.000
12-29 10:58:30.101   288 10607 I RendererNode: dolby-audio-meter, Renderer renderer audio meter: channel 3; audio level: 0.000
12-29 10:58:30.101   288 10607 I RendererNode: dolby-audio-meter, Renderer renderer audio meter: channel 4; audio level: 0.000
12-29 10:58:30.101   288 10607 I RendererNode: dolby-audio-meter, Renderer renderer audio meter: channel 5; audio level: 0.000
12-29 10:58:30.101   288 10607 I Node    : dolby-audio-meter, AdapterPcmOut adapter audio meter: channel 0; audio level: 0.000
12-29 10:58:30.101   288 10607 I Node    : dolby-audio-meter, AdapterPcmOut adapter audio meter: channel 1; audio level: 0.000
12-29 10:58:34.949  1399 21174 I SPCH-Cont_HealthLogger: Current State = {"ProfileValidated":"true","ProfileType":"ADULT","Gateway":"avs-alexa-18-na.amazon.com:443","memoryLow":"false","ReleaseVersion":"655.1.3","AlexaLegalTermsAccepted":"true","memoryAvailable":"932970496","SupportsFarField":"false","RemoteSettingsStrategy":"VizArcus","memoryTotalPss":"47454","memoryTotalSharedDirty":"3484","DeviceFamily":"SMP","str.auto_wake_up_always":"0","OOBECompleted":"true","AppVersion":"3.0.16038.0","AlexaCaptionsSupported":"true","memoryTotalPrivateDirty":"25167","AlexaShortcutsEnabled":"{\"all\": true, \"runtime\": true, \"locale\": true, \"isChild\": false}","Account":"valid","ConnectionState":"CONNECTED","AlexaCaptionsEnabled":"false","AlexaExperience":"FULL"}
12-29 10:58:40.106   288 10607 I Node    : dolby-audio-meter, AdapterPcmSystem adapter audio meter: channel 0; audio level: 0.000
12-29 10:58:40.106   288 10607 I Node    : dolby-audio-meter, AdapterPcmSystem adapter audio meter: channel 1; audio level: 0.000
12-29 10:58:40.106   288 10607 I RendererNode: dolby-audio-meter, Renderer renderer audio meter: channel 0; audio level: 0.000
12-29 10:58:40.106   288 10607 I RendererNode: dolby-audio-meter, Renderer renderer audio meter: channel 1; audio level: 0.000
12-29 10:58:40.106   288 10607 I RendererNode: dolby-audio-meter, Renderer renderer audio meter: channel 2; audio level: 0.000
12-29 10:58:40.106   288 10607 I RendererNode: dolby-audio-meter, Renderer renderer audio meter: channel 3; audio level: 0.000
12-29 10:58:40.107   288 10607 I RendererNode: dolby-audio-meter, Renderer renderer audio meter: channel 4; audio level: 0.000
12-29 10:58:40.107   288 10607 I RendererNode: dolby-audio-meter, Renderer renderer audio meter: channel 5; audio level: 0.000
12-29 10:58:40.107   288 10607 I Node    : dolby-audio-meter, AdapterPcmOut adapter audio meter: channel 0; audio level: 0.000
12-29 10:58:40.107   288 10607 I Node    : dolby-audio-meter, AdapterPcmOut adapter audio meter: channel 1; audio level: 0.000
12-29 10:58:50.133   288 10607 I Node    : dolby-audio-meter, AdapterPcmSystem adapter audio meter: channel 0; audio level: 0.000
12-29 10:58:50.133   288 10607 I Node    : dolby-audio-meter, AdapterPcmSystem adapter audio meter: channel 1; audio level: 0.000
12-29 10:58:50.133   288 10607 I RendererNode: dolby-audio-meter, Renderer renderer audio meter: channel 0; audio level: 0.000
12-29 10:58:50.133   288 10607 I RendererNode: dolby-audio-meter, Renderer renderer audio meter: channel 1; audio level: 0.000
12-29 10:58:50.133   288 10607 I RendererNode: dolby-audio-meter, Renderer renderer audio meter: channel 2; audio level: 0.000
12-29 10:58:50.133   288 10607 I RendererNode: dolby-audio-meter, Renderer renderer audio meter: channel 3; audio level: 0.000
12-29 10:58:50.133   288 10607 I RendererNode: dolby-audio-meter, Renderer renderer audio meter: channel 4; audio level: 0.000
12-29 10:58:50.133   288 10607 I RendererNode: dolby-audio-meter, Renderer renderer audio meter: channel 5; audio level: 0.000
12-29 10:58:50.133   288 10607 I Node    : dolby-audio-meter, AdapterPcmOut adapter audio meter: channel 0; audio level: 0.000
12-29 10:58:50.133   288 10607 I Node    : dolby-audio-meter, AdapterPcmOut adapter audio meter: channel 1; audio level: 0.000
12-29 10:58:53.814   618   753 I WifiDiagsUtil: event=RUN_TEST_CONTINUOUSLY
12-29 10:58:53.814   618   753 I WifiDiagsUtil: event=logPacketStats, rx_bytes=391876, rx_packets=2679, tx_bytes=175185, tx_packets=1179
12-29 10:58:53.814   618   753 I WifiDiagsUtil: event=logPacketStats, daily_rx_bytes=174701057, daily_rx_packets=132943, daily_tx_bytes=6299041, daily_tx_packets=69585
12-29 10:58:53.817   618   753 I WifiDiagsUtil: event=pingTest, TARGET_TYPE=LOCALHOST, IP=127.0.0.1
12-29 10:58:53.820   618   753 I WifiDiagsUtil: event=pingsComplete, TARGET_TYPE=LOCALHOST, IP=XXX, PKTS_TX=5, PKTS_RX=5, PKT_LOSS=0.0%, AVG_TIME=0,30
12-29 10:58:53.820   618   753 I WifiDiagsUtil: event=pingTest, TARGET_TYPE=GATEWAY, IP=192.168.3.1
12-29 10:58:53.831   618   753 I WifiDiagsUtil: event=pingsComplete, TARGET_TYPE=GATEWAY, IP=XXX, PKTS_TX=5, PKTS_RX=5, PKT_LOSS=0.0%, AVG_TIME=1,79
12-29 10:58:53.831   618   753 I WifiDiagsUtil: event=pingTest, TARGET_TYPE=NAMESERVER1, IP=XXX
12-29 10:58:53.846   618   753 I WifiDiagsUtil: event=pingsComplete, TARGET_TYPE=NAMESERVER1, IP=XXX, PKTS_TX=5, PKTS_RX=5, PKT_LOSS=0.0%, AVG_TIME=2,64
12-29 10:58:53.846   618   753 I WifiDiagsUtil: event=preConfiguredDNSDetected, action=skipPingTest, nameserver=xxx.xxx.xxx...
12-29 10:58:53.846   618   753 I WifiDiagsUtil: event=pingTest, TARGET_TYPE=NAMESERVER3, IP=XXX
12-29 10:58:53.859   618   753 I WifiDiagsUtil: event=pingsComplete, TARGET_TYPE=NAMESERVER3, IP=XXX, PKTS_TX=5, PKTS_RX=5, PKT_LOSS=0.0%, AVG_TIME=2,15
12-29 10:58:53.859   618   753 I WifiDiagsUtil: event=runHttpConnectionTestAttempt, host=http://firetvcaptiveportal.com/generate_204
12-29 10:58:54.244   618   753 I WifiDiagsUtil: event=runHttpConnectionTestSuccess, host=http://firetvcaptiveportal.com/generate_204, httpCode=204, latency=384
12-29 10:58:54.244   618   753 I WifiDiagsUtil: event=GOOD_CONNECTION
12-29 10:58:54.245   618   753 I NetWatchDog: event=resetNetWatchdog, timeoutMS=900000
12-29 10:58:54.245   618   753 I WifiDiagsUtil: event=reportNetworkStatistics, action=reportNetworkConnectivity, hasConnectivity=true
12-29 10:58:54.245   618   753 I WifiDiagsUtil: broadcastDiagsResults
12-29 10:58:54.249   618   753 I WifiDiagsUtil: event=stateDuration, duration=1410659
12-29 10:58:54.249   618   753 I WifiDiagsUtil: event=recordDataInTestEndpointStatistics, isEmitmetric=false
12-29 10:58:54.268 20189 21182 I com.amazon.diode.events.EventSaverService: Got external event for client WifiDiagsUtil
12-29 10:58:54.269 20189 21182 W com.amazon.diode.store.FIFOFile: Overwriting 1 elements to make room in store WifiDiagsUtil
12-29 10:58:58.493  1175  1175 I MetricsJobService: onStartJob - Received callback from JobScheduler for JobID: ; 2
12-29 10:58:58.496  1175 21184 W MetricsJobService: onStartJob - Unknown JobId, no component will be notified;
12-29 10:59:00.138   288 10607 I Node    : dolby-audio-meter, AdapterPcmSystem adapter audio meter: channel 0; audio level: 0.000
12-29 10:59:00.138   288 10607 I Node    : dolby-audio-meter, AdapterPcmSystem adapter audio meter: channel 1; audio level: 0.000
12-29 10:59:00.138   288 10607 I RendererNode: dolby-audio-meter, Renderer renderer audio meter: channel 0; audio level: 0.000
12-29 10:59:00.138   288 10607 I RendererNode: dolby-audio-meter, Renderer renderer audio meter: channel 1; audio level: 0.000
12-29 10:59:00.138   288 10607 I RendererNode: dolby-audio-meter, Renderer renderer audio meter: channel 2; audio level: 0.000
12-29 10:59:00.139   288 10607 I RendererNode: dolby-audio-meter, Renderer renderer audio meter: channel 3; audio level: 0.000
12-29 10:59:00.139   288 10607 I RendererNode: dolby-audio-meter, Renderer renderer audio meter: channel 4; audio level: 0.000
12-29 10:59:00.139   288 10607 I RendererNode: dolby-audio-meter, Renderer renderer audio meter: channel 5; audio level: 0.000
12-29 10:59:00.139   288 10607 I Node    : dolby-audio-meter, AdapterPcmOut adapter audio meter: channel 0; audio level: 0.000
12-29 10:59:00.139   288 10607 I Node    : dolby-audio-meter, AdapterPcmOut adapter audio meter: channel 1; audio level: 0.000
12-29 10:59:10.165   288 10607 I Node    : dolby-audio-meter, AdapterPcmSystem adapter audio meter: channel 0; audio level: 0.000
12-29 10:59:10.165   288 10607 I Node    : dolby-audio-meter, AdapterPcmSystem adapter audio meter: channel 1; audio level: 0.000
12-29 10:59:10.165   288 10607 I RendererNode: dolby-audio-meter, Renderer renderer audio meter: channel 0; audio level: 0.000
12-29 10:59:10.165   288 10607 I RendererNode: dolby-audio-meter, Renderer renderer audio meter: channel 1; audio level: 0.000
12-29 10:59:10.165   288 10607 I RendererNode: dolby-audio-meter, Renderer renderer audio meter: channel 2; audio level: 0.000
12-29 10:59:10.165   288 10607 I RendererNode: dolby-audio-meter, Renderer renderer audio meter: channel 3; audio level: 0.000
12-29 10:59:10.165   288 10607 I RendererNode: dolby-audio-meter, Renderer renderer audio meter: channel 4; audio level: 0.000
12-29 10:59:10.165   288 10607 I RendererNode: dolby-audio-meter, Renderer renderer audio meter: channel 5; audio level: 0.000
12-29 10:59:10.165   288 10607 I Node    : dolby-audio-meter, AdapterPcmOut adapter audio meter: channel 0; audio level: 0.000
12-29 10:59:10.165   288 10607 I Node    : dolby-audio-meter, AdapterPcmOut adapter audio meter: channel 1; audio level: 0.000
12-29 10:59:17.016  1454  8140 I whad    : TimeSyncClient:clientThread:reason=skewOrDriftChange,server=XX0QS8,time=433486.127605,skewX=431565.292296,skewY=5.867156,drift=1.784354,reportedDrift=1.784354,numExchanges=709236
12-29 10:59:17.717  1399 29103 I com.amazon.vizzini/mo: Using the FireOSPlatformDCPMetricsCollector
12-29 10:59:17.722   889 21193 I ...imp/TokenJobQueue[0]: Begin executing task GetToken:com.amazon.vizzini/com.amazon.dcp.sso.token.oauth.amazon.access_token
12-29 10:59:17.723   889 21193 I ...imp/TokenJobQueue[0]: Scheduled running concurrent job GetToken:com.amazon.vizzini/com.amazon.dcp.sso.token.oauth.amazon.access_token.
12-29 10:59:17.723   889 21194 I ...nformationQueryer[0]: Populate change for remote MAP info.
12-29 10:59:17.723   889 21194 I ...nformationQueryer[0]: CacheContainsPartialResults? true
12-29 10:59:17.727   889 21194 I ...imp/TokenJobQueue[0]: Finish executing task GetToken:com.amazon.vizzini/com.amazon.dcp.sso.token.oauth.amazon.access_token.
12-29 10:59:20.170   288 10607 I Node    : dolby-audio-meter, AdapterPcmSystem adapter audio meter: channel 0; audio level: 0.000
12-29 10:59:20.170   288 10607 I Node    : dolby-audio-meter, AdapterPcmSystem adapter audio meter: channel 1; audio level: 0.000
12-29 10:59:20.170   288 10607 I RendererNode: dolby-audio-meter, Renderer renderer audio meter: channel 0; audio level: 0.000
12-29 10:59:20.170   288 10607 I RendererNode: dolby-audio-meter, Renderer renderer audio meter: channel 1; audio level: 0.000
12-29 10:59:20.170   288 10607 I RendererNode: dolby-audio-meter, Renderer renderer audio meter: channel 2; audio level: 0.000
12-29 10:59:20.171   288 10607 I RendererNode: dolby-audio-meter, Renderer renderer audio meter: channel 3; audio level: 0.000
12-29 10:59:20.171   288 10607 I RendererNode: dolby-audio-meter, Renderer renderer audio meter: channel 4; audio level: 0.000
12-29 10:59:20.171   288 10607 I RendererNode: dolby-audio-meter, Renderer renderer audio meter: channel 5; audio level: 0.000
12-29 10:59:20.171   288 10607 I Node    : dolby-audio-meter, AdapterPcmOut adapter audio meter: channel 0; audio level: 0.000
12-29 10:59:20.171   288 10607 I Node    : dolby-audio-meter, AdapterPcmOut adapter audio meter: channel 1; audio level: 0.000
12-29 10:59:30.197   288 10607 I Node    : dolby-audio-meter, AdapterPcmSystem adapter audio meter: channel 0; audio level: 0.000
12-29 10:59:30.197   288 10607 I Node    : dolby-audio-meter, AdapterPcmSystem adapter audio meter: channel 1; audio level: 0.000
12-29 10:59:30.197   288 10607 I RendererNode: dolby-audio-meter, Renderer renderer audio meter: channel 0; audio level: 0.000
12-29 10:59:30.197   288 10607 I RendererNode: dolby-audio-meter, Renderer renderer audio meter: channel 1; audio level: 0.000
12-29 10:59:30.197   288 10607 I RendererNode: dolby-audio-meter, Renderer renderer audio meter: channel 2; audio level: 0.000
12-29 10:59:30.197   288 10607 I RendererNode: dolby-audio-meter, Renderer renderer audio meter: channel 3; audio level: 0.000
12-29 10:59:30.197   288 10607 I RendererNode: dolby-audio-meter, Renderer renderer audio meter: channel 4; audio level: 0.000
12-29 10:59:30.197   288 10607 I RendererNode: dolby-audio-meter, Renderer renderer audio meter: channel 5; audio level: 0.000
12-29 10:59:30.197   288 10607 I Node    : dolby-audio-meter, AdapterPcmOut adapter audio meter: channel 0; audio level: 0.000
12-29 10:59:30.197   288 10607 I Node    : dolby-audio-meter, AdapterPcmOut adapter audio meter: channel 1; audio level: 0.000
12-29 10:59:35.006  1399 21203 I SPCH-Cont_HealthLogger: Current State = {"ProfileValidated":"true","ProfileType":"ADULT","Gateway":"avs-alexa-18-na.amazon.com:443","memoryLow":"false","ReleaseVersion":"655.1.3","AlexaLegalTermsAccepted":"true","memoryAvailable":"932970496","SupportsFarField":"false","RemoteSettingsStrategy":"VizArcus","memoryTotalPss":"47454","memoryTotalSharedDirty":"3484","DeviceFamily":"SMP","str.auto_wake_up_always":"0","OOBECompleted":"true","AppVersion":"3.0.16038.0","AlexaCaptionsSupported":"true","memoryTotalPrivateDirty":"25167","AlexaShortcutsEnabled":"{\"all\": true, \"runtime\": true, \"locale\": true, \"isChild\": false}","Account":"valid","ConnectionState":"CONNECTED","AlexaCaptionsEnabled":"false","AlexaExperience":"FULL"}
12-29 10:59:40.202   288 10607 I Node    : dolby-audio-meter, AdapterPcmSystem adapter audio meter: channel 0; audio level: 0.000
12-29 10:59:40.202   288 10607 I Node    : dolby-audio-meter, AdapterPcmSystem adapter audio meter: channel 1; audio level: 0.000
12-29 10:59:40.202   288 10607 I RendererNode: dolby-audio-meter, Renderer renderer audio meter: channel 0; audio level: 0.000
12-29 10:59:40.202   288 10607 I RendererNode: dolby-audio-meter, Renderer renderer audio meter: channel 1; audio level: 0.000
12-29 10:59:40.202   288 10607 I RendererNode: dolby-audio-meter, Renderer renderer audio meter: channel 2; audio level: 0.000
12-29 10:59:40.203   288 10607 I RendererNode: dolby-audio-meter, Renderer renderer audio meter: channel 3; audio level: 0.000
12-29 10:59:40.203   288 10607 I RendererNode: dolby-audio-meter, Renderer renderer audio meter: channel 4; audio level: 0.000
12-29 10:59:40.203   288 10607 I RendererNode: dolby-audio-meter, Renderer renderer audio meter: channel 5; audio level: 0.000
12-29 10:59:40.203   288 10607 I Node    : dolby-audio-meter, AdapterPcmOut adapter audio meter: channel 0; audio level: 0.000
12-29 10:59:40.203   288 10607 I Node    : dolby-audio-meter, AdapterPcmOut adapter audio meter: channel 1; audio level: 0.000
12-29 10:59:50.229   288 10607 I Node    : dolby-audio-meter, AdapterPcmSystem adapter audio meter: channel 0; audio level: 0.000
12-29 10:59:50.229   288 10607 I Node    : dolby-audio-meter, AdapterPcmSystem adapter audio meter: channel 1; audio level: 0.000
12-29 10:59:50.229   288 10607 I RendererNode: dolby-audio-meter, Renderer renderer audio meter: channel 0; audio level: 0.000
12-29 10:59:50.229   288 10607 I RendererNode: dolby-audio-meter, Renderer renderer audio meter: channel 1; audio level: 0.000
12-29 10:59:50.229   288 10607 I RendererNode: dolby-audio-meter, Renderer renderer audio meter: channel 2; audio level: 0.000
12-29 10:59:50.229   288 10607 I RendererNode: dolby-audio-meter, Renderer renderer audio meter: channel 3; audio level: 0.000
12-29 10:59:50.229   288 10607 I RendererNode: dolby-audio-meter, Renderer renderer audio meter: channel 4; audio level: 0.000
12-29 10:59:50.229   288 10607 I RendererNode: dolby-audio-meter, Renderer renderer audio meter: channel 5; audio level: 0.000
12-29 10:59:50.229   288 10607 I Node    : dolby-audio-meter, AdapterPcmOut adapter audio meter: channel 0; audio level: 0.000
12-29 10:59:50.229   288 10607 I Node    : dolby-audio-meter, AdapterPcmOut adapter audio meter: channel 1; audio level: 0.000
12-29 10:59:57.121 25906 25983 I DiebusMetrics: Starting reporting metrics
12-29 10:59:57.121 25906 25983 I DiebusMetrics: End reporting metrics
12-29 10:59:57.773 25906 25968 I DiebusMetrics: Starting reporting metrics
12-29 10:59:57.774 25906 25968 I DiebusMetrics: End reporting metrics
12-29 11:00:00.234   288 10607 I Node    : dolby-audio-meter, AdapterPcmSystem adapter audio meter: channel 0; audio level: 0.000
12-29 11:00:00.234   288 10607 I Node    : dolby-audio-meter, AdapterPcmSystem adapter audio meter: channel 1; audio level: 0.000
12-29 11:00:00.234   288 10607 I RendererNode: dolby-audio-meter, Renderer renderer audio meter: channel 0; audio level: 0.000
12-29 11:00:00.234   288 10607 I RendererNode: dolby-audio-meter, Renderer renderer audio meter: channel 1; audio level: 0.000
12-29 11:00:00.234   288 10607 I RendererNode: dolby-audio-meter, Renderer renderer audio meter: channel 2; audio level: 0.000
12-29 11:00:00.235   288 10607 I RendererNode: dolby-audio-meter, Renderer renderer audio meter: channel 3; audio level: 0.000
12-29 11:00:00.235   288 10607 I RendererNode: dolby-audio-meter, Renderer renderer audio meter: channel 4; audio level: 0.000
12-29 11:00:00.235   288 10607 I RendererNode: dolby-audio-meter, Renderer renderer audio meter: channel 5; audio level: 0.000
12-29 11:00:00.235   288 10607 I Node    : dolby-audio-meter, AdapterPcmOut adapter audio meter: channel 0; audio level: 0.000
12-29 11:00:00.235   288 10607 I Node    : dolby-audio-meter, AdapterPcmOut adapter audio meter: channel 1; audio level: 0.000
12-29 11:00:03.837   827  6515 I ...atformDependencyImpl: isAmazonDevice() in ClientSideAmazonPlatformDependencyImpl is called
12-29 11:00:03.838   827  6515 I ...atformDependencyImpl: isAmazonDevice() in ClientSideAmazonPlatformDependencyImpl is called
--------- beginning of system
12-29 11:00:04.460   618   630 I UsageStatsService: User[0] Flushing usage stats to disk
12-29 11:00:06.248  1399  2650 I DirectiveCache: Cleaning up DirectiveCache, current size: 0
12-29 11:00:06.248  1399  2066 E SPCH-MinervaSchemaStorage: No schema was found for source SIM_basic
12-29 11:00:06.248  1399  2066 E SPCH-MinervaSchemaRetriever: No schema was found for metric SIM.DirectiveCache.CacheEmptyBeforeTrim in source SIM_basic
12-29 11:00:06.249  1399  2066 E SPCH-MinervaSchemaStorage: No schema was found for source SIM_basic
12-29 11:00:06.249  1399  2066 E SPCH-MinervaSchemaRetriever: No schema was found for metric SIM.DirectiveCache.UnchangedCacheSize in source SIM_basic
12-29 11:00:10.261   288 10607 I Node    : dolby-audio-meter, AdapterPcmSystem adapter audio meter: channel 0; audio level: 0.000
12-29 11:00:10.261   288 10607 I Node    : dolby-audio-meter, AdapterPcmSystem adapter audio meter: channel 1; audio level: 0.000
12-29 11:00:10.261   288 10607 I RendererNode: dolby-audio-meter, Renderer renderer audio meter: channel 0; audio level: 0.000
12-29 11:00:10.261   288 10607 I RendererNode: dolby-audio-meter, Renderer renderer audio meter: channel 1; audio level: 0.000
12-29 11:00:10.261   288 10607 I RendererNode: dolby-audio-meter, Renderer renderer audio meter: channel 2; audio level: 0.000
12-29 11:00:10.261   288 10607 I RendererNode: dolby-audio-meter, Renderer renderer audio meter: channel 3; audio level: 0.000
12-29 11:00:10.261   288 10607 I RendererNode: dolby-audio-meter, Renderer renderer audio meter: channel 4; audio level: 0.000
12-29 11:00:10.261   288 10607 I RendererNode: dolby-audio-meter, Renderer renderer audio meter: channel 5; audio level: 0.000
12-29 11:00:10.261   288 10607 I Node    : dolby-audio-meter, AdapterPcmOut adapter audio meter: channel 0; audio level: 0.000
12-29 11:00:10.261   288 10607 I Node    : dolby-audio-meter, AdapterPcmOut adapter audio meter: channel 1; audio level: 0.000
12-29 11:00:16.224   285   285 I perfmonitord:ProcessCpuMonitor: Running ProcessCPUMonitor
12-29 11:00:16.270   285   285 I perfmonitord: Current status: 
12-29 11:00:16.270   285   285 I perfmonitord: Benefits string: 
12-29 11:00:16.270   285   285 E perfmonitord:StatUtil: Error of parsing benefits string
12-29 11:00:16.272   285   285 I perfmonitord:ProcessCpuMonitor: 
12-29 11:00:16.272   285   285 I perfmonitord:ProcessCpuMonitor: Process Name         PID   : CPU % 
12-29 11:00:16.272   285   285 I perfmonitord:ProcessCpuMonitor: 
12-29 11:00:16.272   285   285 I perfmonitord:ProcessCpuMonitor: audioserver          288   : 21.53% 
12-29 11:00:16.272   285   285 I perfmonitord:ProcessCpuMonitor: system_server        618   : 3.93% 
12-29 11:00:16.272   285   285 I perfmonitord:ProcessCpuMonitor: surfaceflinger       245   : 1.37% 
12-29 11:00:16.272   285   285 I perfmonitord:ProcessCpuMonitor: ksmd                 26    : 1.28% 
12-29 11:00:16.272   285   285 I perfmonitord:ProcessCpuMonitor: .amazon.vizzini      1399  : 0.71% 
12-29 11:00:16.272   285   285 I perfmonitord:ProcessCpuMonitor: .client.metrics      1175  : 0.54% 
12-29 11:00:16.272   285   285 I perfmonitord:ProcessCpuMonitor: .amazon.venezia      10266 : 0.52% 
12-29 11:00:16.272   285   285 I perfmonitord:ProcessCpuMonitor: zon.tv.launcher      25906 : 0.48% 
12-29 11:00:16.272   285   285 I perfmonitord:ProcessCpuMonitor: hif_thread           841   : 0.45% 
12-29 11:00:16.272   285   285 I perfmonitord:ProcessCpuMonitor: adbd                 258   : 0.42% 
12-29 11:00:16.272   285   285 I perfmonitord:ProcessCpuMonitor: disp_osd2_irq_k      135   : 0.30% 
12-29 11:00:16.272   285   285 I perfmonitord:ProcessCpuMonitor: main_thread          838   : 0.28% 
12-29 11:00:16.272   285   285 I perfmonitord:ProcessCpuMonitor: ksdioirqd/mmc1       219   : 0.27% 
12-29 11:00:16.272   285   285 I perfmonitord:ProcessCpuMonitor: com.amazon.imp       889   : 0.26% 
12-29 11:00:16.272   285   285 I perfmonitord:ProcessCpuMonitor: hdmi_timer_kthr      100   : 0.26% 
12-29 11:00:16.272   285   285 I perfmonitord:ProcessCpuMonitor: rx_thread            846   : 0.25% 
12-29 11:00:16.272   285   285 I perfmonitord:ProcessCpuMonitor: rcu_preempt          7     : 0.25% 
12-29 11:00:16.272   285   285 I perfmonitord:ProcessCpuMonitor: v.devicecontrol      1430  : 0.23% 
12-29 11:00:16.272   285   285 I perfmonitord:ProcessCpuMonitor: mmcqd/0              151   : 0.22% 
12-29 11:00:16.272   285   285 I perfmonitord:ProcessCpuMonitor: logd                 197   : 0.19% 
12-29 11:00:16.272   285   285 I perfmonitord:ProcessCpuMonitor: com.amazon.whad      1454  : 0.13% 
12-29 11:00:16.272   285   285 I perfmonitord:ProcessCpuMonitor: perfmonitord         285   : 0.11% 
12-29 11:00:16.272   285   285 I perfmonitord:ProcessCpuMonitor: disp_osd1_irq_k      134   : 0.11% 
12-29 11:00:16.272   285   285 I perfmonitord:ProcessCpuMonitor: cec_timer_kthre      101   : 0.10% 
12-29 11:00:16.272   285   285 I perfmonitord:StatUtil: CPUUtilization is at 9%
12-29 11:00:16.273   285   285 I perfmonitord:StatUtil: MemoryUtilization is at 54%
12-29 11:00:16.273   285   285 I perfmonitord:VmStatMonitor: pgpgin=86660629,pgpgout=27481220,pswpin=1997073,pswpout=3439170,pgmajfault=2634986,pgscan_direct_normal=13918908,pgscan_direct_high=163556,pgscan_direct_movable=0,pgscan_kswapd_normal=14104804,pgscan_kswapd_high=27932412,allocstall=29747,workingset_refault=12085120,kswapd_low_wmark_hit_quickly=38211
12-29 11:00:16.274  1175  3321 I MinervaRemoteDmlConfigDataProvider: Cached value expired. Syncing with config.
12-29 11:00:17.016  1454  8140 I whad    : TimeSyncClient:clientThread:reason=skewOrDriftChange,server=XX0QS8,time=433546.127293,skewX=431595.292612,skewY=5.867213,drift=1.784354,reportedDrift=1.784354,numExchanges=709336
12-29 11:00:17.274   285   285 E IMGMemtrackHAL: DbgFsParseFile: fopen of /d/pvr/driver_stats failed (Permission denied)
12-29 11:00:17.269   285   285 W perfmonitord: type=1400 audit(0.0:645): avc: denied { read } for name="driver_stats" dev="debugfs" ino=10045 scontext=u:r:perfmonitord:s0 tcontext=u:object_r:debugfs:s0 tclass=file permissive=0
12-29 11:00:17.295   285   285 E IMGMemtrackHAL: DbgFsParseFile: fopen of /d/pvr/driver_stats failed (Permission denied)
12-29 11:00:17.289   285   285 W perfmonitord: type=1400 audit(0.0:646): avc: denied { read } for name="driver_stats" dev="debugfs" ino=10045 scontext=u:r:perfmonitord:s0 tcontext=u:object_r:debugfs:s0 tclass=file permissive=0
12-29 11:00:17.303   285   285 I perfmonitord: Current status: 
12-29 11:00:17.303   285   285 I perfmonitord: Benefits string: 
12-29 11:00:17.303   285   285 E perfmonitord:StatUtil: Error of parsing benefits string
12-29 11:00:17.304   285   285 I perfmonitord:ProcessMemMonitor: .tv.alexaalerts      18291 : 5535 
12-29 11:00:17.304   285   285 I perfmonitord:ProcessMemMonitor: ryconfigservice      1946  : 4046 
12-29 11:00:18.308   285   285 E perfmonitord:StatUtil: file open error is - No such file or directory
12-29 11:00:18.308   285   285 I perfmonitord: Current status: 
12-29 11:00:18.308   285   285 I perfmonitord: Benefits string: 
12-29 11:00:18.308   285   285 E perfmonitord:StatUtil: Error of parsing benefits string
12-29 11:00:18.310   285   285 I perfmonitord:SystemMemMonitor: mem_total = 1836836 Kb
12-29 11:00:18.310   285   285 I perfmonitord:SystemMemMonitor: mem_free = 208800 Kb
12-29 11:00:18.310   285   285 I perfmonitord:SystemMemMonitor: mem_available = 850516 Kb
12-29 11:00:18.310   285   285 I perfmonitord:SystemMemMonitor: mem_buffers = 49728 Kb
12-29 11:00:18.310   285   285 I perfmonitord:SystemMemMonitor: mem_cached = 724188 Kb
12-29 11:00:18.310   285   285 I perfmonitord:SystemMemMonitor: mem_active_anon = 205600 Kb
12-29 11:00:18.310   285   285 I perfmonitord:SystemMemMonitor: mem_inactive_anon = 268544 Kb
12-29 11:00:18.310   285   285 I perfmonitord:SystemMemMonitor: mem_active_file = 521528 Kb
12-29 11:00:18.310   285   285 I perfmonitord:SystemMemMonitor: mem_inactive_file = 246356 Kb
12-29 11:00:18.310   285   285 I perfmonitord:SystemMemMonitor: mem_swap_total = 383020 Kb
12-29 11:00:18.310   285   285 I perfmonitord:SystemMemMonitor: mem_swap_free = 155520 Kb
12-29 11:00:18.310   285   285 I perfmonitord:SystemMemMonitor: mem_swap_uncompressed = 227500 Kb
12-29 11:00:18.310   285   285 I perfmonitord:SystemMemMonitor: zram_mem_used_kb = 62632 Kb
12-29 11:00:18.310   285   285 I perfmonitord:SystemMemMonitor: mem_shmem = 2372 Kb
12-29 11:00:18.310   285   285 I perfmonitord:SystemMemMonitor: mem_s_unreclaim = 48488 Kb
12-29 11:00:18.310   285   285 I perfmonitord:SystemMemMonitor: mem_kernel_stack = 15832 Kb
12-29 11:00:18.310   285   285 I perfmonitord:SystemMemMonitor: mem_page_tables = 31344 Kb
12-29 11:00:18.310   285   285 I perfmonitord:SystemMemMonitor: mem_other_free = 137380 Kb
12-29 11:00:18.310   285   285 I perfmonitord:SystemMemMonitor: mem_other_file = 767628 Kb
12-29 11:00:18.310   285   285 I perfmonitord:SystemMemMonitor: mem_ksm_pages_sharing = 34160 Kb
12-29 11:00:18.310   285   285 I perfmonitord:SystemMemMonitor: mem_ksm_overhead = 1866 Kb
12-29 11:00:18.310   285   285 I perfmonitord:SystemMemMonitor: mem_ksm_saving = 32294 Kb
12-29 11:00:18.310   285   285 I perfmonitord:SystemMemMonitor: lmk_kills_backup = 0
12-29 11:00:18.310   285   285 I perfmonitord:SystemMemMonitor: lmk_kills_fg = 0
12-29 11:00:18.310   285   285 I perfmonitord:SystemMemMonitor: lmk_kills_other = 0
12-29 11:00:18.310   285   285 I perfmonitord:SystemMemMonitor: lmk_kills_perceptible = 0
12-29 11:00:18.310   285   285 I perfmonitord:SystemMemMonitor: lmk_kills_persistent = 0
12-29 11:00:18.310   285   285 I perfmonitord:SystemMemMonitor: lmk_kills_visible = 0
12-29 11:00:18.354  1175  3321 I BatchCreator: enqueueBatchForTransmission - enqueueBatchForTransmission;
12-29 11:00:18.380  1175  3321 I BoundedBatchFileQueue: batch file added: 1767016818379_us-east-1_0001
12-29 11:00:19.314   285   285 I perfmonitord: Current status: 
12-29 11:00:19.314   285   285 I perfmonitord: Benefits string: 
12-29 11:00:19.314   285   285 E perfmonitord:StatUtil: Error of parsing benefits string
12-29 11:00:20.266   288 10607 I Node    : dolby-audio-meter, AdapterPcmSystem adapter audio meter: channel 0; audio level: 0.000
12-29 11:00:20.266   288 10607 I Node    : dolby-audio-meter, AdapterPcmSystem adapter audio meter: channel 1; audio level: 0.000
12-29 11:00:20.266   288 10607 I RendererNode: dolby-audio-meter, Renderer renderer audio meter: channel 0; audio level: 0.000
12-29 11:00:20.266   288 10607 I RendererNode: dolby-audio-meter, Renderer renderer audio meter: channel 1; audio level: 0.000
12-29 11:00:20.266   288 10607 I RendererNode: dolby-audio-meter, Renderer renderer audio meter: channel 2; audio level: 0.000
12-29 11:00:20.267   288 10607 I RendererNode: dolby-audio-meter, Renderer renderer audio meter: channel 3; audio level: 0.000
12-29 11:00:20.267   288 10607 I RendererNode: dolby-audio-meter, Renderer renderer audio meter: channel 4; audio level: 0.000
12-29 11:00:20.267   288 10607 I RendererNode: dolby-audio-meter, Renderer renderer audio meter: channel 5; audio level: 0.000
12-29 11:00:20.267   288 10607 I Node    : dolby-audio-meter, AdapterPcmOut adapter audio meter: channel 0; audio level: 0.000
12-29 11:00:20.267   288 10607 I Node    : dolby-audio-meter, AdapterPcmOut adapter audio meter: channel 1; audio level: 0.000
12-29 11:00:20.318   285   285 I perfmonitord: Current status: 
12-29 11:00:20.318   285   285 I perfmonitord: Benefits string: 
12-29 11:00:20.319   285   285 E perfmonitord:StatUtil: Error of parsing benefits string
12-29 11:00:20.587 21295 21295 I main.wifi_log_levels: wifi_log_levels:wlan0:rssi=-51;rssi2=-47;noise=-84;noise2=-81;channel=149;txframes=13896910;txfails=303479;txper=2%;txaggr= 0 0 0 0 0 0 0 0;rxframes=27600801;rxcrc=28096644;rxper=50.4%;rxdrop=21638264;phymode=AC;phyrate=866;lasttxrate=MCS0_BW20;lastrxrate=6M_BW20; 
12-29 11:00:20.607 21296 21296 I main.wifi_log_levels: tx_packets=13661472;tx_bytes=3042429180;tx_errors=12;tx_dropped=0;rx_packets=25587566;rx_bytes=2886647233;rx_errors=0;rx_dropped=0;wlan0 arp=STALE 
12-29 11:00:20.627 21297 21297 I main.wifi_log_levels: max_rssi=-45;min_rssi=-69;max_noise=-81;min_noise=-92;noise histogram=0 0 0 0 0 100 2566 476759 10702 0 1338 
12-29 11:00:20.665 21299 21299 I main.wifi_log_levels: wifi_log_levels:ch_busy=4%;ch_idle=96%;ch_tx=0%;ch_rx=0%;tx_ok=91%;tx_fail=9%;tx_retry=0%;rx_ok=24%;rx_fcs=76%;tx_ok=34;tx_fail=3;tx_retry=0;rx_ok=8;rx_fcs=25;cck_false=0;cck_crc=0;ofdm_false=324;ofdm_crc=8; 
12-29 11:00:20.805 21310 21310 I main.wifi_log_levels: TXRATE=NSS2_MCS9, BW80, SGI, VHT, LDPC; PER=04%; PERCNT=70%;RXRATE=6M, BW20, OFDM, BCC; PERCNT=50%;RXRATE=NSS2_MCS9, BW80, SGI, VHT, LDPC; PERCNT=50%; 
12-29 11:00:21.322   285   285 I perfmonitord: Current status: 
12-29 11:00:21.322   285   285 I perfmonitord: Benefits string: 
12-29 11:00:21.322   285   285 E perfmonitord:StatUtil: Error of parsing benefits string
12-29 11:00:21.322   285   285 I perfmonitord:DiskUsageMonitor: /system partition total space=1074000kB used space=986356kB percent used=92%
12-29 11:00:21.322   285   285 I perfmonitord:DiskUsageMonitor: /system partition available space=71260kB available space percentage=7%
12-29 11:00:21.322   285   285 I perfmonitord:DiskUsageMonitor: /system partition free inodes=66866 total inodes=69408 free inodes percentage=96%
12-29 11:00:21.322   285   285 I perfmonitord:DiskUsageMonitor: /system partition available inodes=66866 total inodes=69408 available inodes percentage=96%
12-29 11:00:21.323   285   285 I perfmonitord:DiskUsageMonitor: /data partition total space=5534816kB used space=3813684kB percent used=69%
12-29 11:00:21.323   285   285 I perfmonitord:DiskUsageMonitor: /data partition available space=1704748kB available space percentage=31%
12-29 11:00:21.323   285   285 I perfmonitord:DiskUsageMonitor: /data partition free inodes=336469 total inodes=357632 free inodes percentage=94%
12-29 11:00:21.323   285   285 I perfmonitord:DiskUsageMonitor: /data partition available inodes=336469 total inodes=357632 available inodes percentage=94%
12-29 11:00:23.381   285 21314 I perfmonitord:ProcessRssMonitor: 
12-29 11:00:23.381   285 21314 I perfmonitord:ProcessRssMonitor: Process Name         PID   : RSS(kb)    RSWAP(kb)  Total RSS  
12-29 11:00:23.381   285 21314 I perfmonitord:ProcessRssMonitor: 
12-29 11:00:23.381   285 21314 I perfmonitord:ProcessRssMonitor: system_server        618   : 130660     18536      149196    
12-29 11:00:24.350 25906 26069 I WeblabFeature: Refreshing treatment for: FTV_TNF_AUTO_PLAY_475495
12-29 11:00:24.350 25906 26070 I WeblabFeature: Refreshing treatment for: FTV_POLISH_KEYBOARD_SUPPORT_513912
12-29 11:00:24.351 25906 26068 I WeblabFeature: Refreshing treatment for: FTV_SEARCH_DECOUPLING_ALPHA_222720
12-29 11:00:24.352 25906 25906 I AsyncWeblabTreatmentTas: Received a treatment of T1 for : FTV_TNF_AUTO_PLAY_475495
12-29 11:00:24.352 25906 25906 I AsyncWeblabTreatmentTas: Received a treatment of C_DEFAULT for : FTV_POLISH_KEYBOARD_SUPPORT_513912
12-29 11:00:24.353 25906 25906 I AsyncWeblabTreatmentTas: Received a treatment of C_DEFAULT for : FTV_SEARCH_DECOUPLING_ALPHA_222720
12-29 11:00:24.382   285 21314 I perfmonitord:ProcessRssMonitor: zon.tv.launcher      25906 : 124512     24172      148684    
12-29 11:00:25.382   285 21314 I perfmonitord:ProcessRssMonitor: .amazon.venezia      10266 : 134300     8184       142484    
12-29 11:00:26.383   285 21314 I perfmonitord:ProcessRssMonitor: ample.clickflix      20552 : 121508     8156       129664    
12-29 11:00:26.426   285   285 I perfmonitord:IonMemMonitor: 
12-29 11:00:26.426   285   285 I perfmonitord:IonMemMonitor: Alloc Process IonMemory:
12-29 11:00:26.426   285   285 I perfmonitord:IonMemMonitor: ProcessName          PID   : Total-Size(kb)/Num : Buffers-Size(kb)/Num 
12-29 11:00:26.426   285   285 I perfmonitord:IonMemMonitor: surfaceflinger       24    : 26488/5 : 8100/3, 2160/1, 28/1
12-29 11:00:26.426   285   285 I perfmonitord:IonMemMonitor: zon.tv.launcher      2590  : 12868/22 : 2028/1, 4/1, 652/2, 168/2, 84/5, 2476/1, 100/9, 5400/1
12-29 11:00:26.426   285   285 I perfmonitord:IonMemMonitor: 
12-29 11:00:26.426   285   285 I perfmonitord:IonMemMonitor: Client Process IonMemory:
12-29 11:00:26.426   285   285 I perfmonitord:IonMemMonitor: ProcessName          PID   Total-Size(kb)  NumBuffs   DbgName             
12-29 11:00:26.426   285   285 I perfmonitord:IonMemMonitor: system_server        618   270             2                              
12-29 11:00:26.427   285   285 I perfmonitord:IonMemMonitor: .amazon.vizzini      1399  270             1                              
12-29 11:00:26.427   285   285 I perfmonitord:IonMemMonitor: OSD_ion_client       118   0               1          from_kernel         
12-29 11:00:26.427   285   285 I perfmonitord:IonMemMonitor: surfaceflinger       245   24328           6                              
12-29 11:00:26.427   285   285 I perfmonitord:IonMemMonitor: zon.tv.launcher      25906 13138           23                             
12-29 11:00:26.427   285   285 I perfmonitord:IonMemMonitor: on.device.blepa      10431 270             1                              
12-29 11:00:26.427   285   285 I perfmonitord:IonMemMonitor: com.dcsapp.iptv      12059 270             1                              
12-29 11:00:26.427   285   285 I perfmonitord:IonMemMonitor: ample.clickflix      20552 270             1                              
12-29 11:00:26.427   285   285 I perfmonitord:IonMemMonitor: device.services      827   270             1                              
12-29 11:00:26.427   285   285 I perfmonitord:IonMemMonitor: m.amazon.tv.ime      25406 270             1                              
12-29 11:00:27.383   285 21314 I perfmonitord:ProcessRssMonitor: .bueller.photos      19979 : 113476     8384       121860    
12-29 11:00:28.383   285 21314 I perfmonitord:ProcessRssMonitor: com.dcsapp.iptv      12059 : 82320      29508      111828    
12-29 11:00:29.384   285 21314 I perfmonitord:ProcessRssMonitor: .tv.settings.v2      19543 : 99120      8436       107556    
12-29 11:00:30.293   288 10607 I Node    : dolby-audio-meter, AdapterPcmSystem adapter audio meter: channel 0; audio level: 0.000
12-29 11:00:30.293   288 10607 I Node    : dolby-audio-meter, AdapterPcmSystem adapter audio meter: channel 1; audio level: 0.000
12-29 11:00:30.293   288 10607 I RendererNode: dolby-audio-meter, Renderer renderer audio meter: channel 0; audio level: 0.000
12-29 11:00:30.293   288 10607 I RendererNode: dolby-audio-meter, Renderer renderer audio meter: channel 1; audio level: 0.000
12-29 11:00:30.293   288 10607 I RendererNode: dolby-audio-meter, Renderer renderer audio meter: channel 2; audio level: 0.000
12-29 11:00:30.293   288 10607 I RendererNode: dolby-audio-meter, Renderer renderer audio meter: channel 3; audio level: 0.000
12-29 11:00:30.293   288 10607 I RendererNode: dolby-audio-meter, Renderer renderer audio meter: channel 4; audio level: 0.000
12-29 11:00:30.293   288 10607 I RendererNode: dolby-audio-meter, Renderer renderer audio meter: channel 5; audio level: 0.000
12-29 11:00:30.293   288 10607 I Node    : dolby-audio-meter, AdapterPcmOut adapter audio meter: channel 0; audio level: 0.000
12-29 11:00:30.293   288 10607 I Node    : dolby-audio-meter, AdapterPcmOut adapter audio meter: channel 1; audio level: 0.000
12-29 11:00:30.384   285 21314 I perfmonitord:ProcessRssMonitor: .amazon.vizzini      1399  : 84792      14820      99612     
12-29 11:00:31.384   285 21314 I perfmonitord:ProcessRssMonitor: .amazon.ceviche      18882 : 88168      8400       96568     
12-29 11:00:32.385   285 21314 I perfmonitord:ProcessRssMonitor: com.amazon.adep      19328 : 81988      8584       90572     
12-29 11:00:33.385   285 21314 I perfmonitord:ProcessRssMonitor: om.amazon.diode      20189 : 75608      8516       84124     
12-29 11:00:34.386   285 21314 I perfmonitord:ProcessRssMonitor: iaplayer.fireos      4059  : 73844      8616       82460     
12-29 11:00:35.066  1399 21319 I SPCH-Cont_HealthLogger: Current State = {"ProfileValidated":"true","ProfileType":"ADULT","Gateway":"avs-alexa-18-na.amazon.com:443","memoryLow":"false","ReleaseVersion":"655.1.3","AlexaLegalTermsAccepted":"true","memoryAvailable":"932970496","SupportsFarField":"false","RemoteSettingsStrategy":"VizArcus","memoryTotalPss":"47454","memoryTotalSharedDirty":"3484","DeviceFamily":"SMP","str.auto_wake_up_always":"0","OOBECompleted":"true","AppVersion":"3.0.16038.0","AlexaCaptionsSupported":"true","memoryTotalPrivateDirty":"25167","AlexaShortcutsEnabled":"{\"all\": true, \"runtime\": true, \"locale\": true, \"isChild\": false}","Account":"valid","ConnectionState":"CONNECTED","AlexaCaptionsEnabled":"false","AlexaExperience":"FULL"}
12-29 11:00:35.386   285 21314 I perfmonitord:ProcessRssMonitor: htning.services      20446 : 72388      8756       81144     
