12-28 10:40:50.152   618   630 E TvInputManagerService: 	at com.android.server.tv.TvInputManagerService.buildTvInputListLocked(TvInputManagerService.java:345)
12-28 10:40:50.152   618   630 E TvInputManagerService: 	at com.android.server.tv.TvInputManagerService.-wrap10(TvInputManagerService.java)
12-28 10:40:50.152   618   630 E TvInputManagerService: 	at com.android.server.tv.TvInputManagerService$1.buildTvInputList(TvInputManagerService.java:190)
12-28 10:40:50.152   618   630 E TvInputManagerService: 	at com.android.server.tv.TvInputManagerService$1.onSomePackagesChanged(TvInputManagerService.java:240)
12-28 10:40:50.152   618   630 E TvInputManagerService: 	at com.android.internal.content.PackageMonitor.onReceive(PackageMonitor.java:431)
12-28 10:40:50.152   618   630 E TvInputManagerService: 	at android.app.LoadedApk$ReceiverDispatcher$Args.run(LoadedApk.java:1158)
12-28 10:40:50.152   618   630 E TvInputManagerService: 	at android.os.Handler.handleCallback(Handler.java:751)
12-28 10:40:50.152   618   630 E TvInputManagerService: 	at android.os.Handler.dispatchMessage(Handler.java:95)
12-28 10:40:50.152   618   630 E TvInputManagerService: 	at android.os.Looper.loop(Looper.java:154)
12-28 10:40:50.152   618   630 E TvInputManagerService: 	at android.os.HandlerThread.run(HandlerThread.java:61)
12-28 10:40:50.157   618   630 W VoiceInteractionManagerService: no available voice recognition services found for user 0
12-28 10:40:50.820   618  7380 I ActivityManager: Start proc 9546:com.svox.pico/u0a182 for broadcast com.svox.pico/.VoiceDataInstallerReceiver
12-28 10:40:52.442   618   631 W BroadcastQueue: Permission Denial: receiving Intent { act=com.amazon.venezia.action.APPS_LIBRARY_ORDER_UPDATED flg=0x10 } to com.amazon.storm.lightning.services/.broadcastreceivers.AppUpdateReceiver requires com.amazon.mas.client.GLOBAL_BROADCAST_com.amazon.venezia due to sender com.amazon.venezia (uid 10155)
12-28 10:40:54.709   618   631 I ActivityManager: Waited long enough for: ServiceRecord{d70cdec u0 com.amazon.storm.lightning.services/.LightningWPServer}
12-28 10:40:58.198   618  3780 I ActivityManager: Killing 8441:com.amazon.diode/u0a90 (adj 903): empty #17
12-28 10:40:58.278   618   678 E ConnectivityService: RemoteException caught trying to send a callback msg for NetworkRequest [ LISTEN id=2139, [ Capabilities: NOT_RESTRICTED&TRUSTED&NOT_VPN] ]
12-28 10:41:03.549   618  4099 I ActivityManager: START u0 {flg=0x10000000 cmp=com.example.clickflix/.MainActivity} from uid 2000 on display 0
12-28 10:41:03.550   618  4099 I AmazonProfileService: shouldAbortActivityStart() Package: xxx activity: xxx
12-28 10:41:03.554   618  4099 I AmazonProfileService: APS_V2 enabled in Arcus and mIsChildPINEnabled : false
12-28 10:41:03.554   618  4099 I AmazonProfileService: APS_V2 enabled in Arcus and mIsChildPINEnabled : false
12-28 10:41:03.554   618  4099 I AmazonProfileService: shouldAbortActivityStart() not aborted
12-28 10:41:03.640   618  4099 I ActivityManager: Start proc 9589:com.example.clickflix/u0a245 for activity com.example.clickflix/.MainActivity
12-28 10:41:03.718   618   638 I AmazonProfileService: Sending broadcast as the package is a non-enabled app
12-28 10:41:03.758   618   716 W AmazonProfileService: Active profile for the package xxx not present for customer Id xxx
12-28 10:41:03.803  9589  9589 I FrameworkJumpTable: Successfully loaded all classes
12-28 10:41:03.831  9589  9589 I FrameworkJumpTable: Successfully loaded all methods
12-28 10:41:03.833  9589  9589 I FrameworkJumpTable: Successfully loaded all fields
12-28 10:41:03.835  9589  9589 I FrameworkJumpTable: Successfully loaded all constructors
12-28 10:41:04.247   618  6974 E WindowManager: App trying to use insecure INPUT_FEATURE_NO_INPUT_CHANNEL flag. Ignoring
12-28 10:41:04.249   618  6974 I AmazonProfileService: Event is not filtered because it is not in filter key list.
12-28 10:41:04.300   618  6974 E WindowManager: App trying to use insecure INPUT_FEATURE_NO_INPUT_CHANNEL flag. Ignoring
12-28 10:41:05.432   618  4099 I ActivityManager: Killing 8484:com.amazon.avod/u0a73 (adj 903): empty #17
12-28 10:41:05.448   618   631 I ActivityManager: Waited long enough for: ServiceRecord{cd38f3b u0 com.amazon.sync.service/com.amazon.sync.framework.ContentSyncService}
12-28 10:41:05.599   618  1323 E AmazonHdmiService: Settings client binder died.
12-28 10:41:06.568   618   778 E TaskPersister: File error accessing recents directory (directory doesn't exist?).
12-28 10:41:07.752   618   618 I ActivityManager: Start proc 9639:com.amazon.bueller.photos/u0a76 for service com.amazon.bueller.photos/com.amazon.gallery.thor.config.control.RemoteConfigurationJob
12-28 10:41:07.992  9639  9639 I FrameworkJumpTable: Successfully loaded all classes
12-28 10:41:08.006  9639  9639 I FrameworkJumpTable: Successfully loaded all methods
12-28 10:41:08.007  9639  9639 I FrameworkJumpTable: Successfully loaded all fields
12-28 10:41:08.008  9639  9639 I FrameworkJumpTable: Successfully loaded all constructors
12-28 10:41:08.216   618  6179 I ActivityManager: Killing 8968:com.amazon.wirelessmetrics.service/u0a168 (adj 903): empty #17
12-28 10:41:08.382   618  1188 I ActivityManager: Killing 8956:com.amazon.wifilocker/u0a13 (adj 903): empty #17
12-28 10:41:10.609   618  1188 I ActivityManager: Killing 9037:com.amazon.assetsync.service/u0a70 (adj 903): empty #17
12-28 10:41:26.147   618   662 I AmazonProfileService: Event is not filtered because it is not in filter key list.
12-28 10:41:26.295   618   662 I AmazonProfileService: Event is not filtered because it is not in filter key list.
12-28 10:41:27.431   618   662 I AmazonProfileService: Event is not filtered because it is not in filter key list.
12-28 10:41:27.495   792   792 E PerfBoostIMSCallback: Requires com.amazon.permission.USE_PERFBOOST permission
12-28 10:41:27.575   618   662 I AmazonProfileService: Event is not filtered because it is not in filter key list.
12-28 10:41:27.871   618   662 I AmazonProfileService: Event is not filtered because it is not in filter key list.
12-28 10:41:27.942   618  1188 I ActivityManager: Killing 8885:com.amazon.ceviche/u0a78 (adj 903): empty #17
12-28 10:41:28.035   618   662 I AmazonProfileService: Event is not filtered because it is not in filter key list.
12-28 10:41:28.635   618   662 I AmazonProfileService: Event not filtered. KPM proceeds the key
12-28 10:41:28.776   618   662 I AmazonProfileService: Event not filtered. KPM proceeds the key
12-28 10:41:29.876   618   662 I AmazonProfileService: Event is not filtered because it is not in filter key list.
12-28 10:41:30.075   618   662 I AmazonProfileService: Event is not filtered because it is not in filter key list.
12-28 10:41:30.835   618   662 I AmazonProfileService: Event is not filtered because it is not in filter key list.
12-28 10:41:31.051   618   662 I AmazonProfileService: Event is not filtered because it is not in filter key list.
12-28 10:41:32.028   618   662 I AmazonProfileService: Event is not filtered because it is not in filter key list.
12-28 10:41:32.291   618   662 I AmazonProfileService: Event is not filtered because it is not in filter key list.
12-28 10:41:33.371   618   662 I AmazonProfileService: Event is not filtered because it is not in filter key list.
12-28 10:41:33.511   618   662 I AmazonProfileService: Event is not filtered because it is not in filter key list.
12-28 10:41:34.655   618   662 I AmazonProfileService: Event is not filtered because it is not in filter key list.
12-28 10:41:34.796   618   662 I AmazonProfileService: Event is not filtered because it is not in filter key list.
12-28 10:41:35.236   618   662 I AmazonProfileService: Event is not filtered because it is not in filter key list.
12-28 10:41:35.411   618   662 I AmazonProfileService: Event is not filtered because it is not in filter key list.
12-28 10:41:35.911   618   662 I AmazonProfileService: Event is not filtered because it is not in filter key list.
12-28 10:41:36.031   618   662 I AmazonProfileService: Event is not filtered because it is not in filter key list.
12-28 10:41:36.111   618   662 I AmazonProfileService: Event is not filtered because it is not in filter key list.
12-28 10:41:36.155   792   792 E PerfBoostIMSCallback: Requires com.amazon.permission.USE_PERFBOOST permission
12-28 10:41:36.295   618   662 I AmazonProfileService: Event is not filtered because it is not in filter key list.
12-28 10:41:36.555   618   662 I AmazonProfileService: Event is not filtered because it is not in filter key list.
12-28 10:41:36.712   618   662 I AmazonProfileService: Event is not filtered because it is not in filter key list.
12-28 10:41:38.436   618   662 I AmazonProfileService: Event not filtered. KPM proceeds the key
12-28 10:41:38.592   618   662 I AmazonProfileService: Event not filtered. KPM proceeds the key
12-28 10:41:39.651   618   662 I AmazonProfileService: Event is not filtered because it is not in filter key list.
12-28 10:41:39.795   618   662 I AmazonProfileService: Event is not filtered because it is not in filter key list.
12-28 10:41:40.456   618   662 I AmazonProfileService: Event is not filtered because it is not in filter key list.
12-28 10:41:40.631   618   662 I AmazonProfileService: Event is not filtered because it is not in filter key list.
12-28 10:41:41.151   618   662 I AmazonProfileService: Event is not filtered because it is not in filter key list.
12-28 10:41:41.276   618   662 I AmazonProfileService: Event is not filtered because it is not in filter key list.
12-28 10:41:41.656   618   662 I AmazonProfileService: Event is not filtered because it is not in filter key list.
12-28 10:41:41.832   618   662 I AmazonProfileService: Event is not filtered because it is not in filter key list.
12-28 10:41:42.015   618   662 I AmazonProfileService: Event is not filtered because it is not in filter key list.
12-28 10:41:42.171   618   662 I AmazonProfileService: Event is not filtered because it is not in filter key list.
12-28 10:41:42.256   618   662 I AmazonProfileService: Event is not filtered because it is not in filter key list.
12-28 10:41:42.288   792   792 E PerfBoostIMSCallback: Requires com.amazon.permission.USE_PERFBOOST permission
12-28 10:41:42.395   618   662 I AmazonProfileService: Event is not filtered because it is not in filter key list.
12-28 10:41:42.496   618   662 I AmazonProfileService: Event is not filtered because it is not in filter key list.
12-28 10:41:42.636   618   662 I AmazonProfileService: Event is not filtered because it is not in filter key list.
12-28 10:41:43.925   618   662 I AmazonProfileService: Event not filtered. KPM proceeds the key
12-28 10:41:44.076   618   662 I AmazonProfileService: Event not filtered. KPM proceeds the key
12-28 10:41:44.732   618   662 I AmazonProfileService: Event is not filtered because it is not in filter key list.
12-28 10:41:44.771   792   792 E PerfBoostIMSCallback: Requires com.amazon.permission.USE_PERFBOOST permission
12-28 10:41:44.892   618   662 I AmazonProfileService: Event is not filtered because it is not in filter key list.
12-28 10:41:45.791   618   662 I AmazonProfileService: Event not filtered. KPM proceeds the key
12-28 10:41:45.936   618   662 I AmazonProfileService: Event not filtered. KPM proceeds the key
12-28 10:41:46.456   618   662 I AmazonProfileService: Event is not filtered because it is not in filter key list.
12-28 10:41:46.612   618   662 I AmazonProfileService: Event is not filtered because it is not in filter key list.
12-28 10:41:47.236   618   662 I AmazonProfileService: Event is not filtered because it is not in filter key list.
12-28 10:41:47.276   792   792 E PerfBoostIMSCallback: Requires com.amazon.permission.USE_PERFBOOST permission
12-28 10:41:47.411   618   662 I AmazonProfileService: Event is not filtered because it is not in filter key list.
12-28 10:41:48.076   618   662 I AmazonProfileService: Event is not filtered because it is not in filter key list.
12-28 10:41:48.237   618   662 I AmazonProfileService: Event is not filtered because it is not in filter key list.
12-28 10:41:48.832   618   662 I AmazonProfileService: Event not filtered. KPM proceeds the key
12-28 10:41:48.924   618   662 I AmazonProfileService: Event not filtered. KPM proceeds the key
12-28 10:41:49.256   618   662 I AmazonProfileService: Event is not filtered because it is not in filter key list.
12-28 10:41:49.353   792   792 E PerfBoostIMSCallback: Requires com.amazon.permission.USE_PERFBOOST permission
12-28 10:41:49.364   618   662 I AmazonProfileService: Event is not filtered because it is not in filter key list.
12-28 10:41:49.456   618   662 I AmazonProfileService: Event is not filtered because it is not in filter key list.
12-28 10:41:49.573   618   662 I AmazonProfileService: Event is not filtered because it is not in filter key list.
12-28 10:41:50.357   618   662 I AmazonProfileService: Event not filtered. KPM proceeds the key
12-28 10:41:50.532   618   662 I AmazonProfileService: Event not filtered. KPM proceeds the key
12-28 10:41:50.892   618   662 I AmazonProfileService: Event is not filtered because it is not in filter key list.
12-28 10:41:50.908   618   631 I ActivityManager: Start proc 9759:com.amazon.diode/u0a90 for broadcast com.amazon.diode/.events.ExternalEventReceiver
12-28 10:41:50.976   792   792 E PerfBoostIMSCallback: Requires com.amazon.permission.USE_PERFBOOST permission
12-28 10:41:51.036   618   662 I AmazonProfileService: Event is not filtered because it is not in filter key list.
12-28 10:41:51.508   618  1324 I ActivityManager: Killing 9272:com.android.keychain/1000 (adj 903): empty #17
12-28 10:41:51.932   618   662 I AmazonProfileService: Event not filtered. KPM proceeds the key
12-28 10:41:52.092   618   662 I AmazonProfileService: Event not filtered. KPM proceeds the key
12-28 10:42:02.873   618   662 I AmazonProfileService: Event is not filtered because it is not in filter key list.
12-28 10:42:02.915   792   792 E PerfBoostIMSCallback: Requires com.amazon.permission.USE_PERFBOOST permission
12-28 10:42:03.717   618   662 I AmazonProfileService: Event is not filtered because it is not in filter key list.
12-28 10:42:04.113   618   662 I AmazonProfileService: Event not filtered. KPM proceeds the key
12-28 10:42:04.257   618   662 I AmazonProfileService: Event not filtered. KPM proceeds the key
12-28 10:42:04.613   618   662 I AmazonProfileService: Event is not filtered because it is not in filter key list.
12-28 10:42:04.843   618   662 I AmazonProfileService: Event is not filtered because it is not in filter key list.
12-28 10:42:05.893   618   662 I AmazonProfileService: Event is not filtered because it is not in filter key list.
12-28 10:42:06.097   618   662 I AmazonProfileService: Event is not filtered because it is not in filter key list.
12-28 10:42:06.177   618   662 I AmazonProfileService: Event is not filtered because it is not in filter key list.
12-28 10:42:06.377   618   662 I AmazonProfileService: Event is not filtered because it is not in filter key list.
12-28 10:42:06.498   618   662 I AmazonProfileService: Event is not filtered because it is not in filter key list.
12-28 10:42:06.677   618   662 I AmazonProfileService: Event is not filtered because it is not in filter key list.
12-28 10:42:07.043   618   662 I AmazonProfileService: Event is not filtered because it is not in filter key list.
12-28 10:42:07.085   792   792 E PerfBoostIMSCallback: Requires com.amazon.permission.USE_PERFBOOST permission
12-28 10:42:07.194   618   662 I AmazonProfileService: Event is not filtered because it is not in filter key list.
12-28 10:42:08.297   618   662 I AmazonProfileService: Event not filtered. KPM proceeds the key
12-28 10:42:08.449   618   662 I AmazonProfileService: Event not filtered. KPM proceeds the key
12-28 10:42:09.855   618   618 I ActivityManager: Start proc 9821:com.amazon.avod/u0a73 for service com.amazon.avod/androidx.work.impl.background.systemjob.SystemJobService
12-28 10:42:10.437  9821  9852 I FrameworkJumpTable: Successfully loaded all classes
12-28 10:42:10.450  9821  9852 I FrameworkJumpTable: Successfully loaded all methods
12-28 10:42:10.452  9821  9852 I FrameworkJumpTable: Successfully loaded all fields
12-28 10:42:10.452  9821  9852 I FrameworkJumpTable: Successfully loaded all constructors
12-28 10:42:10.701  9821  9821 I AmazonHdmiServiceManager: AmazonHdmiServiceManager created
12-28 10:42:10.705   618  5676 I ActivityManager: Killing 9322:com.amazon.alexa.datastore.app/u0a64 (adj 903): empty #17
12-28 10:42:16.198   618   662 I AmazonProfileService: Event not filtered. KPM proceeds the key
12-28 10:42:16.357   618   662 I AmazonProfileService: Event not filtered. KPM proceeds the key
12-28 10:42:16.400   618   638 I AmazonProfileService: Sending broadcast as the package is a non-enabled app
12-28 10:42:16.435   618   716 W AmazonProfileService: Active profile for the package xxx not present for customer Id xxx
12-28 10:42:16.462   618  5676 I AmazonProfileService: Event is not filtered because it is not in filter key list.
12-28 10:42:16.617   618 11165 I ActivityManager: Killing 9342:com.amazon.cloud9/u0a79 (adj 903): empty #17
12-28 10:42:16.681   618  1188 W InputMethodManagerService: Starting input on non-focused client com.android.internal.view.IInputMethodClient$Stub$Proxy@8366364 (uid=10245 pid=9589)
12-28 10:42:19.922   618   778 E TaskPersister: File error accessing recents directory (directory doesn't exist?).
12-28 10:43:08.879   618  1188 I ActivityManager: Killing 9380:com.android.documentsui/u0a23 (adj 903): empty #17
12-28 10:43:14.302   618   635 I AmazonDropBoxManagerService: Either there is noLog.crash files or all files are corrupted
12-28 10:44:55.524   618   618 I ActivityManager: Start proc 10290:com.amazon.tv.csapp/u0a135 for service com.amazon.tv.csapp/.services.RCMPeriodicSyncService
12-28 10:44:56.876   618  5676 I ActivityManager: Killing 9400:system/u0a50 (adj 903): empty #17
12-28 10:47:57.338   618  1188 I ActivityManager: Start proc 10574:com.amazon.ceviche/u0a78 for content provider com.amazon.ceviche/.TrackEventsContentProvider
12-28 10:47:57.505   618  1188 I AmazonProfileService: Registering callback
12-28 10:47:57.540 10574 10597 I FrameworkJumpTable: Successfully loaded all classes
12-28 10:47:57.559 10574 10597 I FrameworkJumpTable: Successfully loaded all methods
12-28 10:47:57.562 10574 10597 I FrameworkJumpTable: Successfully loaded all fields
12-28 10:47:57.562 10574 10597 I FrameworkJumpTable: Successfully loaded all constructors
12-28 10:49:00.005   618   618 I ActivityManager: Killing 9426:com.amazon.storage.manager/u0a198 (adj 903): empty #17
12-28 10:49:56.318   618  1099 I PropertyCollector@22749632846: Start init service read_diskstat
12-28 10:49:56.322   618  1099 I PropertyCollector@22749632846: Poll init service read_diskstat
12-28 10:49:56.625   618  1099 I PropertyCollector@22749515846: Start init service amzn_mmc_utils
12-28 10:49:56.625   618  1099 I PropertyCollector@22749515846: Poll init service amzn_mmc_utils
12-28 10:49:56.688   618  1099 I PropertyCollector@22749570308: Start init service read_lifetime
12-28 10:49:56.689   618  1099 I PropertyCollector@22749570308: Poll init service read_lifetime
12-28 10:49:56.690   618  1099 I PropertyCollector@22749206846: Start init service read_lifetime
12-28 10:49:56.691   618  1099 I PropertyCollector@22749206846: Poll init service read_lifetime
12-28 10:50:34.449   618   635 I AmazonDropBoxManagerService: Either there is noLog.crash files or all files are corrupted
12-28 10:51:26.894   618   631 I ActivityManager: Start proc 10918:com.amazon.securitysyncclient/u0a120 for broadcast com.amazon.securitysyncclient/com.amazon.remoteconfig.ConfigurationSyncReceiver
12-28 10:51:28.260   618 11165 I ActivityManager: Killing 9505:com.amazon.sync.service/u0a165 (adj 903): empty #17
12-28 10:51:50.459   618   635 I AmazonDropBoxManagerService: Either there is noLog.crash files or all files are corrupted
12-28 10:54:57.117   618   630 I UsageStatsService: User[0] Flushing usage stats to disk
12-28 10:57:54.498   618   635 I AmazonDropBoxManagerService: Either there is noLog.crash files or all files are corrupted
12-28 11:00:11.669   618   648 W PackageManager: Package com.example.clickflix desires unavailable shared library androidx.window.extensions; ignoring!
12-28 11:00:11.669   618   648 W PackageManager: Package com.example.clickflix desires unavailable shared library androidx.window.sidecar; ignoring!
12-28 11:00:12.796   618   631 I ActivityManager: Force stopping com.example.clickflix appid=10245 user=-1: installPackageLI
12-28 11:00:12.796   618   631 I ActivityManager: Killing 9589:com.example.clickflix/u0a245 (adj 900): stop com.example.clickflix
12-28 11:00:12.941   618   648 I PackageManager: Package com.example.clickflix codePath changed from /data/app/com.example.clickflix-1 to /data/app/com.example.clickflix-2; Retaining data and using new
12-28 11:00:12.942   618   648 W PackageManager: Package com.example.clickflix desires unavailable shared library androidx.window.extensions; ignoring!
12-28 11:00:12.942   618   648 W PackageManager: Package com.example.clickflix desires unavailable shared library androidx.window.sidecar; ignoring!
12-28 11:00:12.942   618   648 W PackageManager: Code path for com.example.clickflix changing from /data/app/com.example.clickflix-1 to /data/app/com.example.clickflix-2
12-28 11:00:12.942   618   648 W PackageManager: Resource path for com.example.clickflix changing from /data/app/com.example.clickflix-1 to /data/app/com.example.clickflix-2
12-28 11:00:13.506   618   648 W CleanUpDalvikCache: null object found, returning
12-28 11:00:13.506   618   648 I NeoPkgMgrCallback: Sending Neo Delegate package changed intent
12-28 11:00:13.507   618   648 I AmznPkgMgrCallback: Deferring resource clean-up
12-28 11:00:13.512   618   648 I com.android.server.pm.ExternalInstallPackageManagerCallback: Installation succeeded for app com.example.clickflix on internal storage. Return code:1
12-28 11:00:13.514   618   648 I ActivityManager: Force stopping com.example.clickflix appid=10245 user=0: pkg removed
12-28 11:00:13.551   618   618 W ContextImpl: Calling a method in the system process without a qualified user: android.app.ContextImpl.sendBroadcast:921 com.amazon.android.service.pm.AmazonPackageManagerService$PackageInstalledOrRemovedReceiver.onReceive:109 android.app.LoadedApk$ReceiverDispatcher$Args.run:1158 android.os.Handler.handleCallback:751 android.os.Handler.dispatchMessage:95 
12-28 11:00:13.709   618   618 W ContextImpl: Calling a method in the system process without a qualified user: android.app.ContextImpl.sendBroadcast:921 com.amazon.android.service.pm.AmazonPackageManagerService$PackageInstalledOrRemovedReceiver.onReceive:103 android.app.LoadedApk$ReceiverDispatcher$Args.run:1158 android.os.Handler.handleCallback:751 android.os.Handler.dispatchMessage:95 
12-28 11:00:14.191   618  5676 I ActivityManager: Start proc 11640:com.android.keychain/1000 for broadcast com.android.keychain/.KeyChainBroadcastReceiver
12-28 11:00:14.222   618   630 E TvInputManagerService: failed to load TV input org.videolan.vlc.PreviewVideoInputService
12-28 11:00:14.222   618   630 E TvInputManagerService: java.lang.IllegalStateException: Setup activity not found for org.videolan.vlc.PreviewVideoInputService
12-28 11:00:14.222   618   630 E TvInputManagerService: 	at android.media.tv.TvInputInfo$Builder.parseServiceMetadata(TvInputInfo.java:956)
12-28 11:00:14.222   618   630 E TvInputManagerService: 	at android.media.tv.TvInputInfo$Builder.build(TvInputInfo.java:901)
12-28 11:00:14.222   618   630 E TvInputManagerService: 	at com.android.server.tv.TvInputManagerService.buildTvInputListLocked(TvInputManagerService.java:345)
12-28 11:00:14.222   618   630 E TvInputManagerService: 	at com.android.server.tv.TvInputManagerService.-wrap10(TvInputManagerService.java)
12-28 11:00:14.222   618   630 E TvInputManagerService: 	at com.android.server.tv.TvInputManagerService$1.buildTvInputList(TvInputManagerService.java:190)
12-28 11:00:14.222   618   630 E TvInputManagerService: 	at com.android.server.tv.TvInputManagerService$1.onPackageUpdateFinished(TvInputManagerService.java:201)
12-28 11:00:14.222   618   630 E TvInputManagerService: 	at com.android.internal.content.PackageMonitor.onReceive(PackageMonitor.java:319)
12-28 11:00:14.222   618   630 E TvInputManagerService: 	at android.app.LoadedApk$ReceiverDispatcher$Args.run(LoadedApk.java:1158)
12-28 11:00:14.222   618   630 E TvInputManagerService: 	at android.os.Handler.handleCallback(Handler.java:751)
12-28 11:00:14.222   618   630 E TvInputManagerService: 	at android.os.Handler.dispatchMessage(Handler.java:95)
12-28 11:00:14.222   618   630 E TvInputManagerService: 	at android.os.Looper.loop(Looper.java:154)
12-28 11:00:14.222   618   630 E TvInputManagerService: 	at android.os.HandlerThread.run(HandlerThread.java:61)
12-28 11:00:14.228   618   630 W VoiceInteractionManagerService: no available voice recognition services found for user 0
12-28 11:00:14.293 11640 11640 W ContextImpl: Calling a method in the system process without a qualified user: android.app.ContextImpl.startService:1386 android.content.ContextWrapper.startService:613 android.content.ContextWrapper.startService:613 com.android.keychain.KeyChainBroadcastReceiver.onReceive:12 android.app.ActivityThread.handleReceiver:3068 
12-28 11:00:14.355   618   856 I ActivityManager: Start proc 11657:com.amazon.sync.service/u0a165 for broadcast com.amazon.sync.service/com.amazon.sync.framework.receivers.ApplicationChangedReceiver
12-28 11:00:15.020   618  5676 I ActivityManager: Start proc 11691:com.amazon.platform.fdrw/1000 for broadcast com.amazon.platform.fdrw/.PackageWhitelistingHandler
12-28 11:00:15.464   618 11852 I ActivityManager: Start proc 11714:com.android.providers.downloads/u0a28 for broadcast com.android.providers.downloads/.DownloadReceiver
12-28 11:00:16.957   618   631 W BroadcastQueue: Permission Denial: receiving Intent { act=com.amazon.venezia.action.APPS_LIBRARY_ORDER_UPDATED flg=0x10 } to com.amazon.storm.lightning.services/.broadcastreceivers.AppUpdateReceiver requires com.amazon.mas.client.GLOBAL_BROADCAST_com.amazon.venezia due to sender com.amazon.venezia (uid 10155)
12-28 11:00:25.005   618  8740 I ActivityManager: Killing 8528:com.amazon.prism.android.service:remote/u0a118 (adj 903): empty #17
12-28 11:00:25.652   618 11757 I AmazonDropBoxManagerService: Either there is noLog.crash files or all files are corrupted
12-28 11:00:28.575   618   631 I ActivityManager: Waited long enough for: ServiceRecord{af9a6e0 u0 com.amazon.venezia/com.amazon.mas.client.locker.service.appmgr.AppManagerService}
12-28 11:00:28.827   618   631 I ActivityManager: Waited long enough for: ServiceRecord{a464127 u0 com.amazon.storm.lightning.services/.LightningWPServer}
12-28 11:00:39.171   618  8740 I ActivityManager: START u0 {flg=0x10000000 cmp=com.cliqueatenda.clickechannel/.MainActivity} from uid 2000 on display 0
12-28 11:00:54.763   618  8740 I ActivityManager: Killing 7935:com.android.providers.tv/u0a50 (adj 903): empty #17
12-28 11:01:14.583   618  8740 I ActivityManager: START u0 {flg=0x10000000 cmp=com.example.clickflix/.MainActivity} from uid 2000 on display 0
12-28 11:01:14.584   618  8740 I AmazonProfileService: shouldAbortActivityStart() Package: xxx activity: xxx
12-28 11:01:14.585   618  8740 I AmazonProfileService: APS_V2 enabled in Arcus and mIsChildPINEnabled : false
12-28 11:01:14.585   618  8740 I AmazonProfileService: APS_V2 enabled in Arcus and mIsChildPINEnabled : false
12-28 11:01:14.585   618  8740 I AmazonProfileService: shouldAbortActivityStart() not aborted
12-28 11:01:14.636   618  1087 I ActivityManager: Start proc 11913:com.example.clickflix/u0a245 for activity com.example.clickflix/.MainActivity
12-28 11:01:14.703   618   638 I AmazonProfileService: Sending broadcast as the package is a non-enabled app
12-28 11:01:14.744   618   716 W AmazonProfileService: Active profile for the package xxx not present for customer Id xxx
12-28 11:01:14.795 11913 11913 I FrameworkJumpTable: Successfully loaded all classes
12-28 11:01:14.816 11913 11913 I FrameworkJumpTable: Successfully loaded all methods
12-28 11:01:14.819 11913 11913 I FrameworkJumpTable: Successfully loaded all fields
12-28 11:01:14.819 11913 11913 I FrameworkJumpTable: Successfully loaded all constructors
12-28 11:01:14.867   618  1012 I ActivityManager: Killing 9821:com.amazon.avod/u0a73 (adj 903): empty #17
12-28 11:01:14.972   618   628 E AmazonHdmiService: Settings client binder died.
12-28 11:01:15.100   618 12039 E WindowManager: App trying to use insecure INPUT_FEATURE_NO_INPUT_CHANNEL flag. Ignoring
12-28 11:01:15.102   618 12039 I AmazonProfileService: Event is not filtered because it is not in filter key list.
12-28 11:01:15.139   618  8740 E WindowManager: App trying to use insecure INPUT_FEATURE_NO_INPUT_CHANNEL flag. Ignoring
12-28 11:01:18.100   618   778 E TaskPersister: File error accessing recents directory (directory doesn't exist?).
12-28 11:01:28.843   618   662 I AmazonProfileService: Event is not filtered because it is not in filter key list.
12-28 11:01:29.025   618   662 I AmazonProfileService: Event is not filtered because it is not in filter key list.
12-28 11:01:30.306   618   662 I AmazonProfileService: Event is not filtered because it is not in filter key list.
12-28 11:01:30.467   618   662 I AmazonProfileService: Event is not filtered because it is not in filter key list.
12-28 11:01:31.701   618   662 I AmazonProfileService: Event is not filtered because it is not in filter key list.
12-28 11:01:31.846   618   662 I AmazonProfileService: Event is not filtered because it is not in filter key list.
12-28 11:01:32.721   618   662 I AmazonProfileService: Event is not filtered because it is not in filter key list.
12-28 11:01:32.921   618   662 I AmazonProfileService: Event is not filtered because it is not in filter key list.
12-28 11:01:34.622   618   662 I AmazonProfileService: Event is not filtered because it is not in filter key list.
12-28 11:01:34.982   618   662 I AmazonProfileService: Event is not filtered because it is not in filter key list.
12-28 11:01:35.827   618   662 I AmazonProfileService: Event is not filtered because it is not in filter key list.
12-28 11:01:35.996   618   662 I AmazonProfileService: Event is not filtered because it is not in filter key list.
12-28 11:01:36.402   618   662 I AmazonProfileService: Event is not filtered because it is not in filter key list.
12-28 11:01:36.561   618   662 I AmazonProfileService: Event is not filtered because it is not in filter key list.
12-28 11:01:37.126   618   662 I AmazonProfileService: Event is not filtered because it is not in filter key list.
12-28 11:01:37.301   618   662 I AmazonProfileService: Event is not filtered because it is not in filter key list.
12-28 11:01:37.962   618   662 I AmazonProfileService: Event is not filtered because it is not in filter key list.
12-28 11:01:38.107   618   662 I AmazonProfileService: Event is not filtered because it is not in filter key list.
12-28 11:01:38.746   618   662 I AmazonProfileService: Event is not filtered because it is not in filter key list.
12-28 11:01:38.908   618   662 I AmazonProfileService: Event is not filtered because it is not in filter key list.
12-28 11:01:41.702   618   662 I AmazonProfileService: Event is not filtered because it is not in filter key list.
12-28 11:01:41.862   618   662 I AmazonProfileService: Event is not filtered because it is not in filter key list.
12-28 11:01:41.926   618   662 I AmazonProfileService: Event is not filtered because it is not in filter key list.
12-28 11:01:42.082   618   662 I AmazonProfileService: Event is not filtered because it is not in filter key list.
12-28 11:01:42.126   618   662 I AmazonProfileService: Event is not filtered because it is not in filter key list.
12-28 11:01:42.242   618   662 I AmazonProfileService: Event is not filtered because it is not in filter key list.
12-28 11:01:42.322   618   662 I AmazonProfileService: Event is not filtered because it is not in filter key list.
12-28 11:01:42.406   618   662 I AmazonProfileService: Event is not filtered because it is not in filter key list.
12-28 11:01:43.047   618   662 I AmazonProfileService: Event is not filtered because it is not in filter key list.
12-28 11:01:43.262   618   662 I AmazonProfileService: Event is not filtered because it is not in filter key list.
12-28 11:01:43.542   618   662 I AmazonProfileService: Event is not filtered because it is not in filter key list.
12-28 11:01:43.686   618   662 I AmazonProfileService: Event is not filtered because it is not in filter key list.
12-28 11:01:44.127   618   662 I AmazonProfileService: Event is not filtered because it is not in filter key list.
12-28 11:01:44.302   618   662 I AmazonProfileService: Event is not filtered because it is not in filter key list.
12-28 11:01:44.507   618   662 I AmazonProfileService: Event is not filtered because it is not in filter key list.
12-28 11:01:44.682   618   662 I AmazonProfileService: Event is not filtered because it is not in filter key list.
12-28 11:01:44.968   618   662 I AmazonProfileService: Event is not filtered because it is not in filter key list.
12-28 11:01:45.126   618   662 I AmazonProfileService: Event is not filtered because it is not in filter key list.
12-28 11:01:45.307   618   662 I AmazonProfileService: Event is not filtered because it is not in filter key list.
12-28 11:01:45.446   618   662 I AmazonProfileService: Event is not filtered because it is not in filter key list.
12-28 11:01:45.682   618   662 I AmazonProfileService: Event is not filtered because it is not in filter key list.
12-28 11:01:45.822   618   662 I AmazonProfileService: Event is not filtered because it is not in filter key list.
12-28 11:01:45.902   618   662 I AmazonProfileService: Event is not filtered because it is not in filter key list.
12-28 11:01:45.986   618   662 I AmazonProfileService: Event is not filtered because it is not in filter key list.
12-28 11:01:46.202   618   662 I AmazonProfileService: Event is not filtered because it is not in filter key list.
12-28 11:01:46.326   618   662 I AmazonProfileService: Event is not filtered because it is not in filter key list.
12-28 11:01:47.662   618   662 I AmazonProfileService: Event is not filtered because it is not in filter key list.
12-28 11:01:47.790   618   662 I AmazonProfileService: Event is not filtered because it is not in filter key list.
12-28 11:01:48.342   618   662 I AmazonProfileService: Event is not filtered because it is not in filter key list.
12-28 11:01:48.487   618   662 I AmazonProfileService: Event is not filtered because it is not in filter key list.
12-28 11:01:48.602   618   662 I AmazonProfileService: Event is not filtered because it is not in filter key list.
12-28 11:01:48.726   618   662 I AmazonProfileService: Event is not filtered because it is not in filter key list.
12-28 11:01:48.867   618   662 I AmazonProfileService: Event is not filtered because it is not in filter key list.
12-28 11:01:49.006   618   662 I AmazonProfileService: Event is not filtered because it is not in filter key list.
12-28 11:01:49.082   618   662 I AmazonProfileService: Event is not filtered because it is not in filter key list.
12-28 11:01:49.242   618   662 I AmazonProfileService: Event is not filtered because it is not in filter key list.
12-28 11:01:49.298   618   662 I AmazonProfileService: Event is not filtered because it is not in filter key list.
12-28 11:01:49.442   618   662 I AmazonProfileService: Event is not filtered because it is not in filter key list.
12-28 11:01:49.527   618   662 I AmazonProfileService: Event is not filtered because it is not in filter key list.
12-28 11:01:49.686   618   662 I AmazonProfileService: Event is not filtered because it is not in filter key list.
12-28 11:01:49.747   618   662 I AmazonProfileService: Event is not filtered because it is not in filter key list.
12-28 11:01:49.906   618   662 I AmazonProfileService: Event is not filtered because it is not in filter key list.
12-28 11:01:50.002   618   662 I AmazonProfileService: Event is not filtered because it is not in filter key list.
12-28 11:01:50.197   618   662 I AmazonProfileService: Event is not filtered because it is not in filter key list.
12-28 11:01:50.407   618   662 I AmazonProfileService: Event is not filtered because it is not in filter key list.
12-28 11:01:50.562   618   662 I AmazonProfileService: Event is not filtered because it is not in filter key list.
12-28 11:01:50.683   618   662 I AmazonProfileService: Event is not filtered because it is not in filter key list.
12-28 11:01:50.826   618   662 I AmazonProfileService: Event is not filtered because it is not in filter key list.
12-28 11:01:51.326   618   662 I AmazonProfileService: Event is not filtered because it is not in filter key list.
12-28 11:01:51.487   618   662 I AmazonProfileService: Event is not filtered because it is not in filter key list.
12-28 11:01:51.567   618   662 I AmazonProfileService: Event is not filtered because it is not in filter key list.
12-28 11:01:51.726   618   662 I AmazonProfileService: Event is not filtered because it is not in filter key list.
12-28 11:01:51.805   618   662 I AmazonProfileService: Event is not filtered because it is not in filter key list.
12-28 11:01:51.947   618   662 I AmazonProfileService: Event is not filtered because it is not in filter key list.
12-28 11:01:51.996   618   662 I AmazonProfileService: Event is not filtered because it is not in filter key list.
12-28 11:01:52.162   618   662 I AmazonProfileService: Event is not filtered because it is not in filter key list.
12-28 11:01:52.863   618   662 I AmazonProfileService: Event is not filtered because it is not in filter key list.
12-28 11:01:52.916   618   631 I ProcessStatsService: Prepared write state in 30ms
12-28 11:01:53.012   618   630 I ProcessStatsService: Pruning old procstats: /data/system/procstats/state-2025-12-27-07-51-12.bin
12-28 11:01:53.062   618   662 I AmazonProfileService: Event is not filtered because it is not in filter key list.
12-28 11:01:53.527   618   662 I AmazonProfileService: Event is not filtered because it is not in filter key list.
12-28 11:01:53.728   618   662 I AmazonProfileService: Event is not filtered because it is not in filter key list.
12-28 11:01:54.447   618   662 I AmazonProfileService: Event is not filtered because it is not in filter key list.
12-28 11:01:54.647   618   662 I AmazonProfileService: Event is not filtered because it is not in filter key list.
12-28 11:01:55.248   618   662 I AmazonProfileService: Event is not filtered because it is not in filter key list.
12-28 11:01:55.447   618   662 I AmazonProfileService: Event is not filtered because it is not in filter key list.
12-28 11:01:55.987   618   662 I AmazonProfileService: Event is not filtered because it is not in filter key list.
12-28 11:01:56.128   618   662 I AmazonProfileService: Event is not filtered because it is not in filter key list.
12-28 11:01:56.827   618   662 I AmazonProfileService: Event is not filtered because it is not in filter key list.
12-28 11:01:57.042   618   662 I AmazonProfileService: Event is not filtered because it is not in filter key list.
12-28 11:01:57.723   618   662 I AmazonProfileService: Event is not filtered because it is not in filter key list.
12-28 11:01:57.922   618   662 I AmazonProfileService: Event is not filtered because it is not in filter key list.
12-28 11:01:58.227   618   662 I AmazonProfileService: Event is not filtered because it is not in filter key list.
12-28 11:01:58.487   618   662 I AmazonProfileService: Event is not filtered because it is not in filter key list.
12-28 11:01:58.639   618   662 I AmazonProfileService: Event is not filtered because it is not in filter key list.
12-28 11:01:58.782   618   662 I AmazonProfileService: Event is not filtered because it is not in filter key list.
12-28 11:01:58.886   618   662 I AmazonProfileService: Event is not filtered because it is not in filter key list.
12-28 11:01:59.063   618   662 I AmazonProfileService: Event is not filtered because it is not in filter key list.
12-28 11:01:59.239   618   662 I AmazonProfileService: Event is not filtered because it is not in filter key list.
12-28 11:01:59.443   618   662 I AmazonProfileService: Event is not filtered because it is not in filter key list.
12-28 11:01:59.943   618   662 I AmazonProfileService: Event is not filtered because it is not in filter key list.
12-28 11:02:00.087   618   662 I AmazonProfileService: Event is not filtered because it is not in filter key list.
12-28 11:02:00.147   618   662 I AmazonProfileService: Event is not filtered because it is not in filter key list.
12-28 11:02:00.263   618   662 I AmazonProfileService: Event is not filtered because it is not in filter key list.
12-28 11:02:00.507   618   662 I AmazonProfileService: Event is not filtered because it is not in filter key list.
12-28 11:02:00.622   618   662 I AmazonProfileService: Event is not filtered because it is not in filter key list.
12-28 11:02:01.267   618   662 I AmazonProfileService: Event is not filtered because it is not in filter key list.
12-28 11:02:01.442   618   662 I AmazonProfileService: Event is not filtered because it is not in filter key list.
12-28 11:02:02.083   618   662 I AmazonProfileService: Event is not filtered because it is not in filter key list.
12-28 11:02:02.227   618   662 I AmazonProfileService: Event is not filtered because it is not in filter key list.
12-28 11:02:02.302   618   662 I AmazonProfileService: Event is not filtered because it is not in filter key list.
12-28 11:02:02.402   618   662 I AmazonProfileService: Event is not filtered because it is not in filter key list.
12-28 11:02:02.668   618   662 I AmazonProfileService: Event is not filtered because it is not in filter key list.
12-28 11:02:02.748   618   662 I AmazonProfileService: Event is not filtered because it is not in filter key list.
12-28 11:02:02.867   618   662 I AmazonProfileService: Event is not filtered because it is not in filter key list.
12-28 11:02:02.968   618   662 I AmazonProfileService: Event is not filtered because it is not in filter key list.
12-28 11:02:03.028   618   662 I AmazonProfileService: Event is not filtered because it is not in filter key list.
12-28 11:02:03.128   618   662 I AmazonProfileService: Event is not filtered because it is not in filter key list.
12-28 11:02:03.523   618   662 I AmazonProfileService: Event is not filtered because it is not in filter key list.
12-28 11:02:03.682   618   662 I AmazonProfileService: Event is not filtered because it is not in filter key list.
12-28 11:02:03.723   618   662 I AmazonProfileService: Event is not filtered because it is not in filter key list.
12-28 11:02:03.807   618   662 I AmazonProfileService: Event is not filtered because it is not in filter key list.
12-28 11:02:03.888   618   662 I AmazonProfileService: Event is not filtered because it is not in filter key list.
12-28 11:02:04.002   618   662 I AmazonProfileService: Event is not filtered because it is not in filter key list.
12-28 11:02:04.046   618   662 I AmazonProfileService: Event is not filtered because it is not in filter key list.
12-28 11:02:04.147   618   662 I AmazonProfileService: Event is not filtered because it is not in filter key list.
12-28 11:02:04.203   618   662 I AmazonProfileService: Event is not filtered because it is not in filter key list.
12-28 11:02:04.302   618   662 I AmazonProfileService: Event is not filtered because it is not in filter key list.
12-28 11:02:04.543   618   662 I AmazonProfileService: Event is not filtered because it is not in filter key list.
12-28 11:02:04.667   618   662 I AmazonProfileService: Event is not filtered because it is not in filter key list.
12-28 11:02:04.988   618   662 I AmazonProfileService: Event is not filtered because it is not in filter key list.
12-28 11:02:05.187   618   662 I AmazonProfileService: Event is not filtered because it is not in filter key list.
12-28 11:02:05.387   618   662 I AmazonProfileService: Event is not filtered because it is not in filter key list.
12-28 11:02:05.587   618   662 I AmazonProfileService: Event is not filtered because it is not in filter key list.
12-28 11:02:06.188   618   662 I AmazonProfileService: Event is not filtered because it is not in filter key list.
12-28 11:02:06.328   618   662 I AmazonProfileService: Event is not filtered because it is not in filter key list.
12-28 11:02:06.368   618   662 I AmazonProfileService: Event is not filtered because it is not in filter key list.
12-28 11:02:06.467   618   662 I AmazonProfileService: Event is not filtered because it is not in filter key list.
12-28 11:02:06.563   618   662 I AmazonProfileService: Event is not filtered because it is not in filter key list.
12-28 11:02:06.663   618   662 I AmazonProfileService: Event is not filtered because it is not in filter key list.
12-28 11:02:06.687   618   662 I AmazonProfileService: Event is not filtered because it is not in filter key list.
12-28 11:02:06.807   618   662 I AmazonProfileService: Event is not filtered because it is not in filter key list.
12-28 11:02:06.902   618   662 I AmazonProfileService: Event is not filtered because it is not in filter key list.
12-28 11:02:07.487   618   662 I AmazonProfileService: Event is not filtered because it is not in filter key list.
12-28 11:02:07.687   618   662 I AmazonProfileService: Event is not filtered because it is not in filter key list.
12-28 11:02:07.863   618   662 I AmazonProfileService: Event is not filtered because it is not in filter key list.
12-28 11:02:11.119   618   618 I ActivityManager: Start proc 12025:com.amazon.avod/u0a73 for service com.amazon.avod/androidx.work.impl.background.systemjob.SystemJobService
12-28 11:02:11.650 12025 12078 I FrameworkJumpTable: Successfully loaded all classes
12-28 11:02:11.668 12025 12078 I FrameworkJumpTable: Successfully loaded all methods
12-28 11:02:11.670 12025 12078 I FrameworkJumpTable: Successfully loaded all fields
12-28 11:02:11.670 12025 12078 I FrameworkJumpTable: Successfully loaded all constructors
12-28 11:02:11.889   618 12039 I ActivityManager: Start proc 12097:com.amazon.prism.android.service:remote/u0a118 for service com.amazon.prism.android.service/.PrismService
12-28 11:02:11.909 12025 12025 I AmazonHdmiServiceManager: AmazonHdmiServiceManager created
12-28 11:02:12.430 12097 12118 I FrameworkJumpTable: Successfully loaded all classes
12-28 11:02:12.545   618  3404 I ActivityManager: Killing 10574:com.amazon.ceviche/u0a78 (adj 903): empty #17
12-28 11:02:12.546   618  3404 I ActivityManager: Killing 10918:com.amazon.securitysyncclient/u0a120 (adj 903): empty #18
12-28 11:02:12.757   618   633 E libprocessgroup: failed to kill 1 processes for processgroup 10574
12-28 11:02:12.773 12097 12118 I FrameworkJumpTable: Successfully loaded all methods
12-28 11:02:12.795 12097 12118 I FrameworkJumpTable: Successfully loaded all fields
12-28 11:02:12.795 12097 12118 I FrameworkJumpTable: Successfully loaded all constructors
12-28 11:02:14.087   618   662 I AmazonProfileService: Event is not filtered because it is not in filter key list.
12-28 11:02:14.343   618   662 I AmazonProfileService: Event is not filtered because it is not in filter key list.
12-28 11:02:17.743   618   662 I AmazonProfileService: Event is not filtered because it is not in filter key list.
12-28 11:02:17.943   618   662 I AmazonProfileService: Event is not filtered because it is not in filter key list.
12-28 11:02:18.603   618   662 I AmazonProfileService: Event is not filtered because it is not in filter key list.
12-28 11:02:18.787   618   662 I AmazonProfileService: Event is not filtered because it is not in filter key list.
12-28 11:02:19.148   618   662 I AmazonProfileService: Event is not filtered because it is not in filter key list.
12-28 11:02:19.907   618   662 I AmazonProfileService: Event is not filtered because it is not in filter key list.
12-28 11:02:22.730   618   630 E TvInputManagerService: failed to load TV input org.videolan.vlc.PreviewVideoInputService
12-28 11:02:22.730   618   630 E TvInputManagerService: java.lang.IllegalStateException: Setup activity not found for org.videolan.vlc.PreviewVideoInputService
12-28 11:02:22.730   618   630 E TvInputManagerService: 	at android.media.tv.TvInputInfo$Builder.parseServiceMetadata(TvInputInfo.java:956)
12-28 11:02:22.730   618   630 E TvInputManagerService: 	at android.media.tv.TvInputInfo$Builder.build(TvInputInfo.java:901)
12-28 11:02:22.730   618   630 E TvInputManagerService: 	at com.android.server.tv.TvInputManagerService.buildTvInputListLocked(TvInputManagerService.java:345)
12-28 11:02:22.730   618   630 E TvInputManagerService: 	at com.android.server.tv.TvInputManagerService.-wrap10(TvInputManagerService.java)
12-28 11:02:22.730   618   630 E TvInputManagerService: 	at com.android.server.tv.TvInputManagerService$1.buildTvInputList(TvInputManagerService.java:190)
12-28 11:02:22.730   618   630 E TvInputManagerService: 	at com.android.server.tv.TvInputManagerService$1.onSomePackagesChanged(TvInputManagerService.java:240)
12-28 11:02:22.730   618   630 E TvInputManagerService: 	at com.android.internal.content.PackageMonitor.onReceive(PackageMonitor.java:431)
12-28 11:02:22.730   618   630 E TvInputManagerService: 	at android.app.LoadedApk$ReceiverDispatcher$Args.run(LoadedApk.java:1158)
12-28 11:02:22.730   618   630 E TvInputManagerService: 	at android.os.Handler.handleCallback(Handler.java:751)
12-28 11:02:22.730   618   630 E TvInputManagerService: 	at android.os.Handler.dispatchMessage(Handler.java:95)
