12-28 11:02:22.730   618   630 E TvInputManagerService: 	at android.os.Looper.loop(Looper.java:154)
12-28 11:02:22.730   618   630 E TvInputManagerService: 	at android.os.HandlerThread.run(HandlerThread.java:61)
12-28 11:02:25.584   618   662 I AmazonProfileService: Event is not filtered because it is not in filter key list.
12-28 11:02:25.723   618   662 I AmazonProfileService: Event is not filtered because it is not in filter key list.
12-28 11:02:26.228   618   662 I AmazonProfileService: Event is not filtered because it is not in filter key list.
12-28 11:02:26.384   618   662 I AmazonProfileService: Event is not filtered because it is not in filter key list.
12-28 11:02:26.428   618   662 I AmazonProfileService: Event is not filtered because it is not in filter key list.
12-28 11:02:26.627   618   662 I AmazonProfileService: Event is not filtered because it is not in filter key list.
12-28 11:02:26.643   618   662 I AmazonProfileService: Event is not filtered because it is not in filter key list.
12-28 11:02:26.769   618   662 I AmazonProfileService: Event is not filtered because it is not in filter key list.
12-28 11:02:26.863   618   662 I AmazonProfileService: Event is not filtered because it is not in filter key list.
12-28 11:02:27.008   618   662 I AmazonProfileService: Event is not filtered because it is not in filter key list.
12-28 11:02:27.464   618   662 I AmazonProfileService: Event is not filtered because it is not in filter key list.
12-28 11:02:27.608   618   662 I AmazonProfileService: Event is not filtered because it is not in filter key list.
12-28 11:02:28.009   618   662 I AmazonProfileService: Event is not filtered because it is not in filter key list.
12-28 11:02:28.108   618   662 I AmazonProfileService: Event is not filtered because it is not in filter key list.
12-28 11:02:28.208   618   662 I AmazonProfileService: Event is not filtered because it is not in filter key list.
12-28 11:02:28.388   618   662 I AmazonProfileService: Event is not filtered because it is not in filter key list.
12-28 11:02:28.463   618   662 I AmazonProfileService: Event is not filtered because it is not in filter key list.
12-28 11:02:28.603   618   662 I AmazonProfileService: Event is not filtered because it is not in filter key list.
12-28 11:02:28.704   618   662 I AmazonProfileService: Event is not filtered because it is not in filter key list.
12-28 11:02:28.828   618   662 I AmazonProfileService: Event is not filtered because it is not in filter key list.
12-28 11:02:29.169   618   662 I AmazonProfileService: Event is not filtered because it is not in filter key list.
12-28 11:02:29.384   618   662 I AmazonProfileService: Event is not filtered because it is not in filter key list.
12-28 11:02:29.899   618   662 I AmazonProfileService: Event is not filtered because it is not in filter key list.
12-28 11:02:30.104   618   662 I AmazonProfileService: Event is not filtered because it is not in filter key list.
12-28 11:02:30.384   618   662 I AmazonProfileService: Event is not filtered because it is not in filter key list.
12-28 11:02:30.527   618   662 I AmazonProfileService: Event is not filtered because it is not in filter key list.
12-28 11:02:34.644   618   662 I AmazonProfileService: Event is not filtered because it is not in filter key list.
12-28 11:02:34.869   618   662 I AmazonProfileService: Event is not filtered because it is not in filter key list.
12-28 11:02:35.264   618   662 I AmazonProfileService: Event is not filtered because it is not in filter key list.
12-28 11:02:35.448   618   662 I AmazonProfileService: Event is not filtered because it is not in filter key list.
12-28 11:02:36.469   618   662 I AmazonProfileService: Event is not filtered because it is not in filter key list.
12-28 11:02:36.628   618   662 I AmazonProfileService: Event is not filtered because it is not in filter key list.
12-28 11:02:37.704   618   662 I AmazonProfileService: Event is not filtered because it is not in filter key list.
12-28 11:02:37.828   618   662 I AmazonProfileService: Event is not filtered because it is not in filter key list.
12-28 11:02:39.184   618   662 I AmazonProfileService: Event is not filtered because it is not in filter key list.
12-28 11:02:39.369   618   662 I AmazonProfileService: Event is not filtered because it is not in filter key list.
12-28 11:02:39.844   618   662 I AmazonProfileService: Event is not filtered because it is not in filter key list.
12-28 11:02:39.970   618   662 I AmazonProfileService: Event is not filtered because it is not in filter key list.
12-28 11:02:40.709   618   662 I AmazonProfileService: Event is not filtered because it is not in filter key list.
12-28 11:02:40.753   792   792 E PerfBoostIMSCallback: Requires com.amazon.permission.USE_PERFBOOST permission
12-28 11:02:40.868   618   662 I AmazonProfileService: Event is not filtered because it is not in filter key list.
12-28 11:02:55.814   618   631 I ActivityManager: Waited long enough for: ServiceRecord{9fb5dd1 u0 com.amazon.storm.lightning.services/.LightningWPServer}
12-28 11:03:16.287   618   631 I ActivityManager: Start proc 12419:com.amazon.tv.turnstile/u0a153 for broadcast com.amazon.tv.turnstile/.broadcastreceivers.ServiceToDeviceMessagingReceiver
12-28 11:03:16.503 12419 12419 I FrameworkJumpTable: Successfully loaded all classes
12-28 11:03:16.516 12419 12419 I FrameworkJumpTable: Successfully loaded all methods
12-28 11:03:16.518 12419 12419 I FrameworkJumpTable: Successfully loaded all fields
12-28 11:03:16.518 12419 12419 I FrameworkJumpTable: Successfully loaded all constructors
12-28 11:03:34.892   618   662 I AmazonProfileService: Event is not filtered because it is not in filter key list.
12-28 11:03:35.003   618   662 I AmazonProfileService: Event is not filtered because it is not in filter key list.
12-28 11:03:36.352   618   662 I AmazonProfileService: Event is not filtered because it is not in filter key list.
12-28 11:03:36.466   618   662 I AmazonProfileService: Event is not filtered because it is not in filter key list.
12-28 11:03:37.767   618   662 I AmazonProfileService: Event is not filtered because it is not in filter key list.
12-28 11:03:37.891   618   662 I AmazonProfileService: Event is not filtered because it is not in filter key list.
12-28 11:03:40.787   618   662 I AmazonProfileService: Event is not filtered because it is not in filter key list.
12-28 11:03:40.826   792   792 E PerfBoostIMSCallback: Requires com.amazon.permission.USE_PERFBOOST permission
12-28 11:03:40.931   618   662 I AmazonProfileService: Event is not filtered because it is not in filter key list.
12-28 11:03:53.452   618   662 I AmazonProfileService: Event is not filtered because it is not in filter key list.
12-28 11:03:53.552   618   662 I AmazonProfileService: Event is not filtered because it is not in filter key list.
12-28 11:04:35.234   618   634 E BatteryStatsService: no controller energy info supplied
12-28 11:04:35.257   618   634 E BatteryStatsService: no controller energy info supplied
12-28 11:04:48.317   618   635 I AmazonDropBoxManagerService: Either there is noLog.crash files or all files are corrupted
12-28 11:04:50.914   618   662 I AmazonProfileService: Event is not filtered because it is not in filter key list.
12-28 11:04:50.994   618   662 I AmazonProfileService: Event is not filtered because it is not in filter key list.
12-28 11:04:51.294   618   662 I AmazonProfileService: Event is not filtered because it is not in filter key list.
12-28 11:04:51.357   792   792 E PerfBoostIMSCallback: Requires com.amazon.permission.USE_PERFBOOST permission
12-28 11:04:51.470   618   662 I AmazonProfileService: Event is not filtered because it is not in filter key list.
12-28 11:04:51.794   618   662 I AmazonProfileService: Event is not filtered because it is not in filter key list.
12-28 11:04:52.010   618   662 I AmazonProfileService: Event is not filtered because it is not in filter key list.
12-28 11:04:52.555   618   662 I AmazonProfileService: Event not filtered. KPM proceeds the key
12-28 11:04:52.670   618   662 I AmazonProfileService: Event not filtered. KPM proceeds the key
12-28 11:04:52.981   792   792 E PerfBoostIMSCallback: Requires com.amazon.permission.USE_PERFBOOST permission
12-28 11:04:54.070   618   662 I AmazonProfileService: Event not filtered. KPM proceeds the key
12-28 11:04:54.195   618   662 I AmazonProfileService: Event not filtered. KPM proceeds the key
12-28 11:04:54.348   792   792 E PerfBoostIMSCallback: Requires com.amazon.permission.USE_PERFBOOST permission
12-28 11:04:55.230   618   662 I AmazonProfileService: Event not filtered. KPM proceeds the key
12-28 11:04:55.355   618   662 I AmazonProfileService: Event not filtered. KPM proceeds the key
12-28 11:04:55.503   792   792 E PerfBoostIMSCallback: Requires com.amazon.permission.USE_PERFBOOST permission
12-28 11:04:56.074   618   662 I AmazonProfileService: Event is not filtered because it is not in filter key list.
12-28 11:04:56.270   618   662 I AmazonProfileService: Event is not filtered because it is not in filter key list.
12-28 11:05:06.791   618   635 I AmazonDropBoxManagerService: Either there is noLog.crash files or all files are corrupted
12-28 11:05:32.076   618 22065 I ActivityManager: Process com.amazon.avod (pid 12025) has died
12-28 11:05:32.098   618 11165 E AmazonHdmiService: Settings client binder died.
12-28 11:05:32.364   618 22065 I ActivityManager: Process com.amazon.platform.fdrw (pid 11691) has died
12-28 11:05:32.372   618  1224 I ActivityManager: Process com.svox.pico (pid 9546) has died
12-28 11:05:32.385   618  1224 I ActivityManager: Process android.process.acore (pid 9293) has died
12-28 11:05:32.465   618  7380 I ActivityManager: Process com.amazon.alexa.externalmediaplayer.fireos (pid 2701) has died
12-28 11:05:32.483   618  7380 W ActivityManager: Scheduling restart of crashed service com.amazon.alexa.externalmediaplayer.fireos/com.amazon.alexa.externalmediaplayeragent.ExternalMediaPlayerAgentService in 1000ms
12-28 11:05:32.487   618  3780 I ActivityManager: Process com.android.defcontainer (pid 9134) has died
12-28 11:05:32.490   618 22065 I ActivityManager: Process com.android.providers.downloads (pid 11714) has died
12-28 11:05:32.493   618  8740 I ActivityManager: Process com.amazon.tv.csapp (pid 10290) has died
12-28 11:05:32.503   618  1322 I ActivityManager: Process com.amazon.adep (pid 9162) has died
12-28 11:05:32.547   618  7380 I ActivityManager: Process com.android.keychain (pid 11640) has died
12-28 11:05:32.550   618  3780 I ActivityManager: Process com.amazon.sync.service (pid 11657) has died
12-28 11:05:32.561   618  1236 I ActivityManager: Process com.amazon.venezia (pid 8087) has died
12-28 11:05:32.567   618  8740 I ActivityManager: Process com.amazon.kso.blackbird (pid 12002) has died
12-28 11:05:32.568   618  8740 W ActivityManager: Scheduling restart of crashed service com.amazon.kso.blackbird/.service.BlackbirdServiceImpl in 11050723200ms
12-28 11:05:40.380   618   662 I AmazonProfileService: Event is not filtered because it is not in filter key list.
12-28 11:05:40.636   618   662 I AmazonProfileService: Event is not filtered because it is not in filter key list.
12-28 11:05:41.073   618   662 I AmazonProfileService: Event is not filtered because it is not in filter key list.
12-28 11:05:41.197   618   662 I AmazonProfileService: Event is not filtered because it is not in filter key list.
12-28 11:05:42.473   618   662 I AmazonProfileService: Event is not filtered because it is not in filter key list.
12-28 11:05:42.572   618   662 I AmazonProfileService: Event is not filtered because it is not in filter key list.
12-28 11:05:43.294   618   662 I AmazonProfileService: Event is not filtered because it is not in filter key list.
12-28 11:05:43.417   618   662 I AmazonProfileService: Event is not filtered because it is not in filter key list.
12-28 11:05:44.766   618   662 I AmazonProfileService: Event is not filtered because it is not in filter key list.
12-28 11:05:44.932   618   662 I AmazonProfileService: Event is not filtered because it is not in filter key list.
12-28 11:05:45.457   618   662 I AmazonProfileService: Event is not filtered because it is not in filter key list.
12-28 11:05:45.612   618   662 I AmazonProfileService: Event is not filtered because it is not in filter key list.
12-28 11:05:45.997   618   662 I AmazonProfileService: Event is not filtered because it is not in filter key list.
12-28 11:05:46.112   618   662 I AmazonProfileService: Event is not filtered because it is not in filter key list.
12-28 11:05:48.856   618 11733 I ActivityManager: Process com.amazon.bueller.photos (pid 9639) has died
12-28 11:05:48.860   618  1323 E AmazonHdmiService: Settings client binder died.
12-28 11:05:48.860   618  3404 I WindowManager: WIN DEATH: Window{633398a u0 com.amazon.tv.settings.v2/com.amazon.tv.settings.v2.tv.device.DeviceActivity}
12-28 11:05:48.864   618  3784 I ActivityManager: Process com.amazon.tv.settings.v2 (pid 22126) has died
12-28 11:05:50.862   618   662 I AmazonProfileService: Event is not filtered because it is not in filter key list.
12-28 11:05:51.036   618   662 I AmazonProfileService: Event is not filtered because it is not in filter key list.
12-28 11:05:51.757   618   662 I AmazonProfileService: Event is not filtered because it is not in filter key list.
12-28 11:05:51.933   618   662 I AmazonProfileService: Event is not filtered because it is not in filter key list.
12-28 11:05:52.457   618   662 I AmazonProfileService: Event is not filtered because it is not in filter key list.
12-28 11:05:52.638   618   662 I AmazonProfileService: Event is not filtered because it is not in filter key list.
12-28 11:05:52.852   618   662 I AmazonProfileService: Event is not filtered because it is not in filter key list.
12-28 11:05:52.977   618   662 I AmazonProfileService: Event is not filtered because it is not in filter key list.
12-28 11:05:56.993   618   662 I AmazonProfileService: Event is not filtered because it is not in filter key list.
12-28 11:05:57.212   618   662 I AmazonProfileService: Event is not filtered because it is not in filter key list.
12-28 11:05:57.633   618   662 I AmazonProfileService: Event is not filtered because it is not in filter key list.
12-28 11:05:57.777   618   662 I AmazonProfileService: Event is not filtered because it is not in filter key list.
12-28 11:05:58.253   618   662 I AmazonProfileService: Event is not filtered because it is not in filter key list.
12-28 11:05:58.377   618   662 I AmazonProfileService: Event is not filtered because it is not in filter key list.
12-28 11:05:58.773   618   662 I AmazonProfileService: Event is not filtered because it is not in filter key list.
12-28 11:05:58.913   618   662 I AmazonProfileService: Event is not filtered because it is not in filter key list.
12-28 11:05:59.157   618   662 I AmazonProfileService: Event is not filtered because it is not in filter key list.
12-28 11:05:59.313   618   662 I AmazonProfileService: Event is not filtered because it is not in filter key list.
12-28 11:05:59.833   618   662 I AmazonProfileService: Event is not filtered because it is not in filter key list.
12-28 11:05:59.918   618   662 I AmazonProfileService: Event is not filtered because it is not in filter key list.
12-28 11:06:00.453   618   662 I AmazonProfileService: Event is not filtered because it is not in filter key list.
12-28 11:06:00.597   618   662 I AmazonProfileService: Event is not filtered because it is not in filter key list.
12-28 11:06:01.013   618   662 I AmazonProfileService: Event is not filtered because it is not in filter key list.
12-28 11:06:01.173   618   662 I AmazonProfileService: Event is not filtered because it is not in filter key list.
12-28 11:06:01.574   618   662 I AmazonProfileService: Event is not filtered because it is not in filter key list.
12-28 11:06:01.697   618   662 I AmazonProfileService: Event is not filtered because it is not in filter key list.
12-28 11:06:02.194   618   662 I AmazonProfileService: Event is not filtered because it is not in filter key list.
12-28 11:06:02.319   618   662 I AmazonProfileService: Event is not filtered because it is not in filter key list.
12-28 11:06:02.578   618   662 I AmazonProfileService: Event is not filtered because it is not in filter key list.
12-28 11:06:02.693   618   662 I AmazonProfileService: Event is not filtered because it is not in filter key list.
12-28 11:06:03.193   618   662 I AmazonProfileService: Event is not filtered because it is not in filter key list.
12-28 11:06:03.293   618   662 I AmazonProfileService: Event is not filtered because it is not in filter key list.
12-28 11:06:05.493   618   662 I AmazonProfileService: Event not filtered. KPM proceeds the key
12-28 11:06:05.619   618   662 I AmazonProfileService: Event not filtered. KPM proceeds the key
12-28 11:06:08.944   618  3784 I ActivityManager: Process com.amazon.prism.android.service:remote (pid 12097) has died
--------- beginning of main
12-28 11:06:08.948  1541  1541 I MediaBrowseInMemoryCacheImpl: Cache size after trim: 738
12-28 11:06:08.948  1541  1541 I BuellerApplication: Trim memory has completed
12-28 11:06:08.948  1541  1541 I MediaBrowseServiceImpl: Received notice that MediaBrowseServiceImpl is to trim memory. Trim memory level: 60
12-28 11:06:08.964  1541  2195 I ImageTrimMemoryHandler: Processing trimMemory level=60, availablePriority=2, cachedPriority=2, bytesInMemoryCache=2 MB, bytesInUse=3 MB
12-28 11:06:08.964  1541  2195 I ImagePriorityLru: Releasing 0 cached items, and 0 available items, bytesInUse=3 MB, bytesOnlyInCache=2 MB
12-28 11:06:08.965  1541  2195 I ImagePriorityLru: Releasing 0 cached items, and 0 available items, bytesInUse=3 MB, bytesOnlyInCache=2 MB
12-28 11:06:08.979 11913 11941 E IMGSRV  : :0: _AllocateDeviceMemory: Problem to allocate memory for 2D Tex 476 1024x1024 Lvls=11 (PVRSRV_ERROR_PMR_FAILED_TO_ALLOC_PAGES)
12-28 11:06:08.979 11913 11941 E IMGSRV  : :0: DevmemAllocateSparse: Failed! Error is PVRSRV_ERROR_PMR_FAILED_TO_ALLOC_PAGES. Allocation size: 0X556000
12-28 11:06:08.979 11913 11941 E IMGSRV  : :0: DevmemAllocateSparse() failed (PVRSRV_ERROR_PMR_FAILED_TO_ALLOC_PAGES) in PVRSRVAllocSparseDevMem2()
12-28 11:06:09.283 11913 11941 E IMGSRV  : :0: _AllocateDeviceMemory: Problem to allocate memory for 2D Tex 476 1024x1024 Lvls=11 (PVRSRV_ERROR_PMR_FAILED_TO_ALLOC_PAGES)
12-28 11:06:09.283 11913 11941 E IMGSRV  : :0: DevmemAllocateSparse: Failed! Error is PVRSRV_ERROR_PMR_FAILED_TO_ALLOC_PAGES. Allocation size: 0X556000
12-28 11:06:09.283 11913 11941 E IMGSRV  : :0: DevmemAllocateSparse() failed (PVRSRV_ERROR_PMR_FAILED_TO_ALLOC_PAGES) in PVRSRVAllocSparseDevMem2()
12-28 11:06:09.283 11913 11941 E IMGSRV  : :0: MakeTexStorageResident: TextureMakeResident failed
12-28 11:06:09.283 11913 11941 E IMGSRV  : :0: glTexStorage2D: MakeTexStorageResident failed
12-28 11:06:09.412 11913 11941 E IMGSRV  : :0: _AllocateDeviceMemory: Problem to allocate memory for 2D Tex 477 1024x1024 Lvls=11 (PVRSRV_ERROR_PMR_FAILED_TO_ALLOC_PAGES)
12-28 11:06:09.412 11913 11941 E IMGSRV  : :0: DevmemAllocateSparse: Failed! Error is PVRSRV_ERROR_PMR_FAILED_TO_ALLOC_PAGES. Allocation size: 0X556000
12-28 11:06:09.412 11913 11941 E IMGSRV  : :0: DevmemAllocateSparse() failed (PVRSRV_ERROR_PMR_FAILED_TO_ALLOC_PAGES) in PVRSRVAllocSparseDevMem2()
12-28 11:06:09.479 11913 11941 E IMGSRV  : :0: _AllocateDeviceMemory: Problem to allocate memory for 2D Tex 477 1024x1024 Lvls=11 (PVRSRV_ERROR_PMR_FAILED_TO_ALLOC_PAGES)
12-28 11:06:09.479 11913 11941 E IMGSRV  : :0: DevmemAllocateSparse: Failed! Error is PVRSRV_ERROR_PMR_FAILED_TO_ALLOC_PAGES. Allocation size: 0X556000
12-28 11:06:09.479 11913 11941 E IMGSRV  : :0: DevmemAllocateSparse() failed (PVRSRV_ERROR_PMR_FAILED_TO_ALLOC_PAGES) in PVRSRVAllocSparseDevMem2()
12-28 11:06:09.479 11913 11941 E IMGSRV  : :0: MakeTexStorageResident: TextureMakeResident failed
12-28 11:06:09.479 11913 11941 E IMGSRV  : :0: glTexStorage2D: MakeTexStorageResident failed
12-28 11:06:09.594 11913 11941 E IMGSRV  : :0: _AllocateDeviceMemory: Problem to allocate memory for 2D Tex 478 2048x1024 Lvls=12 (PVRSRV_ERROR_PMR_FAILED_TO_ALLOC_PAGES)
12-28 11:06:09.594 11913 11941 E IMGSRV  : :0: DevmemAllocateSparse: Failed! Error is PVRSRV_ERROR_PMR_FAILED_TO_ALLOC_PAGES. Allocation size: 0XAAB000
12-28 11:06:09.594 11913 11941 E IMGSRV  : :0: DevmemAllocateSparse() failed (PVRSRV_ERROR_PMR_FAILED_TO_ALLOC_PAGES) in PVRSRVAllocSparseDevMem2()
12-28 11:06:09.793   780  1054 W bt_btif : bta_hh_le_input_rpt_notify uuid=0x2a4d srv_handle=31 is_bl_svc_primary=1 rpt_id=1 len=8
12-28 11:06:09.795  1430  2654 I OZ-DCS:KeyPressReceiver: Received keyCode: KEYCODE_DPAD_RIGHT
12-28 11:06:09.795  1430  2654 I OZ-DCS:CallbackBaseManager_KeyPress: notify callbacks: KeyEvent { action=ACTION_DOWN, keyCode=KEYCODE_DPAD_RIGHT, scanCode=106, metaState=0, flags=0x8, repeatCount=0, eventTime=347498939, downTime=347498939, deviceId=34, source=0x301 }
12-28 11:06:09.796  1430  2654 I OZ-DCS:KeyPressReceiver: Remote button pressed. keyCode: 22, keyEvent: KeyEvent { action=ACTION_DOWN, keyCode=KEYCODE_DPAD_RIGHT, scanCode=106, metaState=0, flags=0x8, repeatCount=0, eventTime=347498939, downTime=347498939, deviceId=34, source=0x301 }
12-28 11:06:09.818   618  6974 I ActivityManager: Process com.amazon.tv.turnstile (pid 12419) has died
12-28 11:06:09.824   827   827 I PeriodicKPIReporter: Shutdown was invoked.
12-28 11:06:09.825   827   827 I CoordinatorUtils: Report Trim-memory (level-10) to NSC
12-28 11:06:09.825   827   827 I CoordinatorUtils: Neo Trim-memory NSC notification (level-10) - done
12-28 11:06:09.827  3662  3662 W xpicker.XPickerApplication: 'OnTrimMemory' event occurred. Level: 10
12-28 11:06:09.827  1399  1399 I chatty  : uid=10156(com.amazon.vizzini) expire 10 lines
12-28 11:06:09.830   827  2324 I PeriodicKPIReporter: Shutdown was invoked.
12-28 11:06:09.970  1541  2195 I ImageTrimMemoryHandler: Processed trimMemory level=60, bytesInMemoryCache=2 MB, bytesInUse=3 MB
12-28 11:06:09.972   780  1054 W bt_btif : bta_hh_le_input_rpt_notify uuid=0x2a4d srv_handle=31 is_bl_svc_primary=1 rpt_id=1 len=8
12-28 11:06:10.233   780  1054 W bt_btif : bta_hh_le_input_rpt_notify uuid=0x2a4d srv_handle=31 is_bl_svc_primary=1 rpt_id=1 len=8
12-28 11:06:10.333   780  1054 W bt_btif : bta_hh_le_input_rpt_notify uuid=0x2a4d srv_handle=31 is_bl_svc_primary=1 rpt_id=1 len=8
12-28 11:06:11.533   780  1054 W bt_btif : bta_hh_le_input_rpt_notify uuid=0x2a4d srv_handle=31 is_bl_svc_primary=1 rpt_id=1 len=8
12-28 11:06:11.677   780  1054 W bt_btif : bta_hh_le_input_rpt_notify uuid=0x2a4d srv_handle=31 is_bl_svc_primary=1 rpt_id=1 len=8
12-28 11:06:12.822   288 10607 I Node    : dolby-audio-meter, AdapterPcmSystem adapter audio meter: channel 0; audio level: 0.000
12-28 11:06:12.822   288 10607 I Node    : dolby-audio-meter, AdapterPcmSystem adapter audio meter: channel 1; audio level: 0.000
12-28 11:06:12.822   288 10607 I RendererNode: dolby-audio-meter, Renderer renderer audio meter: channel 0; audio level: 0.000
12-28 11:06:12.822   288 10607 I RendererNode: dolby-audio-meter, Renderer renderer audio meter: channel 1; audio level: 0.000
12-28 11:06:12.822   288 10607 I RendererNode: dolby-audio-meter, Renderer renderer audio meter: channel 2; audio level: 0.000
12-28 11:06:12.822   288 10607 I RendererNode: dolby-audio-meter, Renderer renderer audio meter: channel 3; audio level: 0.000
12-28 11:06:12.822   288 10607 I RendererNode: dolby-audio-meter, Renderer renderer audio meter: channel 4; audio level: 0.000
12-28 11:06:12.822   288 10607 I RendererNode: dolby-audio-meter, Renderer renderer audio meter: channel 5; audio level: 0.000
12-28 11:06:12.822   288 10607 I Node    : dolby-audio-meter, AdapterPcmOut adapter audio meter: channel 0; audio level: 0.000
12-28 11:06:12.822   288 10607 I Node    : dolby-audio-meter, AdapterPcmOut adapter audio meter: channel 1; audio level: 0.000
12-28 11:06:17.739   618   662 I AmazonProfileService: Event is not filtered because it is not in filter key list.
12-28 11:06:17.740   618   662 I FireTVKeyPolicyManager: Dynamic key mapping has been enabled
12-28 11:06:17.740   618   662 I FireTVKeyPolicyManager: Dynamic key mapping key intercepted result 0
12-28 11:06:17.741   618   662 I AmazonProfileService: Event is not filtered because it is not in filter key list.
12-28 11:06:17.741   618   662 I FireTVKeyPolicyManager: Dynamic key mapping has been enabled
12-28 11:06:17.742   618   662 I FireTVKeyPolicyManager: Dynamic key mapping key intercepted result 0
12-28 11:06:17.742   618   662 I AmazonProfileService: Event is not filtered because it is not in filter key list.
12-28 11:06:17.743   618   662 I FireTVKeyPolicyManager: Dynamic key mapping has been enabled
12-28 11:06:17.743   618   662 I FireTVKeyPolicyManager: Dynamic key mapping key intercepted result 0
12-28 11:06:17.743   618  1802 W AmazonKeyEventLogging: remote_perf key event latency detected [Source: interceptKeyBeforeQueueing, KeyCode: KEYCODE_XXXX, IsDown: 0, Repeat: 0, EventTime: 347499119, Latency: 7768, DeviceId: 34, AppPackage: system_server]
12-28 11:06:17.744   618   662 I AmazonProfileService: Event is not filtered because it is not in filter key list.
12-28 11:06:17.744   618   662 I FireTVKeyPolicyManager: Dynamic key mapping has been enabled
12-28 11:06:17.744   618   662 I FireTVKeyPolicyManager: Dynamic key mapping key intercepted result 0
12-28 11:06:17.745   618   662 I AmazonProfileService: Event is not filtered because it is not in filter key list.
12-28 11:06:17.745   618  1802 W AmazonKeyEventLogging: remote_perf key event latency detected [Source: interceptKeyBeforeQueueing, KeyCode: KEYCODE_XXXX, IsDown: 0, Repeat: 0, EventTime: 347499479, Latency: 7409, DeviceId: 34, AppPackage: system_server]
12-28 11:06:17.745   618   662 I FireTVKeyPolicyManager: Dynamic key mapping has been enabled
12-28 11:06:17.745   618   662 I FireTVKeyPolicyManager: Dynamic key mapping key intercepted result 0
12-28 11:06:17.746   618   662 I AmazonProfileService: Event is not filtered because it is not in filter key list.
12-28 11:06:17.746   618   662 I FireTVKeyPolicyManager: Dynamic key mapping has been enabled
12-28 11:06:17.746   618   662 I FireTVKeyPolicyManager: Dynamic key mapping key intercepted result 0
12-28 11:06:17.747  1430  2654 I OZ-DCS:KeyPressReceiver: Received keyCode: KEYCODE_DPAD_CENTER
12-28 11:06:17.748  1430  2654 I OZ-DCS:CallbackBaseManager_KeyPress: notify callbacks: KeyEvent { action=ACTION_UP, keyCode=KEYCODE_DPAD_CENTER, scanCode=96, metaState=0, flags=0x8, repeatCount=0, eventTime=347499479, downTime=347499379, deviceId=34, source=0x301 }
12-28 11:06:17.748   618  1802 W AmazonKeyEventLogging: remote_perf key event latency detected [Source: interceptKeyBeforeQueueing, KeyCode: KEYCODE_XXXX, IsDown: 0, Repeat: 0, EventTime: 347500823, Latency: 6066, DeviceId: 34, AppPackage: system_server]
12-28 11:06:17.749  1430  2654 I OZ-DCS:KeyPressReceiver: Remote button pressed. keyCode: 23, keyEvent: KeyEvent { action=ACTION_UP, keyCode=KEYCODE_DPAD_CENTER, scanCode=96, metaState=0, flags=0x8, repeatCount=0, eventTime=347499479, downTime=347499379, deviceId=34, source=0x301 }
12-28 11:06:17.749  1430  2654 I OZ-DCS:KeyPressReceiver: Received keyCode: KEYCODE_DPAD_RIGHT
12-28 11:06:17.750   618  1802 W AmazonKeyEventLogging: remote_perf key event latency detected [Source: interceptKeyBeforeQueueing, KeyCode: KEYCODE_XXXX, IsDown: 1, Repeat: 0, EventTime: 347498939, Latency: 7951, DeviceId: 34, AppPackage: system_server]
12-28 11:06:17.750  1430  2654 I OZ-DCS:CallbackBaseManager_KeyPress: notify callbacks: KeyEvent { action=ACTION_UP, keyCode=KEYCODE_DPAD_RIGHT, scanCode=106, metaState=0, flags=0x8, repeatCount=0, eventTime=347500823, downTime=347500679, deviceId=34, source=0x301 }
12-28 11:06:17.751  1430  2654 I OZ-DCS:KeyPressReceiver: Remote button pressed. keyCode: 22, keyEvent: KeyEvent { action=ACTION_UP, keyCode=KEYCODE_DPAD_RIGHT, scanCode=106, metaState=0, flags=0x8, repeatCount=0, eventTime=347500823, downTime=347500679, deviceId=34, source=0x301 }
12-28 11:06:17.751   618  1802 W AmazonKeyEventLogging: remote_perf key event latency detected [Source: interceptKeyBeforeQueueing, KeyCode: KEYCODE_XXXX, IsDown: 1, Repeat: 0, EventTime: 347498939, Latency: 7952, DeviceId: 34, AppPackage: system_server]
12-28 11:06:17.752  1430  2654 I OZ-DCS:KeyPressReceiver: Received keyCode: KEYCODE_DPAD_RIGHT
12-28 11:06:17.752  1430  2654 I OZ-DCS:CallbackBaseManager_KeyPress: notify callbacks: KeyEvent { action=ACTION_DOWN, keyCode=KEYCODE_DPAD_RIGHT, scanCode=106, metaState=0, flags=0x8, repeatCount=0, eventTime=347498939, downTime=347498939, deviceId=34, source=0x301 }
12-28 11:06:17.753   618  1802 W AmazonKeyEventLogging: remote_perf key event latency detected [Source: interceptKeyBeforeDispatching, KeyCode: KEYCODE_XXXX, IsDown: 1, Repeat: 0, EventTime: 347498939, Latency: 7954, DeviceId: 34, AppPackage: system_server]
12-28 11:06:17.753  1430  2654 I OZ-DCS:KeyPressReceiver: Remote button pressed. keyCode: 22, keyEvent: KeyEvent { action=ACTION_DOWN, keyCode=KEYCODE_DPAD_RIGHT, scanCode=106, metaState=0, flags=0x8, repeatCount=0, eventTime=347498939, downTime=347498939, deviceId=34, source=0x301 }
12-28 11:06:17.756  1430  1479 I OZ-DCS:KeyPressReceiver: Received keyCode: KEYCODE_DPAD_RIGHT
12-28 11:06:17.757  1430  1479 I OZ-DCS:CallbackBaseManager_KeyPress: notify callbacks: KeyEvent { action=ACTION_DOWN, keyCode=KEYCODE_DPAD_RIGHT, scanCode=106, metaState=0, flags=0x8, repeatCount=0, eventTime=347498939, downTime=347498939, deviceId=34, source=0x301 }
12-28 11:06:17.764   618   678 E ConnectivityService: RemoteException caught trying to send a callback msg for NetworkRequest [ TRACK_DEFAULT id=2157, [ Capabilities: INTERNET&NOT_RESTRICTED&TRUSTED&NOT_VPN] ]
12-28 11:06:17.771   618  1802 W AmazonKeyEventLogging: remote_perf key event latency detected [Source: interceptKeyBeforeDispatching, KeyCode: KEYCODE_XXXX, IsDown: 1, Repeat: 0, EventTime: 347498939, Latency: 7968, DeviceId: 34, AppPackage: system_server]
12-28 11:06:17.774  1430  1479 I OZ-DCS:KeyPressReceiver: Remote button pressed. keyCode: 22, keyEvent: KeyEvent { action=ACTION_DOWN, keyCode=KEYCODE_DPAD_RIGHT, scanCode=106, metaState=0, flags=0x8, repeatCount=0, eventTime=347498939, downTime=347498939, deviceId=34, source=0x301 }
12-28 11:06:17.775  1430  1479 I OZ-DCS:KeyPressReceiver: Received keyCode: KEYCODE_DPAD_RIGHT
12-28 11:06:17.776  1430  1479 I OZ-DCS:CallbackBaseManager_KeyPress: notify callbacks: KeyEvent { action=ACTION_DOWN, keyCode=KEYCODE_DPAD_RIGHT, scanCode=106, metaState=0, flags=0x8, repeatCount=0, eventTime=347498939, downTime=347498939, deviceId=34, source=0x301 }
12-28 11:06:17.776 11913 11913 I flutter :  Item focado: Os Bad Boas (2025)
12-28 11:06:17.778   618  1802 W AmazonKeyEventLogging: remote_perf key event latency detected [Source: interceptKeyBeforeDispatching, KeyCode: KEYCODE_XXXX, IsDown: 0, Repeat: 0, EventTime: 347499119, Latency: 7803, DeviceId: 34, AppPackage: system_server]
12-28 11:06:17.778  1430  1479 I OZ-DCS:KeyPressReceiver: Remote button pressed. keyCode: 22, keyEvent: KeyEvent { action=ACTION_DOWN, keyCode=KEYCODE_DPAD_RIGHT, scanCode=106, metaState=0, flags=0x8, repeatCount=0, eventTime=347498939, downTime=347498939, deviceId=34, source=0x301 }
12-28 11:06:17.786   618  1802 W AmazonKeyEventLogging: remote_perf key event latency detected [Source: interceptKeyBeforeDispatching, KeyCode: KEYCODE_XXXX, IsDown: 0, Repeat: 0, EventTime: 347499479, Latency: 7452, DeviceId: 34, AppPackage: system_server]
12-28 11:06:17.792 11913 11974 W AmazonKeyEventLogging: remote_perf key event latency detected [Source: ViewRootImpl, KeyCode: KEYCODE_XXXX, IsDown: 1, Repeat: 0, EventTime: 347498939, Latency: 7982, DeviceId: 34, AppPackage: com.example.clickflix]
12-28 11:06:17.799 11913 11913 I flutter :  Item selecionado: Os Bad Boas (2025)
12-28 11:06:17.802   618  1802 W AmazonKeyEventLogging: remote_perf key event latency detected [Source: interceptKeyBeforeDispatching, KeyCode: KEYCODE_XXXX, IsDown: 1, Repeat: 0, EventTime: 347500679, Latency: 6268, DeviceId: 34, AppPackage: system_server]
12-28 11:06:17.806 11913 11913 I flutter :  M3uService: Cache j existe e  suficiente - usando cache existente (18116 itens)
12-28 11:06:17.810 11913 11913 I flutter :  AdaptiveCachedImage: Tentando carregar: https://image.tmdb.org/t/p/w600_and_h900_bestv2/5x...
12-28 11:06:17.810 11913 11913 I flutter :  MetaChipsWidget: Placeholder de rating para "Kaiju No. 8: Misso de Reconhecimento (2025)" (rating ainda no disponvel)
12-28 11:06:17.811 11913 11913 I flutter :  AdaptiveCachedImage: Tentando carregar: https://image.tmdb.org/t/p/w600_and_h900_bestv2/sC...
12-28 11:06:17.812 11913 11913 I flutter :  MetaChipsWidget: Placeholder de rating para "Os Bad Boas (2025)" (rating ainda no disponvel)
12-28 11:06:17.812 11913 11974 W AmazonKeyEventLogging: remote_perf key event latency detected [Source: ViewRootImpl, KeyCode: KEYCODE_XXXX, IsDown: 0, Repeat: 0, EventTime: 347499119, Latency: 7810, DeviceId: 34, AppPackage: com.example.clickflix]
12-28 11:06:17.813 11913 11974 W AmazonKeyEventLogging: remote_perf key event latency detected [Source: ViewRootImpl, KeyCode: KEYCODE_XXXX, IsDown: 1, Repeat: 0, EventTime: 347499379, Latency: 7567, DeviceId: 34, AppPackage: com.example.clickflix]
12-28 11:06:17.840 11913 11913 I flutter :  fetchCategoryItemsFromEnv(LANAMENTOS 2025, movie): 320 itens, 320 com imagem
12-28 11:06:17.863 11913 11923 I art     : Background partial concurrent mark sweep GC freed 13078(638KB) AllocSpace objects, 31(1724KB) LOS objects, 39% free, 3MB/6MB, paused 610us total 3.335s
12-28 11:06:17.893 11913 11974 W AmazonKeyEventLogging: remote_perf key event latency detected [Source: ViewRootImpl, KeyCode: KEYCODE_XXXX, IsDown: 0, Repeat: 0, EventTime: 347499479, Latency: 7560, DeviceId: 34, AppPackage: com.example.clickflix]
12-28 11:06:17.894   618  1802 W AmazonKeyEventLogging: remote_perf key event latency detected [Source: interceptKeyBeforeDispatching, KeyCode: KEYCODE_XXXX, IsDown: 1, Repeat: 0, EventTime: 347500679, Latency: 6360, DeviceId: 34, AppPackage: system_server]
12-28 11:06:17.904 11913 11913 I flutter :  AdaptiveCachedImage: Tentando carregar: https://image.tmdb.org/t/p/w600_and_h900_bestv2/sC...
12-28 11:06:17.905 11913 11913 I flutter :  MetaChipsWidget: Placeholder de rating para "Os Bad Boas (2025)" (rating ainda no disponvel)
12-28 11:06:17.918 11913 11974 W AmazonKeyEventLogging: remote_perf key event latency detected [Source: ViewRootImpl, KeyCode: KEYCODE_XXXX, IsDown: 1, Repeat: 0, EventTime: 347500679, Latency: 6384, DeviceId: 34, AppPackage: com.example.clickflix]
12-28 11:06:17.924 11913 11974 W AmazonKeyEventLogging: remote_perf key event latency detected [Source: ViewRootImpl, KeyCode: KEYCODE_XXXX, IsDown: 0, Repeat: 0, EventTime: 347500823, Latency: 6246, DeviceId: 34, AppPackage: com.example.clickflix]
12-28 11:06:17.944  1399 19250 I chatty  : uid=10156(com.amazon.vizzini) Thread-6244 expire 2 lines
12-28 11:06:18.027   889 13436 I ...imp/TokenJobQueue[0]: Begin executing task GetToken:com.amazon.vizzini/com.amazon.dcp.sso.token.oauth.amazon.access_token
12-28 11:06:18.247 11913 11941 E IMGSRV  : :0: _AllocateDeviceMemory: Problem to allocate memory for 2D Tex 490 1024x512 Lvls=11 (PVRSRV_ERROR_PMR_FAILED_TO_ALLOC_PAGES)
12-28 11:06:18.247 11913 11941 E IMGSRV  : :0: DevmemAllocateSparse: Failed! Error is PVRSRV_ERROR_PMR_FAILED_TO_ALLOC_PAGES. Allocation size: 0X2AB000
12-28 11:06:18.247 11913 11941 E IMGSRV  : :0: DevmemAllocateSparse() failed (PVRSRV_ERROR_PMR_FAILED_TO_ALLOC_PAGES) in PVRSRVAllocSparseDevMem2()
12-28 11:06:18.383   889 13436 I ...imp/TokenJobQueue[0]: Scheduled running concurrent job GetToken:com.amazon.vizzini/com.amazon.dcp.sso.token.oauth.amazon.access_token.
12-28 11:06:18.385   889 13438 I ...nformationQueryer[0]: Populate change for remote MAP info.
12-28 11:06:18.385   889 13438 I ...nformationQueryer[0]: CacheContainsPartialResults? true
12-28 11:06:18.396   889 13438 I ...imp/TokenJobQueue[0]: Finish executing task GetToken:com.amazon.vizzini/com.amazon.dcp.sso.token.oauth.amazon.access_token.
12-28 11:06:18.423 11913 11913 I flutter :   [WARNING]  TMDB: Nenhum resultado encontrado para "Os Bad Boas (2025)"
12-28 11:06:18.487   618  1188 I ActivityManager: Process com.amazon.storm.lightning.services (pid 9224) has died
12-28 11:06:18.487  1415  7751 I TComm.ServiceSideGatewa: binderDied - unlinked binder; result: true
12-28 11:06:18.487  5033 19455 W WhisperLink: TMessengerTransport - Binder died: amzn.reg;
12-28 11:06:18.487  5033 19455 W WhisperLink: TMessengerTransport - Binder died: amzn.reg;
12-28 11:06:18.487  5033 19455 W WhisperLink: TMessengerTransport - Binder died: amzn.reg;
12-28 11:06:18.487  5033 19455 W WhisperLink: TMessengerTransport - Binder died: amzn.reg;
12-28 11:06:18.487  5033 19455 W WhisperLink: TMessengerTransport - Binder died: amzn.reg;
12-28 11:06:18.488  5033 19455 W WhisperLink: TMessengerTransport - Binder died: amzn.reg;
12-28 11:06:18.820 11913 11913 I flutter :   [WARNING]  TMDB: Nenhum resultado encontrado para "Os Bad Boas (2025)"
12-28 11:06:18.820 11913 11913 I flutter :   [WARNING]  TMDB metadata no encontrado
12-28 11:06:18.840 11913 11913 I flutter :   [WARNING]  TMDB: Nenhum resultado encontrado para "Back to the Beginning part 2"
12-28 11:06:18.866 11913 11940 E IMGSRV  : :0: _AllocateDeviceMemory: Problem to allocate memory for SCBUF:CONSTANT_FRAG (PVRSRV_ERROR_PMR_FAILED_TO_ALLOC_PAGES)
12-28 11:06:18.866 11913 11940 E IMGSRV  : :0: DevmemAllocateSparse: Failed! Error is PVRSRV_ERROR_PMR_FAILED_TO_ALLOC_PAGES. Allocation size: 0X320000
12-28 11:06:18.866 11913 11940 E IMGSRV  : :0: DevmemAllocateSparse() failed (PVRSRV_ERROR_PMR_FAILED_TO_ALLOC_PAGES) in PVRSRVAllocSparseDevMem2()
12-28 11:06:18.866 11913 11940 E IMGSRV  : :0: CreatePoolBufferListEntry: Failed to allocate device memory for buffer 10
12-28 11:06:18.866 11913 11940 E IMGSRV  : :0: KEGLGetPoolBuffer: Failed to create new fragment buffer list entry
12-28 11:06:18.974   618 11852 I ActivityManager: Process com.amazon.diode (pid 9759) has died
12-28 11:06:18.978   618   678 E ConnectivityService: RemoteException caught trying to send a callback msg for NetworkRequest [ LISTEN id=2144, [ Capabilities: NOT_RESTRICTED&TRUSTED&NOT_VPN] ]
12-28 11:06:18.987   827   827 I PeriodicKPIReporter: Shutdown was invoked.
12-28 11:06:18.989   827   827 I CoordinatorUtils: Report Trim-memory (level-15) to NSC
12-28 11:06:18.996   827   827 I CoordinatorUtils: Neo Trim-memory NSC notification (level-15) - done
12-28 11:06:18.997   827  2324 I PeriodicKPIReporter: Shutdown was invoked.
12-28 11:06:19.000  3662  3662 W xpicker.XPickerApplication: 'OnTrimMemory' event occurred. Level: 15
12-28 11:06:19.167   618  3784 I ActivityManager: Process com.amazon.device.software.ota (pid 15474) has died
12-28 11:06:19.194  1541  1541 I BuellerApplication: Received on trim from framework, level is 80
12-28 11:06:19.194  1541  1541 I BuellerApplication:  should trim frozen image false
12-28 11:06:19.194  1541  1541 W BuellerApplication: TRIM_MEMORY_COMPLETE
12-28 11:06:19.194  1541  1541 I MediaBrowseInMemoryCacheImpl: Cache size before trim: 738
12-28 11:06:19.194  1541  1541 I MediaBrowseInMemoryCacheImpl: Cache size after trim: 738
12-28 11:06:19.195  1541  1541 I BuellerApplication: Trim memory has completed
12-28 11:06:19.195  1541  1541 I MediaBrowseServiceImpl: Received notice that MediaBrowseServiceImpl is to trim memory. Trim memory level: 80
12-28 11:06:19.200  1541  2195 I ImageTrimMemoryHandler: Processing trimMemory level=80, availablePriority=3, cachedPriority=3, bytesInMemoryCache=2 MB, bytesInUse=3 MB
12-28 11:06:19.211  1541  2195 I ImagePriorityLru: Releasing 13 cached items, and 7 available items, bytesInUse=3 MB, bytesOnlyInCache=0 bytes
12-28 11:06:19.233  1541  2195 I ImagePriorityLru: Releasing 0 cached items, and 0 available items, bytesInUse=3 MB, bytesOnlyInCache=0 bytes
12-28 11:06:19.961 11913 11913 I flutter :   [WARNING]  TMDB: Nenhum resultado encontrado para "Back to the Beginning part 1"
12-28 11:06:20.235  1541  2195 I ImageTrimMemoryHandler: Processed trimMemory level=80, bytesInMemoryCache=0 bytes, bytesInUse=12 KB
12-28 11:06:20.814   780  1054 W bt_btif : bta_hh_le_input_rpt_notify uuid=0x2a4d srv_handle=31 is_bl_svc_primary=1 rpt_id=1 len=8
12-28 11:06:20.815   618   662 I AmazonProfileService: Event not filtered. KPM proceeds the key
12-28 11:06:20.815   618   662 I FireTVKeyPolicyManager: Dynamic key mapping has been enabled
12-28 11:06:20.816   618   662 I FireTVKeyPolicyManager: Dynamic key mapping key intercepted result 0
12-28 11:06:20.816  1430  2654 I OZ-DCS:KeyPressReceiver: Received keyCode: KEYCODE_BACK
12-28 11:06:20.817  1430  2654 I OZ-DCS:CallbackBaseManager_KeyPress: notify callbacks: KeyEvent { action=ACTION_DOWN, keyCode=KEYCODE_BACK, scanCode=158, metaState=0, flags=0x8, repeatCount=0, eventTime=347509960, downTime=347509960, deviceId=34, source=0x301 }
12-28 11:06:20.818  1430  2654 I OZ-DCS:KeyPressReceiver: Remote button pressed. keyCode: 4, keyEvent: KeyEvent { action=ACTION_DOWN, keyCode=KEYCODE_BACK, scanCode=158, metaState=0, flags=0x8, repeatCount=0, eventTime=347509960, downTime=347509960, deviceId=34, source=0x301 }
12-28 11:06:20.958   780  1054 W bt_btif : bta_hh_le_input_rpt_notify uuid=0x2a4d srv_handle=31 is_bl_svc_primary=1 rpt_id=1 len=8
12-28 11:06:20.959   618   662 I AmazonProfileService: Event not filtered. KPM proceeds the key
12-28 11:06:20.959   618   662 I FireTVKeyPolicyManager: Dynamic key mapping has been enabled
12-28 11:06:20.959   618   662 I FireTVKeyPolicyManager: Dynamic key mapping key intercepted result 0
12-28 11:06:20.960  1430  2654 I OZ-DCS:KeyPressReceiver: Received keyCode: KEYCODE_BACK
12-28 11:06:20.961  1430  2654 I OZ-DCS:CallbackBaseManager_KeyPress: notify callbacks: KeyEvent { action=ACTION_UP, keyCode=KEYCODE_BACK, scanCode=158, metaState=0, flags=0x8, repeatCount=0, eventTime=347510104, downTime=347509960, deviceId=34, source=0x301 }
12-28 11:06:20.962  1430  2654 I OZ-DCS:KeyPressReceiver: Remote button pressed. keyCode: 4, keyEvent: KeyEvent { action=ACTION_UP, keyCode=KEYCODE_BACK, scanCode=158, metaState=0, flags=0x8, repeatCount=0, eventTime=347510104, downTime=347509960, deviceId=34, source=0x301 }
12-28 11:06:20.967 11913 11913 I flutter :  Item focado: Os Bad Boas (2025)
12-28 11:06:20.973   780  1054 W bt_btif : bta_hh_le_input_rpt_notify uuid=0x2a19 srv_handle=27 is_bl_svc_primary=1 rpt_id=3 len=1
12-28 11:06:20.978  1399 13472 I chatty  : uid=10156(com.amazon.vizzini) expire 1 line
12-28 11:06:20.986  2833  2833 I ConnectivityCtrlService: handle intent action:com.amazon.device.action.BATTERY_LEVEL
12-28 11:06:20.987  2833  2868 I ConnectivityCtrlService: handleRemoteBatteryEvent...device address [xx:xx:41:xx:xx:5F],newLevel:[100]
12-28 11:06:20.987  2833  2868 E ConnectivityCtrlService: Ignoring  battery level as it is same as current battery level
12-28 11:06:20.995 11913 11913 I flutter :  AdaptiveCachedImage: Tentando carregar: https://image.tmdb.org/t/p/w600_and_h900_bestv2/sC...
12-28 11:06:20.996 11913 11913 I flutter :  MetaChipsWidget: Placeholder de rating para "Os Bad Boas (2025)" (rating ainda no disponvel)
12-28 11:06:21.011  2876  2914 I RdmService: handleIntent..action: com.amazon.device.action.BATTERY_LEVEL
12-28 11:06:21.012  2876  2914 E RdmService: Ignoring  battery level as it is same as current battery level
12-28 11:06:21.866   780  1054 W bt_btif : bta_hh_le_input_rpt_notify uuid=0x2a4d srv_handle=31 is_bl_svc_primary=1 rpt_id=1 len=8
12-28 11:06:21.867   618   662 I AmazonProfileService: Event is not filtered because it is not in filter key list.
12-28 11:06:21.867   618   662 I FireTVKeyPolicyManager: Dynamic key mapping has been enabled
12-28 11:06:21.867   618   662 I FireTVKeyPolicyManager: Dynamic key mapping key intercepted result 0
12-28 11:06:21.868  1430  2654 I OZ-DCS:KeyPressReceiver: Received keyCode: KEYCODE_DPAD_RIGHT
12-28 11:06:21.869  1430  2654 I OZ-DCS:CallbackBaseManager_KeyPress: notify callbacks: KeyEvent { action=ACTION_DOWN, keyCode=KEYCODE_DPAD_RIGHT, scanCode=106, metaState=0, flags=0x8, repeatCount=0, eventTime=347511012, downTime=347511012, deviceId=34, source=0x301 }
12-28 11:06:21.870  1430  2654 I OZ-DCS:KeyPressReceiver: Remote button pressed. keyCode: 22, keyEvent: KeyEvent { action=ACTION_DOWN, keyCode=KEYCODE_DPAD_RIGHT, scanCode=106, metaState=0, flags=0x8, repeatCount=0, eventTime=347511012, downTime=347511012, deviceId=34, source=0x301 }
12-28 11:06:21.885 11913 11913 I flutter :  Item focado: Confinado (2025)
12-28 11:06:21.894 11913 11913 I flutter :  AdaptiveCachedImage: Tentando carregar: https://image.tmdb.org/t/p/w600_and_h900_bestv2/sC...
12-28 11:06:21.894 11913 11913 I flutter :  MetaChipsWidget: Placeholder de rating para "Os Bad Boas (2025)" (rating ainda no disponvel)
12-28 11:06:21.895 11913 11913 I flutter :  AdaptiveCachedImage: Tentando carregar: https://image.tmdb.org/t/p/w600_and_h900_bestv2/vD...
12-28 11:06:21.895 11913 11913 I flutter :  MetaChipsWidget: Placeholder de rating para "Confinado (2025)" (rating ainda no disponvel)
12-28 11:06:22.022   618   627 I art     : Background partial concurrent mark sweep GC freed 76059(4MB) AllocSpace objects, 0(0B) LOS objects, 18% free, 17MB/21MB, paused 2.915ms total 149.664ms
12-28 11:06:22.027   780  1054 W bt_btif : bta_hh_le_input_rpt_notify uuid=0x2a4d srv_handle=31 is_bl_svc_primary=1 rpt_id=1 len=8
12-28 11:06:22.028   618   662 I AmazonProfileService: Event is not filtered because it is not in filter key list.
12-28 11:06:22.029   618   662 I FireTVKeyPolicyManager: Dynamic key mapping has been enabled
12-28 11:06:22.029   618   662 I FireTVKeyPolicyManager: Dynamic key mapping key intercepted result 0
12-28 11:06:22.030  1430  2654 I OZ-DCS:KeyPressReceiver: Received keyCode: KEYCODE_DPAD_RIGHT
12-28 11:06:22.031  1430  2654 I OZ-DCS:CallbackBaseManager_KeyPress: notify callbacks: KeyEvent { action=ACTION_UP, keyCode=KEYCODE_DPAD_RIGHT, scanCode=106, metaState=0, flags=0x8, repeatCount=0, eventTime=347511174, downTime=347511012, deviceId=34, source=0x301 }
12-28 11:06:22.031  1430  2654 I OZ-DCS:KeyPressReceiver: Remote button pressed. keyCode: 22, keyEvent: KeyEvent { action=ACTION_UP, keyCode=KEYCODE_DPAD_RIGHT, scanCode=106, metaState=0, flags=0x8, repeatCount=0, eventTime=347511174, downTime=347511012, deviceId=34, source=0x301 }
12-28 11:06:22.453   780  1054 W bt_btif : bta_hh_le_input_rpt_notify uuid=0x2a4d srv_handle=31 is_bl_svc_primary=1 rpt_id=1 len=8
12-28 11:06:22.454   618   662 I AmazonProfileService: Event is not filtered because it is not in filter key list.
12-28 11:06:22.455   618   662 I FireTVKeyPolicyManager: Dynamic key mapping has been enabled
12-28 11:06:22.455   618   662 I FireTVKeyPolicyManager: Dynamic key mapping key intercepted result 0
12-28 11:06:22.457  1430  2654 I OZ-DCS:KeyPressReceiver: Received keyCode: KEYCODE_DPAD_CENTER
12-28 11:06:22.458  1430  2654 I OZ-DCS:CallbackBaseManager_KeyPress: notify callbacks: KeyEvent { action=ACTION_DOWN, keyCode=KEYCODE_DPAD_CENTER, scanCode=96, metaState=0, flags=0x8, repeatCount=0, eventTime=347511600, downTime=347511600, deviceId=34, source=0x301 }
12-28 11:06:22.459 11913 11913 I flutter :  Item selecionado: Confinado (2025)
12-28 11:06:22.460  1430  2654 I OZ-DCS:KeyPressReceiver: Remote button pressed. keyCode: 23, keyEvent: KeyEvent { action=ACTION_DOWN, keyCode=KEYCODE_DPAD_CENTER, scanCode=96, metaState=0, flags=0x8, repeatCount=0, eventTime=347511600, downTime=347511600, deviceId=34, source=0x301 }
12-28 11:06:22.482 11913 11913 I flutter :  M3uService: Cache j existe e  suficiente - usando cache existente (18116 itens)
12-28 11:06:22.515 11913 11913 I flutter :  fetchCategoryItemsFromEnv(LANAMENTOS 2025, movie): 320 itens, 320 com imagem
12-28 11:06:22.565 11913 11913 I flutter :  AdaptiveCachedImage: Tentando carregar: https://image.tmdb.org/t/p/w600_and_h900_bestv2/vD...
12-28 11:06:22.566 11913 11913 I flutter :  MetaChipsWidget: Placeholder de rating para "Confinado (2025)" (rating ainda no disponvel)
12-28 11:06:22.594   780  1054 W bt_btif : bta_hh_le_input_rpt_notify uuid=0x2a4d srv_handle=31 is_bl_svc_primary=1 rpt_id=1 len=8
12-28 11:06:22.595   618   662 I AmazonProfileService: Event is not filtered because it is not in filter key list.
12-28 11:06:22.595   618   662 I FireTVKeyPolicyManager: Dynamic key mapping has been enabled
12-28 11:06:22.595   618   662 I FireTVKeyPolicyManager: Dynamic key mapping key intercepted result 0
12-28 11:06:22.598  1430  2654 I OZ-DCS:KeyPressReceiver: Received keyCode: KEYCODE_DPAD_CENTER
12-28 11:06:22.599  1430  2654 I OZ-DCS:CallbackBaseManager_KeyPress: notify callbacks: KeyEvent { action=ACTION_UP, keyCode=KEYCODE_DPAD_CENTER, scanCode=96, metaState=0, flags=0x8, repeatCount=0, eventTime=347511740, downTime=347511600, deviceId=34, source=0x301 }
12-28 11:06:22.599  1430  2654 I OZ-DCS:KeyPressReceiver: Remote button pressed. keyCode: 23, keyEvent: KeyEvent { action=ACTION_UP, keyCode=KEYCODE_DPAD_CENTER, scanCode=96, metaState=0, flags=0x8, repeatCount=0, eventTime=347511740, downTime=347511600, deviceId=34, source=0x301 }
12-28 11:06:22.849   288 10607 I Node    : dolby-audio-meter, AdapterPcmSystem adapter audio meter: channel 0; audio level: 0.000
12-28 11:06:22.849   288 10607 I Node    : dolby-audio-meter, AdapterPcmSystem adapter audio meter: channel 1; audio level: 0.000
12-28 11:06:22.849   288 10607 I RendererNode: dolby-audio-meter, Renderer renderer audio meter: channel 0; audio level: 0.000
