--------- beginning of main
12-29 10:52:49.557   288 10607 I Node    : dolby-audio-meter, AdapterPcmSystem adapter audio meter: channel 0; audio level: 0.000
12-29 10:52:49.557   288 10607 I Node    : dolby-audio-meter, AdapterPcmSystem adapter audio meter: channel 1; audio level: 0.000
12-29 10:52:49.557   288 10607 I RendererNode: dolby-audio-meter, Renderer renderer audio meter: channel 0; audio level: 0.000
12-29 10:52:49.557   288 10607 I RendererNode: dolby-audio-meter, Renderer renderer audio meter: channel 1; audio level: 0.000
12-29 10:52:49.557   288 10607 I RendererNode: dolby-audio-meter, Renderer renderer audio meter: channel 2; audio level: 0.000
12-29 10:52:49.557   288 10607 I RendererNode: dolby-audio-meter, Renderer renderer audio meter: channel 3; audio level: 0.000
12-29 10:52:49.557   288 10607 I RendererNode: dolby-audio-meter, Renderer renderer audio meter: channel 4; audio level: 0.000
12-29 10:52:49.557   288 10607 I RendererNode: dolby-audio-meter, Renderer renderer audio meter: channel 5; audio level: 0.000
12-29 10:52:49.557   288 10607 I Node    : dolby-audio-meter, AdapterPcmOut adapter audio meter: channel 0; audio level: 0.000
12-29 10:52:49.557   288 10607 I Node    : dolby-audio-meter, AdapterPcmOut adapter audio meter: channel 1; audio level: 0.000
12-29 10:52:59.562   288 10607 I Node    : dolby-audio-meter, AdapterPcmSystem adapter audio meter: channel 0; audio level: 0.000
12-29 10:52:59.562   288 10607 I Node    : dolby-audio-meter, AdapterPcmSystem adapter audio meter: channel 1; audio level: 0.000
12-29 10:52:59.562   288 10607 I RendererNode: dolby-audio-meter, Renderer renderer audio meter: channel 0; audio level: 0.000
12-29 10:52:59.562   288 10607 I RendererNode: dolby-audio-meter, Renderer renderer audio meter: channel 1; audio level: 0.000
12-29 10:52:59.562   288 10607 I RendererNode: dolby-audio-meter, Renderer renderer audio meter: channel 2; audio level: 0.000
12-29 10:52:59.563   288 10607 I RendererNode: dolby-audio-meter, Renderer renderer audio meter: channel 3; audio level: 0.000
12-29 10:52:59.563   288 10607 I RendererNode: dolby-audio-meter, Renderer renderer audio meter: channel 4; audio level: 0.000
12-29 10:52:59.563   288 10607 I RendererNode: dolby-audio-meter, Renderer renderer audio meter: channel 5; audio level: 0.000
12-29 10:52:59.563   288 10607 I Node    : dolby-audio-meter, AdapterPcmOut adapter audio meter: channel 0; audio level: 0.000
12-29 10:52:59.563   288 10607 I Node    : dolby-audio-meter, AdapterPcmOut adapter audio meter: channel 1; audio level: 0.000
12-29 10:53:00.345  1454 20744 I whad    : DeviceClusterManager:onHeartBeat:seq=6775,xmit=433115185162064,recv=433115367355945,uniqueId=XX0RV9,highNetworkLatency=1
12-29 10:53:02.016  1454  8140 I whad    : TimeSyncClient:clientThread:reason=skewOrDriftChange,server=XX0QS8,time=433111.127318,skewX=430830.925948,skewY=5.865823,drift=1.782576,reportedDrift=1.782576,numExchanges=708629
12-29 10:53:09.589   288 10607 I Node    : dolby-audio-meter, AdapterPcmSystem adapter audio meter: channel 0; audio level: 0.000
12-29 10:53:09.589   288 10607 I Node    : dolby-audio-meter, AdapterPcmSystem adapter audio meter: channel 1; audio level: 0.000
12-29 10:53:09.589   288 10607 I RendererNode: dolby-audio-meter, Renderer renderer audio meter: channel 0; audio level: 0.000
12-29 10:53:09.589   288 10607 I RendererNode: dolby-audio-meter, Renderer renderer audio meter: channel 1; audio level: 0.000
12-29 10:53:09.589   288 10607 I RendererNode: dolby-audio-meter, Renderer renderer audio meter: channel 2; audio level: 0.000
12-29 10:53:09.589   288 10607 I RendererNode: dolby-audio-meter, Renderer renderer audio meter: channel 3; audio level: 0.000
12-29 10:53:09.589   288 10607 I RendererNode: dolby-audio-meter, Renderer renderer audio meter: channel 4; audio level: 0.000
12-29 10:53:09.589   288 10607 I RendererNode: dolby-audio-meter, Renderer renderer audio meter: channel 5; audio level: 0.000
12-29 10:53:09.589   288 10607 I Node    : dolby-audio-meter, AdapterPcmOut adapter audio meter: channel 0; audio level: 0.000
12-29 10:53:09.589   288 10607 I Node    : dolby-audio-meter, AdapterPcmOut adapter audio meter: channel 1; audio level: 0.000
12-29 10:53:19.594   288 10607 I Node    : dolby-audio-meter, AdapterPcmSystem adapter audio meter: channel 0; audio level: 0.000
12-29 10:53:19.594   288 10607 I Node    : dolby-audio-meter, AdapterPcmSystem adapter audio meter: channel 1; audio level: 0.000
12-29 10:53:19.594   288 10607 I RendererNode: dolby-audio-meter, Renderer renderer audio meter: channel 0; audio level: 0.000
12-29 10:53:19.594   288 10607 I RendererNode: dolby-audio-meter, Renderer renderer audio meter: channel 1; audio level: 0.000
12-29 10:53:19.594   288 10607 I RendererNode: dolby-audio-meter, Renderer renderer audio meter: channel 2; audio level: 0.000
12-29 10:53:19.595   288 10607 I RendererNode: dolby-audio-meter, Renderer renderer audio meter: channel 3; audio level: 0.000
12-29 10:53:19.595   288 10607 I RendererNode: dolby-audio-meter, Renderer renderer audio meter: channel 4; audio level: 0.000
12-29 10:53:19.595   288 10607 I RendererNode: dolby-audio-meter, Renderer renderer audio meter: channel 5; audio level: 0.000
12-29 10:53:19.595   288 10607 I Node    : dolby-audio-meter, AdapterPcmOut adapter audio meter: channel 0; audio level: 0.000
12-29 10:53:19.595   288 10607 I Node    : dolby-audio-meter, AdapterPcmOut adapter audio meter: channel 1; audio level: 0.000
12-29 10:53:20.315  1454 20753 I whad    : DeviceClusterManager:onHeartBeat:seq=6777,xmit=433135181825743,recv=433135337368316,uniqueId=XX0RV9,highNetworkLatency=1
12-29 10:53:29.621   288 10607 I Node    : dolby-audio-meter, AdapterPcmSystem adapter audio meter: channel 0; audio level: 0.000
12-29 10:53:29.621   288 10607 I Node    : dolby-audio-meter, AdapterPcmSystem adapter audio meter: channel 1; audio level: 0.000
12-29 10:53:29.621   288 10607 I RendererNode: dolby-audio-meter, Renderer renderer audio meter: channel 0; audio level: 0.000
12-29 10:53:29.621   288 10607 I RendererNode: dolby-audio-meter, Renderer renderer audio meter: channel 1; audio level: 0.000
12-29 10:53:29.621   288 10607 I RendererNode: dolby-audio-meter, Renderer renderer audio meter: channel 2; audio level: 0.000
12-29 10:53:29.621   288 10607 I RendererNode: dolby-audio-meter, Renderer renderer audio meter: channel 3; audio level: 0.000
12-29 10:53:29.621   288 10607 I RendererNode: dolby-audio-meter, Renderer renderer audio meter: channel 4; audio level: 0.000
12-29 10:53:29.621   288 10607 I RendererNode: dolby-audio-meter, Renderer renderer audio meter: channel 5; audio level: 0.000
12-29 10:53:29.621   288 10607 I Node    : dolby-audio-meter, AdapterPcmOut adapter audio meter: channel 0; audio level: 0.000
12-29 10:53:29.621   288 10607 I Node    : dolby-audio-meter, AdapterPcmOut adapter audio meter: channel 1; audio level: 0.000
12-29 10:53:30.346  1454 20757 I whad    : DeviceClusterManager:onHeartBeat:seq=6778,xmit=433145186753914,recv=433145367635812,uniqueId=XX0RV9,highNetworkLatency=1
12-29 10:53:34.666  1399 20764 I SPCH-Cont_HealthLogger: Current State = {"ProfileValidated":"true","ProfileType":"ADULT","Gateway":"avs-alexa-18-na.amazon.com:443","memoryLow":"false","ReleaseVersion":"655.1.3","AlexaLegalTermsAccepted":"true","memoryAvailable":"932970496","SupportsFarField":"false","RemoteSettingsStrategy":"VizArcus","memoryTotalPss":"47454","memoryTotalSharedDirty":"3484","DeviceFamily":"SMP","str.auto_wake_up_always":"0","OOBECompleted":"true","AppVersion":"3.0.16038.0","AlexaCaptionsSupported":"true","memoryTotalPrivateDirty":"25167","AlexaShortcutsEnabled":"{\"all\": true, \"runtime\": true, \"locale\": true, \"isChild\": false}","Account":"valid","ConnectionState":"CONNECTED","AlexaCaptionsEnabled":"false","AlexaExperience":"FULL"}
12-29 10:53:39.626   288 10607 I Node    : dolby-audio-meter, AdapterPcmSystem adapter audio meter: channel 0; audio level: 0.000
12-29 10:53:39.626   288 10607 I Node    : dolby-audio-meter, AdapterPcmSystem adapter audio meter: channel 1; audio level: 0.000
12-29 10:53:39.626   288 10607 I RendererNode: dolby-audio-meter, Renderer renderer audio meter: channel 0; audio level: 0.000
12-29 10:53:39.626   288 10607 I RendererNode: dolby-audio-meter, Renderer renderer audio meter: channel 1; audio level: 0.000
12-29 10:53:39.626   288 10607 I RendererNode: dolby-audio-meter, Renderer renderer audio meter: channel 2; audio level: 0.000
12-29 10:53:39.626   288 10607 I RendererNode: dolby-audio-meter, Renderer renderer audio meter: channel 3; audio level: 0.000
12-29 10:53:39.627   288 10607 I RendererNode: dolby-audio-meter, Renderer renderer audio meter: channel 4; audio level: 0.000
12-29 10:53:39.627   288 10607 I RendererNode: dolby-audio-meter, Renderer renderer audio meter: channel 5; audio level: 0.000
12-29 10:53:39.627   288 10607 I Node    : dolby-audio-meter, AdapterPcmOut adapter audio meter: channel 0; audio level: 0.000
12-29 10:53:39.627   288 10607 I Node    : dolby-audio-meter, AdapterPcmOut adapter audio meter: channel 1; audio level: 0.000
12-29 10:53:49.653   288 10607 I Node    : dolby-audio-meter, AdapterPcmSystem adapter audio meter: channel 0; audio level: 0.000
12-29 10:53:49.653   288 10607 I Node    : dolby-audio-meter, AdapterPcmSystem adapter audio meter: channel 1; audio level: 0.000
12-29 10:53:49.653   288 10607 I RendererNode: dolby-audio-meter, Renderer renderer audio meter: channel 0; audio level: 0.000
12-29 10:53:49.653   288 10607 I RendererNode: dolby-audio-meter, Renderer renderer audio meter: channel 1; audio level: 0.000
12-29 10:53:49.653   288 10607 I RendererNode: dolby-audio-meter, Renderer renderer audio meter: channel 2; audio level: 0.000
12-29 10:53:49.653   288 10607 I RendererNode: dolby-audio-meter, Renderer renderer audio meter: channel 3; audio level: 0.000
12-29 10:53:49.653   288 10607 I RendererNode: dolby-audio-meter, Renderer renderer audio meter: channel 4; audio level: 0.000
12-29 10:53:49.653   288 10607 I RendererNode: dolby-audio-meter, Renderer renderer audio meter: channel 5; audio level: 0.000
12-29 10:53:49.653   288 10607 I Node    : dolby-audio-meter, AdapterPcmOut adapter audio meter: channel 0; audio level: 0.000
12-29 10:53:49.653   288 10607 I Node    : dolby-audio-meter, AdapterPcmOut adapter audio meter: channel 1; audio level: 0.000
12-29 10:53:50.315  1454 20765 I whad    : DeviceClusterManager:onHeartBeat:seq=6780,xmit=433165182530487,recv=433165337446410,uniqueId=XX0RV9,highNetworkLatency=1
12-29 10:53:53.304   618   753 I WifiDiagsUtil: event=RUN_TEST_CONTINUOUSLY
12-29 10:53:53.304   618   753 I WifiDiagsUtil: event=logPacketStats, rx_bytes=86531333, rx_packets=60568, tx_bytes=2139811, tx_packets=30796
12-29 10:53:53.305   618   753 I WifiDiagsUtil: event=logPacketStats, daily_rx_bytes=174309181, daily_rx_packets=130264, daily_tx_bytes=6123856, daily_tx_packets=68406
12-29 10:53:53.307   618   753 I WifiDiagsUtil: event=pingTest, TARGET_TYPE=LOCALHOST, IP=127.0.0.1
12-29 10:53:53.311   618   753 I WifiDiagsUtil: event=pingsComplete, TARGET_TYPE=LOCALHOST, IP=XXX, PKTS_TX=5, PKTS_RX=5, PKT_LOSS=0.0%, AVG_TIME=0,34
12-29 10:53:53.311   618   753 I WifiDiagsUtil: event=pingTest, TARGET_TYPE=GATEWAY, IP=192.168.3.1
12-29 10:53:53.323   618   753 I WifiDiagsUtil: event=pingsComplete, TARGET_TYPE=GATEWAY, IP=XXX, PKTS_TX=5, PKTS_RX=5, PKT_LOSS=0.0%, AVG_TIME=2,07
12-29 10:53:53.323   618   753 I WifiDiagsUtil: event=pingTest, TARGET_TYPE=NAMESERVER1, IP=XXX
12-29 10:53:53.337   618   753 I WifiDiagsUtil: event=pingsComplete, TARGET_TYPE=NAMESERVER1, IP=XXX, PKTS_TX=5, PKTS_RX=5, PKT_LOSS=0.0%, AVG_TIME=2,56
12-29 10:53:53.338   618   753 I WifiDiagsUtil: event=preConfiguredDNSDetected, action=skipPingTest, nameserver=xxx.xxx.xxx...
12-29 10:53:53.338   618   753 I WifiDiagsUtil: event=pingTest, TARGET_TYPE=NAMESERVER3, IP=XXX
12-29 10:53:53.351   618   753 I WifiDiagsUtil: event=pingsComplete, TARGET_TYPE=NAMESERVER3, IP=XXX, PKTS_TX=5, PKTS_RX=5, PKT_LOSS=0.0%, AVG_TIME=2,20
12-29 10:53:53.351   618   753 I WifiDiagsUtil: event=runHttpConnectionTestAttempt, host=http://firetvcaptiveportal.com/generate_204
12-29 10:53:53.709   618   753 I WifiDiagsUtil: event=runHttpConnectionTestSuccess, host=http://firetvcaptiveportal.com/generate_204, httpCode=204, latency=357
12-29 10:53:53.709   618   753 I WifiDiagsUtil: event=GOOD_CONNECTION
12-29 10:53:53.709   618   753 I NetWatchDog: event=resetNetWatchdog, timeoutMS=900000
12-29 10:53:53.710   618   753 I WifiDiagsUtil: event=reportNetworkStatistics, action=reportNetworkConnectivity, hasConnectivity=true
12-29 10:53:53.710   618   753 I WifiDiagsUtil: broadcastDiagsResults
12-29 10:53:53.713   618   753 I WifiDiagsUtil: event=stateDuration, duration=1110123
12-29 10:53:53.713   618   753 I WifiDiagsUtil: event=recordDataInTestEndpointStatistics, isEmitmetric=false
12-29 10:53:53.733 20189 20772 I com.amazon.diode.events.EventSaverService: Got external event for client WifiDiagsUtil
12-29 10:53:53.735 20189 20772 W com.amazon.diode.store.FIFOFile: Overwriting 1 elements to make room in store WifiDiagsUtil
12-29 10:53:53.987   618   630 W IMGMemtrackHAL: hal_get_memory: memtrack cache rebuild was required
12-29 10:53:54.072   618   630 W IMGMemtrackHAL: hal_get_memory: memtrack cache rebuild was required
12-29 10:53:54.122   618   630 W IMGMemtrackHAL: hal_get_memory: memtrack cache rebuild was required
12-29 10:53:57.114 25906 25983 I DiebusMetrics: Starting reporting metrics
12-29 10:53:57.114 25906 25983 I DiebusMetrics: End reporting metrics
12-29 10:53:57.769 25906 25968 I DiebusMetrics: Starting reporting metrics
12-29 10:53:57.769 25906 25968 I DiebusMetrics: End reporting metrics
12-29 10:53:59.658   288 10607 I Node    : dolby-audio-meter, AdapterPcmSystem adapter audio meter: channel 0; audio level: 0.000
12-29 10:53:59.658   288 10607 I Node    : dolby-audio-meter, AdapterPcmSystem adapter audio meter: channel 1; audio level: 0.000
12-29 10:53:59.658   288 10607 I RendererNode: dolby-audio-meter, Renderer renderer audio meter: channel 0; audio level: 0.000
12-29 10:53:59.658   288 10607 I RendererNode: dolby-audio-meter, Renderer renderer audio meter: channel 1; audio level: 0.000
12-29 10:53:59.658   288 10607 I RendererNode: dolby-audio-meter, Renderer renderer audio meter: channel 2; audio level: 0.000
12-29 10:53:59.659   288 10607 I RendererNode: dolby-audio-meter, Renderer renderer audio meter: channel 3; audio level: 0.000
12-29 10:53:59.659   288 10607 I RendererNode: dolby-audio-meter, Renderer renderer audio meter: channel 4; audio level: 0.000
12-29 10:53:59.659   288 10607 I RendererNode: dolby-audio-meter, Renderer renderer audio meter: channel 5; audio level: 0.000
12-29 10:53:59.659   288 10607 I Node    : dolby-audio-meter, AdapterPcmOut adapter audio meter: channel 0; audio level: 0.000
12-29 10:53:59.659   288 10607 I Node    : dolby-audio-meter, AdapterPcmOut adapter audio meter: channel 1; audio level: 0.000
12-29 10:54:02.017  1454  8140 I whad    : TimeSyncClient:clientThread:reason=skewOrDriftChange,server=XX0QS8,time=433171.128940,skewX=430860.926759,skewY=5.865880,drift=1.782576,reportedDrift=1.782576,numExchanges=708725
12-29 10:54:09.685   288 10607 I Node    : dolby-audio-meter, AdapterPcmSystem adapter audio meter: channel 0; audio level: 0.000
12-29 10:54:09.685   288 10607 I Node    : dolby-audio-meter, AdapterPcmSystem adapter audio meter: channel 1; audio level: 0.000
12-29 10:54:09.685   288 10607 I RendererNode: dolby-audio-meter, Renderer renderer audio meter: channel 0; audio level: 0.000
12-29 10:54:09.685   288 10607 I RendererNode: dolby-audio-meter, Renderer renderer audio meter: channel 1; audio level: 0.000
12-29 10:54:09.685   288 10607 I RendererNode: dolby-audio-meter, Renderer renderer audio meter: channel 2; audio level: 0.000
12-29 10:54:09.685   288 10607 I RendererNode: dolby-audio-meter, Renderer renderer audio meter: channel 3; audio level: 0.000
12-29 10:54:09.685   288 10607 I RendererNode: dolby-audio-meter, Renderer renderer audio meter: channel 4; audio level: 0.000
12-29 10:54:09.685   288 10607 I RendererNode: dolby-audio-meter, Renderer renderer audio meter: channel 5; audio level: 0.000
12-29 10:54:09.685   288 10607 I Node    : dolby-audio-meter, AdapterPcmOut adapter audio meter: channel 0; audio level: 0.000
12-29 10:54:09.685   288 10607 I Node    : dolby-audio-meter, AdapterPcmOut adapter audio meter: channel 1; audio level: 0.000
12-29 10:54:17.199 20852 20852 I main.wifi_log_levels: wifi_log_levels:wlan0:rssi=-52;rssi2=-48;noise=-84;noise2=-81;channel=149;txframes=13895468;txfails=303399;txper=2%;txaggr= 1 0 0 0 0 0 0 0;rxframes=27596072;rxcrc=28078225;rxper=50.4%;rxdrop=21636543;phymode=AC;phyrate=866;lasttxrate=NSS2_MCS9_BW80;lastrxrate=NSS2_MCS9_BW80; 
12-29 10:54:17.219 20853 20853 I main.wifi_log_levels: tx_packets=13660073;tx_bytes=3042227783;tx_errors=12;tx_dropped=0;rx_packets=25584347;rx_bytes=2886176204;rx_errors=0;rx_dropped=0;wlan0 arp=STALE 
12-29 10:54:17.238 20854 20854 I main.wifi_log_levels: max_rssi=-45;min_rssi=-69;max_noise=-81;min_noise=-92;noise histogram=0 0 0 0 1 92 2948 569286 13541 0 3039 
12-29 10:54:17.276 20856 20856 I main.wifi_log_levels: wifi_log_levels:ch_busy=8%;ch_idle=92%;ch_tx=0%;ch_rx=0%;tx_ok=94%;tx_fail=6%;tx_retry=0%;rx_ok=9%;rx_fcs=91%;tx_ok=32;tx_fail=2;tx_retry=0;rx_ok=12;rx_fcs=118;cck_false=0;cck_crc=0;ofdm_false=860;ofdm_crc=1; 
12-29 10:54:17.422 20867 20867 I main.wifi_log_levels: TXRATE=NSS2_MCS9, BW80, SGI, VHT, LDPC; PER=04%; PERCNT=30%;RXRATE=NSS2_MCS9, BW80, SGI, VHT, LDPC; PERCNT=80%;RXRATE=6M, BW20, OFDM, BCC; PERCNT=20%; 
12-29 10:54:17.454  1399 29103 I com.amazon.vizzini/mo: Using the FireOSPlatformDCPMetricsCollector
12-29 10:54:17.457   889 20872 I ...imp/TokenJobQueue[0]: Begin executing task GetToken:com.amazon.vizzini/com.amazon.dcp.sso.token.oauth.amazon.access_token
12-29 10:54:17.458   889 20872 I ...imp/TokenJobQueue[0]: Scheduled running concurrent job GetToken:com.amazon.vizzini/com.amazon.dcp.sso.token.oauth.amazon.access_token.
12-29 10:54:17.458   889 20873 I ...nformationQueryer[0]: Populate change for remote MAP info.
12-29 10:54:17.458   889 20873 I ...nformationQueryer[0]: CacheContainsPartialResults? true
12-29 10:54:17.460   889 20873 I ...imp/TokenJobQueue[0]: Finish executing task GetToken:com.amazon.vizzini/com.amazon.dcp.sso.token.oauth.amazon.access_token.
12-29 10:54:19.690   288 10607 I Node    : dolby-audio-meter, AdapterPcmSystem adapter audio meter: channel 0; audio level: 0.000
12-29 10:54:19.690   288 10607 I Node    : dolby-audio-meter, AdapterPcmSystem adapter audio meter: channel 1; audio level: 0.000
12-29 10:54:19.690   288 10607 I RendererNode: dolby-audio-meter, Renderer renderer audio meter: channel 0; audio level: 0.000
12-29 10:54:19.690   288 10607 I RendererNode: dolby-audio-meter, Renderer renderer audio meter: channel 1; audio level: 0.000
12-29 10:54:19.690   288 10607 I RendererNode: dolby-audio-meter, Renderer renderer audio meter: channel 2; audio level: 0.000
12-29 10:54:19.691   288 10607 I RendererNode: dolby-audio-meter, Renderer renderer audio meter: channel 3; audio level: 0.000
12-29 10:54:19.691   288 10607 I RendererNode: dolby-audio-meter, Renderer renderer audio meter: channel 4; audio level: 0.000
12-29 10:54:19.691   288 10607 I RendererNode: dolby-audio-meter, Renderer renderer audio meter: channel 5; audio level: 0.000
12-29 10:54:19.691   288 10607 I Node    : dolby-audio-meter, AdapterPcmOut adapter audio meter: channel 0; audio level: 0.000
12-29 10:54:19.691   288 10607 I Node    : dolby-audio-meter, AdapterPcmOut adapter audio meter: channel 1; audio level: 0.000
12-29 10:54:20.325  1454 20831 I whad    : DeviceClusterManager:onHeartBeat:seq=6783,xmit=433195183801383,recv=433195347485345,uniqueId=XX0RV9,highNetworkLatency=1
12-29 10:54:29.717   288 10607 I Node    : dolby-audio-meter, AdapterPcmSystem adapter audio meter: channel 0; audio level: 0.000
12-29 10:54:29.717   288 10607 I Node    : dolby-audio-meter, AdapterPcmSystem adapter audio meter: channel 1; audio level: 0.000
12-29 10:54:29.717   288 10607 I RendererNode: dolby-audio-meter, Renderer renderer audio meter: channel 0; audio level: 0.000
12-29 10:54:29.717   288 10607 I RendererNode: dolby-audio-meter, Renderer renderer audio meter: channel 1; audio level: 0.000
12-29 10:54:29.717   288 10607 I RendererNode: dolby-audio-meter, Renderer renderer audio meter: channel 2; audio level: 0.000
12-29 10:54:29.717   288 10607 I RendererNode: dolby-audio-meter, Renderer renderer audio meter: channel 3; audio level: 0.000
12-29 10:54:29.717   288 10607 I RendererNode: dolby-audio-meter, Renderer renderer audio meter: channel 4; audio level: 0.000
12-29 10:54:29.717   288 10607 I RendererNode: dolby-audio-meter, Renderer renderer audio meter: channel 5; audio level: 0.000
12-29 10:54:29.717   288 10607 I Node    : dolby-audio-meter, AdapterPcmOut adapter audio meter: channel 0; audio level: 0.000
12-29 10:54:29.717   288 10607 I Node    : dolby-audio-meter, AdapterPcmOut adapter audio meter: channel 1; audio level: 0.000
12-29 10:54:34.726  1399 20882 I SPCH-Cont_HealthLogger: Current State = {"ProfileValidated":"true","ProfileType":"ADULT","Gateway":"avs-alexa-18-na.amazon.com:443","memoryLow":"false","ReleaseVersion":"655.1.3","AlexaLegalTermsAccepted":"true","memoryAvailable":"932970496","SupportsFarField":"false","RemoteSettingsStrategy":"VizArcus","memoryTotalPss":"47454","memoryTotalSharedDirty":"3484","DeviceFamily":"SMP","str.auto_wake_up_always":"0","OOBECompleted":"true","AppVersion":"3.0.16038.0","AlexaCaptionsSupported":"true","memoryTotalPrivateDirty":"25167","AlexaShortcutsEnabled":"{\"all\": true, \"runtime\": true, \"locale\": true, \"isChild\": false}","Account":"valid","ConnectionState":"CONNECTED","AlexaCaptionsEnabled":"false","AlexaExperience":"FULL"}
12-29 10:54:39.722   288 10607 I Node    : dolby-audio-meter, AdapterPcmSystem adapter audio meter: channel 0; audio level: 0.000
12-29 10:54:39.722   288 10607 I Node    : dolby-audio-meter, AdapterPcmSystem adapter audio meter: channel 1; audio level: 0.000
12-29 10:54:39.722   288 10607 I RendererNode: dolby-audio-meter, Renderer renderer audio meter: channel 0; audio level: 0.000
12-29 10:54:39.722   288 10607 I RendererNode: dolby-audio-meter, Renderer renderer audio meter: channel 1; audio level: 0.000
12-29 10:54:39.722   288 10607 I RendererNode: dolby-audio-meter, Renderer renderer audio meter: channel 2; audio level: 0.000
12-29 10:54:39.722   288 10607 I RendererNode: dolby-audio-meter, Renderer renderer audio meter: channel 3; audio level: 0.000
12-29 10:54:39.723   288 10607 I RendererNode: dolby-audio-meter, Renderer renderer audio meter: channel 4; audio level: 0.000
12-29 10:54:39.723   288 10607 I RendererNode: dolby-audio-meter, Renderer renderer audio meter: channel 5; audio level: 0.000
12-29 10:54:39.723   288 10607 I Node    : dolby-audio-meter, AdapterPcmOut adapter audio meter: channel 0; audio level: 0.000
12-29 10:54:39.723   288 10607 I Node    : dolby-audio-meter, AdapterPcmOut adapter audio meter: channel 1; audio level: 0.000
12-29 10:54:49.749   288 10607 I Node    : dolby-audio-meter, AdapterPcmSystem adapter audio meter: channel 0; audio level: 0.000
12-29 10:54:49.749   288 10607 I Node    : dolby-audio-meter, AdapterPcmSystem adapter audio meter: channel 1; audio level: 0.000
12-29 10:54:49.749   288 10607 I RendererNode: dolby-audio-meter, Renderer renderer audio meter: channel 0; audio level: 0.000
12-29 10:54:49.749   288 10607 I RendererNode: dolby-audio-meter, Renderer renderer audio meter: channel 1; audio level: 0.000
12-29 10:54:49.749   288 10607 I RendererNode: dolby-audio-meter, Renderer renderer audio meter: channel 2; audio level: 0.000
12-29 10:54:49.749   288 10607 I RendererNode: dolby-audio-meter, Renderer renderer audio meter: channel 3; audio level: 0.000
12-29 10:54:49.749   288 10607 I RendererNode: dolby-audio-meter, Renderer renderer audio meter: channel 4; audio level: 0.000
12-29 10:54:49.749   288 10607 I RendererNode: dolby-audio-meter, Renderer renderer audio meter: channel 5; audio level: 0.000
12-29 10:54:49.749   288 10607 I Node    : dolby-audio-meter, AdapterPcmOut adapter audio meter: channel 0; audio level: 0.000
12-29 10:54:49.749   288 10607 I Node    : dolby-audio-meter, AdapterPcmOut adapter audio meter: channel 1; audio level: 0.000
12-29 10:54:59.754   288 10607 I Node    : dolby-audio-meter, AdapterPcmSystem adapter audio meter: channel 0; audio level: 0.000
12-29 10:54:59.754   288 10607 I Node    : dolby-audio-meter, AdapterPcmSystem adapter audio meter: channel 1; audio level: 0.000
12-29 10:54:59.754   288 10607 I RendererNode: dolby-audio-meter, Renderer renderer audio meter: channel 0; audio level: 0.000
12-29 10:54:59.754   288 10607 I RendererNode: dolby-audio-meter, Renderer renderer audio meter: channel 1; audio level: 0.000
12-29 10:54:59.754   288 10607 I RendererNode: dolby-audio-meter, Renderer renderer audio meter: channel 2; audio level: 0.000
12-29 10:54:59.755   288 10607 I RendererNode: dolby-audio-meter, Renderer renderer audio meter: channel 3; audio level: 0.000
12-29 10:54:59.755   288 10607 I RendererNode: dolby-audio-meter, Renderer renderer audio meter: channel 4; audio level: 0.000
12-29 10:54:59.755   288 10607 I RendererNode: dolby-audio-meter, Renderer renderer audio meter: channel 5; audio level: 0.000
12-29 10:54:59.755   288 10607 I Node    : dolby-audio-meter, AdapterPcmOut adapter audio meter: channel 0; audio level: 0.000
12-29 10:54:59.755   288 10607 I Node    : dolby-audio-meter, AdapterPcmOut adapter audio meter: channel 1; audio level: 0.000
12-29 10:55:02.034  1454  8140 I whad    : TimeSyncClient:clientThread:reason=skewOrDriftChange,server=XX0QS8,time=433231.145607,skewX=430890.935092,skewY=5.865937,drift=1.782576,reportedDrift=1.782576,numExchanges=708824
12-29 10:55:03.797   827  4042 I ...atformDependencyImpl: isAmazonDevice() in ClientSideAmazonPlatformDependencyImpl is called
12-29 10:55:03.798   827  4042 I ...atformDependencyImpl: isAmazonDevice() in ClientSideAmazonPlatformDependencyImpl is called
12-29 10:55:06.051  1454  2516 I whad    : Maintenance:onStitchGroupLogTimeout:NonParticipants=; StableNonParticipants=XX0RV9,XX0QS8; StableParticipants=; UnstableParticipants=; UntestedParticipants=
12-29 10:55:06.248  1399  2650 I DirectiveCache: Cleaning up DirectiveCache, current size: 0
12-29 10:55:06.248  1399  2066 E SPCH-MinervaSchemaStorage: No schema was found for source SIM_basic
12-29 10:55:06.249  1399  2066 E SPCH-MinervaSchemaRetriever: No schema was found for metric SIM.DirectiveCache.CacheEmptyBeforeTrim in source SIM_basic
12-29 10:55:06.249  1399  2066 E SPCH-MinervaSchemaStorage: No schema was found for source SIM_basic
12-29 10:55:06.249  1399  2066 E SPCH-MinervaSchemaRetriever: No schema was found for metric SIM.DirectiveCache.UnchangedCacheSize in source SIM_basic
12-29 10:55:09.781   288 10607 I Node    : dolby-audio-meter, AdapterPcmSystem adapter audio meter: channel 0; audio level: 0.000
12-29 10:55:09.781   288 10607 I Node    : dolby-audio-meter, AdapterPcmSystem adapter audio meter: channel 1; audio level: 0.000
12-29 10:55:09.781   288 10607 I RendererNode: dolby-audio-meter, Renderer renderer audio meter: channel 0; audio level: 0.000
12-29 10:55:09.781   288 10607 I RendererNode: dolby-audio-meter, Renderer renderer audio meter: channel 1; audio level: 0.000
12-29 10:55:09.781   288 10607 I RendererNode: dolby-audio-meter, Renderer renderer audio meter: channel 2; audio level: 0.000
12-29 10:55:09.781   288 10607 I RendererNode: dolby-audio-meter, Renderer renderer audio meter: channel 3; audio level: 0.000
12-29 10:55:09.781   288 10607 I RendererNode: dolby-audio-meter, Renderer renderer audio meter: channel 4; audio level: 0.000
12-29 10:55:09.781   288 10607 I RendererNode: dolby-audio-meter, Renderer renderer audio meter: channel 5; audio level: 0.000
12-29 10:55:09.781   288 10607 I Node    : dolby-audio-meter, AdapterPcmOut adapter audio meter: channel 0; audio level: 0.000
12-29 10:55:09.781   288 10607 I Node    : dolby-audio-meter, AdapterPcmOut adapter audio meter: channel 1; audio level: 0.000
12-29 10:55:17.018  1454  8140 I whad    : TimeSyncClient:clientThread:reason=skewOrDriftChange,server=XX0QS8,time=433246.129930,skewX=431438.207778,skewY=5.866916,drift=1.784354,reportedDrift=1.784354,numExchanges=708848
12-29 10:55:18.867  1148  1148 I ADM     : [ADM][D2SM]Received Intent: Intent { act=com.amazon.dcp.messaging.action.FLUSH_MESSAGES flg=0x4 (has extras) } startId: 1
12-29 10:55:18.868  1148 20898 I ADM     : [ADM][D2SM]in NetworkCallback.onAvailable
12-29 10:55:18.871  1148  1148 I ADM     : [ADM][D2SM]Received Intent: Intent { act=com.amazon.dcp.messaging.action.SCHEDULE_FLUSH cmp=com.amazon.device.messaging/.OdotService } startId: 2
12-29 10:55:18.887  1148 20899 I ADM     : [ADM][D2SM][Flush]Metrics Key is: Size. Value is: 209
12-29 10:55:18.887  1148 20899 I ADM     : [ADM][D2SM][Flush]Metrics Key is: NumOfMessages. Value is: 1
12-29 10:55:18.887 10266 10266 I AmazonAppstore.AndroidKeystoreKeyProvider: Key already initialized in Keystore
12-29 10:55:18.887 10266 10266 I AmazonAppstore.DeviceInformation: Requesting device type from MAP
12-29 10:55:18.888 10266 10266 I AmazonAppstore.MigrationHelper: Migration status - true
12-29 10:55:18.888  1148 20899 I ADM     : [ADM][D2SM][Flush]Metrics Key is: App. Value is: com.amazon.tv.launcher
12-29 10:55:18.888  1148 20899 I ADM     : [ADM][D2SM][Flush]Metrics Key is: Topic. Value is: FireTvComradeData
12-29 10:55:18.889  1148 20899 I ADM     : [ADM][D2SM][Flush]Flush Messages: Flushing a batch of 1 messages.
12-29 10:55:18.891  1148 20899 I ...atformDependencyImpl: isAmazonDevice() in ClientSideAmazonPlatformDependencyImpl is called
12-29 10:55:18.896 10266 10266 I AmazonAppstore.AndroidKeystoreKeyProvider: Key already initialized in Keystore
12-29 10:55:18.896 10266 10266 I AmazonAppstore.DeviceInformation: Requesting device type from MAP
12-29 10:55:18.896 10266 10266 I AmazonAppstore.MigrationHelper: Migration status - true
12-29 10:55:18.909 10266 10266 I SyncToDeviceJob: SimpleSignIn : SSI Sync started at 1767016518909
12-29 10:55:18.911 10266 20900 I JugglerConfig: SimpleSignIn : Feature config fetch : {"ATVPDKIKX0DER": false,"default": false}
12-29 10:55:18.917 10266 20900 I SyncToDeviceJob: SimpleSignIn : Feature not enabled.
12-29 10:55:18.927  1148 20899 I DCP     : [2ddeb181-6458-442a-abf3-99e9f40fa360][Auth]POST https://device-messaging-na.amazon.com/PostMessages  (attempt 1)
12-29 10:55:18.930  1148 20901 I com.amazon.dcp.framework.ConnectivityEnforcer: Network with type -1 is already connected
12-29 10:55:18.930  1148 20899 I ...atformDependencyImpl: isAmazonDevice() in ClientSideAmazonPlatformDependencyImpl is called
12-29 10:55:18.931  1148 20899 I ...g/AmazonSerialNumber: MAP Client side on FireOS 6 or below calls android.os.Build to get the DSN.
12-29 10:55:18.931  1148 20899 I ...onInformationQueryer: Populate change for remote MAP info.
12-29 10:55:18.931  1148 20899 I ...onInformationQueryer: CacheContainsPartialResults? true
12-29 10:55:18.934  1148 20899 E ...ng/DeviceTypeHelpers: Cannot get remote map information even including the calling app itself! This could happen only the calling app is IMP!
12-29 10:55:18.936  1148 20899 I ...atformDependencyImpl: isAmazonDevice() in ClientSideAmazonPlatformDependencyImpl is called
12-29 10:55:18.936  1148 20899 I ...g/LocalKeyValueStore: Create DE shared preference, OS supports direct boot.
12-29 10:55:18.937  1148 20899 I ...atformDependencyImpl: isAmazonDevice() in ClientSideAmazonPlatformDependencyImpl is called
12-29 10:55:18.992  1148 20899 I DCP     : ConnectException occurred: Connection refused
12-29 10:55:18.993  1148 20899 W DCP     : [2ddeb181-6458-442a-abf3-99e9f40fa360][Auth]Unexpected state transition Handshaking -> WaitingForResponse
12-29 10:55:18.995  1148 20899 E DCP     : Error occurred while establishing connection!
12-29 10:55:18.995  1148 20899 E DCP     : java.net.ConnectException: Connection refused
12-29 10:55:18.995  1148 20899 E DCP     : 	at java.net.PlainSocketImpl.socketConnect(Native Method)
12-29 10:55:18.995  1148 20899 E DCP     : 	at java.net.AbstractPlainSocketImpl.doConnect(AbstractPlainSocketImpl.java:334)
12-29 10:55:18.995  1148 20899 E DCP     : 	at java.net.AbstractPlainSocketImpl.connectToAddress(AbstractPlainSocketImpl.java:194)
12-29 10:55:18.995  1148 20899 E DCP     : 	at java.net.AbstractPlainSocketImpl.connect(AbstractPlainSocketImpl.java:178)
12-29 10:55:18.995  1148 20899 E DCP     : 	at java.net.SocksSocketImpl.connect(SocksSocketImpl.java:356)
12-29 10:55:18.995  1148 20899 E DCP     : 	at java.net.Socket.connect(Socket.java:605)
12-29 10:55:18.995  1148 20899 E DCP     : 	at com.android.okhttp.internal.Platform.connectSocket(Platform.java:113)
12-29 10:55:18.995  1148 20899 E DCP     : 	at com.android.okhttp.Connection.connectSocket(Connection.java:196)
12-29 10:55:18.995  1148 20899 E DCP     : 	at com.android.okhttp.Connection.connect(Connection.java:172)
12-29 10:55:18.995  1148 20899 E DCP     : 	at com.android.okhttp.Connection.connectAndSetOwner(Connection.java:367)
12-29 10:55:18.995  1148 20899 E DCP     : 	at com.android.okhttp.OkHttpClient$1.connectAndSetOwner(OkHttpClient.java:130)
12-29 10:55:18.995  1148 20899 E DCP     : 	at com.android.okhttp.internal.http.HttpEngine.connect(HttpEngine.java:329)
12-29 10:55:18.995  1148 20899 E DCP     : 	at com.android.okhttp.internal.http.HttpEngine.sendRequest(HttpEngine.java:246)
12-29 10:55:18.995  1148 20899 E DCP     : 	at com.android.okhttp.internal.huc.HttpURLConnectionImpl.execute(HttpURLConnectionImpl.java:457)
12-29 10:55:18.995  1148 20899 E DCP     : 	at com.android.okhttp.internal.huc.HttpURLConnectionImpl.connect(HttpURLConnectionImpl.java:126)
12-29 10:55:18.995  1148 20899 E DCP     : 	at com.android.okhttp.internal.huc.HttpURLConnectionImpl.getOutputStream(HttpURLConnectionImpl.java:257)
12-29 10:55:18.995  1148 20899 E DCP     : 	at com.android.okhttp.internal.huc.DelegatingHttpsURLConnection.getOutputStream(DelegatingHttpsURLConnection.java:218)
12-29 10:55:18.995  1148 20899 E DCP     : 	at com.android.okhttp.internal.huc.HttpsURLConnectionImpl.getOutputStream(HttpsURLConnectionImpl.java)
12-29 10:55:18.995  1148 20899 E DCP     : 	at com.amazon.identity.auth.request.HttpOutputStreamWrapper.flushToUnderlyingStream(HttpOutputStreamWrapper.java:3)
12-29 10:55:18.995  1148 20899 E DCP     : 	at com.amazon.identity.auth.device.api.AuthenticatedHttpURLConnection.performOnConnectionRequested(AuthenticatedHttpURLConnection.java:18)
12-29 10:55:18.995  1148 20899 E DCP     : 	at com.amazon.identity.auth.device.framework.WrappableHttpURLConnection.onConnectionRequested(WrappableHttpURLConnection.java:16)
12-29 10:55:18.995  1148 20899 E DCP     : 	at com.amazon.identity.auth.device.framework.WrappableHttpURLConnection.connect(WrappableHttpURLConnection.java:1)
12-29 10:55:18.995  1148 20899 E DCP     : 	at com.amazon.identity.auth.device.api.AuthenticatedHttpsURLConnection.connect(AuthenticatedHttpsURLConnection.java:1)
12-29 10:55:18.995  1148 20899 E DCP     : 	at com.amazon.dcp.framework.iuc.ConnectionWrapper.connect(DCP:326)
12-29 10:55:18.995  1148 20899 E DCP     : 	at com.amazon.dcp.framework.iuc.LoggingURLConnection.connect(DCP:83)
12-29 10:55:18.995  1148 20899 E DCP     : 	at com.amazon.dcp.framework.iuc.ConnectionEstablisherWithExternalConnectionFactory.doEstablishConnectionWithBody(DCP:95)
12-29 10:55:18.995  1148 20899 E DCP     : 	at com.amazon.dcp.framework.iuc.ConnectionEstablisherWithExternalConnectionFactory.access$000(DCP:19)
12-29 10:55:18.995  1148 20899 E DCP     : 	at com.amazon.dcp.framework.iuc.ConnectionEstablisherWithExternalConnectionFactory$1.onBodyAvailable(DCP:76)
12-29 10:55:18.995  1148 20899 E DCP     : 	at com.amazon.dcp.framework.iuc.ConnectionWithBufferedOutput.processBody(DCP:46)
12-29 10:55:18.995  1148 20899 E DCP     : 	at com.amazon.dcp.framework.iuc.ConnectionWithBufferedOutput.access$000(DCP:15)
12-29 10:55:18.995  1148 20899 E DCP     : 	at com.amazon.dcp.framework.iuc.ConnectionWithBufferedOutput$1.close(DCP:22)
12-29 10:55:18.995  1148 20899 E DCP     : 	at com.amazon.org.apache.commons.io.IOUtils.closeQuietly(DCP:339)
12-29 10:55:18.995  1148 20899 E DCP     : 	at com.amazon.org.apache.commons.io.IOUtils.closeQuietly(DCP:298)
12-29 10:55:18.995  1148 20899 E DCP     : 	at com.amazon.dcp.framework.iuc.ConnectionEstablisherWithRetry.establishConnectionWithTimeout(DCP:168)
12-29 10:55:18.995  1148 20899 E DCP     : 	at com.amazon.dcp.framework.iuc.ConnectionEstablisherWithRetry.doEstablishConnectionWithBody(DCP:88)
12-29 10:55:18.995  1148 20899 E DCP     : 	at com.amazon.dcp.framework.iuc.ConnectionEstablisherWithRetry.access$000(DCP:24)
12-29 10:55:18.995  1148 20899 E DCP     : 	at com.amazon.dcp.framework.iuc.ConnectionEstablisherWithRetry$1.onBodyAvailable(DCP:76)
12-29 10:55:18.995  1148 20899 E DCP     : 	at com.amazon.dcp.framework.iuc.ConnectionWithBufferedOutput.processBody(DCP:46)
12-29 10:55:18.995  1148 20899 E DCP     : 	at com.amazon.dcp.framework.iuc.ConnectionWithBufferedOutput.access$000(DCP:15)
12-29 10:55:18.995  1148 20899 E DCP     : 	at com.amazon.dcp.framework.iuc.ConnectionWithBufferedOutput$1.close(DCP:22)
12-29 10:55:18.995  1148 20899 E DCP     : 	at com.amazon.org.apache.commons.io.IOUtils.closeQuietly(DCP:339)
12-29 10:55:18.995  1148 20899 E DCP     : 	at com.amazon.org.apache.commons.io.IOUtils.closeQuietly(DCP:298)
12-29 10:55:18.995  1148 20899 E DCP     : 	at com.amazon.dcp.framework.iuc.InstrumentedWebserviceCall.writeBodyIfRequired(DCP:194)
12-29 10:55:18.995  1148 20899 E DCP     : 	at com.amazon.dcp.framework.iuc.InstrumentedWebserviceCall.call(DCP:89)
12-29 10:55:18.995  1148 20899 E DCP     : 	at com.amazon.device.messaging.OdotServiceHelper.doWebserviceCall(DCP:1148)
12-29 10:55:18.995  1148 20899 E DCP     : 	at com.amazon.device.messaging.OdotServiceHelp
12-29 10:55:18.995  1148 20899 I DCP     : Connection attempt will be performed in 0 sec
12-29 10:55:19.577  1148 20899 I ...atformDependencyImpl: isAmazonDevice() in ClientSideAmazonPlatformDependencyImpl is called
12-29 10:55:19.577  1148 20899 I ...g/AmazonSerialNumber: MAP Client side on FireOS 6 or below calls android.os.Build to get the DSN.
12-29 10:55:19.578  1148 20899 I ...onInformationQueryer: Populate change for remote MAP info.
12-29 10:55:19.578  1148 20899 I ...onInformationQueryer: CacheContainsPartialResults? true
12-29 10:55:19.581  1148 20899 E ...ng/DeviceTypeHelpers: Cannot get remote map information even including the calling app itself! This could happen only the calling app is IMP!
12-29 10:55:19.583  1148 20899 I ...atformDependencyImpl: isAmazonDevice() in ClientSideAmazonPlatformDependencyImpl is called
12-29 10:55:19.584  1148 20899 I ...g/LocalKeyValueStore: Create DE shared preference, OS supports direct boot.
12-29 10:55:19.585  1148 20899 I ...atformDependencyImpl: isAmazonDevice() in ClientSideAmazonPlatformDependencyImpl is called
12-29 10:55:19.659  1148 20899 I DCP     : ConnectException occurred: Connection refused
12-29 10:55:19.661  1148 20899 E DCP     : Error occurred while establishing connection!
12-29 10:55:19.661  1148 20899 E DCP     : java.net.ConnectException: Connection refused
12-29 10:55:19.661  1148 20899 E DCP     : 	at java.net.PlainSocketImpl.socketConnect(Native Method)
12-29 10:55:19.661  1148 20899 E DCP     : 	at java.net.AbstractPlainSocketImpl.doConnect(AbstractPlainSocketImpl.java:334)
12-29 10:55:19.661  1148 20899 E DCP     : 	at java.net.AbstractPlainSocketImpl.connectToAddress(AbstractPlainSocketImpl.java:194)
12-29 10:55:19.661  1148 20899 E DCP     : 	at java.net.AbstractPlainSocketImpl.connect(AbstractPlainSocketImpl.java:178)
12-29 10:55:19.661  1148 20899 E DCP     : 	at java.net.SocksSocketImpl.connect(SocksSocketImpl.java:356)
12-29 10:55:19.661  1148 20899 E DCP     : 	at java.net.Socket.connect(Socket.java:605)
12-29 10:55:19.661  1148 20899 E DCP     : 	at com.android.okhttp.internal.Platform.connectSocket(Platform.java:113)
12-29 10:55:19.661  1148 20899 E DCP     : 	at com.android.okhttp.Connection.connectSocket(Connection.java:196)
12-29 10:55:19.661  1148 20899 E DCP     : 	at com.android.okhttp.Connection.connect(Connection.java:172)
12-29 10:55:19.661  1148 20899 E DCP     : 	at com.android.okhttp.Connection.connectAndSetOwner(Connection.java:367)
12-29 10:55:19.661  1148 20899 E DCP     : 	at com.android.okhttp.OkHttpClient$1.connectAndSetOwner(OkHttpClient.java:130)
12-29 10:55:19.661  1148 20899 E DCP     : 	at com.android.okhttp.internal.http.HttpEngine.connect(HttpEngine.java:329)
12-29 10:55:19.661  1148 20899 E DCP     : 	at com.android.okhttp.internal.http.HttpEngine.sendRequest(HttpEngine.java:246)
12-29 10:55:19.661  1148 20899 E DCP     : 	at com.android.okhttp.internal.huc.HttpURLConnectionImpl.execute(HttpURLConnectionImpl.java:457)
12-29 10:55:19.661  1148 20899 E DCP     : 	at com.android.okhttp.internal.huc.HttpURLConnectionImpl.connect(HttpURLConnectionImpl.java:126)
12-29 10:55:19.661  1148 20899 E DCP     : 	at com.android.okhttp.internal.huc.HttpURLConnectionImpl.getOutputStream(HttpURLConnectionImpl.java:257)
12-29 10:55:19.661  1148 20899 E DCP     : 	at com.android.okhttp.internal.huc.DelegatingHttpsURLConnection.getOutputStream(DelegatingHttpsURLConnection.java:218)
12-29 10:55:19.661  1148 20899 E DCP     : 	at com.android.okhttp.internal.huc.HttpsURLConnectionImpl.getOutputStream(HttpsURLConnectionImpl.java)
12-29 10:55:19.661  1148 20899 E DCP     : 	at com.amazon.identity.auth.request.HttpOutputStreamWrapper.flushToUnderlyingStream(HttpOutputStreamWrapper.java:3)
12-29 10:55:19.661  1148 20899 E DCP     : 	at com.amazon.identity.auth.device.api.AuthenticatedHttpURLConnection.performOnConnectionRequested(AuthenticatedHttpURLConnection.java:18)
12-29 10:55:19.661  1148 20899 E DCP     : 	at com.amazon.identity.auth.device.framework.WrappableHttpURLConnection.onConnectionRequested(WrappableHttpURLConnection.java:16)
12-29 10:55:19.661  1148 20899 E DCP     : 	at com.amazon.identity.auth.device.framework.WrappableHttpURLConnection.connect(WrappableHttpURLConnection.java:1)
12-29 10:55:19.661  1148 20899 E DCP     : 	at com.amazon.identity.auth.device.api.AuthenticatedHttpsURLConnection.connect(AuthenticatedHttpsURLConnection.java:1)
12-29 10:55:19.661  1148 20899 E DCP     : 	at com.amazon.dcp.framework.iuc.ConnectionWrapper.connect(DCP:326)
12-29 10:55:19.661  1148 20899 E DCP     : 	at com.amazon.dcp.framework.iuc.LoggingURLConnection.connect(DCP:83)
12-29 10:55:19.661  1148 20899 E DCP     : 	at com.amazon.dcp.framework.iuc.ConnectionEstablisherWithExternalConnectionFactory.doEstablishConnectionWithBody(DCP:95)
12-29 10:55:19.661  1148 20899 E DCP     : 	at com.amazon.dcp.framework.iuc.ConnectionEstablisherWithExternalConnectionFactory.access$000(DCP:19)
12-29 10:55:19.661  1148 20899 E DCP     : 	at com.amazon.dcp.framework.iuc.ConnectionEstablisherWithExternalConnectionFactory$1.onBodyAvailable(DCP:76)
12-29 10:55:19.661  1148 20899 E DCP     : 	at com.amazon.dcp.framework.iuc.ConnectionWithBufferedOutput.processBody(DCP:46)
12-29 10:55:19.661  1148 20899 E DCP     : 	at com.amazon.dcp.framework.iuc.ConnectionWithBufferedOutput.access$000(DCP:15)
12-29 10:55:19.661  1148 20899 E DCP     : 	at com.amazon.dcp.framework.iuc.ConnectionWithBufferedOutput$1.close(DCP:22)
12-29 10:55:19.661  1148 20899 E DCP     : 	at com.amazon.org.apache.commons.io.IOUtils.closeQuietly(DCP:339)
12-29 10:55:19.661  1148 20899 E DCP     : 	at com.amazon.org.apache.commons.io.IOUtils.closeQuietly(DCP:298)
12-29 10:55:19.661  1148 20899 E DCP     : 	at com.amazon.dcp.framework.iuc.ConnectionEstablisherWithRetry.establishConnectionWithTimeout(DCP:168)
12-29 10:55:19.661  1148 20899 E DCP     : 	at com.amazon.dcp.framework.iuc.ConnectionEstablisherWithRetry.waitAndEstablishConnection(DCP:124)
12-29 10:55:19.661  1148 20899 E DCP     : 	at com.amazon.dcp.framework.iuc.ConnectionEstablisherWithRetry.doEstablishConnectionWithBody(DCP:93)
12-29 10:55:19.661  1148 20899 E DCP     : 	at com.amazon.dcp.framework.iuc.ConnectionEstablisherWithRetry.access$000(DCP:24)
12-29 10:55:19.661  1148 20899 E DCP     : 	at com.amazon.dcp.framework.iuc.ConnectionEstablisherWithRetry$1.onBodyAvailable(DCP:76)
12-29 10:55:19.661  1148 20899 E DCP     : 	at com.amazon.dcp.framework.iuc.ConnectionWithBufferedOutput.processBody(DCP:46)
12-29 10:55:19.661  1148 20899 E DCP     : 	at com.amazon.dcp.framework.iuc.ConnectionWithBufferedOutput.access$000(DCP:15)
12-29 10:55:19.661  1148 20899 E DCP     : 	at com.amazon.dcp.framework.iuc.ConnectionWithBufferedOutput$1.close(DCP:22)
12-29 10:55:19.661  1148 20899 E DCP     : 	at com.amazon.org.apache.commons.io.IOUtils.closeQuietly(DCP:339)
12-29 10:55:19.661  1148 20899 E DCP     : 	at com.amazon.org.apache.commons.io.IOUtils.closeQuietly(DCP:298)
12-29 10:55:19.661  1148 20899 E DCP     : 	at com.amazon.dcp.framework.iuc.InstrumentedWebserviceCall.writeBodyIfRequired(DCP:194)
12-29 10:55:19.661  1148 20899 E DCP     : 	at com.amazon.dcp.framework.iuc.InstrumentedWebserviceCall.call(DCP:89)
12-29 10:55:19.661  1148 20899 E DCP     : 	at com.amazon.device.me
12-29 10:55:19.662  1148 20899 I DCP     : Connection attempt will be performed in 0 sec
12-29 10:55:19.786   288 10607 I Node    : dolby-audio-meter, AdapterPcmSystem adapter audio meter: channel 0; audio level: 0.000
12-29 10:55:19.786   288 10607 I Node    : dolby-audio-meter, AdapterPcmSystem adapter audio meter: channel 1; audio level: 0.000
12-29 10:55:19.786   288 10607 I RendererNode: dolby-audio-meter, Renderer renderer audio meter: channel 0; audio level: 0.000
12-29 10:55:19.786   288 10607 I RendererNode: dolby-audio-meter, Renderer renderer audio meter: channel 1; audio level: 0.000
12-29 10:55:19.786   288 10607 I RendererNode: dolby-audio-meter, Renderer renderer audio meter: channel 2; audio level: 0.000
12-29 10:55:19.786   288 10607 I RendererNode: dolby-audio-meter, Renderer renderer audio meter: channel 3; audio level: 0.000
12-29 10:55:19.786   288 10607 I RendererNode: dolby-audio-meter, Renderer renderer audio meter: channel 4; audio level: 0.000
12-29 10:55:19.786   288 10607 I RendererNode: dolby-audio-meter, Renderer renderer audio meter: channel 5; audio level: 0.000
12-29 10:55:19.786   288 10607 I Node    : dolby-audio-meter, AdapterPcmOut adapter audio meter: channel 0; audio level: 0.000
12-29 10:55:19.786   288 10607 I Node    : dolby-audio-meter, AdapterPcmOut adapter audio meter: channel 1; audio level: 0.000
12-29 10:55:20.325  1454 20895 I whad    : DeviceClusterManager:onHeartBeat:seq=6789,xmit=433255182852627,recv=433255347612207,uniqueId=XX0RV9,highNetworkLatency=1
12-29 10:55:20.539  1148 20899 I ...atformDependencyImpl: isAmazonDevice() in ClientSideAmazonPlatformDependencyImpl is called
12-29 10:55:20.539  1148 20899 I ...g/AmazonSerialNumber: MAP Client side on FireOS 6 or below calls android.os.Build to get the DSN.
12-29 10:55:20.539  1148 20899 I ...onInformationQueryer: Populate change for remote MAP info.
12-29 10:55:20.540  1148 20899 I ...onInformationQueryer: CacheContainsPartialResults? true
12-29 10:55:20.542  1148 20899 E ...ng/DeviceTypeHelpers: Cannot get remote map information even including the calling app itself! This could happen only the calling app is IMP!
12-29 10:55:20.545  1148 20899 I ...atformDependencyImpl: isAmazonDevice() in ClientSideAmazonPlatformDependencyImpl is called
12-29 10:55:20.546  1148 20899 I ...g/LocalKeyValueStore: Create DE shared preference, OS supports direct boot.
12-29 10:55:20.547  1148 20899 I ...atformDependencyImpl: isAmazonDevice() in ClientSideAmazonPlatformDependencyImpl is called
12-29 10:55:20.617  1148 20899 I DCP     : ConnectException occurred: Connection refused
12-29 10:55:20.619  1148 20899 E DCP     : Error occurred while establishing connection!
12-29 10:55:20.619  1148 20899 E DCP     : java.net.ConnectException: Connection refused
12-29 10:55:20.619  1148 20899 E DCP     : 	at java.net.PlainSocketImpl.socketConnect(Native Method)
12-29 10:55:20.619  1148 20899 E DCP     : 	at java.net.AbstractPlainSocketImpl.doConnect(AbstractPlainSocketImpl.java:334)
12-29 10:55:20.619  1148 20899 E DCP     : 	at java.net.AbstractPlainSocketImpl.connectToAddress(AbstractPlainSocketImpl.java:194)
12-29 10:55:20.619  1148 20899 E DCP     : 	at java.net.AbstractPlainSocketImpl.connect(AbstractPlainSocketImpl.java:178)
12-29 10:55:20.619  1148 20899 E DCP     : 	at java.net.SocksSocketImpl.connect(SocksSocketImpl.java:356)
12-29 10:55:20.619  1148 20899 E DCP     : 	at java.net.Socket.connect(Socket.java:605)
12-29 10:55:20.619  1148 20899 E DCP     : 	at com.android.okhttp.internal.Platform.connectSocket(Platform.java:113)
12-29 10:55:20.619  1148 20899 E DCP     : 	at com.android.okhttp.Connection.connectSocket(Connection.java:196)
12-29 10:55:20.619  1148 20899 E DCP     : 	at com.android.okhttp.Connection.connect(Connection.java:172)
12-29 10:55:20.619  1148 20899 E DCP     : 	at com.android.okhttp.Connection.connectAndSetOwner(Connection.java:367)
12-29 10:55:20.619  1148 20899 E DCP     : 	at com.android.okhttp.OkHttpClient$1.connectAndSetOwner(OkHttpClient.java:130)
12-29 10:55:20.619  1148 20899 E DCP     : 	at com.android.okhttp.internal.http.HttpEngine.connect(HttpEngine.java:329)
12-29 10:55:20.619  1148 20899 E DCP     : 	at com.android.okhttp.internal.http.HttpEngine.sendRequest(HttpEngine.java:246)
12-29 10:55:20.619  1148 20899 E DCP     : 	at com.android.okhttp.internal.huc.HttpURLConnectionImpl.execute(HttpURLConnectionImpl.java:457)
