12-29 09:56:46.391   618   864 I ActivityManager: Killing 4807:com.amazon.bueller.photos/u0a76 (adj 903): empty #17
12-29 09:57:10.215   618   864 I ActivityManager: Killing 13095:com.android.keychain/1000 (adj 903): empty #17
12-29 09:58:48.088   618   631 I ActivityManager: Start proc 13565:com.amazon.diode/u0a90 for broadcast com.amazon.diode/.events.ExternalEventReceiver
12-29 09:58:48.480   618   864 I ActivityManager: Killing 13137:com.amazon.alexa.datastore.app/u0a64 (adj 903): empty #17
12-29 10:01:07.090   618   618 I ActivityManager: Start proc 13750:com.amazon.bueller.photos/u0a76 for service com.amazon.bueller.photos/com.amazon.gallery.thor.config.control.RemoteConfigurationJob
12-29 10:01:07.320 13750 13750 I FrameworkJumpTable: Successfully loaded all classes
12-29 10:01:07.332 13750 13750 I FrameworkJumpTable: Successfully loaded all methods
12-29 10:01:07.334 13750 13750 I FrameworkJumpTable: Successfully loaded all fields
12-29 10:01:07.334 13750 13750 I FrameworkJumpTable: Successfully loaded all constructors
12-29 10:01:07.714   618 11744 I ActivityManager: Killing 13159:com.amazon.cloud9/u0a79 (adj 903): empty #17
12-29 10:03:30.840   618 11744 I ActivityManager: START u0 {flg=0x10000000 cmp=com.example.clickflix/.MainActivity} from uid 2000 on display 0
12-29 10:03:30.842   618 11744 I AmazonProfileService: shouldAbortActivityStart() Package: xxx activity: xxx
12-29 10:03:30.842   618 11744 I AmazonProfileService: APS_V2 enabled in Arcus and mIsChildPINEnabled : false
12-29 10:03:30.842   618 11744 I AmazonProfileService: APS_V2 enabled in Arcus and mIsChildPINEnabled : false
12-29 10:03:30.842   618 11744 I AmazonProfileService: shouldAbortActivityStart() not aborted
12-29 10:03:30.864   618 11744 I ActivityManager: Start proc 13966:com.example.clickflix/u0a253 for activity com.example.clickflix/.MainActivity
12-29 10:03:30.907   618   638 I AmazonProfileService: Sending broadcast as the package is a non-enabled app
12-29 10:03:30.974 13966 13966 I FrameworkJumpTable: Successfully loaded all classes
12-29 10:03:30.994 13966 13966 I FrameworkJumpTable: Successfully loaded all methods
12-29 10:03:30.996 13966 13966 I FrameworkJumpTable: Successfully loaded all fields
12-29 10:03:30.996 13966 13966 I FrameworkJumpTable: Successfully loaded all constructors
12-29 10:03:30.997   618 11744 I ActivityManager: Start proc 13985:com.amazon.ceviche/u0a78 for content provider com.amazon.ceviche/.TrackEventsContentProvider
12-29 10:03:31.212   618 11744 I AmazonProfileService: Registering callback
12-29 10:03:31.291 13985 14018 I FrameworkJumpTable: Successfully loaded all classes
12-29 10:03:31.363 13985 14018 I FrameworkJumpTable: Successfully loaded all methods
12-29 10:03:31.382 13985 14018 I FrameworkJumpTable: Successfully loaded all fields
12-29 10:03:31.382 13985 14018 I FrameworkJumpTable: Successfully loaded all constructors
12-29 10:03:31.404   618   631 W ActivityManager: Activity pause timeout for ActivityRecord{f778f72 u0 com.example.clickflix/.MainActivity t3985}
12-29 10:03:31.422   618  6974 E WindowManager: App trying to use insecure INPUT_FEATURE_NO_INPUT_CHANNEL flag. Ignoring
12-29 10:03:31.425   618  6974 I AmazonProfileService: Event is not filtered because it is not in filter key list.
12-29 10:03:31.472   618  6974 E WindowManager: App trying to use insecure INPUT_FEATURE_NO_INPUT_CHANNEL flag. Ignoring
12-29 10:03:33.451   618   638 W WindowManager: Window freeze timeout expired.
12-29 10:03:33.452   618   638 W WindowManager: Force clearing orientation change: Window{2595fb3 u0 com.example.clickflix/com.example.clickflix.MainActivity}
12-29 10:03:33.855   618   778 E TaskPersister: File error accessing recents directory (directory doesn't exist?).
12-29 10:03:41.841   618   630 E TvInputManagerService: failed to load TV input org.videolan.vlc.PreviewVideoInputService
12-29 10:03:41.841   618   630 E TvInputManagerService: java.lang.IllegalStateException: Setup activity not found for org.videolan.vlc.PreviewVideoInputService
12-29 10:03:41.841   618   630 E TvInputManagerService: 	at android.media.tv.TvInputInfo$Builder.parseServiceMetadata(TvInputInfo.java:956)
12-29 10:03:41.841   618   630 E TvInputManagerService: 	at android.media.tv.TvInputInfo$Builder.build(TvInputInfo.java:901)
12-29 10:03:41.841   618   630 E TvInputManagerService: 	at com.android.server.tv.TvInputManagerService.buildTvInputListLocked(TvInputManagerService.java:345)
12-29 10:03:41.841   618   630 E TvInputManagerService: 	at com.android.server.tv.TvInputManagerService.-wrap10(TvInputManagerService.java)
12-29 10:03:41.841   618   630 E TvInputManagerService: 	at com.android.server.tv.TvInputManagerService$1.buildTvInputList(TvInputManagerService.java:190)
12-29 10:03:41.841   618   630 E TvInputManagerService: 	at com.android.server.tv.TvInputManagerService$1.onSomePackagesChanged(TvInputManagerService.java:240)
12-29 10:03:41.841   618   630 E TvInputManagerService: 	at com.android.internal.content.PackageMonitor.onReceive(PackageMonitor.java:431)
12-29 10:03:41.841   618   630 E TvInputManagerService: 	at android.app.LoadedApk$ReceiverDispatcher$Args.run(LoadedApk.java:1158)
12-29 10:03:41.841   618   630 E TvInputManagerService: 	at android.os.Handler.handleCallback(Handler.java:751)
12-29 10:03:41.841   618   630 E TvInputManagerService: 	at android.os.Handler.dispatchMessage(Handler.java:95)
12-29 10:03:41.841   618   630 E TvInputManagerService: 	at android.os.Looper.loop(Looper.java:154)
12-29 10:03:41.841   618   630 E TvInputManagerService: 	at android.os.HandlerThread.run(HandlerThread.java:61)
12-29 10:03:54.942   618   630 E TvInputManagerService: failed to load TV input org.videolan.vlc.PreviewVideoInputService
12-29 10:03:54.942   618   630 E TvInputManagerService: java.lang.IllegalStateException: Setup activity not found for org.videolan.vlc.PreviewVideoInputService
12-29 10:03:54.942   618   630 E TvInputManagerService: 	at android.media.tv.TvInputInfo$Builder.parseServiceMetadata(TvInputInfo.java:956)
12-29 10:03:54.942   618   630 E TvInputManagerService: 	at android.media.tv.TvInputInfo$Builder.build(TvInputInfo.java:901)
12-29 10:03:54.942   618   630 E TvInputManagerService: 	at com.android.server.tv.TvInputManagerService.buildTvInputListLocked(TvInputManagerService.java:345)
12-29 10:03:54.942   618   630 E TvInputManagerService: 	at com.android.server.tv.TvInputManagerService.-wrap10(TvInputManagerService.java)
12-29 10:03:54.942   618   630 E TvInputManagerService: 	at com.android.server.tv.TvInputManagerService$1.buildTvInputList(TvInputManagerService.java:190)
12-29 10:03:54.942   618   630 E TvInputManagerService: 	at com.android.server.tv.TvInputManagerService$1.onSomePackagesChanged(TvInputManagerService.java:240)
12-29 10:03:54.942   618   630 E TvInputManagerService: 	at com.android.internal.content.PackageMonitor.onReceive(PackageMonitor.java:431)
12-29 10:03:54.942   618   630 E TvInputManagerService: 	at android.app.LoadedApk$ReceiverDispatcher$Args.run(LoadedApk.java:1158)
12-29 10:03:54.942   618   630 E TvInputManagerService: 	at android.os.Handler.handleCallback(Handler.java:751)
12-29 10:03:54.942   618   630 E TvInputManagerService: 	at android.os.Handler.dispatchMessage(Handler.java:95)
12-29 10:03:54.942   618   630 E TvInputManagerService: 	at android.os.Looper.loop(Looper.java:154)
12-29 10:03:54.942   618   630 E TvInputManagerService: 	at android.os.HandlerThread.run(HandlerThread.java:61)
12-29 10:03:54.977   618  6974 I ActivityManager: Killing 13203:com.android.documentsui/u0a23 (adj 903): empty #17
12-29 10:04:36.187   618   634 E BatteryStatsService: no controller energy info supplied
12-29 10:04:36.189   618   634 E BatteryStatsService: no controller energy info supplied
12-29 10:08:49.098   618   631 I ProcessStatsService: Prepared write state in 4ms
12-29 10:09:54.263   618   618 I ActivityManager: Start proc 14613:tv.pluto.android/u0a222 for service tv.pluto.android/androidx.work.impl.background.systemjob.SystemJobService
12-29 10:09:54.507 14613 14613 I FrameworkJumpTable: Successfully loaded all classes
12-29 10:09:54.525 14613 14613 I FrameworkJumpTable: Successfully loaded all methods
12-29 10:09:54.526 14613 14613 I FrameworkJumpTable: Successfully loaded all fields
12-29 10:09:54.527 14613 14613 I FrameworkJumpTable: Successfully loaded all constructors
12-29 10:09:55.601   618  3404 I ActivityManager: Killing 13223:system/u0a50 (adj 903): empty #17
12-29 10:11:44.413   618   618 I ActivityManager: Start proc 14863:org.jellyfin.androidtv/u0a71 for service org.jellyfin.androidtv/androidx.work.impl.background.systemjob.SystemJobService
12-29 10:11:44.936 14863 14863 I FrameworkJumpTable: Successfully loaded all classes
12-29 10:11:44.952 14863 14863 I FrameworkJumpTable: Successfully loaded all methods
12-29 10:11:44.955 14863 14863 I FrameworkJumpTable: Successfully loaded all fields
12-29 10:11:44.955 14863 14863 I FrameworkJumpTable: Successfully loaded all constructors
12-29 10:11:45.235   618  3780 I ActivityManager: Killing 11598:com.android.providers.tv/u0a50 (adj 903): empty #17
--------- beginning of main
12-29 10:12:35.690   288 10607 I RendererNode: dolby-audio-meter, Renderer renderer audio meter: channel 1; audio level: 0.000
12-29 10:12:35.690   288 10607 I RendererNode: dolby-audio-meter, Renderer renderer audio meter: channel 2; audio level: 0.000
12-29 10:12:35.690   288 10607 I RendererNode: dolby-audio-meter, Renderer renderer audio meter: channel 3; audio level: 0.000
12-29 10:12:35.691   288 10607 I RendererNode: dolby-audio-meter, Renderer renderer audio meter: channel 4; audio level: 0.000
12-29 10:12:35.691   288 10607 I RendererNode: dolby-audio-meter, Renderer renderer audio meter: channel 5; audio level: 0.000
12-29 10:12:35.691   288 10607 I Node    : dolby-audio-meter, AdapterPcmOut adapter audio meter: channel 0; audio level: 0.000
12-29 10:12:35.691   288 10607 I Node    : dolby-audio-meter, AdapterPcmOut adapter audio meter: channel 1; audio level: 0.000
12-29 10:12:45.717   288 10607 I Node    : dolby-audio-meter, AdapterPcmSystem adapter audio meter: channel 0; audio level: 0.000
12-29 10:12:45.717   288 10607 I Node    : dolby-audio-meter, AdapterPcmSystem adapter audio meter: channel 1; audio level: 0.000
12-29 10:12:45.717   288 10607 I RendererNode: dolby-audio-meter, Renderer renderer audio meter: channel 0; audio level: 0.000
12-29 10:12:45.717   288 10607 I RendererNode: dolby-audio-meter, Renderer renderer audio meter: channel 1; audio level: 0.000
12-29 10:12:45.717   288 10607 I RendererNode: dolby-audio-meter, Renderer renderer audio meter: channel 2; audio level: 0.000
12-29 10:12:45.717   288 10607 I RendererNode: dolby-audio-meter, Renderer renderer audio meter: channel 3; audio level: 0.000
12-29 10:12:45.717   288 10607 I RendererNode: dolby-audio-meter, Renderer renderer audio meter: channel 4; audio level: 0.000
12-29 10:12:45.717   288 10607 I RendererNode: dolby-audio-meter, Renderer renderer audio meter: channel 5; audio level: 0.000
12-29 10:12:45.717   288 10607 I Node    : dolby-audio-meter, AdapterPcmOut adapter audio meter: channel 0; audio level: 0.000
12-29 10:12:45.717   288 10607 I Node    : dolby-audio-meter, AdapterPcmOut adapter audio meter: channel 1; audio level: 0.000
12-29 10:12:55.722   288 10607 I Node    : dolby-audio-meter, AdapterPcmSystem adapter audio meter: channel 0; audio level: 0.000
12-29 10:12:55.722   288 10607 I Node    : dolby-audio-meter, AdapterPcmSystem adapter audio meter: channel 1; audio level: 0.000
12-29 10:12:55.722   288 10607 I RendererNode: dolby-audio-meter, Renderer renderer audio meter: channel 0; audio level: 0.000
12-29 10:12:55.722   288 10607 I RendererNode: dolby-audio-meter, Renderer renderer audio meter: channel 1; audio level: 0.000
12-29 10:12:55.722   288 10607 I RendererNode: dolby-audio-meter, Renderer renderer audio meter: channel 2; audio level: 0.000
12-29 10:12:55.722   288 10607 I RendererNode: dolby-audio-meter, Renderer renderer audio meter: channel 3; audio level: 0.000
12-29 10:12:55.723   288 10607 I RendererNode: dolby-audio-meter, Renderer renderer audio meter: channel 4; audio level: 0.000
12-29 10:12:55.723   288 10607 I RendererNode: dolby-audio-meter, Renderer renderer audio meter: channel 5; audio level: 0.000
12-29 10:12:55.723   288 10607 I Node    : dolby-audio-meter, AdapterPcmOut adapter audio meter: channel 0; audio level: 0.000
12-29 10:12:55.723   288 10607 I Node    : dolby-audio-meter, AdapterPcmOut adapter audio meter: channel 1; audio level: 0.000
12-29 10:13:00.105  1454 14952 I whad    : DeviceClusterManager:onHeartBeat:seq=6535,xmit=430714961839439,recv=430715123304121,uniqueId=XX0RV9,highNetworkLatency=1
12-29 10:13:02.027  1454  8140 I whad    : TimeSyncClient:clientThread:reason=skewOrDriftChange,server=XX0QS8,time=430711.138472,skewX=427785.319309,skewY=5.860200,drift=1.926348,reportedDrift=1.926348,numExchanges=704749
12-29 10:13:05.749   288 10607 I Node    : dolby-audio-meter, AdapterPcmSystem adapter audio meter: channel 0; audio level: 0.000
12-29 10:13:05.749   288 10607 I Node    : dolby-audio-meter, AdapterPcmSystem adapter audio meter: channel 1; audio level: 0.000
12-29 10:13:05.749   288 10607 I RendererNode: dolby-audio-meter, Renderer renderer audio meter: channel 0; audio level: 0.000
12-29 10:13:05.749   288 10607 I RendererNode: dolby-audio-meter, Renderer renderer audio meter: channel 1; audio level: 0.000
12-29 10:13:05.749   288 10607 I RendererNode: dolby-audio-meter, Renderer renderer audio meter: channel 2; audio level: 0.000
12-29 10:13:05.749   288 10607 I RendererNode: dolby-audio-meter, Renderer renderer audio meter: channel 3; audio level: 0.000
12-29 10:13:05.749   288 10607 I RendererNode: dolby-audio-meter, Renderer renderer audio meter: channel 4; audio level: 0.000
12-29 10:13:05.749   288 10607 I RendererNode: dolby-audio-meter, Renderer renderer audio meter: channel 5; audio level: 0.000
12-29 10:13:05.749   288 10607 I Node    : dolby-audio-meter, AdapterPcmOut adapter audio meter: channel 0; audio level: 0.000
12-29 10:13:05.749   288 10607 I Node    : dolby-audio-meter, AdapterPcmOut adapter audio meter: channel 1; audio level: 0.000
12-29 10:13:05.986   291   291 I         : free_cache(82917599) avail 1897701376
12-29 10:13:08.262   618   627 I art     : Background sticky concurrent mark sweep GC freed 20042(2MB) AllocSpace objects, 0(0B) LOS objects, 9% free, 20MB/22MB, paused 5.681ms total 54.037ms
12-29 10:13:15.754   288 10607 I Node    : dolby-audio-meter, AdapterPcmSystem adapter audio meter: channel 0; audio level: 0.000
12-29 10:13:15.754   288 10607 I Node    : dolby-audio-meter, AdapterPcmSystem adapter audio meter: channel 1; audio level: 0.000
12-29 10:13:15.754   288 10607 I RendererNode: dolby-audio-meter, Renderer renderer audio meter: channel 0; audio level: 0.000
12-29 10:13:15.754   288 10607 I RendererNode: dolby-audio-meter, Renderer renderer audio meter: channel 1; audio level: 0.000
12-29 10:13:15.754   288 10607 I RendererNode: dolby-audio-meter, Renderer renderer audio meter: channel 2; audio level: 0.000
12-29 10:13:15.755   288 10607 I RendererNode: dolby-audio-meter, Renderer renderer audio meter: channel 3; audio level: 0.000
12-29 10:13:15.755   288 10607 I RendererNode: dolby-audio-meter, Renderer renderer audio meter: channel 4; audio level: 0.000
12-29 10:13:15.755   288 10607 I RendererNode: dolby-audio-meter, Renderer renderer audio meter: channel 5; audio level: 0.000
12-29 10:13:15.755   288 10607 I Node    : dolby-audio-meter, AdapterPcmOut adapter audio meter: channel 0; audio level: 0.000
12-29 10:13:15.755   288 10607 I Node    : dolby-audio-meter, AdapterPcmOut adapter audio meter: channel 1; audio level: 0.000
12-29 10:13:15.969   618   648 W PackageManager: Package com.example.clickflix desires unavailable shared library androidx.window.extensions; ignoring!
12-29 10:13:15.969   618   648 W PackageManager: Package com.example.clickflix desires unavailable shared library androidx.window.sidecar; ignoring!
12-29 10:13:15.971   618   648 I PackageManager.DexOptimizer: Running dexopt (dex2oat) on: /data/app/vmdl1064808333.tmp/base.apk pkg=XXX isa=arm vmSafeMode=false debuggable=false target-filter=interpret-only oatDir = /data/app/vmdl1064808333.tmp/oat sharedLibraries=/system/priv-app/MetricsApi/MetricsApi.apk
12-29 10:13:16.007 14969 14969 I dex2oat : /system/bin/dex2oat --compiler-filter=interpret-only -j3
12-29 10:13:16.424 14969 14972 W dex2oat : Before Android 4.1, method double java.util.concurrent.ThreadLocalRandom.internalNextDouble(double, double) would have incorrectly overridden the package-private method in java.util.Random
12-29 10:13:16.424 14969 14972 W dex2oat : Before Android 4.1, method int java.util.concurrent.ThreadLocalRandom.internalNextInt(int, int) would have incorrectly overridden the package-private method in java.util.Random
12-29 10:13:16.424 14969 14972 W dex2oat : Before Android 4.1, method long java.util.concurrent.ThreadLocalRandom.internalNextLong(long, long) would have incorrectly overridden the package-private method in java.util.Random
12-29 10:13:16.949 14969 14969 I dex2oat : dex2oat took 942.992ms (threads: 3) arena alloc=107KB (109568B) java alloc=1823KB (1867512B) native alloc=3MB (4001464B) free=1724KB (1765704B)
12-29 10:13:16.958   618   631 I ActivityManager: Force stopping com.example.clickflix appid=10253 user=-1: installPackageLI
12-29 10:13:16.959   618   631 I ActivityManager: Killing 13966:com.example.clickflix/u0a253 (adj 0): stop com.example.clickflix
12-29 10:13:17.054   618   661 W InputDispatcher: channel '2595fb3 com.example.clickflix/com.example.clickflix.MainActivity (server)' ~ Consumer closed input channel or an error occurred.  events=0x9
12-29 10:13:17.054   618   661 E InputDispatcher: channel '2595fb3 com.example.clickflix/com.example.clickflix.MainActivity (server)' ~ Channel is unrecoverably broken and will be disposed!
12-29 10:13:17.054   618  6974 I WindowManager: WIN DEATH: Window{35c04e9 u0 SurfaceView - com.example.clickflix/com.example.clickflix.MainActivity}
12-29 10:13:17.056   245   303 I qdqservice: QService::getAutoMode
12-29 10:13:17.058   618  3780 I WindowManager: WIN DEATH: Window{2595fb3 u0 com.example.clickflix/com.example.clickflix.MainActivity}
12-29 10:13:17.058   618  3780 W InputDispatcher: Attempted to unregister already unregistered input channel '2595fb3 com.example.clickflix/com.example.clickflix.MainActivity (server)'
12-29 10:13:17.060   245   777 I qdqservice: QService::getAutoMode
12-29 10:13:17.106   618   648 I PackageManager: Package com.example.clickflix codePath changed from /data/app/com.example.clickflix-1 to /data/app/com.example.clickflix-2; Retaining data and using new
12-29 10:13:17.106   618   631 E ActivityManager: Failure starting process com.example.clickflix
12-29 10:13:17.106   618   631 E ActivityManager: java.lang.SecurityException: Package com.example.clickflix is currently frozen!
12-29 10:13:17.106   618   631 E ActivityManager: 	at com.android.server.pm.PackageManagerService.checkPackageStartable(PackageManagerService.java:3233)
12-29 10:13:17.106   618   631 E ActivityManager: 	at com.android.server.am.ActivityManagerService.startProcessLocked(ActivityManagerService.java:3781)
12-29 10:13:17.106   618   631 E ActivityManager: 	at com.android.server.am.ActivityManagerService.startProcessLocked(ActivityManagerService.java:3733)
12-29 10:13:17.106   618   631 E ActivityManager: 	at com.android.server.am.ActivityManagerService.startProcessLocked(ActivityManagerService.java:3614)
12-29 10:13:17.106   618   631 E ActivityManager: 	at com.android.server.am.ActivityStackSupervisor.startSpecificActivityLocked(ActivityStackSupervisor.java:1465)
12-29 10:13:17.106   618   631 E ActivityManager: 	at com.android.server.am.ActivityStack.resumeTopActivityInnerLocked(ActivityStack.java:2616)
12-29 10:13:17.106   618   631 E ActivityManager: 	at com.android.server.am.ActivityStack.resumeTopActivityUncheckedLocked(ActivityStack.java:2155)
12-29 10:13:17.106   618   631 E ActivityManager: 	at com.android.server.am.ActivityStackSupervisor.resumeFocusedStackTopActivityLocked(ActivityStackSupervisor.java:1885)
12-29 10:13:17.106   618   631 E ActivityManager: 	at com.android.server.am.ActivityStackSupervisor.resumeFocusedStackTopActivityLocked(ActivityStackSupervisor.java:1875)
12-29 10:13:17.106   618   631 E ActivityManager: 	at com.android.server.am.ActivityManagerService.handleAppDiedLocked(ActivityManagerService.java:5232)
12-29 10:13:17.106   618   631 E ActivityManager: 	at com.android.server.am.ActivityManagerService.removeProcessLocked(ActivityManagerService.java:6609)
12-29 10:13:17.106   618   631 E ActivityManager: 	at com.android.server.am.ActivityManagerService.killPackageProcessesLocked(ActivityManagerService.java:6263)
12-29 10:13:17.106   618   631 E ActivityManager: 	at com.android.server.am.ActivityManagerService.forceStopPackageLocked(ActivityManagerService.java:6395)
12-29 10:13:17.106   618   631 E ActivityManager: 	at com.android.server.am.ActivityManagerService$MainHandler.handleMessage(ActivityManagerService.java:1937)
12-29 10:13:17.106   618   631 E ActivityManager: 	at android.os.Handler.dispatchMessage(Handler.java:102)
12-29 10:13:17.106   618   631 E ActivityManager: 	at android.os.Looper.loop(Looper.java:154)
12-29 10:13:17.106   618   631 E ActivityManager: 	at android.os.HandlerThread.run(HandlerThread.java:61)
12-29 10:13:17.106   618   631 E ActivityManager: 	at com.android.server.ServiceThread.run(ServiceThread.java:46)
12-29 10:13:17.106   618   631 I ActivityManager: Force stopping com.example.clickflix appid=10253 user=0: start failure
12-29 10:13:17.106   618   648 W PackageManager: Package com.example.clickflix desires unavailable shared library androidx.window.extensions; ignoring!
12-29 10:13:17.106   618   648 W PackageManager: Package com.example.clickflix desires unavailable shared library androidx.window.sidecar; ignoring!
12-29 10:13:17.107   618   648 W PackageManager: Code path for com.example.clickflix changing from /data/app/com.example.clickflix-1 to /data/app/com.example.clickflix-2
12-29 10:13:17.107   618   648 W PackageManager: Resource path for com.example.clickflix changing from /data/app/com.example.clickflix-1 to /data/app/com.example.clickflix-2
12-29 10:13:17.109   618   631 I ActivityManager:   Force finishing activity ActivityRecord{f778f72 u0 com.example.clickflix/.MainActivity t3985}
12-29 10:13:17.111   245   777 I qdqservice: QService::getAutoMode
12-29 10:13:17.114   245   777 I qdqservice: QService::getAutoMode
12-29 10:13:17.117   245   777 I qdqservice: QService::getAutoMode
12-29 10:13:17.125   618   631 I ActivityManager:   Force finishing activity ActivityRecord{f778f72 u0 com.example.clickflix/.MainActivity t3985 f}
12-29 10:13:17.125   618   631 W ActivityManager: Duplicate finish request for ActivityRecord{f778f72 u0 com.example.clickflix/.MainActivity t3985 f}
12-29 10:13:17.126   245  1061 I qdqservice: QService::getAutoMode
12-29 10:13:17.130   618   631 I ActivityManager:   Force finishing activity ActivityRecord{f778f72 u0 com.example.clickflix/.MainActivity t3985 f}
12-29 10:13:17.130   618   631 W ActivityManager: Duplicate finish request for ActivityRecord{f778f72 u0 com.example.clickflix/.MainActivity t3985 f}
12-29 10:13:17.131   618   631 I ActivityManager: Exiting empty application process 0:com.example.clickflix/u0a253 (null)
12-29 10:13:17.296   618   648 E SELinux : avc:  denied  { access_power_manager } for  scontext=u:r:amazon_app:s0:c512,c768 tcontext=u:r:system_server:s0 tclass=amazon_policies permissive=0
12-29 10:13:17.310   618   648 E SELinux : avc:  denied  { grant_bind_settings_permission } for  scontext=u:r:amazon_installer_app:s0:c512,c768 tcontext=u:r:system_server:s0 tclass=amazon_policies permissive=0
12-29 10:13:17.328   618   648 E SELinux : avc:  denied  { access_power_manager } for  scontext=u:r:amazon_log_app:s0:c512,c768 tcontext=u:r:system_server:s0 tclass=amazon_policies permissive=0
12-29 10:13:17.334   618   648 E SELinux : avc:  denied  { grant_amazon_permissions } for  scontext=u:r:untrusted_app:s0:c512,c768 tcontext=u:r:system_server:s0 tclass=amazon_policies permissive=0
12-29 10:13:17.354   618   648 E SELinux : avc:  denied  { access_clear_app_user_data } for  scontext=u:r:bind_core_settings:s0:c512,c768 tcontext=u:r:system_server:s0 tclass=amazon_policies permissive=0
12-29 10:13:17.355   618   648 E SELinux : avc:  denied  { access_power_manager } for  scontext=u:r:bind_core_settings:s0:c512,c768 tcontext=u:r:system_server:s0 tclass=amazon_policies permissive=0
12-29 10:13:17.362   618   648 E SELinux : avc:  denied  { access_system_window } for  scontext=u:r:amazon_app:s0:c512,c768 tcontext=u:r:system_server:s0 tclass=amazon_policies permissive=0
12-29 10:13:17.410   618   648 E SELinux : Unknown permission grant_amz_adid_without_profile_permission for class amazon_policies
12-29 10:13:17.588   245  1061 I qdqservice: QService::getAutoMode
12-29 10:13:17.589   618   648 W CleanUpDalvikCache: null object found, returning
12-29 10:13:17.590   618   648 I NeoPkgMgrCallback: Sending Neo Delegate package changed intent
12-29 10:13:17.591 25906 25906 I chatty  : uid=10142(com.amazon.tv.launcher) expire 14 lines
12-29 10:13:17.592   618   648 I AmznPkgMgrCallback: Deferring resource clean-up
12-29 10:13:17.593   291   291 E         : Couldn't opendir /data/app/vmdl1064808333.tmp: No such file or directory
12-29 10:13:17.594   827   827 I NEODelegate: Not a Neo update (enabled=false, replacing=true)
12-29 10:13:17.594 25906 25944 I chatty  : uid=10142(com.amazon.tv.launcher) SHORT-BGPool #2 expire 4 lines
12-29 10:13:17.596 25906 25906 I chatty  : uid=10142(com.amazon.tv.launcher) expire 10 lines
12-29 10:13:17.600   618   648 I com.android.server.pm.ExternalInstallPackageManagerCallback: Installation succeeded for app com.example.clickflix on internal storage. Return code:1
12-29 10:13:17.603 25906 25944 I chatty  : uid=10142(com.amazon.tv.launcher) SHORT-BGPool #2 expire 1 line
12-29 10:13:17.603 25906 25986 I chatty  : uid=10142(com.amazon.tv.launcher) umerClie.Worker expire 1 line
12-29 10:13:17.603 25906 25986 I F_C.DefaultConsumerClie: Using non-local ContentProvider
12-29 10:13:17.606 25906 25954 I SceneflowTagSelector: Select Non-Compose NavMenuScreen
12-29 10:13:17.607 25906 25954 I NavMenuController:  Element is displayed as tab: Meu contedo
12-29 10:13:17.607 25906 25954 I NavMenuController:  Element is displayed as tab: Pesquisar
12-29 10:13:17.607 25906 25954 I SceneflowTagSelector: Select Non-Compose NavMenuScreen
12-29 10:13:17.607 25906 25954 I NavMenuController:  Element is displayed as tab: Grtis
12-29 10:13:17.607 25906 25954 I NavMenuController:  Element is displayed as tab: Incio
12-29 10:13:17.608 25906 25944 I BuellerApplication: number of recents video to deserialize is 15
12-29 10:13:17.611 25906 25944 I BuellerApplication: Deserialized Recents row on screen item and insert into memory
12-29 10:13:17.614   618   648 I ActivityManager: Force stopping com.example.clickflix appid=10253 user=0: pkg removed
12-29 10:13:17.617 25906 25986 I F_C.DefaultConsumerClie: 6 results
12-29 10:13:17.618   245  1061 I qdqservice: QService::getAutoMode
12-29 10:13:17.621 25906 25906 I SPCH-BaseClient: onBind(), serviceClass => ISimClientSettingsServer isSuccess => true
12-29 10:13:17.622  1399  9922 I chatty  : uid=10156(com.amazon.vizzini) Binder:1399_E expire 1 line
12-29 10:13:17.622 25906 25947 W CardUtil:  get cardType from groupId field for producer com.amazon.venezia
12-29 10:13:17.622 25906 25947 W CardUtil:  get cardType from groupId field for producer com.amazon.venezia
12-29 10:13:17.623 25906 25947 W CardUtil:  get cardType from groupId field for producer com.amazon.venezia
12-29 10:13:17.623 25906 25947 W CardUtil:  get cardType from groupId field for producer com.amazon.venezia
12-29 10:13:17.625 25906 25947 W CardUtil:  get cardType from groupId field for producer com.amazon.venezia
12-29 10:13:17.625 25906 25947 W CardUtil:  get cardType from groupId field for producer com.amazon.venezia
12-29 10:13:17.626 25906 25947 W CardUtil:  get cardType from groupId field for producer com.amazon.venezia
12-29 10:13:17.626 25906 25947 W CardUtil:  get cardType from groupId field for producer com.amazon.venezia
12-29 10:13:17.627 25906 25947 W CardUtil:  get cardType from groupId field for producer com.amazon.venezia
12-29 10:13:17.627 25906 25947 W CardUtil:  get cardType from groupId field for producer com.amazon.venezia
12-29 10:13:17.629   618   618 W ContextImpl: Calling a method in the system process without a qualified user: android.app.ContextImpl.sendBroadcast:921 com.amazon.android.service.pm.AmazonPackageManagerService$PackageInstalledOrRemovedReceiver.onReceive:109 android.app.LoadedApk$ReceiverDispatcher$Args.run:1158 android.os.Handler.handleCallback:751 android.os.Handler.dispatchMessage:95 
12-29 10:13:17.629 25906 25947 W CardUtil:  get cardType from groupId field for producer com.amazon.venezia
12-29 10:13:17.629 25906 25947 W CardUtil:  get cardType from groupId field for producer com.amazon.venezia
12-29 10:13:17.633 25906 25954 I ...atformDependencyImpl: isAmazonDevice() in ClientSideAmazonPlatformDependencyImpl is called
12-29 10:13:17.634 25906 25954 I NonMemberMode: Non-member mode enabled:false
12-29 10:13:17.634 25906 25954 I NavMenuController: LoadServerBrowseMenuRunnable, is non member mode : false
12-29 10:13:17.634 25906 25954 I NavMenuController: createProfileNode. Is non member node : false
12-29 10:13:17.634 25906 25954 I NavMenuController: Creating normal profile picker node
12-29 10:13:17.634   618   662 I InputReader: Reconfiguring input devices.  changes=0x00000010
12-29 10:13:17.635   827   827 I SALE_PackageStatusReceiver: PackageStatusReceiver: package removed : com.example.clickflix isReplacing : true
12-29 10:13:17.635 25906 25954 I NavMenuController: Clearing NavMarker to NavKey map
12-29 10:13:17.636 25906 25954 I NavMenuController: Received menu options from Browse
12-29 10:13:17.639 25906 25954 I NavMenuController: Received menu options from Browse for request id 1
12-29 10:13:17.647   618   662 I InputReader: Reconfiguring input devices.  changes=0x00000010
12-29 10:13:17.648  1399  1788 I chatty  : uid=10156(com.amazon.vizzini) CompBackgroundW expire 4 lines
12-29 10:13:17.649   618   662 I InputReader: Reconfiguring input devices.  changes=0x00000010
12-29 10:13:17.672   245   777 I qdqservice: QService::getAutoMode
12-29 10:13:17.673   827   827 I SALE_PackageStatusReceiver: PackageStatusReceiver: package added: com.example.clickflix
12-29 10:13:17.679 25906 25943 I RecentRefreshManager: ignoreList contains: com.example.clickflix?:false
12-29 10:13:17.679 25906 25943 I RecentRefreshManager: ignoreRecents?false
12-29 10:13:17.679 25906 25943 I RecentRefreshManager: Recent App Package was: com.example.clickflix
12-29 10:13:17.679 25906 25943 I F_C.DefaultConsumerClie: getCards
12-29 10:13:17.679   245   777 I qdqservice: QService::getAutoMode
12-29 10:13:17.680 25906  1846 I F_C.DefaultConsumerClie: Querying CDA: uri=ParsedUri(ACTOR=global), selection=card_id=?, selectionArgs=87465972, orderBy=create_time desc
12-29 10:13:17.680 25906  1846 I F_C.DefaultConsumerClie: Using non-local ContentProvider
12-29 10:13:17.682 25906 25906 I CdaDynamicChannelDataCo: FTV-CDA: CdaDynamicChannelDataController.onSuccess() received 6 card(s)
12-29 10:13:17.682 25906 25906 I CdaDynamicChannelDataCo: Number of items in CDA for target home @@ myAppsAndGames is 6
12-29 10:13:17.682 25906 25906 I F_C.PackageMonitor: onReceive: android.intent.action.PACKAGE_REMOVED
12-29 10:13:17.685  1399 14982 I chatty  : uid=10156(com.amazon.vizzini) expire 4 lines
12-29 10:13:17.685 10266 10278 I AmazonAppstore.Library/OrderBootstrapper: Start of bootstrapOrderIfNeeded
12-29 10:13:17.691 10266 10278 I AmazonAppstore.Library/OrderBootstrapper: V2 Library size from database - 13
12-29 10:13:17.691 10266 10278 I AmazonAppstore.SharedPrefs: AFTV.SharedPref.Read.Latency: 0
12-29 10:13:17.691 10266 10278 I AmazonAppstore.Library/OrderBootstrapper: yacConfigHelperLazy.get().isInitialBootstrapSyncComplete() - true
12-29 10:13:17.691 10266 10278 I AmazonAppstore.Library/OrderBootstrapper: OrderBootstrapper: Triggering bootstrapping if needed
12-29 10:13:17.693 25906 25906 I NavMenuController: Received Nav Bar menu options from the source : SERVER_BROWSE_MENU for request id : 1
12-29 10:13:17.693 25906 25906 I NavMenuController: (online) Menu items from server already received. Skipping this data.
12-29 10:13:17.693 25906 25906 I F_C.PackageMonitor: onReceive: android.intent.action.PACKAGE_ADDED
12-29 10:13:17.693 10266 10278 I AmazonAppstore.Library/OrderBootstrapper: OrderBootstrapper: Profile Library size: 13
12-29 10:13:17.693 10266 10278 I AmazonAppstore.SharedPrefs: AFTV.SharedPref.Read.Latency: 0
12-29 10:13:17.694 10266 10278 I AmazonAppstore.Library/OrderBootstrapper: No need to bootstrap.
12-29 10:13:17.695 25906 25906 I F_C.PackageMonitor: onReceive: android.intent.action.PACKAGE_REPLACED
12-29 10:13:17.696 10266 10266 I AmazonAppstore.AndroidKeystoreKeyProvider: Key already initialized in Keystore
12-29 10:13:17.696 10266 10266 I AmazonAppstore.DeviceInformation: Requesting device type from MAP
12-29 10:13:17.696 10266 10266 I AmazonAppstore.MigrationHelper: Migration status - true
12-29 10:13:17.697 25906  1846 I F_C.DefaultConsumerClie: 0 results
12-29 10:13:17.703 10266 10266 I JugglerConfig: SimpleSignIn : Feature config fetch : {"ATVPDKIKX0DER": false,"default": false}
12-29 10:13:17.706 10266 10266 I AppEventReceiver: SimpleSignIn : Feature not enabled. Skipping event....
12-29 10:13:17.706   618   618 W ContextImpl: Calling a method in the system process without a qualified user: android.app.ContextImpl.sendBroadcast:921 com.amazon.android.service.pm.AmazonPackageManagerService$PackageInstalledOrRemovedReceiver.onReceive:103 android.app.LoadedApk$ReceiverDispatcher$Args.run:1158 android.os.Handler.handleCallback:751 android.os.Handler.dispatchMessage:95 
12-29 10:13:17.706   245  1061 I qdqservice: QService::getAutoMode
12-29 10:13:17.712 10266 10410 I AmazonAppstore.Library/OrderBootstrapper: Start of bootstrapOrderIfNeeded
12-29 10:13:17.721 10266 10410 I AmazonAppstore.Library/OrderBootstrapper: V2 Library size from database - 13
12-29 10:13:17.721 10266 10410 I AmazonAppstore.SharedPrefs: AFTV.SharedPref.Read.Latency: 0
12-29 10:13:17.729 25906 14987 I F_C.PackageEventHandler: Attempting to update package: -1079701684
12-29 10:13:17.737 10266 10410 I AmazonAppstore.Library/OrderBootstrapper: yacConfigHelperLazy.get().isInitialBootstrapSyncComplete() - true
12-29 10:13:17.737 10266 10410 I AmazonAppstore.Library/OrderBootstrapper: OrderBootstrapper: Triggering bootstrapping if needed
12-29 10:13:17.738 10266 10410 I AmazonAppstore.Library/OrderBootstrapper: OrderBootstrapper: Profile Library size: 13
12-29 10:13:17.738 10266 10410 I AmazonAppstore.SharedPrefs: AFTV.SharedPref.Read.Latency: 0
12-29 10:13:17.739 10266 10410 I AmazonAppstore.Library/OrderBootstrapper: No need to bootstrap.
12-29 10:13:17.740 10266 10420 I AmazonAppstore.Library/OrderBootstrapper: Start of bootstrapOrderIfNeeded
12-29 10:13:17.741 10266 10420 I AmazonAppstore.Library/OrderBootstrapper: V2 Library size from database - 13
12-29 10:13:17.741 10266 10420 I AmazonAppstore.SharedPrefs: AFTV.SharedPref.Read.Latency: 0
12-29 10:13:17.741 10266 10420 I AmazonAppstore.Library/OrderBootstrapper: yacConfigHelperLazy.get().isInitialBootstrapSyncComplete() - true
12-29 10:13:17.741 10266 10420 I AmazonAppstore.Library/OrderBootstrapper: OrderBootstrapper: Triggering bootstrapping if needed
12-29 10:13:17.744 10266 10420 I AmazonAppstore.Library/OrderBootstrapper: OrderBootstrapper: Profile Library size: 13
12-29 10:13:17.744 10266 10420 I AmazonAppstore.SharedPrefs: AFTV.SharedPref.Read.Latency: 0
12-29 10:13:17.744 10266 10420 I AmazonAppstore.Library/OrderBootstrapper: No need to bootstrap.
12-29 10:13:17.778 10266 10276 I art     : Background partial concurrent mark sweep GC freed 21146(2MB) AllocSpace objects, 6(224KB) LOS objects, 38% free, 6MB/10MB, paused 1.566ms total 138.217ms
12-29 10:13:17.807  4059  4059 I EMP_1.0.21958.0_ExternalMediaPlayerAgentService: Starting EMP Agent as a foreground service.
12-29 10:13:17.813 25906  1847 I RecentRefreshManager: update appStore cda card: amzn1.actor.person.did.AMMJGHHBOVIF32KNAFDLGDJJFTNODZJUQ3JAUSRPE27ZZNC7RVSBECCSHQJFUEN5XY65RCFM @@ library @@ recents @@ com.example.clickflix
12-29 10:13:17.819 25906  1847 I F_C.CardProvider: bulkInsert(ParsedUri(PRODUCER=com.amazon.tv.launcher), contentValues:[(com.amazon.tv.launcher/1164248311/1767013997813)][size=1])
12-29 10:13:17.822  4059  4059 I EMP_1.0.21958.0_ExternalMediaPlayerAgentService: Stopping EMP Agent as a foreground service.
12-29 10:13:17.836   618   618 W TelecomManager: Telecom Service not found.
12-29 10:13:17.837 25906  1847 I F_C.ProducerRefreshServ: Performing Producer refresh.
12-29 10:13:17.839 25649 25649 I AMPR_2.1.50742.0_AbstractMediaService: BishopService onStartCommand start processDirectivesIntent
12-29 10:13:17.839 25649 25649 W SPCH-DirectiveIntent: Directive not present in intent, checking old format
12-29 10:13:17.839 25649 25649 E SPCH-DirectiveIntent: Intent does not have 'directiveId' field
12-29 10:13:17.839 25649 25649 I AMPR_2.1.50742.0_AbstractMediaService: BishopService onStartCommand Done processDirectivesIntent
12-29 10:13:17.844  4059  4059 I EMP_1.0.21958.0_ExternalMediaPlayerAgent: handleIntent: android.intent.action.PACKAGE_REMOVED
12-29 10:13:17.845  4059  4059 I EMP_1.0.21958.0_DiscoveryAgent: Discovering compatible players on the device.
12-29 10:13:17.845 13025 13025 I com.amazon.identity.auth.device.authorization.appsync.PackageChangedReceiver: LWA onRecieve : Package is being replaced, will leave this to ACTION_PACKAGE_REPLACED receiver
12-29 10:13:17.852  1399 14984 I chatty  : uid=10156(com.amazon.vizzini) expire 4 lines
12-29 10:13:17.854 10266 10410 I AmazonAppstore.Library/OrderBootstrapper: Start of bootstrapOrderIfNeeded
12-29 10:13:17.855 10266 10410 I AmazonAppstore.Library/OrderBootstrapper: V2 Library size from database - 13
12-29 10:13:17.855 10266 10410 I AmazonAppstore.SharedPrefs: AFTV.SharedPref.Read.Latency: 0
12-29 10:13:17.856 10266 10410 I AmazonAppstore.Library/OrderBootstrapper: yacConfigHelperLazy.get().isInitialBootstrapSyncComplete() - true
12-29 10:13:17.856 10266 10410 I AmazonAppstore.Library/OrderBootstrapper: OrderBootstrapper: Triggering bootstrapping if needed
12-29 10:13:17.859 10266 10410 I AmazonAppstore.Library/OrderBootstrapper: OrderBootstrapper: Profile Library size: 13
12-29 10:13:17.859 10266 10410 I AmazonAppstore.SharedPrefs: AFTV.SharedPref.Read.Latency: 0
12-29 10:13:17.859 10266 10410 I AmazonAppstore.Library/OrderBootstrapper: No need to bootstrap.
12-29 10:13:17.871 10266 10266 I AmazonAppstore.VeneziaCardMaker/CardProducerReceiver: Received action (android.intent.action.PACKAGE_REMOVED).
12-29 10:13:17.876 13043 13043 I WhisperLink: WhisperLinkPlatform - bindSdk: app=com.amazon.storm.lightning.services;
12-29 10:13:17.876 13043 13066 I WhisperLink: PlatformManager - Starting; waiting on platform.waitForStart().;
12-29 10:13:17.876 13043 13066 I WhisperLink: AmazonAndroidPlatform - Sdk starts binding to Core;
12-29 10:13:17.877 13043 13043 I WhisperLink: WhisperLinkPlatform - bindSdk: done, result=true;
12-29 10:13:17.878 13043 13043 I WhisperLink: WhisperLinkPlatform - bindSdk: app=com.amazon.storm.lightning.services;
12-29 10:13:17.878 13043 13043 I WhisperLink: WhisperLinkPlatform - bindSdk: done, result=true;
12-29 10:13:17.880 13043 13043 I LS:LightningDeviceActualMgr: scheduleStopSelf() - delay: 1 unit: MINUTES
12-29 10:13:17.884 10266 10266 I AmazonAppstore.AppManagerBroadcastReceiver: Received intent action 'android.intent.action.PACKAGE_REMOVED'. Routing to SideloadedAppManagerService.
12-29 10:13:17.891 13043 13043 I WhisperLink: AmazonAndroidPlatform - WP core daemon started, SDK connection established;
12-29 10:13:17.891 13043 13066 I WhisperLink: AmazonAndroidPlatform - Sdk finished binding to core;
12-29 10:13:17.891 13043 13066 I WhisperLink: PlatformManager - Starting platform; counter=1;
12-29 10:13:17.902 13043 13066 I WhisperLink: NetworkStateChangeListener - setIsMobileConnectionAllowed false;
12-29 10:13:17.914 10266 14992 I AmazonAppstore.SideloadedAppManagerService: Received action: android.intent.action.PACKAGE_REMOVED
12-29 10:13:17.914 10266 14992 I AmazonAppstore.SideloadedAppManagerService: Table not updated, not sending broadcast.
12-29 10:13:17.930   618   630 W Searchables: No global search activity found
12-29 10:13:17.935 10266 14993 I AmazonAppstore.Library/LibraryOrderService: Received action: android.intent.action.PACKAGE_REMOVED
12-29 10:13:17.956 13043 13066 W WhisperLink: TExternalSocketFactory - Inet route refresh task cancelled or hasn't been scheduled;
12-29 10:13:17.957 13043 14991 I WhisperLink: PlatformManager - onNetworkEvent WifiEth = true WifiEthMobile = true BT = false MobilePref = false;
12-29 10:13:17.958  4059  4059 I EMP_1.0.21958.0_DiscoveryAgent: Found [3] players.
12-29 10:13:17.960  4059  4059 I EMP_1.0.21958.0_DiscoveryAgent: Package 'com.amazon.avod' already authorized.
12-29 10:13:17.960  4059  4059 I EMP_1.0.21958.0_DiscoveryAgent: Package 'com.amazon.bueller.music' already authorized.
12-29 10:13:17.960  4059  4059 I EMP_1.0.21958.0_DiscoveryAgent: Package 'com.spotify.tv.android' already authorized.
12-29 10:13:17.961 10266 14996 I AmazonAppstore.AppUpdates/UpdateService: Running on Android version < O. Do Nothing.
12-29 10:13:17.977 10266 10266 I AmazonAppstore.PackageStateChangedReceiver: android.intent.action.PACKAGE_REMOVED is replacing packages, no job is submitted
12-29 10:13:17.979   618   630 W Searchables: No global search activity found
12-29 10:13:17.999  1399  2668 I chatty  : uid=10156(com.amazon.vizzini) RoutingAgent-Pr expire 5 lines
12-29 10:13:18.022   618   630 E TvInputManagerService: failed to load TV input org.videolan.vlc.PreviewVideoInputService
12-29 10:13:18.022   618   630 E TvInputManagerService: java.lang.IllegalStateException: Setup activity not found for org.videolan.vlc.PreviewVideoInputService
12-29 10:13:18.022   618   630 E TvInputManagerService: 	at android.media.tv.TvInputInfo$Builder.parseServiceMetadata(TvInputInfo.java:956)
12-29 10:13:18.022   618   630 E TvInputManagerService: 	at android.media.tv.TvInputInfo$Builder.build(TvInputInfo.java:901)
12-29 10:13:18.022   618   630 E TvInputManagerService: 	at com.android.server.tv.TvInputManagerService.buildTvInputListLocked(TvInputManagerService.java:345)
12-29 10:13:18.022   618   630 E TvInputManagerService: 	at com.android.server.tv.TvInputManagerService.-wrap10(TvInputManagerService.java)
12-29 10:13:18.022   618   630 E TvInputManagerService: 	at com.android.server.tv.TvInputManagerService$1.buildTvInputList(TvInputManagerService.java:190)
12-29 10:13:18.022   618   630 E TvInputManagerService: 	at com.android.server.tv.TvInputManagerService$1.onPackageUpdateFinished(TvInputManagerService.java:201)
12-29 10:13:18.022   618   630 E TvInputManagerService: 	at com.android.internal.content.PackageMonitor.onReceive(PackageMonitor.java:319)
12-29 10:13:18.022   618   630 E TvInputManagerService: 	at android.app.LoadedApk$ReceiverDispatcher$Args.run(LoadedApk.java:1158)
12-29 10:13:18.022   618   630 E TvInputManagerService: 	at android.os.Handler.handleCallback(Handler.java:751)
12-29 10:13:18.022   618   630 E TvInputManagerService: 	at android.os.Handler.dispatchMessage(Handler.java:95)
12-29 10:13:18.022   618   630 E TvInputManagerService: 	at android.os.Looper.loop(Looper.java:154)
12-29 10:13:18.022   618   630 E TvInputManagerService: 	at android.os.HandlerThread.run(HandlerThread.java:61)
12-29 10:13:18.027 13043 14997 I WhisperLink: RouteUtil - Incomplete or null inet route;
12-29 10:13:18.028   618   630 W VoiceInteractionManagerService: no available voice recognition services found for user 0
12-29 10:13:18.029   618   630 I PackageRecency: Package com.example.clickflix has changed
12-29 10:13:18.029   618   630 W PackageRecency: No listeners found
12-29 10:13:18.030 13043 14997 I WhisperLink: TExternalSocketFactory - Valid inet route retrived on interface wlan0;
12-29 10:13:18.031 13043 14991 I WhisperLink: NetworkStateChangeListener - onReceive intent : android.net.conn.CONNECTIVITY_CHANGE;
12-29 10:13:18.033 13043 13066 I WhisperLink: TWhisperLinkTransport - Initiating connection to Service: amzn.reg Connection Id: 7783 Channel: binder on Device: AAE7B19C70F7EC33AA5C3448BC929774;
12-29 10:13:18.035 25081 25240 I WhisperLink: TWhisperLinkTransport - Incoming connection from Device: AAE7B19C70F7EC33AA5C3448BC929774 to Service: amzn.reg  Connection Id: 7783 Channel: binder;
12-29 10:13:18.035 25081 25240 I WhisperLink: TWhisperLinkTransport - Connection accepted for: sid: amzn.reg UUID: AAE7B19C70F7EC33AA5C3448BC929774 APPID: com.amazon.storm.lightning.services Device Type: 2 Connection Id: 7783 Channel: binder;
12-29 10:13:18.052 10266 10278 I AmazonAppstore.Library/ShortcutMetadataRetriever: Appstore has the permission needed to launch a resolved activity.
12-29 10:13:18.054 10266 10278 I AmazonAppstore.Library/ShortcutMetadataRetriever: Appstore has the permission needed to launch a resolved activity.
12-29 10:13:18.054 10266 10278 I AmazonAppstore.CORPolicy: Forcing isFullExperience to true, as that is the only supported experience.
12-29 10:13:18.054 10266 10278 I AmazonAppstore.SharedPrefs: AFTV.SharedPref.Read.Latency: 0
12-29 10:13:18.057 10266 10278 W AmazonAppstore.Library/LibraryInOrder: Failed to find channel (null), returning -1 for position.
12-29 10:13:18.057 10266 10278 W AmazonAppstore.Library/LibraryInOrder: Failed to find channel (null), returning -1 for position.
12-29 10:13:18.057 10266 10278 W AmazonAppstore.Library/LibraryInOrder: Failed to find channel (null), returning -1 for position.
12-29 10:13:18.057 10266 10278 W AmazonAppstore.Library/LibraryInOrder: Failed to find channel (null), returning -1 for position.
12-29 10:13:18.057 10266 10278 W AmazonAppstore.Library/LibraryInOrder: Failed to find channel (null), returning -1 for position.
12-29 10:13:18.057 10266 10278 W AmazonAppstore.Library/LibraryInOrder: Failed to find channel (null), returning -1 for position.
12-29 10:13:18.057 10266 10278 W AmazonAppstore.Library/LibraryInOrder: Failed to find channel (null), returning -1 for position.
12-29 10:13:18.057 10266 10278 W AmazonAppstore.Library/LibraryInOrder: Failed to find channel (null), returning -1 for position.
12-29 10:13:18.057 10266 10278 W AmazonAppstore.Library/LibraryInOrder: Failed to find channel (null), returning -1 for position.
12-29 10:13:18.059 25081 25081 I WhisperLink: WhisperlinkConfig - Found services: amzn.turnstile,  for package: com.amazon.tv.turnstile;
12-29 10:13:18.062   827   827 E SALE_SaleInstalledAppInfoUpdater: updateInstallAppInfo Package Name is Null 
12-29 10:13:18.064   827   827 E SALE_SaleInstalledAppInfoUpdater: updateInstallAppInfo Package Name is Null 
12-29 10:13:18.066 25081 14998 I WhisperLink: RegistrarService - Removing all callbacks for app=com.amazon.storm.lightning.services;
12-29 10:13:18.069 13043 13066 I WhisperLink: TWhisperLinkTransport - Closing connection for Service: amzn.reg on Device AAE7B19C70F7EC33AA5C3448BC929774 isClient: true Connection Id: 7783 Channel: binder;
12-29 10:13:18.069 13043 13066 I WhisperLink: TTCommTransportFactory@5524195  - start();
12-29 10:13:18.069 13043 13066 I WhisperLink: PlatformManager - Started.;
12-29 10:13:18.070  1415 24949 W TComm.ServiceSideMessag: deregisterMessageHandler - futile attempt; channel: 11112, uid: 10125
12-29 10:13:18.074  1415 24949 I TComm.MessageRouterImpl: registerMessageHandler - adding route; channel: 11112, handler: com.amazon.communication.ServiceSideMessageRouter$RemoteMessageHandler@b85e5f
12-29 10:13:18.076 13043 13090 I WhisperLink: TCommMsgBrok.Return.11112 - Registered on channel 11112;
12-29 10:13:18.078 25081 14998 W WhisperLink: WPServer - Client com.amazon.whisperlink.transport.TWhisperLinkTransport@91b1758 has died, closing silently.:null com.amazon.whisperlink.transport.TWhisperLinkTransport.checkAndRead:1451 com.amazon.whisperlink.transport.TWhisperLinkTransport.readAll:1637 org.apache.thrift.protocol.TBinaryProtocol.readAll:402 org.apache.thrift.protocol.TBinaryProtocol.readI32:355 org.apache.thrift.protocol.TBinaryProtocol.readMessageBegin:248 com.amazon.whisperlink.service.Registrar$Processor.process:888 com.amazon.whisperlink.service.Registrar$Processor.process:883 com.amazon.whisperlink.services.WPServer$ServerTransportRunnable$WorkerProcess.doRun:1140 com.amazon.whisperlink.util.TaskExecutor$Task.run:533 java.util.concurrent.ThreadPoolExecutor.runWorker:1133 java.util.concurrent.ThreadPoolExecutor$Worker.run:607 java.lang.Thread.run:761;
12-29 10:13:18.078 13043 14997 I WhisperLink: RouteUtil - Incomplete or null inet route;
12-29 10:13:18.080 13043 14997 I WhisperLink: TExternalSocketFactory - Valid inet route retrived on interface wlan0;
12-29 10:13:18.082 25906 25906 I DisplayControllerDeboun: FTV-CDA: DisplayControllerDebouncer executing Operation List with 1 operations
12-29 10:13:18.082 25906 25906 I NavMenuController: Received menu options from CDA. Size of cards fetched: 6, request id : 1
12-29 10:13:18.083 13043 13066 I WhisperLink: TWhisperLinkTransport - Initiating connection to Service: amzn.reg Connection Id: 5359 Channel: binder on Device: AAE7B19C70F7EC33AA5C3448BC929774;
12-29 10:13:18.083 25906 25906 I Karma   : mRoutingServiceEnabled true
