12-28 22:02:16.963 10466 10499 I FrameworkJumpTable: Successfully loaded all fields
12-28 22:02:16.964 10466 10499 I FrameworkJumpTable: Successfully loaded all constructors
12-28 22:02:17.249   618 11852 I ActivityManager: Start proc 10518:com.amazon.prism.android.service:remote/u0a118 for service com.amazon.prism.android.service/.PrismService
12-28 22:02:17.292 10466 10466 I AmazonHdmiServiceManager: AmazonHdmiServiceManager created
12-28 22:02:18.505 10518 10542 I FrameworkJumpTable: Successfully loaded all classes
12-28 22:02:18.590 10518 10542 I FrameworkJumpTable: Successfully loaded all methods
12-28 22:02:18.592 10518 10542 I FrameworkJumpTable: Successfully loaded all fields
12-28 22:02:18.592 10518 10542 I FrameworkJumpTable: Successfully loaded all constructors
12-28 22:02:20.951   618   629 I ActivityManager: Start proc 10687:com.amazon.identity.auth.device.authorization/u0a106 for service com.amazon.identity.auth.device.authorization/.AmazonCredentialManagerService
12-28 22:02:28.495   618   630 E TvInputManagerService: failed to load TV input org.videolan.vlc.PreviewVideoInputService
12-28 22:02:28.495   618   630 E TvInputManagerService: java.lang.IllegalStateException: Setup activity not found for org.videolan.vlc.PreviewVideoInputService
12-28 22:02:28.495   618   630 E TvInputManagerService: 	at android.media.tv.TvInputInfo$Builder.parseServiceMetadata(TvInputInfo.java:956)
12-28 22:02:28.495   618   630 E TvInputManagerService: 	at android.media.tv.TvInputInfo$Builder.build(TvInputInfo.java:901)
12-28 22:02:28.495   618   630 E TvInputManagerService: 	at com.android.server.tv.TvInputManagerService.buildTvInputListLocked(TvInputManagerService.java:345)
12-28 22:02:28.495   618   630 E TvInputManagerService: 	at com.android.server.tv.TvInputManagerService.-wrap10(TvInputManagerService.java)
12-28 22:02:28.495   618   630 E TvInputManagerService: 	at com.android.server.tv.TvInputManagerService$1.buildTvInputList(TvInputManagerService.java:190)
12-28 22:02:28.495   618   630 E TvInputManagerService: 	at com.android.server.tv.TvInputManagerService$1.onSomePackagesChanged(TvInputManagerService.java:240)
12-28 22:02:28.495   618   630 E TvInputManagerService: 	at com.android.internal.content.PackageMonitor.onReceive(PackageMonitor.java:431)
12-28 22:02:28.495   618   630 E TvInputManagerService: 	at android.app.LoadedApk$ReceiverDispatcher$Args.run(LoadedApk.java:1158)
12-28 22:02:28.495   618   630 E TvInputManagerService: 	at android.os.Handler.handleCallback(Handler.java:751)
12-28 22:02:28.495   618   630 E TvInputManagerService: 	at android.os.Handler.dispatchMessage(Handler.java:95)
12-28 22:02:28.495   618   630 E TvInputManagerService: 	at android.os.Looper.loop(Looper.java:154)
12-28 22:02:28.495   618   630 E TvInputManagerService: 	at android.os.HandlerThread.run(HandlerThread.java:61)
12-28 22:02:33.476   618   631 I ActivityManager: Start proc 10818:com.amazon.diode/u0a90 for broadcast com.amazon.diode/.events.ExternalEventReceiver
12-28 22:02:36.418   618   662 I AmazonProfileService: Event is not filtered because it is not in filter key list.
12-28 22:02:36.529   618   662 I AmazonProfileService: Event is not filtered because it is not in filter key list.
12-28 22:02:37.299   618   662 I AmazonProfileService: Event is not filtered because it is not in filter key list.
12-28 22:02:37.451   618   662 I AmazonProfileService: Event is not filtered because it is not in filter key list.
12-28 22:02:37.829   618   662 I AmazonProfileService: Event is not filtered because it is not in filter key list.
12-28 22:02:37.944   618   662 I AmazonProfileService: Event is not filtered because it is not in filter key list.
12-28 22:02:38.208   618   662 I AmazonProfileService: Event is not filtered because it is not in filter key list.
12-28 22:02:38.328   618   662 I AmazonProfileService: Event is not filtered because it is not in filter key list.
12-28 22:02:38.530   618   662 I AmazonProfileService: Event is not filtered because it is not in filter key list.
12-28 22:02:38.629   618   662 I AmazonProfileService: Event is not filtered because it is not in filter key list.
12-28 22:02:41.165   618   662 I AmazonProfileService: Event is not filtered because it is not in filter key list.
12-28 22:02:41.349   618   662 I AmazonProfileService: Event is not filtered because it is not in filter key list.
12-28 22:02:41.705   618   662 I AmazonProfileService: Event is not filtered because it is not in filter key list.
12-28 22:02:41.864   618   662 I AmazonProfileService: Event is not filtered because it is not in filter key list.
12-28 22:02:42.109   618   662 I AmazonProfileService: Event is not filtered because it is not in filter key list.
12-28 22:02:42.209   618   662 I AmazonProfileService: Event is not filtered because it is not in filter key list.
12-28 22:02:42.329   618   662 I AmazonProfileService: Event is not filtered because it is not in filter key list.
12-28 22:02:42.445   618   662 I AmazonProfileService: Event is not filtered because it is not in filter key list.
12-28 22:02:42.944   618   662 I AmazonProfileService: Event is not filtered because it is not in filter key list.
12-28 22:02:43.104   618   662 I AmazonProfileService: Event is not filtered because it is not in filter key list.
12-28 22:02:43.185   618   662 I AmazonProfileService: Event is not filtered because it is not in filter key list.
12-28 22:02:43.529   618   662 I AmazonProfileService: Event is not filtered because it is not in filter key list.
12-28 22:02:43.705   618   662 I AmazonProfileService: Event is not filtered because it is not in filter key list.
12-28 22:02:43.889   618   662 I AmazonProfileService: Event is not filtered because it is not in filter key list.
12-28 22:02:44.545   618   662 I AmazonProfileService: Event is not filtered because it is not in filter key list.
12-28 22:02:44.684   618   662 I AmazonProfileService: Event is not filtered because it is not in filter key list.
12-28 22:02:44.985   618   662 I AmazonProfileService: Event is not filtered because it is not in filter key list.
12-28 22:02:45.065   618   662 I AmazonProfileService: Event is not filtered because it is not in filter key list.
12-28 22:02:45.405   618   662 I AmazonProfileService: Event is not filtered because it is not in filter key list.
12-28 22:02:45.549   618   662 I AmazonProfileService: Event is not filtered because it is not in filter key list.
12-28 22:02:45.690   618   662 I AmazonProfileService: Event is not filtered because it is not in filter key list.
12-28 22:02:45.829   618   662 I AmazonProfileService: Event is not filtered because it is not in filter key list.
12-28 22:02:47.865   618   662 I AmazonProfileService: Event is not filtered because it is not in filter key list.
12-28 22:02:48.005   618   662 I AmazonProfileService: Event is not filtered because it is not in filter key list.
12-28 22:02:51.790   618   662 I AmazonProfileService: Event is not filtered because it is not in filter key list.
12-28 22:02:51.965   618   662 I AmazonProfileService: Event is not filtered because it is not in filter key list.
12-28 22:02:57.208   618   630 I ActivityManager: Start proc 11445:com.amazon.kso.blackbird/u0a111 for service com.amazon.kso.blackbird/.sync.periodicadrefresh.PeriodicAdSyncService
12-28 22:02:57.506   618   662 I AmazonProfileService: Event not filtered. KPM proceeds the key
12-28 22:02:57.665   618   662 I AmazonProfileService: Event not filtered. KPM proceeds the key
12-28 22:02:59.025   618   662 I AmazonProfileService: Event is not filtered because it is not in filter key list.
12-28 22:02:59.110   618   662 I AmazonProfileService: Event is not filtered because it is not in filter key list.
12-28 22:02:59.390   618   662 I AmazonProfileService: Event is not filtered because it is not in filter key list.
12-28 22:02:59.565   618   662 I AmazonProfileService: Event is not filtered because it is not in filter key list.
12-28 22:02:59.605   618   662 I AmazonProfileService: Event is not filtered because it is not in filter key list.
12-28 22:02:59.690   618   662 I AmazonProfileService: Event is not filtered because it is not in filter key list.
12-28 22:02:59.765   618   662 I AmazonProfileService: Event is not filtered because it is not in filter key list.
12-28 22:02:59.865   618   662 I AmazonProfileService: Event is not filtered because it is not in filter key list.
12-28 22:02:59.926   618   662 I AmazonProfileService: Event is not filtered because it is not in filter key list.
12-28 22:03:00.009   618   662 I AmazonProfileService: Event is not filtered because it is not in filter key list.
12-28 22:03:00.085   618   662 I AmazonProfileService: Event is not filtered because it is not in filter key list.
12-28 22:03:00.169   618   662 I AmazonProfileService: Event is not filtered because it is not in filter key list.
12-28 22:03:00.446   618   662 I AmazonProfileService: Event is not filtered because it is not in filter key list.
12-28 22:03:00.630   618   662 I AmazonProfileService: Event is not filtered because it is not in filter key list.
12-28 22:03:01.066   618   662 I AmazonProfileService: Event is not filtered because it is not in filter key list.
12-28 22:03:01.210   618   662 I AmazonProfileService: Event is not filtered because it is not in filter key list.
12-28 22:03:01.386   618   662 I AmazonProfileService: Event is not filtered because it is not in filter key list.
12-28 22:03:01.530   618   662 I AmazonProfileService: Event is not filtered because it is not in filter key list.
12-28 22:03:01.646   618   662 I AmazonProfileService: Event is not filtered because it is not in filter key list.
12-28 22:03:01.745   618   662 I AmazonProfileService: Event is not filtered because it is not in filter key list.
12-28 22:03:02.130   618   662 I AmazonProfileService: Event is not filtered because it is not in filter key list.
12-28 22:03:02.245   618   662 I AmazonProfileService: Event is not filtered because it is not in filter key list.
12-28 22:03:02.305   618   662 I AmazonProfileService: Event is not filtered because it is not in filter key list.
12-28 22:03:02.458   618   662 I AmazonProfileService: Event is not filtered because it is not in filter key list.
12-28 22:03:02.526   618   662 I AmazonProfileService: Event is not filtered because it is not in filter key list.
12-28 22:03:02.610   618   662 I AmazonProfileService: Event is not filtered because it is not in filter key list.
12-28 22:03:03.610   618   662 I AmazonProfileService: Event is not filtered because it is not in filter key list.
12-28 22:03:03.709   618   662 I AmazonProfileService: Event is not filtered because it is not in filter key list.
12-28 22:03:03.755 25406 25406 E PerfBoostIMSCallback: Requires com.amazon.permission.USE_PERFBOOST permission
12-28 22:03:16.135   618   618 I ActivityManager: Start proc 11629:com.amazon.bueller.photos/u0a76 for service com.amazon.bueller.photos/com.amazon.gallery.thor.config.control.RemoteConfigurationJob
12-28 22:03:16.500 11629 11629 I FrameworkJumpTable: Successfully loaded all classes
12-28 22:03:16.513 11629 11629 I FrameworkJumpTable: Successfully loaded all methods
12-28 22:03:16.516 11629 11629 I FrameworkJumpTable: Successfully loaded all fields
12-28 22:03:16.516 11629 11629 I FrameworkJumpTable: Successfully loaded all constructors
12-28 22:03:18.821   618   631 I ActivityManager: Waited long enough for: ServiceRecord{c1f20de u0 com.amazon.storm.lightning.services/.LightningWPServer}
12-28 22:03:49.990   618   618 I ActivityManager: Start proc 11716:com.amazon.ceviche/u0a78 for service com.amazon.ceviche/.transport.BatchPurgeTransportJobService
12-28 22:03:50.182   618  1324 I AmazonProfileService: Registering callback
12-28 22:03:50.231 11716 11746 I FrameworkJumpTable: Successfully loaded all classes
12-28 22:03:50.254 11716 11746 I FrameworkJumpTable: Successfully loaded all methods
12-28 22:03:50.256 11716 11746 I FrameworkJumpTable: Successfully loaded all fields
12-28 22:03:50.256 11716 11746 I FrameworkJumpTable: Successfully loaded all constructors
12-28 22:04:35.714   618   634 E BatteryStatsService: no controller energy info supplied
12-28 22:04:35.734   618   634 E BatteryStatsService: no controller energy info supplied
12-28 22:05:43.874   618   662 I AmazonProfileService: Event not filtered. KPM proceeds the key
12-28 22:05:43.953   618   662 I AmazonProfileService: Event not filtered. KPM proceeds the key
12-28 22:05:43.981   618   661 W ContextImpl: Calling a method in the system process without a qualified user: android.app.ContextImpl.sendBroadcast:921 com.amazon.policy.keypolicymanager.FireTVKeyPolicyManager.sendHomePressedIntent:2672 com.amazon.policy.keypolicymanager.FireTVKeyPolicyManager.handleHomeKeyInteractive:2637 com.amazon.policy.keypolicymanager.FireTVKeyPolicyManager.handleShortPressOnHome:3201 com.android.server.policy.PhoneWindowManager.handleShortPressOnHome:1559 
12-28 22:05:43.982   618   661 W ContextImpl: Calling a method in the system process without a qualified user: android.app.ContextImpl.sendBroadcast:921 com.amazon.policy.keypolicymanager.FireTVKeyPolicyManager.sendHomePressedIntent:2672 com.amazon.policy.keypolicymanager.FireTVKeyPolicyManager.handleHomeKeyInteractive:2637 com.amazon.policy.keypolicymanager.FireTVKeyPolicyManager.handleShortPressOnHome:3201 com.android.server.policy.PhoneWindowManager.handleShortPressOnHome:1559 
12-28 22:05:43.982   618   661 W ContextImpl: Calling a method in the system process without a qualified user: android.app.ContextImpl.sendBroadcast:921 com.amazon.policy.keypolicymanager.FireTVKeyPolicyManager.sendHomePressedIntent:2672 com.amazon.policy.keypolicymanager.FireTVKeyPolicyManager.handleHomeKeyInteractive:2637 com.amazon.policy.keypolicymanager.FireTVKeyPolicyManager.handleShortPressOnHome:3201 com.android.server.policy.PhoneWindowManager.handleShortPressOnHome:1559 
12-28 22:05:43.983   618   661 W ContextImpl: Calling a method in the system process without a qualified user: android.app.ContextImpl.sendBroadcast:921 com.amazon.policy.keypolicymanager.FireTVKeyPolicyManager.sendHomePressedIntent:2672 com.amazon.policy.keypolicymanager.FireTVKeyPolicyManager.handleHomeKeyInteractive:2637 com.amazon.policy.keypolicymanager.FireTVKeyPolicyManager.handleShortPressOnHome:3201 com.android.server.policy.PhoneWindowManager.handleShortPressOnHome:1559 
12-28 22:05:44.004   618   661 I ActivityManager: START u0 {act=android.intent.action.MAIN cat=[android.intent.category.HOME] flg=0x10200000 cmp=com.amazon.tv.launcher/.ui.HomeActivity_vNext (has extras)} from uid 1000 on display 0
12-28 22:05:44.007   618   661 I AmazonProfileService: shouldAbortActivityStart() Package: xxx activity: xxx
12-28 22:05:44.008   618   661 I AmazonProfileService: APS_V2 enabled in Arcus and mIsChildPINEnabled : false
12-28 22:05:44.008   618   661 I AmazonProfileService: APS_V2 enabled in Arcus and mIsChildPINEnabled : false
12-28 22:05:44.008   618   661 I AmazonProfileService: xxx is a system app, do not abort activity start.
12-28 22:05:44.008   618   661 I AmazonProfileService: APS_V2 enabled in Arcus and mIsChildPINEnabled : false
12-28 22:05:44.068   618   631 I ProcessStatsService: Prepared write state in 5ms
12-28 22:05:44.073   618   631 I ProcessStatsService: Prepared write state in 5ms
12-28 22:05:44.169   618   716 W AmazonProfileService: Active profile for the package xxx not present for customer Id xxx
12-28 22:05:44.460   618 24696 I AmazonProfileService: Event is not filtered because it is not in filter key list.
12-28 22:05:44.971   618  1188 I AmazonProfileService: Registering callback
12-28 22:05:46.046   618   700 I AmazonHdmiService: OneTouchPlay: Call starting
12-28 22:05:46.161   618  1322 I ActivityManager: Start proc 11995:com.amazon.aca/u0a59 for content provider com.amazon.aca/.cues.provider.HintsProvider
12-28 22:05:46.703 11995 11995 I FrameworkJumpTable: Successfully loaded all classes
12-28 22:05:46.726 11995 11995 I FrameworkJumpTable: Successfully loaded all methods
12-28 22:05:46.728 11995 11995 I FrameworkJumpTable: Successfully loaded all fields
12-28 22:05:46.728 11995 11995 I FrameworkJumpTable: Successfully loaded all constructors
12-28 22:05:46.773   618   662 I AmazonProfileService: Event is not filtered because it is not in filter key list.
12-28 22:05:46.887   618   618 I AmazonHdmiService: OneTouchPlay: worked :Result:0
12-28 22:05:46.925   618   662 I AmazonProfileService: Event is not filtered because it is not in filter key list.
12-28 22:05:47.213   618   662 I AmazonProfileService: Event is not filtered because it is not in filter key list.
12-28 22:05:47.372   618   662 I AmazonProfileService: Event is not filtered because it is not in filter key list.
12-28 22:05:47.537   618   662 I AmazonProfileService: Event is not filtered because it is not in filter key list.
12-28 22:05:47.636   618   662 I AmazonProfileService: Event is not filtered because it is not in filter key list.
12-28 22:05:47.643   618  1322 I ActivityManager: START u0 {act=android.intent.action.VIEW (has data) flg=0x10000000 cmp=com.amazon.venezia/.pdi.AppLaunchActivity (has extras)} from uid 10142 on display 0
12-28 22:05:47.647   618  1322 I AmazonProfileService: shouldAbortActivityStart() Package: xxx activity: xxx
12-28 22:05:47.647   618  1322 I AmazonProfileService: APS_V2 enabled in Arcus and mIsChildPINEnabled : false
12-28 22:05:47.647   618  1322 I AmazonProfileService: APS_V2 enabled in Arcus and mIsChildPINEnabled : false
12-28 22:05:47.647   618  1322 I AmazonProfileService: xxx is a system app, do not abort activity start.
12-28 22:05:47.647   618  1322 I AmazonProfileService: APS_V2 enabled in Arcus and mIsChildPINEnabled : false
12-28 22:05:47.649   618 12058 I ActivityManager: START u0 {act=android.intent.action.MAIN cat=[android.intent.category.LEANBACK_LAUNCHER] flg=0x10000000 pkg=com.dcsapp.iptv cmp=com.dcsapp.iptv/com.rtx.nextvproject.RTX.UI.SplashRTX (has extras)} from uid 1000 on display 0
12-28 22:05:47.650   618 12058 I AmazonProfileService: shouldAbortActivityStart() Package: xxx activity: xxx
12-28 22:05:47.650   618 12058 I AmazonProfileService: APS_V2 enabled in Arcus and mIsChildPINEnabled : false
12-28 22:05:47.651   618 12058 I AmazonProfileService: APS_V2 enabled in Arcus and mIsChildPINEnabled : false
12-28 22:05:47.651   618 12058 I AmazonProfileService: shouldAbortActivityStart() not aborted
12-28 22:05:47.716   618  1322 I ActivityManager: Start proc 12059:com.dcsapp.iptv/u0a230 for activity com.dcsapp.iptv/com.rtx.nextvproject.RTX.UI.SplashRTX
12-28 22:05:47.779   618   638 I AmazonProfileService: Sending broadcast as the package is a non-enabled app
12-28 22:05:47.784   618   716 W AmazonProfileService: Active profile for the package xxx not present for customer Id xxx
12-28 22:05:48.246 12059 12059 I FrameworkJumpTable: Successfully loaded all classes
12-28 22:05:48.264 12059 12059 I FrameworkJumpTable: Successfully loaded all methods
12-28 22:05:48.276 12059 12059 I FrameworkJumpTable: Successfully loaded all fields
12-28 22:05:48.277 12059 12059 I FrameworkJumpTable: Successfully loaded all constructors
12-28 22:05:48.673   618  1322 E WindowManager: App trying to use insecure INPUT_FEATURE_NO_INPUT_CHANNEL flag. Ignoring
12-28 22:05:48.677   618  1322 I AmazonProfileService: Event is not filtered because it is not in filter key list.
12-28 22:05:48.720   618  5676 E WindowManager: App trying to use insecure INPUT_FEATURE_NO_INPUT_CHANNEL flag. Ignoring
12-28 22:05:48.954   618  1188 W AmazonMediaCodecLoggerService: notifyFirstFrameRendered: unable to get package names for client uid : 1013
12-28 22:05:48.954   618  1188 W AmazonMediaCodecLoggerService: Something wrong. No window found for mcls client with id 1013
12-28 22:05:49.186 12059 12080 E ActivityThread: Failed to find provider info for com.google.android.gms.phenotype
12-28 22:05:51.193   618   778 E TaskPersister: File error accessing recents directory (directory doesn't exist?).
12-28 22:05:54.306   618 24696 I ActivityManager: START u0 {cmp=com.dcsapp.iptv/fr.nextv.atv.app.TvActivity} from uid 10230 on display 0
12-28 22:05:54.308   618 24696 I AmazonProfileService: shouldAbortActivityStart() Package: xxx activity: xxx
12-28 22:05:54.309   618 24696 I AmazonProfileService: APS_V2 enabled in Arcus and mIsChildPINEnabled : false
12-28 22:05:54.309   618 24696 I AmazonProfileService: APS_V2 enabled in Arcus and mIsChildPINEnabled : false
12-28 22:05:54.309   618 24696 I AmazonProfileService: shouldAbortActivityStart() not aborted
12-28 22:05:54.387   618   638 I AmazonProfileService: Sending broadcast as the package is a non-enabled app
12-28 22:05:55.274   618 11852 E WindowManager: App trying to use insecure INPUT_FEATURE_NO_INPUT_CHANNEL flag. Ignoring
12-28 22:05:55.279   618 11852 I AmazonProfileService: Event is not filtered because it is not in filter key list.
12-28 22:05:55.367   618  1322 E WindowManager: App trying to use insecure INPUT_FEATURE_NO_INPUT_CHANNEL flag. Ignoring
12-28 22:05:55.595   618  1322 W AmazonMediaCodecLoggerService: notifyUnregisterVideoClient: unable to get package names for client uid : 1013
12-28 22:05:55.595   618  1322 W AmazonMediaCodecLoggerService: Something wrong. No window found for mcls client with id 1013
12-28 22:05:57.124   618   630 E TvInputManagerService: failed to load TV input org.videolan.vlc.PreviewVideoInputService
12-28 22:05:57.124   618   630 E TvInputManagerService: java.lang.IllegalStateException: Setup activity not found for org.videolan.vlc.PreviewVideoInputService
12-28 22:05:57.124   618   630 E TvInputManagerService: 	at android.media.tv.TvInputInfo$Builder.parseServiceMetadata(TvInputInfo.java:956)
12-28 22:05:57.124   618   630 E TvInputManagerService: 	at android.media.tv.TvInputInfo$Builder.build(TvInputInfo.java:901)
12-28 22:05:57.124   618   630 E TvInputManagerService: 	at com.android.server.tv.TvInputManagerService.buildTvInputListLocked(TvInputManagerService.java:345)
12-28 22:05:57.124   618   630 E TvInputManagerService: 	at com.android.server.tv.TvInputManagerService.-wrap10(TvInputManagerService.java)
12-28 22:05:57.124   618   630 E TvInputManagerService: 	at com.android.server.tv.TvInputManagerService$1.buildTvInputList(TvInputManagerService.java:190)
12-28 22:05:57.124   618   630 E TvInputManagerService: 	at com.android.server.tv.TvInputManagerService$1.onSomePackagesChanged(TvInputManagerService.java:240)
12-28 22:05:57.124   618   630 E TvInputManagerService: 	at com.android.internal.content.PackageMonitor.onReceive(PackageMonitor.java:431)
12-28 22:05:57.124   618   630 E TvInputManagerService: 	at android.app.LoadedApk$ReceiverDispatcher$Args.run(LoadedApk.java:1158)
12-28 22:05:57.124   618   630 E TvInputManagerService: 	at android.os.Handler.handleCallback(Handler.java:751)
12-28 22:05:57.124   618   630 E TvInputManagerService: 	at android.os.Handler.dispatchMessage(Handler.java:95)
12-28 22:05:57.124   618   630 E TvInputManagerService: 	at android.os.Looper.loop(Looper.java:154)
12-28 22:05:57.124   618   630 E TvInputManagerService: 	at android.os.HandlerThread.run(HandlerThread.java:61)
12-28 22:05:57.842   618   778 E TaskPersister: File error accessing recents directory (directory doesn't exist?).
12-28 22:06:00.174   618   631 I ActivityManager: Waited long enough for: ServiceRecord{c19565e u0 com.amazon.storm.lightning.services/.LightningWPServer}
12-28 22:07:10.527   618   635 I AmazonDropBoxManagerService: Either there is noLog.crash files or all files are corrupted
12-28 22:07:18.282   618 24696 I ActivityManager: Start proc 12350:com.android.providers.tv/u0a50 for content provider com.android.providers.tv/.TvProvider
12-28 22:08:06.518   618   618 I ActivityManager: Start proc 12390:tv.pluto.android/u0a222 for service tv.pluto.android/androidx.work.impl.background.systemjob.SystemJobService
12-28 22:08:06.991 12390 12390 I FrameworkJumpTable: Successfully loaded all classes
12-28 22:08:07.014 12390 12390 I FrameworkJumpTable: Successfully loaded all methods
12-28 22:08:07.018 12390 12390 I FrameworkJumpTable: Successfully loaded all fields
12-28 22:08:07.019 12390 12390 I FrameworkJumpTable: Successfully loaded all constructors
12-28 22:09:24.265   618   618 I ActivityManager: Start proc 12635:com.amazon.perfc/u0a117 for service com.amazon.perfcollection/.PerfStatsCService
12-28 22:09:24.309   618   618 I ActivityManager: Start proc 12650:org.jellyfin.androidtv/u0a71 for service org.jellyfin.androidtv/androidx.work.impl.background.systemjob.SystemJobService
12-28 22:09:24.751   618  5676 I ActivityManager: Start proc 12682:com.amazon.device.software.ota/u0a20 for service com.amazon.device.software.ota/.OtaService
12-28 22:09:25.093 12650 12650 I FrameworkJumpTable: Successfully loaded all classes
12-28 22:09:25.112 12650 12650 I FrameworkJumpTable: Successfully loaded all methods
12-28 22:09:25.116 12650 12650 I FrameworkJumpTable: Successfully loaded all fields
12-28 22:09:25.116 12650 12650 I FrameworkJumpTable: Successfully loaded all constructors
12-28 22:09:25.363 12635 12674 I FrameworkJumpTable: Successfully loaded all classes
12-28 22:09:25.431 12635 12674 I FrameworkJumpTable: Successfully loaded all methods
12-28 22:09:25.449 12635 12674 I FrameworkJumpTable: Successfully loaded all fields
12-28 22:09:25.449 12635 12674 I FrameworkJumpTable: Successfully loaded all constructors
12-28 22:12:26.946   618   630 I UsageStatsService: User[0] Flushing usage stats to disk
12-28 22:14:31.988   618   635 I AmazonDropBoxManagerService: Either there is noLog.crash files or all files are corrupted
12-28 22:20:14.419   618 13471 I CrashReporterActivityManagerCallback: addErrorToDropBox inserted hashcode=62a2020057d2d9a378c53e9848898fb9fc6c0b79 for eventType wtf.
12-28 22:20:14.422   618 13471 I AmazonDropBoxManagerService: Either there is noLog.crash files or all files are corrupted
12-28 22:20:15.674   618   631 W BroadcastQueue: Permission Denial: receiving Intent { act=android.intent.action.DROPBOX_ENTRY_ADDED flg=0x10 (has extras) } to ProcessRecord{cf96728 11995:com.amazon.aca/u0a59} (pid=11995, uid=10059) requires android.permission.READ_LOGS due to sender android (uid 1000)
12-28 22:20:15.678   618   630 I CrashDescriptorUtil: addErrorToCommonLog Hash already present in file
12-28 22:29:14.905   618   635 I AmazonDropBoxManagerService: Either there is noLog.crash files or all files are corrupted
12-28 22:32:00.010   618   618 I ActivityManager: Killing 10414:com.android.providers.downloads/u0a28 (adj 903): empty for 1803s
12-28 22:32:36.957   618   631 I ActivityManager: Killing 10687:com.amazon.identity.auth.device.authorization/u0a106 (adj 903): empty for 1814s
12-28 22:33:00.004   618   618 I ActivityManager: Killing 11445:com.amazon.kso.blackbird/u0a111 (adj 903): empty for 1802s
12-28 22:34:35.712   618   634 E BatteryStatsService: no controller energy info supplied
12-28 22:34:35.741   618   634 E BatteryStatsService: no controller energy info supplied
12-28 22:34:53.355   618   618 I EntropyMixer: Added HW RNG output to entropy pool
12-28 22:34:53.355   618   618 I EntropyMixer: Writing entropy...
12-28 22:34:55.292   618   654 I ActivityManager: Start proc 14671:org.videolan.vlc/u0a206 for service org.videolan.vlc/.RecommendationsService
12-28 22:34:55.342   618   618 I ActivityManager: Start proc 14684:com.amazon.tv.livetv/u0a144 for service com.amazon.tv.livetv/androidx.work.impl.background.systemjob.SystemJobService
12-28 22:34:55.362   618   618 I ActivityManager: Start proc 14697:com.amazon.dpcclient/u0a92 for service com.amazon.dpcclient/.action.ScheduledCookieConsentBroadcastAction
12-28 22:34:56.167 14684 14684 I FrameworkJumpTable: Successfully loaded all classes
12-28 22:34:56.197 14684 14684 I FrameworkJumpTable: Successfully loaded all methods
12-28 22:34:56.204 14684 14684 I FrameworkJumpTable: Successfully loaded all fields
12-28 22:34:56.205 14684 14684 I FrameworkJumpTable: Successfully loaded all constructors
12-28 22:34:56.244   618  5676 I ActivityManager: Start proc 14740:com.amazon.tv.settings.v2/u0a152 for content provider com.amazon.tv.settings.v2/.tv.preferences.details.privacy.PrivacySettingsProvider
12-28 22:34:56.964   618 24696 I AmazonProfileService: Registering callback
12-28 22:34:57.249 14740 14740 I FrameworkJumpTable: Successfully loaded all classes
12-28 22:34:57.268 14740 14740 I FrameworkJumpTable: Successfully loaded all methods
12-28 22:34:57.271 14740 14740 I FrameworkJumpTable: Successfully loaded all fields
12-28 22:34:57.271 14740 14740 I FrameworkJumpTable: Successfully loaded all constructors
12-28 22:34:57.366 14740 14740 I AmazonHdmiServiceManager: AmazonHdmiServiceManager created
12-28 22:34:57.367   618  3784 I AmazonHdmiService: Get all supported display modes
12-28 22:34:57.375   618  5676 I AmazonHdmiService: Get Current HDCP Version
12-28 22:34:57.923   618 22065 I AmazonHdmiService: Get all supported display modes
12-28 22:34:57.926   618 22065 I AmazonHdmiService: Get Current HDCP Version
12-28 22:34:58.215   618 22065 I ActivityManager: Start proc 14860:com.amazon.providers.tv/u0a119 for content provider com.amazon.providers.tv/.FireTvProvider
12-28 22:34:58.222 14684 14770 E ActivityThread: Failed to find provider info for com.amazon.tv.channelscan
12-28 22:34:58.223 14684 14770 E ActivityThread: Failed to find provider info for com.amazon.tv.channelscan
12-28 22:34:58.224 14684 14770 E ActivityThread: Failed to find provider info for com.amazon.tv.channelscan
12-28 22:35:03.888 12682 12682 I FrameworkJumpTable: Successfully loaded all classes
12-28 22:35:03.904 12682 12682 I FrameworkJumpTable: Successfully loaded all methods
12-28 22:35:03.907 12682 12682 I FrameworkJumpTable: Successfully loaded all fields
12-28 22:35:03.907 12682 12682 I FrameworkJumpTable: Successfully loaded all constructors
12-28 22:35:04.680   618   618 I ActivityManager: Start proc 14891:com.amazon.prism.android.service/u0a118 for service com.amazon.prism.android.service/.configuration.synchronization.SyncRemoteConfigJobService
12-28 22:35:09.393   618   618 I ActivityManager: Start proc 14925:com.amazon.logan:a11ymetrics/u0a163 for service com.amazon.logan/.metrics.AppUsageMetricsReporter
12-28 22:35:09.690   618 22065 I ActivityManager: Start proc 14943:com.amazon.logan/u0a163 for content provider com.amazon.logan/.provider.LoganProvider
12-28 22:35:09.953   618   618 I ActivityManager: Start proc 14964:com.amazon.device.logmanager/u0a34 for service com.amazon.device.logmanager/.panacea.PanaceaPeriodicSyncService
12-28 22:35:10.263   618  7380 I ActivityManager: Killing 9721:com.amazon.storm.lightning.services/u0a125 (adj 903): empty #17
12-28 22:35:18.169   618   618 I ActivityManager: Killing 12390:tv.pluto.android/u0a222 (adj 903): empty #17
12-28 22:35:18.171   618   618 I ActivityManager: Killing 11995:com.amazon.aca/u0a59 (adj 903): empty #18
12-28 22:35:18.288   618   678 E ConnectivityService: RemoteException caught trying to send a callback msg for NetworkRequest [ TRACK_DEFAULT id=2648, [ Capabilities: INTERNET&NOT_RESTRICTED&TRUSTED&NOT_VPN] ]
12-28 22:35:22.990   618   618 I ActivityManager: Killing 12635:com.amazon.perfc/u0a117 (adj 903): empty #17
12-28 22:35:22.991   618   618 I ActivityManager: Killing 12650:org.jellyfin.androidtv/u0a71 (adj 903): empty #18
12-28 22:35:31.819   618   618 I ActivityManager: Start proc 15027:com.amazon.hedwig/u0a105 for service com.amazon.hedwig/.tif.TifSyncService
12-28 22:35:31.858   618   629 I ActivityManager: Killing 10466:com.amazon.avod/u0a73 (adj 903): empty #17
12-28 22:35:31.932   618 24696 E AmazonHdmiService: Settings client binder died.
12-28 22:35:37.665   618   618 I ActivityManager: Start proc 15080:com.amazon.securitysyncclient/u0a120 for service com.amazon.securitysyncclient/.scheduler.SecuritySyncSchedulerService
12-28 22:35:39.644   618  7380 I ActivityManager: Killing 11716:com.amazon.ceviche/u0a78 (adj 903): empty #17
12-28 22:35:57.943   618   631 I ProcessStatsService: Prepared write state in 9ms
12-28 22:35:57.946   618 11744 I ActivityManager: Killing 10818:com.amazon.diode/u0a90 (adj 903): empty #17
12-28 22:35:57.996   618   678 E ConnectivityService: RemoteException caught trying to send a callback msg for NetworkRequest [ LISTEN id=2644, [ Capabilities: NOT_RESTRICTED&TRUSTED&NOT_VPN] ]
12-28 22:36:08.184 15080 15099 I FrameworkJumpTable: Successfully loaded all classes
12-28 22:36:08.204 15080 15099 I FrameworkJumpTable: Successfully loaded all methods
12-28 22:36:08.206 15080 15099 I FrameworkJumpTable: Successfully loaded all fields
12-28 22:36:08.206 15080 15099 I FrameworkJumpTable: Successfully loaded all constructors
12-28 22:36:08.264   618 11165 I ActivityManager: Process com.amazon.securitysyncclient (pid 15080) has died
12-28 22:36:18.895   618   618 I ActivityManager: Start proc 15134:com.amazon.perfc/u0a117 for service com.amazon.perfcollection/.ConfigurationSyncService
12-28 22:36:19.089 15134 15152 I FrameworkJumpTable: Successfully loaded all classes
12-28 22:36:19.104 15134 15152 I FrameworkJumpTable: Successfully loaded all methods
12-28 22:36:19.106 15134 15152 I FrameworkJumpTable: Successfully loaded all fields
12-28 22:36:19.106 15134 15152 I FrameworkJumpTable: Successfully loaded all constructors
12-28 22:36:20.536   618 15164 I CrashReporterActivityManagerCallback: addErrorToDropBox inserted hashcode=469134b7fcf3effc17c65ca68fc88840db005d43 for eventType wtf.
12-28 22:36:20.547   618 15164 I AmazonDropBoxManagerService: Either there is noLog.crash files or all files are corrupted
12-28 22:36:21.767   618   630 I CrashDescriptorUtil: addErrorToCommonLog Hash already present in file
12-28 22:37:18.918   618   618 I ActivityManager: Start proc 15281:com.amazon.avod/u0a73 for service com.amazon.avod/androidx.work.impl.background.systemjob.SystemJobService
12-28 22:37:19.984 15281 15308 I FrameworkJumpTable: Successfully loaded all classes
12-28 22:37:20.001 15281 15308 I FrameworkJumpTable: Successfully loaded all methods
12-28 22:37:20.004 15281 15308 I FrameworkJumpTable: Successfully loaded all fields
12-28 22:37:20.004 15281 15308 I FrameworkJumpTable: Successfully loaded all constructors
12-28 22:37:20.340 15281 15281 I AmazonHdmiServiceManager: AmazonHdmiServiceManager created
12-28 22:37:21.027   618  1180 I ActivityManager: Killing 14671:org.videolan.vlc/u0a206 (adj 903): empty #17
12-28 22:37:21.191   618   678 E ConnectivityService: RemoteException caught trying to send a callback msg for NetworkRequest [ REQUEST id=2655, [ Capabilities: INTERNET&NOT_RESTRICTED&TRUSTED&NOT_VPN] ]
12-28 22:37:23.635   618  1188 I ActivityManager: Start proc 15390:com.amazon.identity.auth.device.authorization/u0a106 for service com.amazon.identity.auth.device.authorization/.AmazonCredentialManagerService
12-28 22:37:24.089   618 11165 I ActivityManager: Killing 11629:com.amazon.bueller.photos/u0a76 (adj 903): empty #17
12-28 22:37:31.605   618   630 E TvInputManagerService: failed to load TV input org.videolan.vlc.PreviewVideoInputService
12-28 22:37:31.605   618   630 E TvInputManagerService: java.lang.IllegalStateException: Setup activity not found for org.videolan.vlc.PreviewVideoInputService
12-28 22:37:31.605   618   630 E TvInputManagerService: 	at android.media.tv.TvInputInfo$Builder.parseServiceMetadata(TvInputInfo.java:956)
12-28 22:37:31.605   618   630 E TvInputManagerService: 	at android.media.tv.TvInputInfo$Builder.build(TvInputInfo.java:901)
12-28 22:37:31.605   618   630 E TvInputManagerService: 	at com.android.server.tv.TvInputManagerService.buildTvInputListLocked(TvInputManagerService.java:345)
12-28 22:37:31.605   618   630 E TvInputManagerService: 	at com.android.server.tv.TvInputManagerService.-wrap10(TvInputManagerService.java)
12-28 22:37:31.605   618   630 E TvInputManagerService: 	at com.android.server.tv.TvInputManagerService$1.buildTvInputList(TvInputManagerService.java:190)
12-28 22:37:31.605   618   630 E TvInputManagerService: 	at com.android.server.tv.TvInputManagerService$1.onSomePackagesChanged(TvInputManagerService.java:240)
12-28 22:37:31.605   618   630 E TvInputManagerService: 	at com.android.internal.content.PackageMonitor.onReceive(PackageMonitor.java:431)
12-28 22:37:31.605   618   630 E TvInputManagerService: 	at android.app.LoadedApk$ReceiverDispatcher$Args.run(LoadedApk.java:1158)
12-28 22:37:31.605   618   630 E TvInputManagerService: 	at android.os.Handler.handleCallback(Handler.java:751)
12-28 22:37:31.605   618   630 E TvInputManagerService: 	at android.os.Handler.dispatchMessage(Handler.java:95)
12-28 22:37:31.605   618   630 E TvInputManagerService: 	at android.os.Looper.loop(Looper.java:154)
12-28 22:37:31.605   618   630 E TvInputManagerService: 	at android.os.HandlerThread.run(HandlerThread.java:61)
12-28 22:37:37.572   618   631 I ActivityManager: Start proc 15476:com.amazon.diode/u0a90 for broadcast com.amazon.diode/.events.ExternalEventReceiver
12-28 22:37:38.211   618  6179 I ActivityManager: Killing 14740:com.amazon.tv.settings.v2/u0a152 (adj 903): empty #17
12-28 22:37:38.308   618  3404 E AmazonHdmiService: Settings client binder died.
12-28 22:38:19.993   618   618 I ActivityManager: Start proc 15525:com.amazon.bueller.photos/u0a76 for service com.amazon.bueller.photos/com.amazon.gallery.thor.app.jobs.NetworkChangeJobService
12-28 22:38:20.350 15525 15525 I FrameworkJumpTable: Successfully loaded all classes
12-28 22:38:20.367 15525 15525 I FrameworkJumpTable: Successfully loaded all methods
12-28 22:38:20.370 15525 15525 I FrameworkJumpTable: Successfully loaded all fields
12-28 22:38:20.370 15525 15525 I FrameworkJumpTable: Successfully loaded all constructors
12-28 22:38:25.830   618  8740 I ActivityManager: Killing 14697:com.amazon.dpcclient/u0a92 (adj 903): empty #17
12-28 22:39:49.832   618   631 I ActivityManager: Start proc 15723:com.amazon.wifilocker/u0a13 for broadcast com.amazon.wifilocker/.receivers.WifiChangeReceiver
12-28 22:39:49.863   618   721 I ActivityManager: Start proc 15738:com.amazon.wirelessmetrics.service/u0a168 for service com.amazon.wirelessmetrics.service/.WirelessMetricsService
12-28 22:39:49.864   618   678 I Nat464Xlat: Stopping clatd
12-28 22:39:49.882   618   678 E Nat464Xlat: Error stopping clatd: java.lang.IllegalStateException: command '24984 clatd stop wlan0' failed with '400 24984 Clatd operation failed'
12-28 22:39:50.033 15738 15753 I FrameworkJumpTable: Successfully loaded all classes
12-28 22:39:50.077 15738 15753 I FrameworkJumpTable: Successfully loaded all methods
12-28 22:39:50.079 15738 15753 I FrameworkJumpTable: Successfully loaded all fields
12-28 22:39:50.079 15738 15753 I FrameworkJumpTable: Successfully loaded all constructors
12-28 22:39:50.233   618 11165 I ActivityManager: Killing 14860:com.amazon.providers.tv/u0a119 (adj 903): empty #17
12-28 22:39:52.195   618  3404 I ActivityManager: Killing 12682:com.amazon.device.software.ota/u0a20 (adj 903): empty #17
12-28 22:39:55.441   618  6179 I ActivityManager: Start proc 15786:com.amazon.providers.tv/u0a119 for content provider com.amazon.providers.tv/.FireTvProvider
12-28 22:40:04.435   618  8740 I ActivityManager: Start proc 15807:com.amazon.ceviche/u0a78 for content provider com.amazon.ceviche/.TrackEventsContentProvider
12-28 22:40:04.612   618  1236 I AmazonProfileService: Registering callback
12-28 22:40:04.661 15807 15818 I FrameworkJumpTable: Successfully loaded all classes
12-28 22:40:04.687 15807 15818 I FrameworkJumpTable: Successfully loaded all methods
12-28 22:40:04.690 15807 15818 I FrameworkJumpTable: Successfully loaded all fields
12-28 22:40:04.690 15807 15818 I FrameworkJumpTable: Successfully loaded all constructors
12-28 22:40:06.672   618  6179 I ActivityManager: Start proc 15846:com.amazon.device.software.ota/u0a20 for service com.amazon.device.software.ota/.OtaService
12-28 22:40:23.235   618   654 I ActivityManager: Killing 10305:com.amazon.venezia/u0a155 (adj 903): empty #17
12-28 22:40:23.236   618   654 I ActivityManager: Killing 14891:com.amazon.prism.android.service/u0a118 (adj 903): empty #18
12-28 22:40:25.444   618  1188 I ActivityManager: Killing 14943:com.amazon.logan/u0a163 (adj 903): empty #17
12-28 22:40:38.734   618   630 I ActivityManager: Start proc 15903:com.amazon.kso.blackbird/u0a111 for service com.amazon.kso.blackbird/.sync.arcus.PeriodicArcusSyncService
12-28 22:40:39.284   618 11165 I ActivityManager: Killing 14925:com.amazon.logan:a11ymetrics/u0a163 (adj 903): empty #17
12-28 22:41:38.289   618   635 I AmazonDropBoxManagerService: Either there is noLog.crash files or all files are corrupted
12-28 22:43:58.932   618   635 I AmazonDropBoxManagerService: Either there is noLog.crash files or all files are corrupted
12-28 22:45:57.217   618   618 I ActivityManager: Start proc 16423:com.amazon.venezia/u0a155 for service com.amazon.venezia/com.amazon.juggler.settings.sync.SyncToDeviceJob
12-28 22:45:57.640 16423 16423 I FrameworkJumpTable: Successfully loaded all classes
12-28 22:45:57.654 16423 16423 I FrameworkJumpTable: Successfully loaded all methods
12-28 22:45:57.656 16423 16423 I FrameworkJumpTable: Successfully loaded all fields
12-28 22:45:57.656 16423 16423 I FrameworkJumpTable: Successfully loaded all constructors
12-28 22:45:59.933   618  7380 I ActivityManager: Killing 14964:com.amazon.device.logmanager/u0a34 (adj 903): empty #17
12-28 22:46:03.075   618  7380 I ActivityManager: Start proc 16535:com.android.providers.downloads/u0a28 for content provider com.android.providers.downloads/.DownloadProvider
12-28 22:46:38.344   618  5676 I ActivityManager: Killing 15027:com.amazon.hedwig/u0a105 (adj 903): empty #17
12-28 22:51:21.693   618   635 I AmazonDropBoxManagerService: Either there is noLog.crash files or all files are corrupted
12-28 22:58:44.714   618   635 I AmazonDropBoxManagerService: Either there is noLog.crash files or all files are corrupted
12-28 22:59:41.640   618   662 I AmazonProfileService: Event not filtered. KPM proceeds the key
12-28 22:59:41.680   618   662 I AmazonProfileService: Event not filtered. KPM proceeds the key
12-28 22:59:43.673   618   662 I AmazonProfileService: Event not filtered. KPM proceeds the key
12-28 22:59:43.798   618   662 I AmazonProfileService: Event not filtered. KPM proceeds the key
12-28 22:59:46.158   618   662 I AmazonProfileService: Event is not filtered because it is not in filter key list.
12-28 22:59:46.353   618   662 I AmazonProfileService: Event is not filtered because it is not in filter key list.
12-28 22:59:46.733   618   662 I AmazonProfileService: Event is not filtered because it is not in filter key list.
12-28 22:59:46.878   618   662 I AmazonProfileService: Event is not filtered because it is not in filter key list.
12-28 22:59:48.659   618   662 I AmazonProfileService: Event is not filtered because it is not in filter key list.
12-28 22:59:48.837   618   662 I AmazonProfileService: Event is not filtered because it is not in filter key list.
12-28 22:59:49.053   618   662 I AmazonProfileService: Event is not filtered because it is not in filter key list.
12-28 22:59:49.193   618   662 I AmazonProfileService: Event is not filtered because it is not in filter key list.
12-28 22:59:50.064   618   662 I AmazonProfileService: Event is not filtered because it is not in filter key list.
12-28 22:59:50.234   618   662 I AmazonProfileService: Event is not filtered because it is not in filter key list.
12-28 22:59:50.313   618   662 I AmazonProfileService: Event is not filtered because it is not in filter key list.
12-28 22:59:50.397   618   662 I AmazonProfileService: Event is not filtered because it is not in filter key list.
12-28 22:59:51.159   618   662 I AmazonProfileService: Event is not filtered because it is not in filter key list.
12-28 22:59:51.318   618   662 I AmazonProfileService: Event is not filtered because it is not in filter key list.
12-28 22:59:52.173   618   662 I AmazonProfileService: Event is not filtered because it is not in filter key list.
12-28 22:59:52.293   618   662 I AmazonProfileService: Event is not filtered because it is not in filter key list.
12-28 22:59:55.155   618   662 I AmazonProfileService: Event is not filtered because it is not in filter key list.
12-28 22:59:55.313   618   662 I AmazonProfileService: Event is not filtered because it is not in filter key list.
12-28 22:59:56.035   618   662 I AmazonProfileService: Event is not filtered because it is not in filter key list.
12-28 22:59:56.126   618   662 I AmazonProfileService: Event is not filtered because it is not in filter key list.
12-28 22:59:57.334   618   662 I AmazonProfileService: Event is not filtered because it is not in filter key list.
12-28 22:59:57.494   618   662 I AmazonProfileService: Event is not filtered because it is not in filter key list.
12-28 22:59:57.554   618  1188 E WindowManager: App trying to use insecure INPUT_FEATURE_NO_INPUT_CHANNEL flag. Ignoring
12-28 23:00:03.399   618   662 I AmazonProfileService: Event is not filtered because it is not in filter key list.
12-28 23:00:03.574   618   662 I AmazonProfileService: Event is not filtered because it is not in filter key list.
12-28 23:00:04.200   618   662 I AmazonProfileService: Event is not filtered because it is not in filter key list.
12-28 23:00:04.358   618   662 I AmazonProfileService: Event is not filtered because it is not in filter key list.
12-28 23:00:04.478   618   630 I UsageStatsService: User[0] Flushing usage stats to disk
12-28 23:00:04.678   618  5676 E WindowManager: App trying to use insecure INPUT_FEATURE_NO_INPUT_CHANNEL flag. Ignoring
12-28 23:00:52.504   618  3780 I ActivityManager: Process com.amazon.perfc (pid 15134) has died
12-28 23:00:52.508   618  1180 I ActivityManager: Process com.amazon.wirelessmetrics.service (pid 15738) has died
12-28 23:00:52.512   618 22065 I ActivityManager: Process com.amazon.prism.android.service:remote (pid 10518) has died
12-28 23:00:52.516   618 11165 I ActivityManager: Process com.amazon.wifilocker (pid 15723) has died
12-28 23:01:14.302   618   662 I AmazonProfileService: Event is not filtered because it is not in filter key list.
12-28 23:01:14.402   618   662 I AmazonProfileService: Event is not filtered because it is not in filter key list.
12-28 23:01:14.521   618   662 I AmazonProfileService: Event is not filtered because it is not in filter key list.
12-28 23:01:14.621   618   662 I AmazonProfileService: Event is not filtered because it is not in filter key list.
12-28 23:01:14.783   618   662 I AmazonProfileService: Event is not filtered because it is not in filter key list.
12-28 23:01:14.862   618   662 I AmazonProfileService: Event is not filtered because it is not in filter key list.
12-28 23:04:35.742   618   634 E BatteryStatsService: no controller energy info supplied
12-28 23:04:35.752   618   634 E BatteryStatsService: no controller energy info supplied
12-28 23:06:00.032   618   631 I ProcessStatsService: Prepared write state in 26ms
12-28 23:06:00.034   618   631 I ProcessStatsService: Prepared write state in 0ms
12-28 23:06:00.149   618   630 I ProcessStatsService: Pruning old procstats: /data/system/procstats/state-2025-12-27-19-55-44.bin
12-28 23:07:40.779   618   631 I ActivityManager: Killing 15390:com.amazon.identity.auth.device.authorization/u0a106 (adj 903): empty for 1816s
12-28 23:08:08.499   618   618 I ActivityManager: Start proc 18277:tv.pluto.android/u0a222 for service tv.pluto.android/androidx.work.impl.background.systemjob.SystemJobService
12-28 23:08:08.499   618   618 W ActivityManager: Slow operation: 60ms so far, now at startProcess: done starting proc!
12-28 23:08:09.349 18277 18277 I FrameworkJumpTable: Successfully loaded all classes
12-28 23:08:09.384 18277 18277 I FrameworkJumpTable: Successfully loaded all methods
12-28 23:08:09.396 18277 18277 I FrameworkJumpTable: Successfully loaded all fields
12-28 23:08:09.396 18277 18277 I FrameworkJumpTable: Successfully loaded all constructors
12-28 23:08:31.790   618   635 I AmazonDropBoxManagerService: Either there is noLog.crash files or all files are corrupted
12-28 23:09:25.612   618   618 I ActivityManager: Start proc 18522:org.jellyfin.androidtv/u0a71 for service org.jellyfin.androidtv/androidx.work.impl.background.systemjob.SystemJobService
12-28 23:09:25.612   618   618 W ActivityManager: Slow operation: 51ms so far, now at startProcess: done starting proc!
12-28 23:09:26.293   618  3780 I ActivityManager: Process com.amazon.device.software.ota (pid 15846) has died
12-28 23:09:26.303   618  1012 I ActivityManager: Process com.amazon.tv.livetv (pid 14684) has died
12-28 23:09:26.306   618  1180 I ActivityManager: Process com.android.providers.downloads (pid 16535) has died
12-28 23:09:26.555 18522 18522 I FrameworkJumpTable: Successfully loaded all classes
12-28 23:09:26.573 18522 18522 I FrameworkJumpTable: Successfully loaded all methods
12-28 23:09:26.579 18522 18522 I FrameworkJumpTable: Successfully loaded all fields
12-28 23:09:26.579 18522 18522 I FrameworkJumpTable: Successfully loaded all constructors
12-28 23:09:55.820   618  4099 I ActivityManager: Killing 15786:com.amazon.providers.tv/u0a119 (adj 903): empty for 1800s
12-28 23:10:51.917   618   635 I AmazonDropBoxManagerService: Either there is noLog.crash files or all files are corrupted
12-28 23:18:14.110   618   635 I AmazonDropBoxManagerService: Either there is noLog.crash files or all files are corrupted
12-28 23:21:14.508   618   630 I UsageStatsService: User[0] Flushing usage stats to disk
12-28 23:34:35.774   618   634 E BatteryStatsService: no controller energy info supplied
12-28 23:34:35.806   618   634 E BatteryStatsService: no controller energy info supplied
12-28 23:36:19.911   618   654 I ActivityManager: Start proc 20586:org.videolan.vlc/u0a206 for service org.videolan.vlc/.RecommendationsService
