12-29 10:13:20.768 10266 15095 I AmazonAppstore.VeneziaCardMaker/VeneziaCardMaker: Pushing library cards : [H:dd09d8e6a67aa6ace3ddcd6973839d53, H:ec1a8dbb3e9d48f7f8d1c1445ba28b14, H:b70818a2b8a6f0398106d696699f6752, H:95b584a2dafe4e7b78a5843f91b27219, H:c83ce345217e6f09224593ac2f893c04, H:51d51dc09bee245761f169f19c4f6d3b, H:a95a7ec1aed26d96eaac7641f53b85b6, H:16b8984ce9f9bd627868812640f8b589, H:3fcae0898ecd997e120585d101a7c86b, H:ca64f17d224403d399694c0577e437d3, H:e894496a40bc3e0f3d5c9d0edc5e46a6, H:22e9520170204ab2f646aaef4c9d5825, H:fd470f4c171a854b39f6549102fe21dc]
12-29 10:13:20.804 10266 13401 I AmazonAppstore.YACDetailsSyncManager: Job scheduled result: 1
12-29 10:13:20.804 10266 13401 I AmazonAppstore.YACDetailsSyncManager: Periodic Job scheduled or is present
12-29 10:13:20.805   618   631 W BroadcastQueue: Permission Denial: receiving Intent { act=com.amazon.venezia.action.APPS_LIBRARY_ORDER_UPDATED flg=0x10 } to com.amazon.storm.lightning.services/.broadcastreceivers.AppUpdateReceiver requires com.amazon.mas.client.GLOBAL_BROADCAST_com.amazon.venezia due to sender com.amazon.venezia (uid 10155)
12-29 10:13:20.808 10266 13401 I AmazonAppstore.SharedPrefs: AFTV.SharedPref.Read.Latency: 0
12-29 10:13:20.811 25906 21071 I F_C.CardProvider: bulkInsert(ParsedUri(PRODUCER=com.amazon.venezia), contentValues:[(com.amazon.venezia/-93567518/1767014000456), (com.amazon.venezia/1005608301/1767014000463), (com.amazon.venezia/-173459095/1767014000480), (com.amazon.venezia/1516216112/1767014000513), (com.amazon.venezia/156690670/1767014000548), (com.amazon.venezia/-1890957549/1767014000564), (com.amazon.venezia/968239612/1767014000567), (com.amazon.venezia/1375881433/1767014000626), (com.amazon.venezia/1811178262/1767014000649), (com.amazon.venezia/-1658153911/1767014000652), (com.amazon.venezia/-1466195928/1767014000700), (com.amazon.venezia/-625938972/1767014000708), (com.amazon.venezia/193963353/1767014000724)][size=13])
12-29 10:13:20.814 10266 10266 I AmazonAppstore.VeneziaCardMaker/CardProducerReceiver: Received action (com.amazon.venezia.action.APPS_LIBRARY_ORDER_UPDATED).
12-29 10:13:20.814 10266 10266 I AmazonAppstore.VeneziaCardMaker/CardProducerReceiver: Library order updated, refreshing YAC if dozer.
12-29 10:13:20.826 25906 21071 I F_C.CardAgentSynchroniz: Throttling producer refresh
12-29 10:13:20.851 25906 25986 I F_C.DefaultConsumerClie: Using non-local ContentProvider
12-29 10:13:20.883 10266 15095 I AmazonAppstore.YACMinervaMetrics: Emitting Perf Metric with : CardMaker.RefreshLibrary Value : 1087ms
12-29 10:13:20.885 10266 15095 I AmazonAppstore.CORPolicy: Forcing isFullExperience to true, as that is the only supported experience.
12-29 10:13:20.893 10266 15095 I AmazonAppstore.VeneziaCardMaker/VeneziaCardMaker: Completed Refresh Library for Active Profile in 1098ms
12-29 10:13:20.894 10266 15095 I AmazonAppstore.VeneziaCardMaker/VeneziaCardMaker: Completed refreshType: LIBRARY_ROW
12-29 10:13:20.895 10266 15095 I AmazonAppstore.VeneziaCardMaker/VeneziaCardMaker: Beginning refreshType: LIBRARY_ROW
12-29 10:13:20.895 10266 15095 I AmazonAppstore.CORPolicy: Forcing isFullExperience to true, as that is the only supported experience.
12-29 10:13:20.895 10266 15095 I AmazonAppstore.VeneziaCardMaker/VeneziaCardMaker: Checking authentication status: waiting for account summary.
12-29 10:13:20.895 10266 15095 I AmazonAppstore.VeneziaCardMaker/VeneziaCardMaker: Authentication successful!
12-29 10:13:20.895 10266 15095 I AmazonAppstore.VeneziaCardMaker/VeneziaCardMaker: Not a fallback profile, refreshing Library
12-29 10:13:20.896 10266 15095 I AmazonAppstore.CORPolicy: Forcing isFullExperience to true, as that is the only supported experience.
12-29 10:13:20.896 10266 15095 I AmazonAppstore.Library/OrderBootstrapper: Start of bootstrapOrderIfNeeded
12-29 10:13:20.897 10266 15095 I AmazonAppstore.Library/OrderBootstrapper: V2 Library size from database - 13
12-29 10:13:20.897 10266 15095 I AmazonAppstore.SharedPrefs: AFTV.SharedPref.Read.Latency: 0
12-29 10:13:20.898 10266 15095 I AmazonAppstore.Library/OrderBootstrapper: yacConfigHelperLazy.get().isInitialBootstrapSyncComplete() - true
12-29 10:13:20.898 10266 15095 I AmazonAppstore.Library/OrderBootstrapper: OrderBootstrapper: Triggering bootstrapping if needed
12-29 10:13:20.899 10266 15095 I AmazonAppstore.Library/OrderBootstrapper: OrderBootstrapper: Profile Library size: 13
12-29 10:13:20.899 10266 15095 I AmazonAppstore.SharedPrefs: AFTV.SharedPref.Read.Latency: 0
12-29 10:13:20.899 10266 15095 I AmazonAppstore.Library/OrderBootstrapper: No need to bootstrap.
12-29 10:13:20.900 10266 15095 I AmazonAppstore.ProfileLibraryManagerClientImpl: getProfileLibraryItems invoked
12-29 10:13:20.931 25906 25906 W CardUtil:  get cardType from groupId field for producer com.amazon.venezia
12-29 10:13:20.931 25906 25906 W CardUtil:  get cardType from groupId field for producer com.amazon.venezia
12-29 10:13:20.932 25906 25906 W CardUtil:  get cardType from groupId field for producer com.amazon.venezia
12-29 10:13:20.932 25906 25906 W CardUtil:  get cardType from groupId field for producer com.amazon.venezia
12-29 10:13:20.933 25906 25906 W CardUtil:  get cardType from groupId field for producer com.amazon.venezia
12-29 10:13:20.933 25906 25906 W CardUtil:  get cardType from groupId field for producer com.amazon.venezia
12-29 10:13:20.934 25906 25906 W CardUtil:  get cardType from groupId field for producer com.amazon.venezia
12-29 10:13:20.934 25906 25906 W CardUtil:  get cardType from groupId field for producer com.amazon.venezia
12-29 10:13:20.936 25906 25906 W CardUtil:  get cardType from groupId field for producer com.amazon.venezia
12-29 10:13:20.936 25906 25906 W CardUtil:  get cardType from groupId field for producer com.amazon.venezia
12-29 10:13:20.937 25906 25906 W CardUtil:  get cardType from groupId field for producer com.amazon.venezia
12-29 10:13:20.937 25906 25906 W CardUtil:  get cardType from groupId field for producer com.amazon.venezia
12-29 10:13:21.345 10266 15095 I AmazonAppstore.Library/ShortcutMetadataRetriever: Appstore has the permission needed to launch a resolved activity.
12-29 10:13:21.364 10266 15095 I AmazonAppstore.Library/ShortcutMetadataRetriever: Appstore has the permission needed to launch a resolved activity.
12-29 10:13:21.364 10266 15095 I AmazonAppstore.CORPolicy: Forcing isFullExperience to true, as that is the only supported experience.
12-29 10:13:21.364 10266 15095 I AmazonAppstore.SharedPrefs: AFTV.SharedPref.Read.Latency: 0
12-29 10:13:21.366 10266 15095 W AmazonAppstore.Library/LibraryInOrder: Failed to find channel (null), returning -1 for position.
12-29 10:13:21.366 10266 15095 W AmazonAppstore.Library/LibraryInOrder: Failed to find channel (null), returning -1 for position.
12-29 10:13:21.366 10266 15095 W AmazonAppstore.Library/LibraryInOrder: Failed to find channel (null), returning -1 for position.
12-29 10:13:21.366 10266 15095 W AmazonAppstore.Library/LibraryInOrder: Failed to find channel (null), returning -1 for position.
12-29 10:13:21.366 10266 15095 W AmazonAppstore.Library/LibraryInOrder: Failed to find channel (null), returning -1 for position.
12-29 10:13:21.366 10266 15095 W AmazonAppstore.Library/LibraryInOrder: Failed to find channel (null), returning -1 for position.
12-29 10:13:21.367 10266 15095 W AmazonAppstore.Library/LibraryInOrder: Failed to find channel (null), returning -1 for position.
12-29 10:13:21.367 10266 15095 W AmazonAppstore.Library/LibraryInOrder: Failed to find channel (null), returning -1 for position.
12-29 10:13:21.367 10266 15095 W AmazonAppstore.Library/LibraryInOrder: Failed to find channel (null), returning -1 for position.
12-29 10:13:21.370 10266 15095 I AmazonAppstore.ProfileLibraryManagerClientImpl: getProfileLibraryItems returning library size: 13
12-29 10:13:21.419 10266 15095 I AmazonAppstore.CORPolicy: Forcing isFullExperience to true, as that is the only supported experience.
12-29 10:13:21.419 10266 15095 I AmazonAppstore.SharedPrefs: AFTV.SharedPref.Read.Latency: 0
12-29 10:13:21.422 10266 15095 I AmazonAppstore.CORPolicy: Forcing isFullExperience to true, as that is the only supported experience.
12-29 10:13:21.444 10266 15095 I AmazonAppstore.SystemAppUninstallHelper: returning uninstall supported apps from cache
12-29 10:13:21.462 10266 15095 I AmazonAppstore.SystemAppUninstallHelper: returning uninstall supported apps from cache
12-29 10:13:21.488 10266 15095 I AmazonAppstore.SystemAppUninstallHelper: returning uninstall supported apps from cache
12-29 10:13:21.506 10266 15095 I AmazonAppstore.SystemAppUninstallHelper: returning uninstall supported apps from cache
12-29 10:13:21.534 10266 15095 I AmazonAppstore.SystemAppUninstallHelper: returning uninstall supported apps from cache
12-29 10:13:21.555 10266 15095 I AmazonAppstore.SystemAppUninstallHelper: returning uninstall supported apps from cache
12-29 10:13:21.577 10266 15095 I AmazonAppstore.SystemAppUninstallHelper: returning uninstall supported apps from cache
12-29 10:13:21.594 10266 15095 I AmazonAppstore.SystemAppUninstallHelper: returning uninstall supported apps from cache
12-29 10:13:21.624 10266 15095 I AmazonAppstore.SystemAppUninstallHelper: returning uninstall supported apps from cache
12-29 10:13:21.652 10266 15095 I AmazonAppstore.SystemAppUninstallHelper: returning uninstall supported apps from cache
12-29 10:13:21.664 10266 15095 I AmazonAppstore.SystemAppUninstallHelper: returning uninstall supported apps from cache
12-29 10:13:21.684 10266 15095 I AmazonAppstore.SystemAppUninstallHelper: returning uninstall supported apps from cache
12-29 10:13:21.714 10266 15095 I AmazonAppstore.SystemAppUninstallHelper: returning uninstall supported apps from cache
12-29 10:13:21.728 10266 15095 I AmazonAppstore.CORPolicy: Forcing isFullExperience to true, as that is the only supported experience.
12-29 10:13:21.728 10266 15095 I AmazonAppstore.CORPolicy: Forcing isFullExperience to true, as that is the only supported experience.
12-29 10:13:21.728 10266 15095 I AmazonAppstore.YACMinervaMetrics: Emitting Perf Metric with : CardMaker.CardListCall Value : 832ms
12-29 10:13:21.729 10266 15095 I AmazonAppstore.CORPolicy: Forcing isFullExperience to true, as that is the only supported experience.
12-29 10:13:21.730 10266 15095 I AmazonAppstore.VeneziaCardMaker/VeneziaCardMaker: Cardlist size: 13
12-29 10:13:21.730 10266 15095 I AmazonAppstore.VeneziaCardMaker/VeneziaCardMaker: Navbar cards differ than what is cached, updating. Old was: -165214096 New is: 1370784446
12-29 10:13:21.731 10266 15095 I AmazonAppstore.VeneziaCardMaker/VeneziaCardMaker: No cards to delete found, pushing metadata update.
12-29 10:13:21.732 10266 15095 I AmazonAppstore.VeneziaCardMaker/VeneziaCardMaker: Pushing library cards : [H:dd09d8e6a67aa6ace3ddcd6973839d53, H:ec1a8dbb3e9d48f7f8d1c1445ba28b14, H:b70818a2b8a6f0398106d696699f6752, H:95b584a2dafe4e7b78a5843f91b27219, H:c83ce345217e6f09224593ac2f893c04, H:51d51dc09bee245761f169f19c4f6d3b, H:a95a7ec1aed26d96eaac7641f53b85b6, H:16b8984ce9f9bd627868812640f8b589, H:3fcae0898ecd997e120585d101a7c86b, H:ca64f17d224403d399694c0577e437d3, H:e894496a40bc3e0f3d5c9d0edc5e46a6, H:22e9520170204ab2f646aaef4c9d5825, H:fd470f4c171a854b39f6549102fe21dc]
12-29 10:13:21.756 25906 21071 I F_C.CardProvider: bulkInsert(ParsedUri(PRODUCER=com.amazon.venezia), contentValues:[(com.amazon.venezia/-93567518/1767014001460), (com.amazon.venezia/1005608301/1767014001468), (com.amazon.venezia/-173459095/1767014001497), (com.amazon.venezia/1516216112/1767014001528), (com.amazon.venezia/156690670/1767014001542), (com.amazon.venezia/-1890957549/1767014001576), (com.amazon.venezia/968239612/1767014001581), (com.amazon.venezia/1375881433/1767014001602), (com.amazon.venezia/1811178262/1767014001651), (com.amazon.venezia/-1658153911/1767014001657), (com.amazon.venezia/-1466195928/1767014001672), (com.amazon.venezia/-625938972/1767014001699), (com.amazon.venezia/193963353/1767014001728)][size=13])
12-29 10:13:21.772 25906 21071 I F_C.CardAgentSynchroniz: Throttling producer refresh
12-29 10:13:21.795 25906 25986 I F_C.DefaultConsumerClie: Using non-local ContentProvider
12-29 10:13:21.829 10266 15095 I AmazonAppstore.YACMinervaMetrics: Emitting Perf Metric with : CardMaker.RefreshLibrary Value : 933ms
12-29 10:13:21.844 10266 15095 I AmazonAppstore.CORPolicy: Forcing isFullExperience to true, as that is the only supported experience.
12-29 10:13:21.845 10266 15095 I AmazonAppstore.VeneziaCardMaker/VeneziaCardMaker: Completed Refresh Library for Active Profile in 950ms
12-29 10:13:21.845 10266 15095 I AmazonAppstore.VeneziaCardMaker/VeneziaCardMaker: Completed refreshType: LIBRARY_ROW
12-29 10:13:21.845 25906 25906 W CardUtil:  get cardType from groupId field for producer com.amazon.venezia
12-29 10:13:21.845 25906 25906 W CardUtil:  get cardType from groupId field for producer com.amazon.venezia
12-29 10:13:21.846 10266 15095 I AmazonAppstore.VeneziaCardMaker/VeneziaCardMaker: Beginning refreshType: LIBRARY_ROW_DOZER
12-29 10:13:21.847 10266 15095 I AmazonAppstore.CORPolicy: Forcing isFullExperience to true, as that is the only supported experience.
12-29 10:13:21.847 10266 15095 I AmazonAppstore.VeneziaCardMaker/VeneziaCardMaker: Completed refreshType: LIBRARY_ROW_DOZER
12-29 10:13:21.850 25906 25906 W CardUtil:  get cardType from groupId field for producer com.amazon.venezia
12-29 10:13:21.850 25906 25906 W CardUtil:  get cardType from groupId field for producer com.amazon.venezia
12-29 10:13:21.851 25906 25906 W CardUtil:  get cardType from groupId field for producer com.amazon.venezia
12-29 10:13:21.851 25906 25906 W CardUtil:  get cardType from groupId field for producer com.amazon.venezia
12-29 10:13:21.852 25906 25906 W CardUtil:  get cardType from groupId field for producer com.amazon.venezia
12-29 10:13:21.853 25906 25906 W CardUtil:  get cardType from groupId field for producer com.amazon.venezia
12-29 10:13:21.854 25906 25906 W CardUtil:  get cardType from groupId field for producer com.amazon.venezia
12-29 10:13:21.854 25906 25906 W CardUtil:  get cardType from groupId field for producer com.amazon.venezia
12-29 10:13:21.855 25906 25906 W CardUtil:  get cardType from groupId field for producer com.amazon.venezia
12-29 10:13:21.855 25906 25906 W CardUtil:  get cardType from groupId field for producer com.amazon.venezia
12-29 10:13:23.695 12952 12989 I WM-WorkerWrapper: Worker result SUCCESS for Work [ id=f9547632-5e6c-4a08-b434-3686c31e772c, tags={ com.amazon.adep.nimh.device.management.DeviceManagementService } ]
12-29 10:13:23.809 10266 14986 I AmazonAppstore.BasicDeviceInspector: getDeviceType() called, isChildDeviceTypeUsed = false
12-29 10:13:23.809 10266 14986 I AmazonAppstore.BasicDeviceInspector: child device type special cases did not apply
12-29 10:13:23.817 10266 14986 W Settings: Setting android_id has moved from android.provider.Settings.System to android.provider.Settings.Secure, returning read-only value.
12-29 10:13:23.817 10266 14986 I AmazonAppstore.AccountSummaryProviderImpl: isAccountPrepared(null) - using H:553b630ecc6a9f397ff7c8100c8b0735
12-29 10:13:23.818 10266 14986 I AmazonAppstore.AccountSummaryProviderImpl: isAccountPrepared() - using H:553b630ecc6a9f397ff7c8100c8b0735, returning true
12-29 10:13:23.832 10266 10364 I ...atformDependencyImpl: isAmazonDevice() in ClientSideAmazonPlatformDependencyImpl is called
12-29 10:13:23.832 10266 10364 I ...a/AmazonSerialNumber: MAP Client side on FireOS 6 or below calls android.os.Build to get the DSN.
12-29 10:13:23.832 10266 10364 I ...atformDependencyImpl: isAmazonDevice() in ClientSideAmazonPlatformDependencyImpl is called
12-29 10:13:23.832 10266 10364 I ...a/LocalKeyValueStore: Create DE shared preference, OS supports direct boot.
12-29 10:13:23.839 10266 10364 I ...atformDependencyImpl: isAmazonDevice() in ClientSideAmazonPlatformDependencyImpl is called
12-29 10:13:23.851   889  6160 I ...imp/TokenJobQueue[0]: Begin executing task GetToken:com.amazon.dcp.sso.token.oauth.amazon.access_token
12-29 10:13:23.851   889  6160 I ...imp/TokenJobQueue[0]: Scheduled running concurrent job GetToken:com.amazon.dcp.sso.token.oauth.amazon.access_token.
12-29 10:13:23.852   889 15006 I ...imp/TokenJobQueue[0]: Finish executing task GetToken:com.amazon.dcp.sso.token.oauth.amazon.access_token.
12-29 10:13:24.675 10266 14986 W AmazonAppstore.AppManagerAndroidPackageDelegate: Unable to determine asin for package, skipping metadata update.
12-29 10:13:25.781   288 10607 I Node    : dolby-audio-meter, AdapterPcmSystem adapter audio meter: channel 0; audio level: 0.000
12-29 10:13:25.781   288 10607 I Node    : dolby-audio-meter, AdapterPcmSystem adapter audio meter: channel 1; audio level: 0.000
12-29 10:13:25.781   288 10607 I RendererNode: dolby-audio-meter, Renderer renderer audio meter: channel 0; audio level: 0.000
12-29 10:13:25.781   288 10607 I RendererNode: dolby-audio-meter, Renderer renderer audio meter: channel 1; audio level: 0.000
12-29 10:13:25.781   288 10607 I RendererNode: dolby-audio-meter, Renderer renderer audio meter: channel 2; audio level: 0.000
12-29 10:13:25.781   288 10607 I RendererNode: dolby-audio-meter, Renderer renderer audio meter: channel 3; audio level: 0.000
12-29 10:13:25.781   288 10607 I RendererNode: dolby-audio-meter, Renderer renderer audio meter: channel 4; audio level: 0.000
12-29 10:13:25.781   288 10607 I RendererNode: dolby-audio-meter, Renderer renderer audio meter: channel 5; audio level: 0.000
12-29 10:13:25.781   288 10607 I Node    : dolby-audio-meter, AdapterPcmOut adapter audio meter: channel 0; audio level: 0.000
12-29 10:13:25.781   288 10607 I Node    : dolby-audio-meter, AdapterPcmOut adapter audio meter: channel 1; audio level: 0.000
12-29 10:13:26.329 10266 14986 I AmazonAppstore.BasicDeviceInspector: getDeviceType() called, isChildDeviceTypeUsed = false
12-29 10:13:26.329 10266 14986 I AmazonAppstore.BasicDeviceInspector: child device type special cases did not apply
12-29 10:13:26.337 10266 14986 W Settings: Setting android_id has moved from android.provider.Settings.System to android.provider.Settings.Secure, returning read-only value.
12-29 10:13:26.337 10266 14986 I AmazonAppstore.AccountSummaryProviderImpl: isAccountPrepared(null) - using H:553b630ecc6a9f397ff7c8100c8b0735
12-29 10:13:26.337 10266 14986 I AmazonAppstore.AccountSummaryProviderImpl: isAccountPrepared() - using H:553b630ecc6a9f397ff7c8100c8b0735, returning true
12-29 10:13:26.343 10266 10367 I ...atformDependencyImpl: isAmazonDevice() in ClientSideAmazonPlatformDependencyImpl is called
12-29 10:13:26.343 10266 10367 I ...a/AmazonSerialNumber: MAP Client side on FireOS 6 or below calls android.os.Build to get the DSN.
12-29 10:13:26.352 10266 10367 I ...atformDependencyImpl: isAmazonDevice() in ClientSideAmazonPlatformDependencyImpl is called
12-29 10:13:26.352 10266 10367 I ...a/LocalKeyValueStore: Create DE shared preference, OS supports direct boot.
12-29 10:13:26.357 10266 10367 I ...atformDependencyImpl: isAmazonDevice() in ClientSideAmazonPlatformDependencyImpl is called
12-29 10:13:26.370   889  1510 I ...imp/TokenJobQueue[0]: Begin executing task GetToken:com.amazon.dcp.sso.token.oauth.amazon.access_token
12-29 10:13:26.371   889  1510 I ...imp/TokenJobQueue[0]: Scheduled running concurrent job GetToken:com.amazon.dcp.sso.token.oauth.amazon.access_token.
12-29 10:13:26.371   889 15006 I ...imp/TokenJobQueue[0]: Finish executing task GetToken:com.amazon.dcp.sso.token.oauth.amazon.access_token.
12-29 10:13:26.655 10266 14986 W AmazonAppstore.AppManagerAndroidPackageDelegate: Unable to determine asin for package, skipping metadata update.
12-29 10:13:27.020 25906 25983 I DiebusMetrics: Starting reporting metrics
12-29 10:13:27.027 25906 25983 I DiebusMetrics: End reporting metrics
12-29 10:13:27.603 25906 25968 I DiebusMetrics: Starting reporting metrics
12-29 10:13:27.625 25906 25968 I DiebusMetrics: End reporting metrics
12-29 10:13:27.647 25906 25916 I art     : Background sticky concurrent mark sweep GC freed 10052(1027KB) AllocSpace objects, 2(40KB) LOS objects, 5% free, 20MB/21MB, paused 5.498ms total 35.973ms
12-29 10:13:28.679 13343 13359 I ContentSyncFramework: ContentSyncService is no longer being used, shutting down...
12-29 10:13:32.622  1399 14984 I chatty  : uid=10156(com.amazon.vizzini) expire 1 line
12-29 10:13:32.671   618   631 I ActivityManager: Waited long enough for: ServiceRecord{e2bd268 u0 com.amazon.venezia/com.amazon.mas.client.locker.service.appmgr.AppManagerService}
12-29 10:13:32.866   618   631 I ActivityManager: Waited long enough for: ServiceRecord{56453e5 u0 com.amazon.storm.lightning.services/.LightningWPServer}
12-29 10:13:35.786   288 10607 I Node    : dolby-audio-meter, AdapterPcmSystem adapter audio meter: channel 0; audio level: 0.000
12-29 10:13:35.786   288 10607 I Node    : dolby-audio-meter, AdapterPcmSystem adapter audio meter: channel 1; audio level: 0.000
12-29 10:13:35.786   288 10607 I RendererNode: dolby-audio-meter, Renderer renderer audio meter: channel 0; audio level: 0.000
12-29 10:13:35.786   288 10607 I RendererNode: dolby-audio-meter, Renderer renderer audio meter: channel 1; audio level: 0.000
12-29 10:13:35.786   288 10607 I RendererNode: dolby-audio-meter, Renderer renderer audio meter: channel 2; audio level: 0.000
12-29 10:13:35.786   288 10607 I RendererNode: dolby-audio-meter, Renderer renderer audio meter: channel 3; audio level: 0.000
12-29 10:13:35.787   288 10607 I RendererNode: dolby-audio-meter, Renderer renderer audio meter: channel 4; audio level: 0.000
12-29 10:13:35.787   288 10607 I RendererNode: dolby-audio-meter, Renderer renderer audio meter: channel 5; audio level: 0.000
12-29 10:13:35.787   288 10607 I Node    : dolby-audio-meter, AdapterPcmOut adapter audio meter: channel 0; audio level: 0.000
12-29 10:13:35.787   288 10607 I Node    : dolby-audio-meter, AdapterPcmOut adapter audio meter: channel 1; audio level: 0.000
12-29 10:13:45.813   288 10607 I Node    : dolby-audio-meter, AdapterPcmSystem adapter audio meter: channel 0; audio level: 0.000
12-29 10:13:45.813   288 10607 I Node    : dolby-audio-meter, AdapterPcmSystem adapter audio meter: channel 1; audio level: 0.000
12-29 10:13:45.813   288 10607 I RendererNode: dolby-audio-meter, Renderer renderer audio meter: channel 0; audio level: 0.000
12-29 10:13:45.813   288 10607 I RendererNode: dolby-audio-meter, Renderer renderer audio meter: channel 1; audio level: 0.000
12-29 10:13:45.813   288 10607 I RendererNode: dolby-audio-meter, Renderer renderer audio meter: channel 2; audio level: 0.000
12-29 10:13:45.813   288 10607 I RendererNode: dolby-audio-meter, Renderer renderer audio meter: channel 3; audio level: 0.000
12-29 10:13:45.813   288 10607 I RendererNode: dolby-audio-meter, Renderer renderer audio meter: channel 4; audio level: 0.000
12-29 10:13:45.813   288 10607 I RendererNode: dolby-audio-meter, Renderer renderer audio meter: channel 5; audio level: 0.000
12-29 10:13:45.813   288 10607 I Node    : dolby-audio-meter, AdapterPcmOut adapter audio meter: channel 0; audio level: 0.000
12-29 10:13:45.813   288 10607 I Node    : dolby-audio-meter, AdapterPcmOut adapter audio meter: channel 1; audio level: 0.000
12-29 10:13:49.181   618   753 I WifiDiagsUtil: event=RUN_TEST_CONTINUOUSLY
12-29 10:13:49.182   618   753 I WifiDiagsUtil: event=logPacketStats, rx_bytes=86684304, rx_packets=60625, tx_bytes=2099287, tx_packets=30784
12-29 10:13:49.182   618   753 I WifiDiagsUtil: event=logPacketStats, daily_rx_bytes=1897653615, daily_rx_packets=1852783, daily_tx_bytes=125704665, daily_tx_packets=804531
12-29 10:13:49.185   618   753 I WifiDiagsUtil: event=pingTest, TARGET_TYPE=LOCALHOST, IP=127.0.0.1
12-29 10:13:49.189   618   753 I WifiDiagsUtil: event=pingsComplete, TARGET_TYPE=LOCALHOST, IP=XXX, PKTS_TX=5, PKTS_RX=5, PKT_LOSS=0.0%, AVG_TIME=0,30
12-29 10:13:49.189   618   753 I WifiDiagsUtil: event=pingTest, TARGET_TYPE=GATEWAY, IP=192.168.3.1
12-29 10:13:49.204   618   753 I WifiDiagsUtil: event=pingsComplete, TARGET_TYPE=GATEWAY, IP=XXX, PKTS_TX=5, PKTS_RX=5, PKT_LOSS=0.0%, AVG_TIME=2,71
12-29 10:13:49.204   618   753 I WifiDiagsUtil: event=pingTest, TARGET_TYPE=NAMESERVER1, IP=XXX
12-29 10:13:49.219   618   753 I WifiDiagsUtil: event=pingsComplete, TARGET_TYPE=NAMESERVER1, IP=XXX, PKTS_TX=5, PKTS_RX=5, PKT_LOSS=0.0%, AVG_TIME=2,67
12-29 10:13:49.220   618   753 I WifiDiagsUtil: event=preConfiguredDNSDetected, action=skipPingTest, nameserver=xxx.xxx.xxx...
12-29 10:13:49.220   618   753 I WifiDiagsUtil: event=pingTest, TARGET_TYPE=NAMESERVER3, IP=XXX
12-29 10:13:49.233   618   753 I WifiDiagsUtil: event=pingsComplete, TARGET_TYPE=NAMESERVER3, IP=XXX, PKTS_TX=5, PKTS_RX=5, PKT_LOSS=0.0%, AVG_TIME=2,12
12-29 10:13:49.233   618   753 I WifiDiagsUtil: event=runHttpConnectionTestAttempt, host=http://firetvcaptiveportal.com/generate_204
12-29 10:13:49.590   618   753 I WifiDiagsUtil: event=runHttpConnectionTestSuccess, host=http://firetvcaptiveportal.com/generate_204, httpCode=204, latency=357
12-29 10:13:49.591   618   753 I WifiDiagsUtil: event=GOOD_CONNECTION
12-29 10:13:49.591   618   753 I NetWatchDog: event=resetNetWatchdog, timeoutMS=900000
12-29 10:13:49.591   618   753 I WifiDiagsUtil: event=reportNetworkStatistics, action=reportNetworkConnectivity, hasConnectivity=true
12-29 10:13:49.591   618   753 I WifiDiagsUtil: broadcastDiagsResults
12-29 10:13:49.595   618   753 I WifiDiagsUtil: event=stateDuration, duration=41906099
12-29 10:13:49.595   618   753 I WifiDiagsUtil: event=recordDataInTestEndpointStatistics, isEmitmetric=false
12-29 10:13:49.615 13565 15169 I com.amazon.diode.events.EventSaverService: Got external event for client WifiDiagsUtil
12-29 10:13:49.616 13565 15169 W com.amazon.diode.store.FIFOFile: Overwriting 1 elements to make room in store WifiDiagsUtil
12-29 10:13:49.629   618  6182 I ActivityManager: Killing 13268:com.amazon.storage.manager/u0a198 (adj 903): empty #17
12-29 10:13:49.657   618   630 W IMGMemtrackHAL: hal_get_memory: memtrack cache rebuild was required
12-29 10:13:52.766 15191 15191 I main.wifi_log_levels: wifi_log_levels:wlan0:rssi=-50;rssi2=0;noise=-84;noise2=-81;channel=149;txframes=13784448;txfails=301918;txper=2%;txaggr= 0 0 0 0 0 0 0 0;rxframes=27383228;rxcrc=27923252;rxper=50.4%;rxdrop=21623872;phymode=AC;phyrate=866;lasttxrate=6M_BW20;lastrxrate=6M_BW20; 
12-29 10:13:52.785 15192 15192 I main.wifi_log_levels: tx_packets=13550254;tx_bytes=3025240510;tx_errors=12;tx_dropped=0;rx_packets=25381993;rx_bytes=2623770987;rx_errors=0;rx_dropped=0;wlan0 arp=STALE 
12-29 10:13:52.805 15193 15193 I main.wifi_log_levels: max_rssi=-46;min_rssi=-69;max_noise=-81;min_noise=-92;noise histogram=0 0 0 0 0 223 2931 567383 13443 0 2212 
12-29 10:13:52.842 15195 15195 I main.wifi_log_levels: wifi_log_levels:ch_busy=4%;ch_idle=96%;ch_tx=0%;ch_rx=0%;tx_ok=100%;tx_fail=0%;tx_retry=0%;rx_ok=36%;rx_fcs=64%;tx_ok=47;tx_fail=0;tx_retry=0;rx_ok=18;rx_fcs=32;cck_false=0;cck_crc=0;ofdm_false=499;ofdm_crc=1; 
12-29 10:13:52.947 15203 15203 I main.wifi_log_levels: TXRATE=NSS2_MCS9, BW80, SGI, VHT, LDPC; PER=06%; PERCNT=100%;RXRATE=6M, BW20, OFDM, BCC; PERCNT=100%; 
12-29 10:13:55.818   288 10607 I Node    : dolby-audio-meter, AdapterPcmSystem adapter audio meter: channel 0; audio level: 0.000
12-29 10:13:55.818   288 10607 I Node    : dolby-audio-meter, AdapterPcmSystem adapter audio meter: channel 1; audio level: 0.000
12-29 10:13:55.818   288 10607 I RendererNode: dolby-audio-meter, Renderer renderer audio meter: channel 0; audio level: 0.000
12-29 10:13:55.818   288 10607 I RendererNode: dolby-audio-meter, Renderer renderer audio meter: channel 1; audio level: 0.000
12-29 10:13:55.818   288 10607 I RendererNode: dolby-audio-meter, Renderer renderer audio meter: channel 2; audio level: 0.000
12-29 10:13:55.818   288 10607 I RendererNode: dolby-audio-meter, Renderer renderer audio meter: channel 3; audio level: 0.000
12-29 10:13:55.818   288 10607 I RendererNode: dolby-audio-meter, Renderer renderer audio meter: channel 4; audio level: 0.000
12-29 10:13:55.818   288 10607 I RendererNode: dolby-audio-meter, Renderer renderer audio meter: channel 5; audio level: 0.000
12-29 10:13:55.818   288 10607 I Node    : dolby-audio-meter, AdapterPcmOut adapter audio meter: channel 0; audio level: 0.000
12-29 10:13:55.818   288 10607 I Node    : dolby-audio-meter, AdapterPcmOut adapter audio meter: channel 1; audio level: 0.000
12-29 10:13:56.410 15207 15207 I Radio-JNI: register_android_hardware_Radio DONE
12-29 10:13:56.432   618   630 E PerfEvent: The String value is null, invalid
12-29 10:13:56.432   618  6182 I ActivityManager: START u0 {flg=0x10000000 cmp=com.example.clickflix/.MainActivity} from uid 2000 on display 0
12-29 10:13:56.433   618  6182 I AmazonProfileService: shouldAbortActivityStart() Package: xxx activity: xxx
12-29 10:13:56.433   618  6182 I AmazonProfileService: APS_V2 enabled in Arcus and mIsChildPINEnabled : false
12-29 10:13:56.433   618  6182 I AmazonProfileService: APS_V2 enabled in Arcus and mIsChildPINEnabled : false
12-29 10:13:56.434   618  6182 I AmazonProfileService: shouldAbortActivityStart() not aborted
12-29 10:13:56.434   618  6182 I FTVDeepLinkHandler: Application is started by shell.
12-29 10:13:56.452   618  6182 I ActivityManager: Start proc 15217:com.example.clickflix/u0a253 for activity com.example.clickflix/.MainActivity
12-29 10:13:56.454   245  1061 I qdqservice: QService::getAutoMode
12-29 10:13:56.476   245  1061 I qdqservice: QService::getAutoMode
12-29 10:13:56.486   245  1061 I qdqservice: QService::getAutoMode
12-29 10:13:56.489   245  1061 I qdqservice: QService::getAutoMode
12-29 10:13:56.492   618   638 I AmazonProfileService: Sending broadcast as the package is a non-enabled app
12-29 10:13:56.494  1399  1399 I chatty  : uid=10156(com.amazon.vizzini) expire 11 lines
12-29 10:13:56.494   618 15230 W MouseModeService: Switched to same activity:com.example.clickflix.MainActivity
12-29 10:13:56.496   288  2148 I DolbyAudioParameters: getParameters() return hdmi_output_channel_mode=0
12-29 10:13:56.496   288  2148 I DolbyAudioParameters: getParameters() return hdmi_output_channel_mode=0
12-29 10:13:56.504  1399 14982 I chatty  : uid=10156(com.amazon.vizzini) expire 1 line
12-29 10:13:56.510 15217 15217 W System  : ClassLoader referenced unknown path: /system/priv-app/MetricsApi/lib/arm
12-29 10:13:56.524   245   777 I qdqservice: QService::getAutoMode
12-29 10:13:56.529 25906 25906 I AppLifecycleListener: went background Activities: 0
12-29 10:13:56.530 25906 25944 I BuellerApplication: onBecameBackground
12-29 10:13:56.530 25906 25944 I DiskCleanupTask: Going to check cache and database directory size...
12-29 10:13:56.530 25906 25944 I DiskCleanupTask: Checking cache directory...
12-29 10:13:56.532 25906  6422 I FrameworkUtils: isAppInteractive: displayId=0, displayState=1, isInteractive=false, isTvOn=false, isAppInteractive=false, isAmbientOn=false, isAmbientCheckOn=true
12-29 10:13:56.534 25906 25906 I SceneNodePresenter: SceneNodePresenter onStop() is called by class com.amazon.tv.launcher.ui.sceneflow.presenters.model1.MBMiniDetailsNodePresenterDI
12-29 10:13:56.534 25906 25906 I SceneNodePresenter: SceneNodePresenter onStop() is called by class com.amazon.tv.launcher.ui.sceneflow.presenters.model1.MBBackgroundImageNodePresenterDI
12-29 10:13:56.534 25906 25906 I SceneNodePresenter: SceneNodePresenter onStop() is called by class com.amazon.tv.launcher.ui.sceneflow.presenters.common.BlurPlateNodePresenterDI
12-29 10:13:56.536 25906 25906 I SceneNodePresenter: SceneNodePresenter onStop() is called by class com.amazon.tv.launcher.ui.sceneflow.presenters.model1.AlexaNavHintNodePresenterDI
12-29 10:13:56.536 25906 25906 I SceneNodePresenter: SceneNodePresenter onStop() is called by class com.amazon.tv.launcher.featuredrotator.ui.FeaturedRotatorFragment
12-29 10:13:56.536 25906 25906 I WrappedCachedDrawable: WrappedCachedDrawable onStop() is called by class com.amazon.tv.launcher.images.cache.WrappedCachedDrawable
12-29 10:13:56.536 25906 25906 E WrappedCachedDrawable: onStop() when in FROZEN state. two onStop() calls in a row?
12-29 10:13:56.536 25906 25906 I WrappedCachedDrawable: WrappedCachedDrawable onStop() is called by class com.amazon.tv.launcher.images.cache.WrappedCachedDrawable
12-29 10:13:56.536 25906 25906 E WrappedCachedDrawable: onStop() when in FROZEN state. two onStop() calls in a row?
12-29 10:13:56.536 25906 25906 I WrappedCachedDrawable: WrappedCachedDrawable onStop() is called by class com.amazon.tv.launcher.images.cache.WrappedCachedDrawable
12-29 10:13:56.536 25906 25906 E WrappedCachedDrawable: onStop() when in FROZEN state. two onStop() calls in a row?
12-29 10:13:56.536 25906 25906 I WrappedCachedDrawable: WrappedCachedDrawable onStop() is called by class com.amazon.tv.launcher.images.cache.WrappedCachedDrawable
12-29 10:13:56.536 25906 25906 E WrappedCachedDrawable: onStop() when in FROZEN state. two onStop() calls in a row?
12-29 10:13:56.536 25906 25906 I NavigationNodePresenter: onStop is called, mInSleepMode: true
12-29 10:13:56.536 25906 25906 I SceneNodePresenter: SceneNodePresenter onStop() is called by class com.amazon.tv.launcher.ui.sceneflow.presenters.common.NavigationNodePresenterDI
12-29 10:13:56.536 25906 25906 I NavMenuController: Removed CDA App Items listener.
12-29 10:13:56.536 25906 25906 I NavMenuController: remove listeners stopManagingData 
12-29 10:13:56.536 25906 25906 I CdaController: FTV-CDA: Removing ConsumerEventListener com.amazon.tv.launcher.ui.datacontroller.CdaDynamicChannelDataController$ConsumerEventListenerForTarget@a930e2b for home @@ myAppsAndGames and actor: amxxxxxxxxxxxxxxxxxxxxxxxxxxxxxxxxxxxxxxxxxxxxxxxxxxxxxxxxxxxxxxxxxxxxxxxxxxxxxxxxxxxxxxxxxxxxx
12-29 10:13:56.537 25906  6422 I SettingsClient: Disabling interacting
12-29 10:13:56.537 25906  6422 I ServiceConnectionManager: unbindService(), context => com.amazon.tv.launcher.BuellerApplication@d098ea1
12-29 10:13:56.539 25906  6422 I AlexaInteractionStateOb: Settings client torn down
12-29 10:13:56.542 25906 25906 I SceneNodePresenter: SceneNodePresenter onStop() is called by class com.amazon.tv.launcher.ui.sceneflow.presenters.model1.NavMenuScreenNodePresenterDI
12-29 10:13:56.549 25906 25906 I BuellerApplication: Received on trim from framework, level is 20
12-29 10:13:56.549 25906 25906 I BuellerApplication:  should trim frozen image false
12-29 10:13:56.549 25906 25906 I BuellerApplication: Trim memory has completed
12-29 10:13:56.549 25906 25906 I MediaBrowseServiceImpl: Received notice that MediaBrowseServiceImpl is to trim memory. Trim memory level: 20
12-29 10:13:56.551 25906 26195 I ImageTrimMemoryHandler: Processing trimMemory level=20, availablePriority=null, cachedPriority=1, bytesInMemoryCache=990 KB, bytesInUse=9 MB
12-29 10:13:56.551 25906 26195 I ImagePriorityLru: Releasing 6 cached items, and 0 available items, bytesInUse=9 MB, bytesOnlyInCache=990 KB
12-29 10:13:56.552 15217 15217 I FrameworkJumpTable: Successfully loaded all classes
12-29 10:13:56.559 25906 25997 I cevicheLTSPlugin.BaseEventHandler: Received an event from Launcher of typeScreenVisibilityEvent
12-29 10:13:56.567 15217 15217 I FrameworkJumpTable: Successfully loaded all methods
12-29 10:13:56.569 15217 15217 I FrameworkJumpTable: Successfully loaded all fields
12-29 10:13:56.569 15217 15217 I FrameworkJumpTable: Successfully loaded all constructors
12-29 10:13:56.609 15217 15217 W System  : ClassLoader referenced unknown path: 
12-29 10:13:56.610 15217 15217 W System  : ClassLoader referenced unknown path: /system/priv-app/MetricsApi/lib/arm
12-29 10:13:56.620 25906 26029 I ...atformDependencyImpl: isAmazonDevice() in ClientSideAmazonPlatformDependencyImpl is called
12-29 10:13:56.625 25906 25997 I cevicheLTSPlugin.ItemVisibilityHandler: Reporting ScreenVisibilityEvent to AdManager - T1 treatment
12-29 10:13:56.627 25906 26029 I ...atformDependencyImpl: isAmazonDevice() in ClientSideAmazonPlatformDependencyImpl is called
12-29 10:13:56.632 25906 14980 I ...atformDependencyImpl: isAmazonDevice() in ClientSideAmazonPlatformDependencyImpl is called
12-29 10:13:56.641   889 15005 I ...n.imp/CorPfmLogic[0]: COR is empty: false, PFM is empty: false
12-29 10:13:56.641   889 15005 I ...n.imp/CorPfmLogic[0]: Current time: 1767014036641 
12-29 10:13:56.641   889 15005 I ...n.imp/CorPfmLogic[0]:  cor/pfm last updated time: 1766969549214 
12-29 10:13:56.641   889 15005 I ...n.imp/CorPfmLogic[0]:  TTL: 86400000 
12-29 10:13:56.641   889 15005 I ...n.imp/CorPfmLogic[0]:  Jitter: 18732706
12-29 10:13:56.641   889 15005 I ...n.imp/CorPfmLogic[0]: COR or PFM isn't expired.
12-29 10:13:56.641   889 15005 I ...n.imp/CorPfmLogic[0]: COR PFM has already been fetched. Returning current COR/PFM
12-29 10:13:56.641   889 15005 I ...tributeStoreLogic[0]: Callback with value empty: false
12-29 10:13:56.646 15217 15217 I flutter : [IMPORTANT:flutter/shell/common/shell.cc(527)] [Action Required]: Impeller opt-out deprecated.
12-29 10:13:56.646 15217 15217 I flutter :     The application opted out of Impeller by either using the
12-29 10:13:56.646 15217 15217 I flutter :     `--no-enable-impeller` flag or the
12-29 10:13:56.646 15217 15217 I flutter :     `io.flutter.embedding.android.EnableImpeller` `AndroidManifest.xml` entry.
12-29 10:13:56.646 15217 15217 I flutter :     These options are going to go away in an upcoming Flutter release. Remove
12-29 10:13:56.646 15217 15217 I flutter :     the explicit opt-out. If you need to opt-out, please report a bug describing
12-29 10:13:56.646 15217 15217 I flutter :     the issue.
12-29 10:13:56.646 15217 15217 I flutter : 
12-29 10:13:56.646 15217 15217 I flutter :     https://github.com/flutter/flutter/issues/new?template=02_bug.yml
12-29 10:13:56.646 15217 15217 I flutter : 
12-29 10:13:56.650 25906 26029 I ...atformDependencyImpl: isAmazonDevice() in ClientSideAmazonPlatformDependencyImpl is called
12-29 10:13:56.654 25906 14980 I ...atformDependencyImpl: isAmazonDevice() in ClientSideAmazonPlatformDependencyImpl is called
12-29 10:13:56.660   889 15005 I ...n.imp/CorPfmLogic[0]: COR is empty: false, PFM is empty: false
12-29 10:13:56.661   889 15005 I ...n.imp/CorPfmLogic[0]: Current time: 1767014036661 
12-29 10:13:56.661   889 15005 I ...n.imp/CorPfmLogic[0]:  cor/pfm last updated time: 1766969549214 
12-29 10:13:56.661   889 15005 I ...n.imp/CorPfmLogic[0]:  TTL: 86400000 
12-29 10:13:56.661   889 15005 I ...n.imp/CorPfmLogic[0]:  Jitter: 1624669
12-29 10:13:56.661   889 15005 I ...n.imp/CorPfmLogic[0]: COR or PFM isn't expired.
12-29 10:13:56.661   889 15005 I ...n.imp/CorPfmLogic[0]: COR PFM has already been fetched. Returning current COR/PFM
12-29 10:13:56.661   889 15005 I ...tributeStoreLogic[0]: Callback with value empty: false
12-29 10:13:56.714 15217 15217 I media_kit: package:media_kit_libs_android_video attached.
12-29 10:13:56.718 15217 15217 I media_kit: Saved application context.
12-29 10:13:56.778 15217 15217 I PerfStatsManager: start attempting to update service remote
12-29 10:13:56.800 15217 15217 E MTK_GRALLOC: Ref log out of bound
12-29 10:13:56.803   618  6182 E WindowManager: App trying to use insecure INPUT_FEATURE_NO_INPUT_CHANNEL flag. Ignoring
12-29 10:13:56.805   618  6182 I AmazonProfileService: Event is not filtered because it is not in filter key list.
12-29 10:13:56.806   618  6182 I FireTVKeyPolicyManager: Dynamic key mapping has been enabled
12-29 10:13:56.806   618  6182 I KeyMapManagerUtil: Unknown remote sku id 0. Fetch remote sku id from system property
12-29 10:13:56.806   618  6182 I FireTVKeyPolicyManager: Dynamic key mapping key intercepted result 0
12-29 10:13:56.806   618   661 I AmzPhoneWindowManager: Event is injected by system, discarding it! latency:1
12-29 10:13:56.823 25906 25944 I DiskCleanupTask: .dl: 56 MB
12-29 10:13:56.823 25906 25944 I DiskCleanupTask: ContentURIImageCache: 0 bytes
12-29 10:13:56.826 25906 25944 I DiskCleanupTask: image_manager_disk_cache: 113 KB
12-29 10:13:56.834   245  1061 I qdqservice: QService::getAutoMode
12-29 10:13:56.844 25906 25944 I DiskCleanupTask: settingsCardImages: 59 KB
12-29 10:13:56.848   245  1061 I qdqservice: QService::getAutoMode
12-29 10:13:56.850 15217 15249 I OpenGLRenderer: Initialized EGL, version 1.4
12-29 10:13:56.853   618  6182 E WindowManager: App trying to use insecure INPUT_FEATURE_NO_INPUT_CHANNEL flag. Ignoring
12-29 10:13:56.860   245   777 I qdqservice: QService::getAutoMode
12-29 10:13:56.870   245   777 I qdqservice: QService::getAutoMode
12-29 10:13:56.876 15217 15217 I flutter :  main: SEM PLAYLIST CONFIGURADA - Limpando TODOS os dados e caches...
12-29 10:13:56.876 15217 15217 I flutter :  M3uService: Cache em memria limpo
12-29 10:13:56.876 15217 15217 I flutter :  M3uService: Limpando TODOS os caches (memria e disco)...
12-29 10:13:56.876 15217 15217 I flutter :  M3uService: Cache em memria limpo
12-29 10:13:56.879 15217 15217 I flutter :  M3uService: 0 arquivo(s) de cache deletado(s)
12-29 10:13:56.884   245  1061 I qdqservice: QService::getAutoMode
12-29 10:13:56.892 15217 15217 I flutter :  main: App limpo - SEM playlist configurada
12-29 10:13:56.892 15217 15217 I flutter :  main: Nenhuma playlist salva encontrada. Usurio precisa configurar via Setup.
12-29 10:13:56.896 15217 15217 I flutter :  main: TMDB Service inicializado e configurado
12-29 10:13:56.896 15217 15217 I flutter :  EPG: Sem playlist configurada - EPG no ser carregado
12-29 10:13:56.900 25906 25944 I DiskCleanupTask: WebView: 11 MB
12-29 10:13:56.907   245  1061 I qdqservice: QService::getAutoMode
12-29 10:13:56.923 15217 15217 I flutter :  main: TMDB Service inicializado e configurado
12-29 10:13:56.945 15217 15217 W IInputConnectionWrapper: reportFullscreenMode on inexistent InputConnection
12-29 10:13:56.945 15217 15217 W IInputConnectionWrapper: setSelection on inactive InputConnection
12-29 10:13:57.135   245  1061 I qdqservice: QService::getAutoMode
12-29 10:13:57.164 25906 25944 I DiskCleanupTask: Total cache directory size is 68 MB
12-29 10:13:57.164 25906 25944 I DiskCleanupTask: Checking database file...
12-29 10:13:57.165 25906 25944 I DiskCleanupTask: producer.db: 20 KB
12-29 10:13:57.165 25906 25944 I DiskCleanupTask: CardDeviceAgentDB-wal: 458 KB
12-29 10:13:57.165 25906 25944 I DiskCleanupTask: arn:aws:remote-config:us-west-2:541693914820:appConfig:aoio3k0i_ConfigurationCache.db: 28 KB
12-29 10:13:57.165 25906 25944 I DiskCleanupTask: arn:aws:remote-config:us-west-2:541693914820:appConfig:aoio3k0i_ConfigurationCache.db-journal: 25 KB
12-29 10:13:57.165 25906 25944 I DiskCleanupTask: producer.db-wal: 402 KB
12-29 10:13:57.165 25906 25944 I DiskCleanupTask: mbcache.db: 22 MB
12-29 10:13:57.165 25906 25944 I DiskCleanupTask: arn:aws:remote-config:us-west-2:541693914820:appConfig:ayo68shj_ConfigurationCache.db: 16 KB
12-29 10:13:57.165 25906 25944 I DiskCleanupTask: arn:aws:remote-config:us-west-2:541693914820:appConfig:ayo68shj_ConfigurationCache.db-journal: 8 KB
12-29 10:13:57.165 25906 25944 I DiskCleanupTask: arn:aws:remote-config:us-west-2:541693914820:appConfig:aziejdrs_ConfigurationCache.db: 16 KB
12-29 10:13:57.165 25906 25944 I DiskCleanupTask: arn:aws:remote-config:us-west-2:541693914820:appConfig:aziejdrs_ConfigurationCache.db-journal: 8 KB
12-29 10:13:57.166 25906 25944 I DiskCleanupTask: arn:aws:remote-config:us-west-2:541693914820:appConfig:a0n5bwx7_ConfigurationCache.db: 16 KB
12-29 10:13:57.166 25906 25944 I DiskCleanupTask: arn:aws:remote-config:us-west-2:541693914820:appConfig:a0n5bwx7_ConfigurationCache.db-journal: 8 KB
12-29 10:13:57.166 25906 25944 I DiskCleanupTask: arn:aws:remote-config:us-west-2:541693914820:appConfig:att2x7wd_ConfigurationCache.db: 16 KB
12-29 10:13:57.166 25906 25944 I DiskCleanupTask: arn:aws:remote-config:us-west-2:541693914820:appConfig:att2x7wd_ConfigurationCache.db-journal: 8 KB
12-29 10:13:57.166 25906 25944 I DiskCleanupTask: CardDeviceAgentDB: 260 KB
12-29 10:13:57.166 25906 25944 I DiskCleanupTask: producer.db-shm: 32 KB
12-29 10:13:57.166 25906 25944 I DiskCleanupTask: CardDeviceAgentDB-shm: 32 KB
12-29 10:13:57.166 25906 25944 I DiskCleanupTask: RecentCdaCardBackupDB: 24 KB
12-29 10:13:57.166 25906 25944 I DiskCleanupTask: RecentCdaCardBackupDB-wal: 512 KB
12-29 10:13:57.166 25906 25944 I DiskCleanupTask: RecentCdaCardBackupDB-shm: 32 KB
12-29 10:13:57.166 25906 25944 I DiskCleanupTask: widget_database: 64 KB
12-29 10:13:57.167 25906 25944 I DiskCleanupTask: widget_database-wal: 474 KB
12-29 10:13:57.167 25906 25944 I DiskCleanupTask: widget_database-shm: 32 KB
12-29 10:13:57.167 25906 25944 I DiskCleanupTask: arn:aws:remote-config:us-west-2:455205533140:appConfig:apiz0o87_ConfigurationCache.db: 16 KB
12-29 10:13:57.167 25906 25944 I DiskCleanupTask: arn:aws:remote-config:us-west-2:455205533140:appConfig:apiz0o87_ConfigurationCache.db-journal: 8 KB
12-29 10:13:57.167 25906 25944 I DiskCleanupTask: mbcache.db-wal: 512 KB
12-29 10:13:57.167 25906 25944 I DiskCleanupTask: ContinueWatchingItemDB: 24 KB
12-29 10:13:57.167 25906 25944 I DiskCleanupTask: ContinueWatchingItemDB-wal: 0 bytes
12-29 10:13:57.167 25906 25944 I DiskCleanupTask: ContinueWatchingItemDB-shm: 32 KB
12-29 10:13:57.167 25906 25944 I DiskCleanupTask: mbcache.db-shm: 32 KB
12-29 10:13:57.167 25906 25944 I DiskCleanupTask: LauncherPersistentDB: 4 KB
12-29 10:13:57.167 25906 25944 I DiskCleanupTask: LauncherPersistentDB-wal: 36 KB
12-29 10:13:57.183 25906 25944 I DiskCleanupTask: LauncherPersistentDB-shm: 32 KB
12-29 10:13:57.187 25906 25944 I DiskCleanupTask: Total database directory size is 25 MB
12-29 10:13:57.189 25906 25944 I BuellerApplication: Notified of having no active activities
12-29 10:13:57.189 25906 25944 I AivConnectorManager: Attempting to release AivConnector
12-29 10:13:57.390 15217 15217 I flutter :  [ERROR]  TMDB: API key INVLIDA ou EXPIRADA! Status 401 (teste)
12-29 10:13:57.457 15217 15217 I flutter :  [ERROR]  TMDB: API key INVLIDA ou EXPIRADA! Status 401 (teste)
12-29 10:13:57.557 25906 26195 I ImageTrimMemoryHandler: Processed trimMemory level=20, bytesInMemoryCache=990 KB, bytesInUse=9 MB
12-29 10:13:58.831   618   638 W WindowManager: Window freeze timeout expired.
12-29 10:13:58.832   618   638 W WindowManager: Force clearing orientation change: Window{76d34b8 u0 com.example.clickflix/com.example.clickflix.MainActivity}
12-29 10:13:58.834   245  1061 I qdqservice: QService::getAutoMode
12-29 10:13:58.854   245   303 I qdqservice: QService::getAutoMode
12-29 10:13:59.482   618   778 E TaskPersister: File error accessing recents directory (directory doesn't exist?).
12-29 10:14:00.106  1454 15170 I whad    : DeviceClusterManager:onHeartBeat:seq=6541,xmit=430774961601172,recv=430775123601433,uniqueId=XX0RV9,highNetworkLatency=1
12-29 10:14:02.030  1454  8140 I whad    : TimeSyncClient:clientThread:reason=skewOrDriftChange,server=XX0QS8,time=430771.142529,skewX=427815.339424,skewY=5.860259,drift=1.926348,reportedDrift=1.926348,numExchanges=704849
12-29 10:14:05.845   288 10607 I Node    : dolby-audio-meter, AdapterPcmSystem adapter audio meter: channel 0; audio level: 0.000
12-29 10:14:05.845   288 10607 I Node    : dolby-audio-meter, AdapterPcmSystem adapter audio meter: channel 1; audio level: 0.000
12-29 10:14:05.845   288 10607 I RendererNode: dolby-audio-meter, Renderer renderer audio meter: channel 0; audio level: 0.000
12-29 10:14:05.845   288 10607 I RendererNode: dolby-audio-meter, Renderer renderer audio meter: channel 1; audio level: 0.000
12-29 10:14:05.845   288 10607 I RendererNode: dolby-audio-meter, Renderer renderer audio meter: channel 2; audio level: 0.000
12-29 10:14:05.845   288 10607 I RendererNode: dolby-audio-meter, Renderer renderer audio meter: channel 3; audio level: 0.000
12-29 10:14:05.845   288 10607 I RendererNode: dolby-audio-meter, Renderer renderer audio meter: channel 4; audio level: 0.000
12-29 10:14:05.845   288 10607 I RendererNode: dolby-audio-meter, Renderer renderer audio meter: channel 5; audio level: 0.000
12-29 10:14:05.845   288 10607 I Node    : dolby-audio-meter, AdapterPcmOut adapter audio meter: channel 0; audio level: 0.000
12-29 10:14:05.845   288 10607 I Node    : dolby-audio-meter, AdapterPcmOut adapter audio meter: channel 1; audio level: 0.000
12-29 10:14:06.856   618   662 I InputReader: Reconfiguring input devices.  changes=0x00000010
12-29 10:14:06.870  1399  3866 I chatty  : uid=10156(com.amazon.vizzini) pool-9-thread-1 expire 45 lines
12-29 10:14:06.955   618   630 W Searchables: No global search activity found
12-29 10:14:06.987   618   630 E TvInputManagerService: failed to load TV input org.videolan.vlc.PreviewVideoInputService
12-29 10:14:06.987   618   630 E TvInputManagerService: java.lang.IllegalStateException: Setup activity not found for org.videolan.vlc.PreviewVideoInputService
12-29 10:14:06.987   618   630 E TvInputManagerService: 	at android.media.tv.TvInputInfo$Builder.parseServiceMetadata(TvInputInfo.java:956)
12-29 10:14:06.987   618   630 E TvInputManagerService: 	at android.media.tv.TvInputInfo$Builder.build(TvInputInfo.java:901)
12-29 10:14:06.987   618   630 E TvInputManagerService: 	at com.android.server.tv.TvInputManagerService.buildTvInputListLocked(TvInputManagerService.java:345)
12-29 10:14:06.987   618   630 E TvInputManagerService: 	at com.android.server.tv.TvInputManagerService.-wrap10(TvInputManagerService.java)
12-29 10:14:06.987   618   630 E TvInputManagerService: 	at com.android.server.tv.TvInputManagerService$1.buildTvInputList(TvInputManagerService.java:190)
12-29 10:14:06.987   618   630 E TvInputManagerService: 	at com.android.server.tv.TvInputManagerService$1.onSomePackagesChanged(TvInputManagerService.java:240)
12-29 10:14:06.987   618   630 E TvInputManagerService: 	at com.android.internal.content.PackageMonitor.onReceive(PackageMonitor.java:431)
