12-28 23:36:19.911   618   654 W ActivityManager: Slow operation: 52ms so far, now at startProcess: done starting proc!
12-28 23:36:19.915   618   631 I ProcessStatsService: Prepared write state in 4ms
12-28 23:36:21.091   618  1236 I ActivityManager: Killing 15903:com.amazon.kso.blackbird/u0a111 (adj 903): empty for 2153s
12-28 23:37:39.728   618   635 I AmazonDropBoxManagerService: Either there is noLog.crash files or all files are corrupted
12-28 23:40:09.801   618  1236 I ActivityManager: Start proc 20945:com.amazon.device.software.ota/u0a20 for service com.amazon.device.software.ota/.OtaService
12-28 23:40:10.303   618  3404 I ActivityManager: Killing 18277:tv.pluto.android/u0a222 (adj 903): empty for 1919s
12-28 23:40:10.373   618   678 E ConnectivityService: RemoteException caught trying to send a callback msg for NetworkRequest [ TRACK_DEFAULT id=2670, [ Capabilities: INTERNET&NOT_RESTRICTED&TRUSTED&NOT_VPN] ]
12-28 23:41:20.406   618  6182 I ActivityManager: Start proc 21069:com.amazon.alexa.datastore.app/u0a64 for prewarm
12-28 23:42:00.004   618   618 I ActivityManager: Killing 18522:org.jellyfin.androidtv/u0a71 (adj 903): empty for 1953s
12-28 23:47:29.971   618   635 I AmazonDropBoxManagerService: Either there is noLog.crash files or all files are corrupted
12-28 23:57:15.313   618   635 I AmazonDropBoxManagerService: Either there is noLog.crash files or all files are corrupted
12-28 23:57:58.743   618   630 I ActivityManager: Start proc 22415:com.amazon.kso.blackbird/u0a111 for service com.amazon.kso.blackbird/.sync.periodicadrefresh.PeriodicAdSyncService
12-28 23:58:31.643   618   662 I AmazonProfileService: Event is not filtered because it is not in filter key list.
12-28 23:58:31.651   618   662 I AmazonProfileService: Event is not filtered because it is not in filter key list.
12-28 23:58:33.982   618   662 I AmazonProfileService: Event is not filtered because it is not in filter key list.
12-28 23:58:34.173   618   662 I AmazonProfileService: Event is not filtered because it is not in filter key list.
12-28 23:58:36.097   618  1087 I AmazonHdmiService: Get Current HDCP Version
12-28 23:58:37.091   618   618 I PowerManagerService: Going to sleep due to HDMI standby (uid 1000)...
12-28 23:58:37.093   618   618 I AmazonProfileService: onGoToSleep, reason = 5
12-28 23:58:37.093   618   717 I AmazonProfileService: APS_V2 enabled in Arcus and mIsChildPINEnabled : false
12-28 23:58:37.101   618   645 I PowerManagerService: Sleeping (uid 1000)...
12-28 23:58:37.114   618   631 I VrManagerService: VR mode is disallowed
12-28 23:58:37.794   618   638 I DisplayManagerService: Display device changed state: "Tela integrada", OFF
12-28 23:58:37.809   618   618 I FireTVScreenTimeoutCallback: screenOff called
12-28 23:58:37.844   618   618 W ContextImpl: Calling a method in the system process without a qualified user: android.app.ContextImpl.startService:1386 com.amazon.android.extension.firetvscreentimeout.FireTVScreenTimeoutCallback.screenOff:101 com.android.server.power.VendorNotifierCallback.callScreenOff:33 com.android.server.power.Notifier$8.run:484 android.os.Handler.handleCallback:751 
12-28 23:58:37.853   618   618 W LedManager: activateState null state!
12-28 23:58:37.865   618   618 E HurleyThunderBtDisconnector: Error while accessing provider:com.amazon.device.controller.provider
12-28 23:58:37.865   618   618 E HurleyThunderBtDisconnector: java.lang.IllegalStateException: Could not find provider: com.amazon.device.controller.provider
12-28 23:58:37.865   618   618 E HurleyThunderBtDisconnector: 	at com.amazon.android.extension.firetvscreentimeout.HurleyThunderBtDisconnector.disconnect(HurleyThunderBtDisconnector.java:86)
12-28 23:58:37.865   618   618 E HurleyThunderBtDisconnector: 	at com.amazon.android.extension.firetvscreentimeout.FireTVScreenTimeoutCallback.screenOff(FireTVScreenTimeoutCallback.java:117)
12-28 23:58:37.865   618   618 E HurleyThunderBtDisconnector: 	at com.android.server.power.VendorNotifierCallback.callScreenOff(VendorNotifierCallback.java:33)
12-28 23:58:37.865   618   618 E HurleyThunderBtDisconnector: 	at com.android.server.power.Notifier$8.run(Notifier.java:484)
12-28 23:58:37.865   618   618 E HurleyThunderBtDisconnector: 	at android.os.Handler.handleCallback(Handler.java:751)
12-28 23:58:37.865   618   618 E HurleyThunderBtDisconnector: 	at android.os.Handler.dispatchMessage(Handler.java:95)
12-28 23:58:37.865   618   618 E HurleyThunderBtDisconnector: 	at android.os.Looper.loop(Looper.java:154)
12-28 23:58:37.865   618   618 E HurleyThunderBtDisconnector: 	at com.android.server.SystemServer.run(SystemServer.java:367)
12-28 23:58:37.865   618   618 E HurleyThunderBtDisconnector: 	at com.android.server.SystemServer.main(SystemServer.java:234)
12-28 23:58:37.865   618   618 E HurleyThunderBtDisconnector: 	at java.lang.reflect.Method.invoke(Native Method)
12-28 23:58:37.865   618   618 E HurleyThunderBtDisconnector: 	at com.android.internal.os.ZygoteInit$MethodAndArgsCaller.run(ZygoteInit.java:911)
12-28 23:58:37.865   618   618 E HurleyThunderBtDisconnector: 	at com.android.internal.os.ZygoteInit.main(ZygoteInit.java:801)
12-28 23:58:37.865   618   618 I FireTVScreenTimeoutCallback: Screen is Off, expecting all connected BT devices to disconnect.
12-28 23:58:37.877   618   618 I AmazonProfileService: APS_V2 enabled in Arcus and mIsChildPINEnabled : false
12-28 23:58:37.975   618   721 I ActivityManager: Start proc 22515:com.amazon.wirelessmetrics.service/u0a168 for service com.amazon.wirelessmetrics.service/.WirelessMetricsService
12-28 23:58:38.005   618   631 I ActivityManager: Start proc 22528:com.android.providers.downloads/u0a28 for broadcast com.android.providers.downloads/.DownloadReceiver
12-28 23:58:38.285 22515 22548 I FrameworkJumpTable: Successfully loaded all classes
12-28 23:58:38.330 22515 22548 I FrameworkJumpTable: Successfully loaded all methods
12-28 23:58:38.345 22515 22548 I FrameworkJumpTable: Successfully loaded all fields
12-28 23:58:38.345 22515 22548 I FrameworkJumpTable: Successfully loaded all constructors
12-28 23:58:38.599   618  1087 I ActivityManager: Start proc 22569:com.amazon.device.bluetoothkeymaplib/u0a5 for broadcast com.amazon.device.bluetoothkeymaplib/.service.EventReceiver
12-28 23:58:38.651   618 11744 I AmazonAutoPairService: onConnectStateChanged received..state:3
12-28 23:58:38.751 22569 22569 I FrameworkJumpTable: Successfully loaded all classes
12-28 23:58:38.814 22569 22569 I FrameworkJumpTable: Successfully loaded all methods
12-28 23:58:38.816 22569 22569 I FrameworkJumpTable: Successfully loaded all fields
12-28 23:58:38.816 22569 22569 I FrameworkJumpTable: Successfully loaded all constructors
12-28 23:58:38.882   618 11744 I ActivityManager: Start proc 22591:com.amazon.tv.settings.v2/u0a152 for broadcast com.amazon.tv.settings.v2/.tv.TargetedRefreshCardsReceiver
12-28 23:58:39.216 22591 22591 I FrameworkJumpTable: Successfully loaded all classes
12-28 23:58:39.246 22591 22591 I FrameworkJumpTable: Successfully loaded all methods
12-28 23:58:39.248 22591 22591 I FrameworkJumpTable: Successfully loaded all fields
12-28 23:58:39.248 22591 22591 I FrameworkJumpTable: Successfully loaded all constructors
12-28 23:58:39.303 22591 22591 I AmazonHdmiServiceManager: AmazonHdmiServiceManager created
12-28 23:58:39.308   618 11744 I AmazonHdmiService: Get all supported display modes
12-28 23:58:39.310   618 11744 I AmazonHdmiService: Get Current HDCP Version
12-28 23:58:39.881   618  1087 I ActivityManager: Start proc 22633:com.amazon.prism.android.service:remote/u0a118 for service com.amazon.prism.android.service/.PrismService
12-28 23:58:39.907   618  1224 I AmazonHdmiService: Get all supported display modes
12-28 23:58:39.914   618 11744 I AmazonHdmiService: Get Current HDCP Version
12-28 23:58:40.351 22633 22665 I FrameworkJumpTable: Successfully loaded all classes
12-28 23:58:40.374 22633 22665 I FrameworkJumpTable: Successfully loaded all methods
12-28 23:58:40.376 22633 22665 I FrameworkJumpTable: Successfully loaded all fields
12-28 23:58:40.376 22633 22665 I FrameworkJumpTable: Successfully loaded all constructors
12-28 23:58:44.082   618   631 W BroadcastQueue: Permission Denial: receiving Intent { act=android.bluetooth.device.action.ACL_DISCONNECTED flg=0x4000010 (has extras) } to ProcessRecord{ac14767 16423:com.amazon.venezia/u0a155} (pid=16423, uid=10155) requires android.permission.BLUETOOTH due to sender com.android.bluetooth (uid 1002)
12-28 23:58:44.134   618  1224 I AmazonAutoPairService: onConnectStateChanged received..state:0
12-28 23:58:44.172   618   631 W BroadcastQueue: Permission Denial: receiving Intent { act=android.bluetooth.device.action.ACL_CONNECTED flg=0x4000010 (has extras) } to ProcessRecord{ac14767 16423:com.amazon.venezia/u0a155} (pid=16423, uid=10155) requires android.permission.BLUETOOTH due to sender com.android.bluetooth (uid 1002)
12-28 23:58:44.336   618 11744 I AmazonAutoPairService: onConnectStateChanged received..state:2
12-28 23:58:44.336   618   618 I AmazonAutoPairService: onConnectStateChanged..Stopping discovery as a desired device is connected
12-28 23:58:44.336   618   618 I AmazonAutoPairService: handleStopAutoPairProcess..
12-28 23:58:44.423   618  6182 I ActivityManager: START u0 {flg=0x10000000 cmp=com.amazon.device.blepa/.uxmanager.BluetoothDFUActivity2} from uid 10084 on display 0
12-28 23:58:44.434   618  6182 I AmazonProfileService: shouldAbortActivityStart() Package: xxx activity: xxx
12-28 23:58:44.435   618  6182 I AmazonProfileService: APS_V2 enabled in Arcus and mIsChildPINEnabled : false
12-28 23:58:44.435   618  6182 I AmazonProfileService: APS_V2 enabled in Arcus and mIsChildPINEnabled : false
12-28 23:58:44.435   618  6182 I AmazonProfileService: xxx is a system app, do not abort activity start.
12-28 23:58:44.435   618  6182 I AmazonProfileService: APS_V2 enabled in Arcus and mIsChildPINEnabled : false
12-28 23:58:44.602   618 11744 E WindowManager: App trying to use insecure INPUT_FEATURE_NO_INPUT_CHANNEL flag. Ignoring
12-28 23:58:44.609   618 11744 I AmazonProfileService: Event is not filtered because it is not in filter key list.
12-28 23:58:49.150   618   631 I ActivityManager: Killing 16423:com.amazon.venezia/u0a155 (adj 903): empty for 1803s
12-28 23:58:58.476   618   631 I ActivityManager: Start proc 22721:com.amazon.whisperjoin.wss.wifiprovisioner/u0a160 for broadcast com.amazon.whisperjoin.wss.wifiprovisioner/.receivers.BleSetupEventReceiver
12-29 00:01:20.517   618   630 I UsageStatsService: User[0] Flushing usage stats to disk
12-29 00:03:44.616   618  6182 W InputMethodManagerService: Starting input on non-focused client com.android.internal.view.IInputMethodClient$Stub$Proxy@707d768 (uid=10084 pid=10431)
12-29 00:03:44.670   618   638 I AmazonProfileService: Sending broadcast as the package is a non-enabled app
12-29 00:03:44.787   618  6182 I AmazonProfileService: Event is not filtered because it is not in filter key list.
12-29 00:03:47.664   618   778 E TaskPersister: File error accessing recents directory (directory doesn't exist?).
12-29 00:04:20.151   618   618 I ActivityManager: Start proc 23168:tv.pluto.android/u0a222 for service tv.pluto.android/androidx.work.impl.background.systemjob.SystemJobService
12-29 00:04:20.609 23168 23168 I FrameworkJumpTable: Successfully loaded all classes
12-29 00:04:20.628 23168 23168 I FrameworkJumpTable: Successfully loaded all methods
12-29 00:04:20.630 23168 23168 I FrameworkJumpTable: Successfully loaded all fields
12-29 00:04:20.630 23168 23168 I FrameworkJumpTable: Successfully loaded all constructors
12-29 00:04:35.807   618   634 E BatteryStatsService: no controller energy info supplied
12-29 00:04:35.825   618   634 E BatteryStatsService: no controller energy info supplied
12-29 00:05:28.687   618  1224 I ActivityManager: Start proc 23350:tv.pluto.android:input/u0a222 for service tv.pluto.android/androidx.work.multiprocess.RemoteWorkerService
12-29 00:05:28.988 23350 23350 I FrameworkJumpTable: Successfully loaded all classes
12-29 00:05:29.008 23350 23350 I FrameworkJumpTable: Successfully loaded all methods
12-29 00:05:29.013 23350 23350 I FrameworkJumpTable: Successfully loaded all fields
12-29 00:05:29.013 23350 23350 I FrameworkJumpTable: Successfully loaded all constructors
12-29 00:05:34.593   618  6182 I ActivityManager: Start proc 23487:com.amazon.tv.livetv/u0a144 for content provider com.amazon.tv.livetv/com.amazon.livetv.contentservice.tifextension.TifExtensionProvider
12-29 00:05:34.771   827   827 W ContextImpl: Calling a method in the system process without a qualified user: android.app.ContextImpl.sendBroadcast:921 android.content.ContextWrapper.sendBroadcast:426 com.amazon.tifobserver.LiveTvObserver.broadcastChannelListChange:157 com.amazon.tifobserver.LiveTvObserver.-wrap0:-1 com.amazon.tifobserver.LiveTvObserver$1.run:111 
12-29 00:05:34.774   827   827 W ContextImpl: Calling a method in the system process without a qualified user: android.app.ContextImpl.sendBroadcast:921 android.content.ContextWrapper.sendBroadcast:426 com.amazon.tifobserver.LiveTvObserver.broadcastChannelListChange:161 com.amazon.tifobserver.LiveTvObserver.-wrap0:-1 com.amazon.tifobserver.LiveTvObserver$1.run:111 
12-29 00:05:35.074 23487 23487 I FrameworkJumpTable: Successfully loaded all classes
12-29 00:05:35.093 23487 23487 I FrameworkJumpTable: Successfully loaded all methods
12-29 00:05:35.096 23487 23487 I FrameworkJumpTable: Successfully loaded all fields
12-29 00:05:35.096 23487 23487 I FrameworkJumpTable: Successfully loaded all constructors
12-29 00:05:35.988   618   628 I AmazonProfileService: Registering callback
12-29 00:05:37.090 23487 23537 E ActivityThread: Failed to find provider info for com.amazon.tv.channelscan
12-29 00:05:37.091 23487 23537 E ActivityThread: Failed to find provider info for com.amazon.tv.channelscan
12-29 00:05:37.092 23487 23537 E ActivityThread: Failed to find provider info for com.amazon.tv.channelscan
12-29 00:05:37.145   618  1226 E AmazonHdmiService: Settings client binder died.
12-29 00:05:37.160   618 11165 I ActivityManager: Process com.amazon.avod (pid 15281) has died
12-29 00:05:39.073   618  1224 I ActivityManager: Start proc 23635:com.amazon.providers.tv/u0a119 for content provider com.amazon.providers.tv/.FireTvProvider
12-29 00:06:07.014   618 12039 I ActivityManager: Killing 20945:com.amazon.device.software.ota/u0a20 (adj 903): empty #17
12-29 00:06:07.015   618 12039 I ActivityManager: Killing 20586:org.videolan.vlc/u0a206 (adj 903): empty #18
12-29 00:06:07.103   618   678 E ConnectivityService: RemoteException caught trying to send a callback msg for NetworkRequest [ REQUEST id=2679, [ Capabilities: INTERNET&NOT_RESTRICTED&TRUSTED&NOT_VPN] ]
12-29 00:06:22.522   618   631 I ProcessStatsService: Prepared write state in 4ms
12-29 00:08:37.905   618   642 I ActivityManager: START u0 {act=android.intent.action.MAIN cat=[android.intent.category.HOME] flg=0x10200000 cmp=com.amazon.tv.launcher/.ui.HomeActivity_vNext (has extras)} from uid 1000 on display 0
12-29 00:08:37.920   618   642 I AmazonProfileService: shouldAbortActivityStart() Package: xxx activity: xxx
12-29 00:08:37.920   618   642 I AmazonProfileService: APS_V2 enabled in Arcus and mIsChildPINEnabled : false
12-29 00:08:37.920   618   642 I AmazonProfileService: APS_V2 enabled in Arcus and mIsChildPINEnabled : false
12-29 00:08:37.921   618   642 I AmazonProfileService: xxx is a system app, do not abort activity start.
12-29 00:08:37.921   618   642 I AmazonProfileService: APS_V2 enabled in Arcus and mIsChildPINEnabled : false
12-29 00:08:38.463   618  1226 I AmazonProfileService: Event is not filtered because it is not in filter key list.
12-29 00:08:38.512   618   631 I ActivityManager: Start proc 23916:com.amazon.venezia/u0a155 for broadcast com.amazon.venezia/.card.producer.LibraryItemLaunchedReceiver
12-29 00:08:39.447 23916 23916 I FrameworkJumpTable: Successfully loaded all classes
12-29 00:08:39.463 23916 23916 I FrameworkJumpTable: Successfully loaded all methods
12-29 00:08:39.467 23916 23916 I FrameworkJumpTable: Successfully loaded all fields
12-29 00:08:39.467 23916 23916 I FrameworkJumpTable: Successfully loaded all constructors
12-29 00:08:39.523   618  1224 I ActivityManager: Start proc 23948:com.amazon.aca/u0a59 for content provider com.amazon.aca/.cues.provider.HintsProvider
12-29 00:08:40.030 23948 23948 I FrameworkJumpTable: Successfully loaded all classes
12-29 00:08:40.057 23948 23948 I FrameworkJumpTable: Successfully loaded all methods
12-29 00:08:40.059 23948 23948 I FrameworkJumpTable: Successfully loaded all fields
12-29 00:08:40.059 23948 23948 I FrameworkJumpTable: Successfully loaded all constructors
12-29 00:08:40.579   618  1224 I AmazonProfileService: Registering callback
12-29 00:08:49.624   618   630 E TvInputManagerService: failed to load TV input org.videolan.vlc.PreviewVideoInputService
12-29 00:08:49.624   618   630 E TvInputManagerService: java.lang.IllegalStateException: Setup activity not found for org.videolan.vlc.PreviewVideoInputService
12-29 00:08:49.624   618   630 E TvInputManagerService: 	at android.media.tv.TvInputInfo$Builder.parseServiceMetadata(TvInputInfo.java:956)
12-29 00:08:49.624   618   630 E TvInputManagerService: 	at android.media.tv.TvInputInfo$Builder.build(TvInputInfo.java:901)
12-29 00:08:49.624   618   630 E TvInputManagerService: 	at com.android.server.tv.TvInputManagerService.buildTvInputListLocked(TvInputManagerService.java:345)
12-29 00:08:49.624   618   630 E TvInputManagerService: 	at com.android.server.tv.TvInputManagerService.-wrap10(TvInputManagerService.java)
12-29 00:08:49.624   618   630 E TvInputManagerService: 	at com.android.server.tv.TvInputManagerService$1.buildTvInputList(TvInputManagerService.java:190)
12-29 00:08:49.624   618   630 E TvInputManagerService: 	at com.android.server.tv.TvInputManagerService$1.onSomePackagesChanged(TvInputManagerService.java:240)
12-29 00:08:49.624   618   630 E TvInputManagerService: 	at com.android.internal.content.PackageMonitor.onReceive(PackageMonitor.java:431)
12-29 00:08:49.624   618   630 E TvInputManagerService: 	at android.app.LoadedApk$ReceiverDispatcher$Args.run(LoadedApk.java:1158)
12-29 00:08:49.624   618   630 E TvInputManagerService: 	at android.os.Handler.handleCallback(Handler.java:751)
12-29 00:08:49.624   618   630 E TvInputManagerService: 	at android.os.Handler.dispatchMessage(Handler.java:95)
12-29 00:08:49.624   618   630 E TvInputManagerService: 	at android.os.Looper.loop(Looper.java:154)
12-29 00:08:49.624   618   630 E TvInputManagerService: 	at android.os.HandlerThread.run(HandlerThread.java:61)
12-29 00:09:09.325   618  3404 I ActivityManager: Start proc 24128:com.amazon.storage.manager/u0a198 for content provider com.amazon.storage.manager/.providers.OffloadInfoContentProvider
12-29 00:09:09.604 24128 24128 I FrameworkJumpTable: Successfully loaded all classes
12-29 00:09:09.621 24128 24128 I FrameworkJumpTable: Successfully loaded all methods
12-29 00:09:09.628 24128 24128 I FrameworkJumpTable: Successfully loaded all fields
12-29 00:09:09.628 24128 24128 I FrameworkJumpTable: Successfully loaded all constructors
12-29 00:09:10.389   618  3784 I ActivityManager: Killing 21069:com.amazon.alexa.datastore.app/u0a64 (adj 903): empty #17
12-29 00:09:26.918   618   618 I ActivityManager: Start proc 24169:org.jellyfin.androidtv/u0a71 for service org.jellyfin.androidtv/androidx.work.impl.background.systemjob.SystemJobService
12-29 00:09:27.469 24169 24169 I FrameworkJumpTable: Successfully loaded all classes
12-29 00:09:27.483 24169 24169 I FrameworkJumpTable: Successfully loaded all methods
12-29 00:09:27.485 24169 24169 I FrameworkJumpTable: Successfully loaded all fields
12-29 00:09:27.485 24169 24169 I FrameworkJumpTable: Successfully loaded all constructors
12-29 00:09:27.791   618  1323 I ActivityManager: Killing 22415:com.amazon.kso.blackbird/u0a111 (adj 903): empty #17
12-29 00:09:59.896   618   618 I ActivityManager: Killing 22591:com.amazon.tv.settings.v2/u0a152 (adj 903): empty #17
12-29 00:09:59.966   618  1324 E AmazonHdmiService: Settings client binder died.
12-29 00:11:22.869   618   654 I ActivityManager: Killing 22515:com.amazon.wirelessmetrics.service/u0a168 (adj 903): empty #17
12-29 00:12:22.278   618   618 I ActivityManager: Start proc 24473:com.amazon.avod/u0a73 for service com.amazon.avod/androidx.work.impl.background.systemjob.SystemJobService
12-29 00:12:23.138 24473 24501 I FrameworkJumpTable: Successfully loaded all classes
12-29 00:12:23.151 24473 24501 I FrameworkJumpTable: Successfully loaded all methods
12-29 00:12:23.154 24473 24501 I FrameworkJumpTable: Successfully loaded all fields
12-29 00:12:23.154 24473 24501 I FrameworkJumpTable: Successfully loaded all constructors
12-29 00:12:23.518   618  3404 I ActivityManager: Killing 22569:com.amazon.device.bluetoothkeymaplib/u0a5 (adj 903): empty #17
12-29 00:12:23.607 24473 24473 I AmazonHdmiServiceManager: AmazonHdmiServiceManager created
12-29 00:12:27.122   618  3784 I ActivityManager: Start proc 24622:com.amazon.identity.auth.device.authorization/u0a106 for service com.amazon.identity.auth.device.authorization/.AmazonCredentialManagerService
12-29 00:12:28.013   618  3780 I ActivityManager: Killing 22721:com.amazon.whisperjoin.wss.wifiprovisioner/u0a160 (adj 903): empty #17
12-29 00:17:05.086   618   630 E TvInputManagerService: failed to load TV input org.videolan.vlc.PreviewVideoInputService
12-29 00:17:05.086   618   630 E TvInputManagerService: java.lang.IllegalStateException: Setup activity not found for org.videolan.vlc.PreviewVideoInputService
12-29 00:17:05.086   618   630 E TvInputManagerService: 	at android.media.tv.TvInputInfo$Builder.parseServiceMetadata(TvInputInfo.java:956)
12-29 00:17:05.086   618   630 E TvInputManagerService: 	at android.media.tv.TvInputInfo$Builder.build(TvInputInfo.java:901)
12-29 00:17:05.086   618   630 E TvInputManagerService: 	at com.android.server.tv.TvInputManagerService.buildTvInputListLocked(TvInputManagerService.java:345)
12-29 00:17:05.086   618   630 E TvInputManagerService: 	at com.android.server.tv.TvInputManagerService.-wrap10(TvInputManagerService.java)
12-29 00:17:05.086   618   630 E TvInputManagerService: 	at com.android.server.tv.TvInputManagerService$1.buildTvInputList(TvInputManagerService.java:190)
12-29 00:17:05.086   618   630 E TvInputManagerService: 	at com.android.server.tv.TvInputManagerService$1.onSomePackagesChanged(TvInputManagerService.java:240)
12-29 00:17:05.086   618   630 E TvInputManagerService: 	at com.android.internal.content.PackageMonitor.onReceive(PackageMonitor.java:431)
12-29 00:17:05.086   618   630 E TvInputManagerService: 	at android.app.LoadedApk$ReceiverDispatcher$Args.run(LoadedApk.java:1158)
12-29 00:17:05.086   618   630 E TvInputManagerService: 	at android.os.Handler.handleCallback(Handler.java:751)
12-29 00:17:05.086   618   630 E TvInputManagerService: 	at android.os.Handler.dispatchMessage(Handler.java:95)
12-29 00:17:05.086   618   630 E TvInputManagerService: 	at android.os.Looper.loop(Looper.java:154)
12-29 00:17:05.086   618   630 E TvInputManagerService: 	at android.os.HandlerThread.run(HandlerThread.java:61)
12-29 00:17:17.367   618   630 E TvInputManagerService: failed to load TV input org.videolan.vlc.PreviewVideoInputService
12-29 00:17:17.367   618   630 E TvInputManagerService: java.lang.IllegalStateException: Setup activity not found for org.videolan.vlc.PreviewVideoInputService
12-29 00:17:17.367   618   630 E TvInputManagerService: 	at android.media.tv.TvInputInfo$Builder.parseServiceMetadata(TvInputInfo.java:956)
12-29 00:17:17.367   618   630 E TvInputManagerService: 	at android.media.tv.TvInputInfo$Builder.build(TvInputInfo.java:901)
12-29 00:17:17.367   618   630 E TvInputManagerService: 	at com.android.server.tv.TvInputManagerService.buildTvInputListLocked(TvInputManagerService.java:345)
12-29 00:17:17.367   618   630 E TvInputManagerService: 	at com.android.server.tv.TvInputManagerService.-wrap10(TvInputManagerService.java)
12-29 00:17:17.367   618   630 E TvInputManagerService: 	at com.android.server.tv.TvInputManagerService$1.buildTvInputList(TvInputManagerService.java:190)
12-29 00:17:17.367   618   630 E TvInputManagerService: 	at com.android.server.tv.TvInputManagerService$1.onSomePackagesChanged(TvInputManagerService.java:240)
12-29 00:17:17.367   618   630 E TvInputManagerService: 	at com.android.internal.content.PackageMonitor.onReceive(PackageMonitor.java:431)
12-29 00:17:17.367   618   630 E TvInputManagerService: 	at android.app.LoadedApk$ReceiverDispatcher$Args.run(LoadedApk.java:1158)
12-29 00:17:17.367   618   630 E TvInputManagerService: 	at android.os.Handler.handleCallback(Handler.java:751)
12-29 00:17:17.367   618   630 E TvInputManagerService: 	at android.os.Handler.dispatchMessage(Handler.java:95)
12-29 00:17:17.367   618   630 E TvInputManagerService: 	at android.os.Looper.loop(Looper.java:154)
12-29 00:17:17.367   618   630 E TvInputManagerService: 	at android.os.HandlerThread.run(HandlerThread.java:61)
12-29 00:23:44.697   618   630 I UsageStatsService: User[0] Flushing usage stats to disk
12-29 00:29:37.986   618   618 I ActivityManager: Start proc 26035:com.amazon.device.crashmanager/u0a12 for service com.amazon.device.crashmanager/.CrashJobService
12-29 00:29:37.986   618   618 W ActivityManager: Slow operation: 67ms so far, now at startProcess: done starting proc!
12-29 00:29:38.823   618  6179 I ActivityManager: Start proc 26077:com.amazon.device.software.ota/u0a20 for service com.amazon.device.software.ota/.OtaService
12-29 00:29:40.023   618 24696 I ActivityManager: Killing 23350:tv.pluto.android:input/u0a222 (adj 903): empty #17
12-29 00:29:40.092   618   678 E ConnectivityService: RemoteException caught trying to send a callback msg for NetworkRequest [ TRACK_DEFAULT id=2692, [ Capabilities: INTERNET&NOT_RESTRICTED&TRUSTED&NOT_VPN] ]
12-29 00:29:46.728   618   618 E JobServiceContext: No response from client for onStartJob '11dbca3 #1000/5 com.amazon.device.crashmanager/.CrashJobService
12-29 00:29:46.735   618 24696 I ActivityManager: Killing 23948:com.amazon.aca/u0a59 (adj 903): empty #17
12-29 00:29:59.774   618   618 E JobServiceContext: No response from client for onStartJob '89d45fa #1000/5 com.amazon.device.crashmanager/.CrashJobService
12-29 00:34:35.836   618   634 E BatteryStatsService: no controller energy info supplied
12-29 00:34:35.844   618   634 E BatteryStatsService: no controller energy info supplied
12-29 00:36:20.875   618   654 I ActivityManager: Start proc 26734:org.videolan.vlc/u0a206 for service org.videolan.vlc/.RecommendationsService
12-29 00:36:20.947   618   618 I ActivityManager: Start proc 26749:com.amazon.prism.android.service/u0a118 for service com.amazon.prism.android.service/.configuration.synchronization.SyncRemoteConfigJobService
12-29 00:36:20.999   618   618 I ActivityManager: Start proc 26763:com.amazon.hedwig/u0a105 for service com.amazon.hedwig/.pmr.PeriodicPmrFetchService
12-29 00:36:21.881   618  1224 I ActivityManager: Killing 22528:com.android.providers.downloads/u0a28 (adj 903): empty #17
12-29 00:36:22.109   618  6179 I ActivityManager: Killing 24169:org.jellyfin.androidtv/u0a71 (adj 903): empty #17
12-29 00:36:22.535   618   631 I ProcessStatsService: Prepared write state in 5ms
12-29 00:36:22.612   618 24696 I AmazonProfileService: Registering callback
12-29 00:36:30.641   618  1224 I ActivityManager: Killing 23635:com.amazon.providers.tv/u0a119 (adj 903): empty #17
12-29 00:40:12.746   618 12039 I ActivityManager: Killing 23487:com.amazon.tv.livetv/u0a144 (adj 903): empty for 1812s
12-29 00:42:28.726   618   654 I ActivityManager: Killing 24622:com.amazon.identity.auth.device.authorization/u0a106 (adj 903): empty for 1800s
12-29 00:42:28.727   618   654 I ActivityManager: Killing 22633:com.amazon.prism.android.service:remote/u0a118 (adj 903): empty for 1800s
12-29 00:56:34.355   618   654 I ActivityManager: Killing 23168:tv.pluto.android/u0a222 (adj 903): empty for 1891s
12-29 00:56:34.442   618   630 I ActivityManager: Start proc 28337:com.amazon.kso.blackbird/u0a111 for service com.amazon.kso.blackbird/.sync.periodicadrefresh.PeriodicAdSyncService
12-29 00:56:34.449   618   678 E ConnectivityService: RemoteException caught trying to send a callback msg for NetworkRequest [ TRACK_DEFAULT id=2688, [ Capabilities: INTERNET&NOT_RESTRICTED&TRUSTED&NOT_VPN] ]
12-29 00:56:34.451   618   678 E ConnectivityService: RemoteException caught trying to send a callback msg for NetworkRequest [ TRACK_DEFAULT id=2687, [ Capabilities: INTERNET&NOT_RESTRICTED&TRUSTED&NOT_VPN] ]
12-29 00:56:38.510   618   635 I AmazonDropBoxManagerService: Either there is noLog.crash files or all files are corrupted
12-29 01:02:24.625   618  1226 I ActivityManager: Killing 26035:com.amazon.device.crashmanager/u0a12 (adj 903): empty for 1944s
12-29 01:02:57.624   618   618 I ActivityManager: Start proc 28852:tv.pluto.android/u0a222 for service tv.pluto.android/com.google.android.datatransport.runtime.scheduling.jobscheduling.JobInfoSchedulerService
12-29 01:02:57.992 28852 28852 I FrameworkJumpTable: Successfully loaded all classes
12-29 01:02:58.033 28852 28852 I FrameworkJumpTable: Successfully loaded all methods
12-29 01:02:58.040 28852 28852 I FrameworkJumpTable: Successfully loaded all fields
12-29 01:02:58.040 28852 28852 I FrameworkJumpTable: Successfully loaded all constructors
12-29 01:04:35.856   618   634 E BatteryStatsService: no controller energy info supplied
12-29 01:04:35.860   618   634 E BatteryStatsService: no controller energy info supplied
12-29 01:07:30.336   618   618 I ActivityManager: Killing 26749:com.amazon.prism.android.service/u0a118 (adj 903): empty for 1868s
12-29 01:07:30.337   618   618 I ActivityManager: Killing 26763:com.amazon.hedwig/u0a105 (adj 903): empty for 1868s
12-29 01:07:30.338   618   618 I ActivityManager: Killing 24128:com.amazon.storage.manager/u0a198 (adj 903): empty for 1868s
12-29 01:07:30.338   618   618 I ActivityManager: Killing 26734:org.videolan.vlc/u0a206 (adj 903): empty for 1869s
12-29 01:07:30.356   618   631 I ProcessStatsService: Prepared write state in 12ms
12-29 01:07:30.361   618   631 I ProcessStatsService: Prepared write state in 5ms
12-29 01:07:30.475   618   678 E ConnectivityService: RemoteException caught trying to send a callback msg for NetworkRequest [ REQUEST id=2703, [ Capabilities: INTERNET&NOT_RESTRICTED&TRUSTED&NOT_VPN] ]
12-29 01:09:27.816   618   618 I ActivityManager: Start proc 29429:org.jellyfin.androidtv/u0a71 for service org.jellyfin.androidtv/androidx.work.impl.background.systemjob.SystemJobService
12-29 01:09:28.307 29429 29429 I FrameworkJumpTable: Successfully loaded all classes
12-29 01:09:28.320 29429 29429 I FrameworkJumpTable: Successfully loaded all methods
12-29 01:09:28.322 29429 29429 I FrameworkJumpTable: Successfully loaded all fields
12-29 01:09:28.322 29429 29429 I FrameworkJumpTable: Successfully loaded all constructors
12-29 01:10:25.370   618   618 I ActivityManager: Killing 26077:com.amazon.device.software.ota/u0a20 (adj 903): empty for 1812s
12-29 01:10:25.397   618   618 I ActivityManager: Start proc 29571:com.amazon.tv.settings.v2/u0a152 for service com.amazon.tv.settings.v2/com.amazon.storage.dynamicoffload.service.ClearCacheService
12-29 01:10:25.657 29571 29571 I FrameworkJumpTable: Successfully loaded all classes
12-29 01:10:25.670 29571 29571 I FrameworkJumpTable: Successfully loaded all methods
12-29 01:10:25.672 29571 29571 I FrameworkJumpTable: Successfully loaded all fields
12-29 01:10:25.672 29571 29571 I FrameworkJumpTable: Successfully loaded all constructors
12-29 01:10:25.711 29571 29571 I AmazonHdmiServiceManager: AmazonHdmiServiceManager created
12-29 01:10:25.712   618  1012 I AmazonHdmiService: Get all supported display modes
12-29 01:10:25.714   618 22065 I AmazonHdmiService: Get Current HDCP Version
12-29 01:10:26.017   618 22065 I ActivityManager: Start proc 29611:com.amazon.prism.android.service:remote/u0a118 for service com.amazon.prism.android.service/.PrismService
12-29 01:10:26.038   618  1012 I AmazonHdmiService: Get all supported display modes
12-29 01:10:26.042   618  1012 I AmazonHdmiService: Get Current HDCP Version
12-29 01:10:26.369 29611 29638 I FrameworkJumpTable: Successfully loaded all classes
12-29 01:10:26.393 29611 29638 I FrameworkJumpTable: Successfully loaded all methods
12-29 01:10:26.427 29611 29638 I FrameworkJumpTable: Successfully loaded all fields
12-29 01:10:26.427 29611 29638 I FrameworkJumpTable: Successfully loaded all constructors
12-29 01:17:24.618   618   618 I ActivityManager: Killing 24473:com.amazon.avod/u0a73 (adj 903): empty for 1800s
12-29 01:17:24.619   618   618 I ActivityManager: Killing 12350:com.android.providers.tv/u0a50 (adj 903): empty for 1800s
12-29 01:17:24.735   618  3784 E AmazonHdmiService: Settings client binder died.
12-29 01:17:24.747   618  1324 W ActivityManager: Scheduling restart of crashed service com.amazon.avod/androidx.work.impl.background.systemjob.SystemJobService in 1000ms
12-29 01:17:25.763   618   631 I ActivityManager: Start proc 30130:com.amazon.avod/u0a73 for service com.amazon.avod/androidx.work.impl.background.systemjob.SystemJobService
12-29 01:17:26.637 30130 30158 I FrameworkJumpTable: Successfully loaded all classes
12-29 01:17:26.662 30130 30158 I FrameworkJumpTable: Successfully loaded all methods
12-29 01:17:26.664 30130 30158 I FrameworkJumpTable: Successfully loaded all fields
12-29 01:17:26.664 30130 30158 I FrameworkJumpTable: Successfully loaded all constructors
12-29 01:17:27.036 30130 30130 I AmazonHdmiServiceManager: AmazonHdmiServiceManager created
12-29 01:17:30.435   618   856 I ActivityManager: Start proc 30269:com.amazon.identity.auth.device.authorization/u0a106 for service com.amazon.identity.auth.device.authorization/.AmazonCredentialManagerService
12-29 01:17:38.177   618   630 E TvInputManagerService: failed to load TV input org.videolan.vlc.PreviewVideoInputService
12-29 01:17:38.177   618   630 E TvInputManagerService: java.lang.IllegalStateException: Setup activity not found for org.videolan.vlc.PreviewVideoInputService
12-29 01:17:38.177   618   630 E TvInputManagerService: 	at android.media.tv.TvInputInfo$Builder.parseServiceMetadata(TvInputInfo.java:956)
12-29 01:17:38.177   618   630 E TvInputManagerService: 	at android.media.tv.TvInputInfo$Builder.build(TvInputInfo.java:901)
12-29 01:17:38.177   618   630 E TvInputManagerService: 	at com.android.server.tv.TvInputManagerService.buildTvInputListLocked(TvInputManagerService.java:345)
12-29 01:17:38.177   618   630 E TvInputManagerService: 	at com.android.server.tv.TvInputManagerService.-wrap10(TvInputManagerService.java)
12-29 01:17:38.177   618   630 E TvInputManagerService: 	at com.android.server.tv.TvInputManagerService$1.buildTvInputList(TvInputManagerService.java:190)
12-29 01:17:38.177   618   630 E TvInputManagerService: 	at com.android.server.tv.TvInputManagerService$1.onSomePackagesChanged(TvInputManagerService.java:240)
12-29 01:17:38.177   618   630 E TvInputManagerService: 	at com.android.internal.content.PackageMonitor.onReceive(PackageMonitor.java:431)
12-29 01:17:38.177   618   630 E TvInputManagerService: 	at android.app.LoadedApk$ReceiverDispatcher$Args.run(LoadedApk.java:1158)
12-29 01:17:38.177   618   630 E TvInputManagerService: 	at android.os.Handler.handleCallback(Handler.java:751)
12-29 01:17:38.177   618   630 E TvInputManagerService: 	at android.os.Handler.dispatchMessage(Handler.java:95)
12-29 01:17:38.177   618   630 E TvInputManagerService: 	at android.os.Looper.loop(Looper.java:154)
12-29 01:17:38.177   618   630 E TvInputManagerService: 	at android.os.HandlerThread.run(HandlerThread.java:61)
12-29 01:22:27.507   618   618 I ActivityManager: Killing 23916:com.amazon.venezia/u0a155 (adj 903): empty for 1862s
12-29 01:22:27.646   618  1180 I ActivityManager: Start proc 30678:com.android.providers.tv/u0a50 for content provider com.android.providers.tv/.TvProvider
12-29 01:27:31.588   618   654 I ActivityManager: Killing 28337:com.amazon.kso.blackbird/u0a111 (adj 903): empty for 1856s
12-29 01:28:44.125   618   630 I ActivityManager: Start proc 31207:com.amazon.venezia/u0a155 for service com.amazon.venezia/com.amazon.sdk.availability.UploadMeasurementsSyncAdapter$SyncAdapterService
12-29 01:28:44.548 31207 31207 I FrameworkJumpTable: Successfully loaded all classes
12-29 01:28:44.568 31207 31207 I FrameworkJumpTable: Successfully loaded all methods
12-29 01:28:44.573 31207 31207 I FrameworkJumpTable: Successfully loaded all fields
12-29 01:28:44.573 31207 31207 I FrameworkJumpTable: Successfully loaded all constructors
12-29 01:28:50.111   618  6179 I ActivityManager: Start proc 31322:com.android.providers.downloads/u0a28 for content provider com.android.providers.downloads/.DownloadProvider
12-29 01:29:19.283   618   618 I ActivityManager: Start proc 31356:com.amazon.hedwig/u0a105 for service com.amazon.hedwig/.pmr.PmrFetchService
12-29 01:34:35.894   618   634 E BatteryStatsService: no controller energy info supplied
12-29 01:34:35.914   618   634 E BatteryStatsService: no controller energy info supplied
12-29 01:34:53.383   618   618 I EntropyMixer: Added HW RNG output to entropy pool
12-29 01:34:53.383   618   618 I EntropyMixer: Writing entropy...
12-29 01:35:23.002   618   654 I ActivityManager: Start proc 31823:org.videolan.vlc/u0a206 for service org.videolan.vlc/.RecommendationsService
12-29 01:37:31.651   618   631 I ProcessStatsService: Prepared write state in 8ms
12-29 01:39:25.718   618   618 I ActivityManager: Killing 28852:tv.pluto.android/u0a222 (adj 903): empty for 1874s
12-29 01:39:25.802   618   678 E ConnectivityService: RemoteException caught trying to send a callback msg for NetworkRequest [ TRACK_DEFAULT id=2709, [ Capabilities: INTERNET&NOT_RESTRICTED&TRUSTED&NOT_VPN] ]
12-29 01:39:59.704   618   618 I ActivityManager: Killing 29429:org.jellyfin.androidtv/u0a71 (adj 903): empty for 1831s
12-29 01:40:15.947   618  1236 I ActivityManager: Start proc 32199:com.amazon.device.software.ota/u0a20 for service com.amazon.device.software.ota/.OtaService
12-29 01:40:30.640   618  7380 I ActivityManager: Killing 29571:com.amazon.tv.settings.v2/u0a152 (adj 903): empty for 1803s
12-29 01:40:30.707   618  7380 E AmazonHdmiService: Settings client binder died.
12-29 01:41:21.808   618   618 I ActivityManager: Start proc 32352:com.amazon.storage.manager/u0a198 for service com.amazon.storage.manager/.services.RemoteConfigSyncService
12-29 01:41:21.824   618   618 I ActivityManager: Start proc 32359:com.amazon.ods.kindleconnect/u0a116 for service com.amazon.ods.kindleconnect/androidx.work.impl.background.systemjob.SystemJobService
12-29 01:41:21.942 32352 32352 I FrameworkJumpTable: Successfully loaded all classes
12-29 01:41:21.956 32352 32352 I FrameworkJumpTable: Successfully loaded all methods
12-29 01:41:21.958 32352 32352 I FrameworkJumpTable: Successfully loaded all fields
12-29 01:41:21.959 32352 32352 I FrameworkJumpTable: Successfully loaded all constructors
12-29 01:41:22.000 32359 32359 I FrameworkJumpTable: Successfully loaded all classes
12-29 01:41:22.021 32359 32359 I FrameworkJumpTable: Successfully loaded all methods
12-29 01:41:22.030 32359 32359 I FrameworkJumpTable: Successfully loaded all fields
12-29 01:41:22.030 32359 32359 I FrameworkJumpTable: Successfully loaded all constructors
12-29 01:41:22.111   618  1236 I ActivityManager: Start proc 32402:com.amazon.logan/u0a163 for content provider com.amazon.logan/.provider.LoganProvider
12-29 01:41:23.340   618   631 I ActivityManager: Start proc 32439:com.amazon.tv.settings.v2/u0a152 for broadcast com.amazon.tv.settings.v2/.receiver.SetDynoInfoReceiver
12-29 01:41:23.549 32439 32439 I FrameworkJumpTable: Successfully loaded all classes
12-29 01:41:23.565 32439 32439 I FrameworkJumpTable: Successfully loaded all methods
12-29 01:41:23.566 32439 32439 I FrameworkJumpTable: Successfully loaded all fields
12-29 01:41:23.567 32439 32439 I FrameworkJumpTable: Successfully loaded all constructors
12-29 01:41:23.613 32439 32439 I AmazonHdmiServiceManager: AmazonHdmiServiceManager created
12-29 01:41:23.613   618  1324 I AmazonHdmiService: Get all supported display modes
12-29 01:41:23.616   618  1324 I AmazonHdmiService: Get Current HDCP Version
12-29 01:41:24.016   618  1324 I AmazonHdmiService: Get all supported display modes
12-29 01:41:24.018   618  1324 I AmazonHdmiService: Get Current HDCP Version
12-29 01:42:33.119   618   641 W ProcessCpuTracker: Skipping unknown process pid 32575
12-29 01:42:33.119   618   641 W ProcessCpuTracker: Skipping unknown process pid 32576
12-29 01:45:01.506   618   618 I ActivityManager: Start proc 339:com.amazon.tv.livetv/u0a144 for service com.amazon.tv.livetv/androidx.work.impl.background.systemjob.SystemJobService
12-29 01:45:01.831   339   339 I FrameworkJumpTable: Successfully loaded all classes
12-29 01:45:01.844   339   339 I FrameworkJumpTable: Successfully loaded all methods
12-29 01:45:01.846   339   339 I FrameworkJumpTable: Successfully loaded all fields
12-29 01:45:01.846   339   339 I FrameworkJumpTable: Successfully loaded all constructors
12-29 01:45:02.177   618   864 I AmazonProfileService: Registering callback
12-29 01:45:02.383   339   391 E ActivityThread: Failed to find provider info for com.amazon.tv.channelscan
12-29 01:45:02.384   339   391 E ActivityThread: Failed to find provider info for com.amazon.tv.channelscan
12-29 01:45:02.385   339   391 E ActivityThread: Failed to find provider info for com.amazon.tv.channelscan
12-29 01:45:02.411   618  1324 I ActivityManager: Start proc 460:com.amazon.providers.tv/u0a119 for content provider com.amazon.providers.tv/.FireTvProvider
12-29 01:45:30.672   618   629 I ActivityManager: Killing 31322:com.android.providers.downloads/u0a28 (adj 903): empty #17
12-29 01:45:30.673   618   629 I ActivityManager: Killing 30269:com.amazon.identity.auth.device.authorization/u0a106 (adj 903): empty #18
12-29 01:52:57.204   618   630 I ActivityManager: Start proc 1358:com.amazon.kso.blackbird/u0a111 for service com.amazon.kso.blackbird/.sync.periodicadrefresh.PeriodicAdSyncService
12-29 01:52:57.736   618  4099 I ActivityManager: Killing 31823:org.videolan.vlc/u0a206 (adj 903): empty #17
12-29 01:52:57.807   618   678 E ConnectivityService: RemoteException caught trying to send a callback msg for NetworkRequest [ REQUEST id=2718, [ Capabilities: INTERNET&NOT_RESTRICTED&TRUSTED&NOT_VPN] ]
12-29 02:04:35.910   618   634 E BatteryStatsService: no controller energy info supplied
12-29 02:04:35.921   618   634 E BatteryStatsService: no controller energy info supplied
12-29 02:06:18.911   618   654 I ActivityManager: Killing 31356:com.amazon.hedwig/u0a105 (adj 903): empty for 1846s
12-29 02:06:19.016   618   678 E ConnectivityService: RemoteException caught trying to send a callback msg for NetworkRequest [ LISTEN id=2716, [ Capabilities: NOT_RESTRICTED&TRUSTED&NOT_VPN&FOREGROUND] ]
12-29 02:07:59.472   618   631 I ProcessStatsService: Prepared write state in 14ms
12-29 02:07:59.557   618   630 I ProcessStatsService: Pruning old procstats: /data/system/procstats/state-2025-12-27-22-58-01.bin
12-29 02:08:11.473   618   618 I ActivityManager: Start proc 2753:tv.pluto.android/u0a222 for service tv.pluto.android/androidx.work.impl.background.systemjob.SystemJobService
12-29 02:08:11.866  2753  2753 I FrameworkJumpTable: Successfully loaded all classes
12-29 02:08:11.892  2753  2753 I FrameworkJumpTable: Successfully loaded all methods
12-29 02:08:11.896  2753  2753 I FrameworkJumpTable: Successfully loaded all fields
12-29 02:08:11.896  2753  2753 I FrameworkJumpTable: Successfully loaded all constructors
12-29 02:09:28.635   618   618 I ActivityManager: Start proc 3028:org.jellyfin.androidtv/u0a71 for service org.jellyfin.androidtv/androidx.work.impl.background.systemjob.SystemJobService
12-29 02:09:29.182  3028  3028 I FrameworkJumpTable: Successfully loaded all classes
12-29 02:09:29.197  3028  3028 I FrameworkJumpTable: Successfully loaded all methods
12-29 02:09:29.200  3028  3028 I FrameworkJumpTable: Successfully loaded all fields
12-29 02:09:29.200  3028  3028 I FrameworkJumpTable: Successfully loaded all constructors
12-29 02:09:29.466   618  1236 I ActivityManager: Killing 32199:com.amazon.device.software.ota/u0a20 (adj 903): empty #17
12-29 02:12:59.970   618   631 I ActivityManager: Killing 32439:com.amazon.tv.settings.v2/u0a152 (adj 903): empty for 1896s
12-29 02:12:59.972   618   631 I ActivityManager: Killing 32359:com.amazon.ods.kindleconnect/u0a116 (adj 903): empty for 1897s
12-29 02:12:59.973   618   631 I ActivityManager: Killing 32402:com.amazon.logan/u0a163 (adj 903): empty for 1897s
12-29 02:12:59.973   618   631 I ActivityManager: Killing 32352:com.amazon.storage.manager/u0a198 (adj 903): empty for 1897s
12-29 02:13:00.098   618  3404 E AmazonHdmiService: Settings client binder died.
12-29 02:15:50.861   618  1324 I ActivityManager: Killing 339:com.amazon.tv.livetv/u0a144 (adj 903): empty for 1843s
12-29 02:15:50.862   618  1324 I ActivityManager: Killing 29611:com.amazon.prism.android.service:remote/u0a118 (adj 903): empty for 1848s
12-29 02:15:50.863   618  1324 I ActivityManager: Killing 460:com.amazon.providers.tv/u0a119 (adj 903): empty for 1848s
12-29 02:29:46.782   618   618 I ActivityManager: Start proc 4605:com.amazon.device.crashmanager/u0a12 for service com.amazon.device.crashmanager/.CrashJobService
12-29 02:29:47.096   618  1236 I ActivityManager: Start proc 4643:com.amazon.device.software.ota/u0a20 for service com.amazon.device.software.ota/.OtaService
12-29 02:29:47.443   618   856 I ActivityManager: Killing 1358:com.amazon.kso.blackbird/u0a111 (adj 903): empty for 2210s
12-29 02:29:55.032   618   618 E JobServiceContext: No response from client for onStartJob 'e69c7c6 #1000/5 com.amazon.device.crashmanager/.CrashJobService
12-29 02:34:35.939   618   634 E BatteryStatsService: no controller energy info supplied
12-29 02:34:35.946   618   634 E BatteryStatsService: no controller energy info supplied
12-29 02:34:55.280   618   654 I ActivityManager: Start proc 5013:org.videolan.vlc/u0a206 for service org.videolan.vlc/.RecommendationsService
12-29 02:34:55.310   618   618 I ActivityManager: Start proc 5027:com.amazon.tv.livetv/u0a144 for service com.amazon.tv.livetv/.cardmanagement.ProgramLineupJobService
12-29 02:34:55.335   618   618 I ActivityManager: Start proc 5039:com.amazon.dpcclient/u0a92 for service com.amazon.dpcclient/.action.ScheduledCookieConsentBroadcastAction
12-29 02:34:55.792   618 12039 I ActivityManager: Start proc 5087:com.amazon.tv.settings.v2/u0a152 for content provider com.amazon.tv.settings.v2/.tv.preferences.details.privacy.PrivacySettingsProvider
12-29 02:34:55.805  5027  5027 I FrameworkJumpTable: Successfully loaded all classes
12-29 02:34:55.824  5027  5027 I FrameworkJumpTable: Successfully loaded all methods
12-29 02:34:55.826  5027  5027 I FrameworkJumpTable: Successfully loaded all fields
12-29 02:34:55.826  5027  5027 I FrameworkJumpTable: Successfully loaded all constructors
12-29 02:34:56.354   618  1324 I AmazonProfileService: Registering callback
12-29 02:34:56.377   618  1324 I ActivityManager: Start proc 5155:com.amazon.prism.android.service:remote/u0a118 for service com.amazon.prism.android.service/.PrismService
12-29 02:34:56.691  5087  5087 I FrameworkJumpTable: Successfully loaded all classes
12-29 02:34:56.730  5087  5087 I FrameworkJumpTable: Successfully loaded all methods
12-29 02:34:56.732  5087  5087 I FrameworkJumpTable: Successfully loaded all fields
12-29 02:34:56.732  5087  5087 I FrameworkJumpTable: Successfully loaded all constructors
12-29 02:34:56.784  5155  5185 I FrameworkJumpTable: Successfully loaded all classes
12-29 02:34:56.802  5155  5185 I FrameworkJumpTable: Successfully loaded all methods
12-29 02:34:56.805  5155  5185 I FrameworkJumpTable: Successfully loaded all fields
12-29 02:34:56.805  5155  5185 I FrameworkJumpTable: Successfully loaded all constructors
12-29 02:34:56.836  5087  5087 I AmazonHdmiServiceManager: AmazonHdmiServiceManager created
12-29 02:34:56.837   618  1236 I AmazonHdmiService: Get all supported display modes
12-29 02:34:56.846   618  1236 I AmazonHdmiService: Get Current HDCP Version
12-29 02:34:57.222   618  1236 I AmazonHdmiService: Get all supported display modes
12-29 02:34:57.225   618  1236 I AmazonHdmiService: Get Current HDCP Version
12-29 02:34:57.446  5027  5117 E ActivityThread: Failed to find provider info for com.amazon.tv.channelscan
12-29 02:34:57.446  5027  5117 E ActivityThread: Failed to find provider info for com.amazon.tv.channelscan
12-29 02:34:57.449  5027  5117 E ActivityThread: Failed to find provider info for com.amazon.tv.channelscan
12-29 02:34:58.614   618 12039 I ActivityManager: Start proc 5258:com.amazon.providers.tv/u0a119 for content provider com.amazon.providers.tv/.FireTvProvider
12-29 02:35:04.680   618   618 I ActivityManager: Start proc 5282:com.amazon.prism.android.service/u0a118 for service com.amazon.prism.android.service/.configuration.synchronization.SyncRemoteConfigJobService
12-29 02:35:18.168   618   618 I ActivityManager: Killing 2753:tv.pluto.android/u0a222 (adj 903): empty #17
12-29 02:35:18.261   618   678 E ConnectivityService: RemoteException caught trying to send a callback msg for NetworkRequest [ TRACK_DEFAULT id=2729, [ Capabilities: INTERNET&NOT_RESTRICTED&TRUSTED&NOT_VPN] ]
12-29 02:35:31.795   618   618 I ActivityManager: Start proc 5449:com.amazon.hedwig/u0a105 for service com.amazon.hedwig/.arcus.ArcusSyncService
12-29 02:35:32.148   618  1087 I ActivityManager: Killing 3028:org.jellyfin.androidtv/u0a71 (adj 903): empty #17
