12-27 19:59:52.738   618   635 I chatty  : uid=1000(system) FileObserver expire 2 lines
12-27 19:59:52.743 23290 23290 I FrameworkJumpTable: Successfully loaded all methods
12-27 19:59:52.753 23290 23290 I FrameworkJumpTable: Successfully loaded all fields
12-27 19:59:52.753 23290 23290 I FrameworkJumpTable: Successfully loaded all constructors
12-27 20:00:02.634   618  1087 I chatty  : uid=1000(system) Binder:618_6 expire 7 lines
12-27 20:00:03.899 23483 23483 I FrameworkJumpTable: Successfully loaded all classes
12-27 20:00:03.918 23483 23483 I FrameworkJumpTable: Successfully loaded all methods
12-27 20:00:03.920 23483 23483 I FrameworkJumpTable: Successfully loaded all fields
12-27 20:00:03.921 23483 23483 I FrameworkJumpTable: Successfully loaded all constructors
12-27 20:00:04.307   618   662 I chatty  : uid=1000(system) InputReader expire 41 lines
12-27 20:00:06.439   618  3780 I chatty  : uid=1000(system) Binder:618_10 expire 7 lines
12-27 20:00:06.543   618  1180 I chatty  : uid=1000(system) Binder:618_7 expire 1 line
12-27 20:00:08.831   618  6182 I chatty  : uid=1000(system) Binder:618_15 expire 13 lines
12-27 20:00:09.899   618 23561 I chatty  : uid=1000 system_server expire 5 lines
12-27 20:00:10.989 23573 23573 I FrameworkJumpTable: Successfully loaded all classes
12-27 20:00:11.008 23573 23573 I FrameworkJumpTable: Successfully loaded all methods
12-27 20:00:11.010 23573 23573 I FrameworkJumpTable: Successfully loaded all fields
12-27 20:00:11.011 23573 23573 I FrameworkJumpTable: Successfully loaded all constructors
12-27 20:00:24.196   792   792 E PerfBoostIMSCallback: Requires com.amazon.permission.USE_PERFBOOST permission
12-27 20:00:24.307   618   662 I chatty  : uid=1000(system) InputReader expire 28 lines
12-27 20:00:27.697   792   792 E PerfBoostIMSCallback: Requires com.amazon.permission.USE_PERFBOOST permission
12-27 20:00:29.810   792   792 E PerfBoostIMSCallback: Requires com.amazon.permission.USE_PERFBOOST permission
12-27 20:00:42.228   792   792 E PerfBoostIMSCallback: Requires com.amazon.permission.USE_PERFBOOST permission
12-27 20:00:42.369   618   662 I chatty  : uid=1000(system) InputReader expire 7 lines
12-27 20:00:46.503   618 23753 I chatty  : uid=1000 system_server expire 5 lines
12-27 20:00:46.560   618   716 I chatty  : uid=1000(system) AmazonUsageStat expire 7 lines
12-27 20:00:46.572   618   638 I chatty  : uid=1000(system) android.display expire 5 lines
12-27 20:00:46.687   618  4099 I chatty  : uid=1000(system) Binder:618_12 expire 17 lines
12-27 20:00:49.504   618   778 I chatty  : uid=1000(system) LazyTaskWriterT expire 6 lines
12-27 20:00:52.589   618   662 I chatty  : uid=1000(system) InputReader expire 15 lines
12-27 20:00:53.220   792   792 E PerfBoostIMSCallback: Requires com.amazon.permission.USE_PERFBOOST permission
12-27 20:00:55.386   618   630 I chatty  : uid=1000(system) android.bg expire 1 line
12-27 20:01:13.286   792   792 E PerfBoostIMSCallback: Requires com.amazon.permission.USE_PERFBOOST permission
12-27 20:01:13.421   618   662 I chatty  : uid=1000(system) InputReader expire 38 lines
12-27 20:01:16.586   792   792 E PerfBoostIMSCallback: Requires com.amazon.permission.USE_PERFBOOST permission
12-27 20:01:18.761   792   792 E PerfBoostIMSCallback: Requires com.amazon.permission.USE_PERFBOOST permission
12-27 20:01:20.691   792   792 E PerfBoostIMSCallback: Requires com.amazon.permission.USE_PERFBOOST permission
12-27 20:01:23.964   618 23819 I chatty  : uid=1000 system_server expire 2 lines
12-27 20:01:29.026   792   792 E PerfBoostIMSCallback: Requires com.amazon.permission.USE_PERFBOOST permission
12-27 20:01:29.851   618   662 I chatty  : uid=1000(system) InputReader expire 18 lines
12-27 20:01:31.051   792   792 E PerfBoostIMSCallback: Requires com.amazon.permission.USE_PERFBOOST permission
12-27 20:01:33.129   792   792 E PerfBoostIMSCallback: Requires com.amazon.permission.USE_PERFBOOST permission
12-27 20:01:37.144   792   792 E PerfBoostIMSCallback: Requires com.amazon.permission.USE_PERFBOOST permission
12-27 20:01:40.887   792   792 E PerfBoostIMSCallback: Requires com.amazon.permission.USE_PERFBOOST permission
12-27 20:01:40.931   618   662 I chatty  : uid=1000(system) InputReader expire 46 lines
12-27 20:01:48.836   792   792 E PerfBoostIMSCallback: Requires com.amazon.permission.USE_PERFBOOST permission
12-27 20:01:54.129   618   864 I chatty  : uid=1000(system) Binder:618_4 expire 3 lines
12-27 20:01:55.355   618 23967 I chatty  : uid=1000 system_server expire 5 lines
12-27 20:01:55.527   618  6182 I chatty  : uid=1000(system) Binder:618_15 expire 12 lines
12-27 20:02:07.031   792   792 E PerfBoostIMSCallback: Requires com.amazon.permission.USE_PERFBOOST permission
12-27 20:02:07.791   618   662 I chatty  : uid=1000(system) InputReader expire 10 lines
12-27 20:02:11.657   618 24001 I chatty  : uid=1000 system_server expire 5 lines
12-27 20:02:11.860   618  1226 I chatty  : uid=1000(system) Binder:618_A expire 7 lines
12-27 20:02:38.519 24022 24022 I FrameworkJumpTable: Successfully loaded all classes
12-27 20:02:38.540 24022 24022 I FrameworkJumpTable: Successfully loaded all methods
12-27 20:02:38.541 24022 24022 I FrameworkJumpTable: Successfully loaded all fields
12-27 20:02:38.541 24022 24022 I FrameworkJumpTable: Successfully loaded all constructors
12-27 20:02:48.310   618  1322 I chatty  : uid=1000(system) Binder:618_C expire 1 line
12-27 20:02:48.847   827   827 W ContextImpl: Calling a method in the system process without a qualified user: android.app.ContextImpl.sendBroadcast:921 android.content.ContextWrapper.sendBroadcast:426 com.amazon.tifobserver.LiveTvObserver.broadcastChannelListChange:157 com.amazon.tifobserver.LiveTvObserver.-wrap0:-1 com.amazon.tifobserver.LiveTvObserver$1.run:111 
12-27 20:02:48.849   827   827 W ContextImpl: Calling a method in the system process without a qualified user: android.app.ContextImpl.sendBroadcast:921 android.content.ContextWrapper.sendBroadcast:426 com.amazon.tifobserver.LiveTvObserver.broadcastChannelListChange:161 com.amazon.tifobserver.LiveTvObserver.-wrap0:-1 com.amazon.tifobserver.LiveTvObserver$1.run:111 
12-27 20:02:49.009 24182 24182 I FrameworkJumpTable: Successfully loaded all classes
12-27 20:02:49.022 24182 24182 I FrameworkJumpTable: Successfully loaded all methods
12-27 20:02:49.025 24182 24182 I FrameworkJumpTable: Successfully loaded all fields
12-27 20:02:49.025 24182 24182 I FrameworkJumpTable: Successfully loaded all constructors
12-27 20:02:49.567   618  3404 I chatty  : uid=1000(system) Binder:618_F expire 4 lines
12-27 20:02:49.883 24231 24265 I FrameworkJumpTable: Successfully loaded all classes
12-27 20:02:49.904 24231 24265 I FrameworkJumpTable: Successfully loaded all methods
12-27 20:02:49.906 24231 24265 I FrameworkJumpTable: Successfully loaded all fields
12-27 20:02:49.906 24231 24265 I FrameworkJumpTable: Successfully loaded all constructors
12-27 20:02:50.054 24182 24213 E ActivityThread: Failed to find provider info for com.amazon.tv.channelscan
12-27 20:02:50.055 24182 24213 E ActivityThread: Failed to find provider info for com.amazon.tv.channelscan
12-27 20:02:50.055 24182 24213 E ActivityThread: Failed to find provider info for com.amazon.tv.channelscan
12-27 20:02:56.241   618  4099 I chatty  : uid=1000(system) Binder:618_12 expire 1 line
12-27 20:02:56.449   618   633 I chatty  : uid=1000(system) ActivityManager expire 1 line
12-27 20:03:08.751   618   856 I chatty  : uid=1000(system) Binder:618_3 expire 1 line
12-27 20:03:20.048   618   629 I chatty  : uid=1000(system) Binder:618_2 expire 14 lines
12-27 20:03:57.496   792   792 E PerfBoostIMSCallback: Requires com.amazon.permission.USE_PERFBOOST permission
12-27 20:03:57.665   618   662 I chatty  : uid=1000(system) InputReader expire 26 lines
12-27 20:04:05.303   618 24530 I chatty  : uid=1000 system_server expire 5 lines
12-27 20:04:05.939 24532 24532 I FrameworkJumpTable: Successfully loaded all classes
12-27 20:04:05.957 24532 24532 I FrameworkJumpTable: Successfully loaded all methods
12-27 20:04:05.962 24532 24532 I FrameworkJumpTable: Successfully loaded all fields
12-27 20:04:05.962 24532 24532 I FrameworkJumpTable: Successfully loaded all constructors
12-27 20:04:06.572 24532 24551 E ActivityThread: Failed to find provider info for com.google.android.gms.phenotype
12-27 20:04:12.551   618   631 I chatty  : uid=1000(system) ActivityManager expire 1 line
12-27 20:04:34.481   618   634 I chatty  : uid=1000(system) batterystats-sy expire 2 lines
12-27 20:04:38.699   618   662 I chatty  : uid=1000(system) InputReader expire 122 lines
12-27 20:05:00.961   618  1226 I chatty  : uid=1000(system) Binder:618_A expire 1 line
12-27 20:07:36.255   618   618 I chatty  : uid=1000 system_server expire 1 line
12-27 20:07:36.776 24944 24944 I FrameworkJumpTable: Successfully loaded all classes
12-27 20:07:36.793 24944 24944 I FrameworkJumpTable: Successfully loaded all methods
12-27 20:07:36.798 24944 24944 I FrameworkJumpTable: Successfully loaded all fields
12-27 20:07:36.798 24944 24944 I FrameworkJumpTable: Successfully loaded all constructors
12-27 20:07:36.927   618   662 I chatty  : uid=1000(system) InputReader expire 91 lines
12-27 20:07:37.133   618  4099 I chatty  : uid=1000(system) Binder:618_12 expire 2 lines
12-27 20:08:38.833   792   792 E PerfBoostIMSCallback: Requires com.amazon.permission.USE_PERFBOOST permission
12-27 20:08:40.065   618   662 I chatty  : uid=1000(system) InputReader expire 37 lines
12-27 20:08:53.898   618   631 I chatty  : uid=1000(system) ActivityManager expire 2 lines
12-27 20:08:57.250   618   662 I chatty  : uid=1000(system) InputReader expire 103 lines
12-27 20:09:56.972   792   792 E PerfBoostIMSCallback: Requires com.amazon.permission.USE_PERFBOOST permission
12-27 20:09:58.849   618   662 I chatty  : uid=1000(system) InputReader expire 119 lines
12-27 20:10:02.399   792   792 E PerfBoostIMSCallback: Requires com.amazon.permission.USE_PERFBOOST permission
12-27 20:10:11.547   618   856 I chatty  : uid=1000(system) Binder:618_3 expire 8 lines
12-27 20:10:11.558   618   716 I chatty  : uid=1000(system) AmazonUsageStat expire 2 lines
12-27 20:10:12.964   618  6182 I chatty  : uid=1000(system) Binder:618_15 expire 8 lines
12-27 20:10:12.971   618 25352 I chatty  : uid=1000 system_server expire 5 lines
12-27 20:10:13.071   618   638 I chatty  : uid=1000(system) android.display expire 2 lines
12-27 20:10:13.148   618  4099 I chatty  : uid=1000(system) Binder:618_12 expire 1 line
12-27 20:10:16.089   618   778 I chatty  : uid=1000(system) LazyTaskWriterT expire 2 lines
12-27 20:10:18.842   618  3404 I chatty  : uid=1000(system) Binder:618_F expire 2 lines
12-27 20:10:19.068   618   629 I chatty  : uid=1000(system) Binder:618_2 expire 2 lines
12-27 20:12:36.554   618   662 I chatty  : uid=1000(system) InputReader expire 254 lines
12-27 20:14:51.073   618   630 I chatty  : uid=1000(system) android.bg expire 1 line
12-27 20:18:25.709   618   662 I chatty  : uid=1000(system) InputReader expire 253 lines
12-27 20:19:24.031   618 26063 I chatty  : uid=1000 system_server expire 2 lines
12-27 20:22:57.557   618   662 I chatty  : uid=1000(system) InputReader expire 116 lines
12-27 20:26:00.017   618   631 I chatty  : uid=1000(system) ActivityManager expire 2 lines
12-27 20:27:06.633   618   618 I chatty  : uid=1000 system_server expire 4 lines
12-27 20:27:08.020   618   856 I chatty  : uid=1000(system) Binder:618_3 expire 1 line
12-27 20:29:22.147 26875 26892 I FrameworkJumpTable: Successfully loaded all classes
12-27 20:29:22.193 26875 26892 I FrameworkJumpTable: Successfully loaded all methods
12-27 20:29:22.195 26875 26892 I FrameworkJumpTable: Successfully loaded all fields
12-27 20:29:22.195 26875 26892 I FrameworkJumpTable: Successfully loaded all constructors
12-27 20:29:23.807   618  1087 I chatty  : uid=1000(system) Binder:618_6 expire 1 line
12-27 20:29:23.902   618   662 I chatty  : uid=1000(system) InputReader expire 372 lines
12-27 20:32:24.200   618  4099 I chatty  : uid=1000(system) Binder:618_12 expire 1 line
12-27 20:33:00.005   618   618 I chatty  : uid=1000 system_server expire 7 lines
12-27 20:33:00.155   618   678 I chatty  : uid=1000(system) ConnectivitySer expire 2 lines
12-27 20:34:34.503   618   634 I chatty  : uid=1000(system) batterystats-sy expire 2 lines
12-27 20:34:56.341   618   654 I chatty  : uid=1000(system) AlarmManager expire 1 line
12-27 20:40:09.379   618  1087 I chatty  : uid=1000(system) Binder:618_6 expire 1 line
12-27 20:44:14.459   618   662 I chatty  : uid=1000(system) InputReader expire 251 lines
12-27 20:44:24.190   618 28283 I chatty  : uid=1000 system_server expire 2 lines
12-27 20:46:42.810   618  1322 I chatty  : uid=1000(system) Binder:618_C expire 1 line
12-27 20:48:37.290   618  4099 I chatty  : uid=1000(system) Binder:618_12 expire 1 line
12-27 20:49:08.307   618   662 I chatty  : uid=1000(system) InputReader expire 254 lines
12-27 20:52:32.254   618   630 I chatty  : uid=1000(system) android.bg expire 4 lines
12-27 20:53:33.403   618   662 I chatty  : uid=1000(system) InputReader expire 65 lines
12-27 20:53:55.487   618  1224 I chatty  : uid=1000(system) Binder:618_9 expire 1 line
12-27 20:55:02.768   618 11852 I chatty  : uid=1000(system) Binder:618_20 expire 15 lines
12-27 20:55:03.496   618   618 I chatty  : uid=1000 system_server expire 18 lines
12-27 20:55:12.469   618  1226 I chatty  : uid=1000(system) Binder:618_A expire 6 lines
12-27 20:55:12.867   618  4099 I chatty  : uid=1000(system) Binder:618_12 expire 2 lines
12-27 20:55:12.869   618  1322 I chatty  : uid=1000(system) Binder:618_C expire 1 line
12-27 20:55:13.950   618  1236 I chatty  : uid=1000(system) Binder:618_B expire 2 lines
12-27 20:56:04.157   618   631 I chatty  : uid=1000(system) ActivityManager expire 5 lines
12-27 21:04:34.531   618   634 I chatty  : uid=1000(system) batterystats-sy expire 8 lines
12-27 21:05:44.002   618   635 I chatty  : uid=1000(system) FileObserver expire 12 lines
12-27 21:06:38.840 30211 30228 I FrameworkJumpTable: Successfully loaded all classes
12-27 21:06:38.861 30211 30228 I FrameworkJumpTable: Successfully loaded all methods
12-27 21:06:38.862 30211 30228 I FrameworkJumpTable: Successfully loaded all fields
12-27 21:06:38.863 30211 30228 I FrameworkJumpTable: Successfully loaded all constructors
12-27 21:06:45.560 30249 30249 I FrameworkJumpTable: Successfully loaded all classes
12-27 21:06:45.584 30249 30249 I FrameworkJumpTable: Successfully loaded all methods
12-27 21:06:45.586 30249 30249 I FrameworkJumpTable: Successfully loaded all fields
12-27 21:06:45.586 30249 30249 I FrameworkJumpTable: Successfully loaded all constructors
12-27 21:06:47.906   618  1180 I chatty  : uid=1000(system) Binder:618_7 expire 2 lines
12-27 21:08:13.972 30401 30401 I FrameworkJumpTable: Successfully loaded all classes
12-27 21:08:13.990 30401 30401 I FrameworkJumpTable: Successfully loaded all methods
12-27 21:08:13.992 30401 30401 I FrameworkJumpTable: Successfully loaded all fields
12-27 21:08:13.992 30401 30401 I FrameworkJumpTable: Successfully loaded all constructors
12-27 21:08:15.440   618 15353 I chatty  : uid=1000(system) Binder:618_1C expire 2 lines
12-27 21:08:15.525   618   678 I chatty  : uid=1000(system) ConnectivitySer expire 3 lines
12-27 21:09:38.644 30568 30568 I FrameworkJumpTable: Successfully loaded all classes
12-27 21:09:38.658 30568 30568 I FrameworkJumpTable: Successfully loaded all methods
12-27 21:09:38.660 30568 30568 I FrameworkJumpTable: Successfully loaded all fields
12-27 21:09:38.660 30568 30568 I FrameworkJumpTable: Successfully loaded all constructors
12-27 21:09:38.976   618  1087 I chatty  : uid=1000(system) Binder:618_6 expire 2 lines
12-27 21:09:39.243 30632 30656 I FrameworkJumpTable: Successfully loaded all classes
12-27 21:09:39.258 30632 30656 I FrameworkJumpTable: Successfully loaded all methods
12-27 21:09:39.260 30632 30656 I FrameworkJumpTable: Successfully loaded all fields
12-27 21:09:39.260 30632 30656 I FrameworkJumpTable: Successfully loaded all constructors
12-27 21:09:39.381 30568 30599 E ActivityThread: Failed to find provider info for com.amazon.tv.channelscan
12-27 21:09:39.381 30568 30599 E ActivityThread: Failed to find provider info for com.amazon.tv.channelscan
12-27 21:09:39.382 30568 30599 E ActivityThread: Failed to find provider info for com.amazon.tv.channelscan
12-27 21:09:41.141   618  3780 I chatty  : uid=1000(system) Binder:618_10 expire 1 line
12-27 21:25:21.948   618   662 I chatty  : uid=1000(system) InputReader expire 38 lines
12-27 21:28:15.728   618  6974 I chatty  : uid=1000(system) Binder:618_16 expire 1 line
12-27 21:35:53.875   618   654 I chatty  : uid=1000(system) AlarmManager expire 6 lines
12-27 21:37:11.358   541   562 I FrameworkJumpTable: Successfully loaded all classes
12-27 21:37:11.378   541   562 I FrameworkJumpTable: Successfully loaded all methods
12-27 21:37:11.379   541   562 I FrameworkJumpTable: Successfully loaded all fields
12-27 21:37:11.379   541   562 I FrameworkJumpTable: Successfully loaded all constructors
12-27 21:37:43.721   618   618 I chatty  : uid=1000 system_server expire 11 lines
12-27 21:37:43.916   594   594 I FrameworkJumpTable: Successfully loaded all classes
12-27 21:37:43.933   594   594 I FrameworkJumpTable: Successfully loaded all methods
12-27 21:37:43.935   594   594 I FrameworkJumpTable: Successfully loaded all fields
12-27 21:37:43.935   594   594 I FrameworkJumpTable: Successfully loaded all constructors
12-27 21:37:43.996   618 11852 I chatty  : uid=1000(system) Binder:618_20 expire 3 lines
12-27 21:39:10.939   618   662 I chatty  : uid=1000(system) InputReader expire 30 lines
12-27 22:06:50.656  3796  3796 I FrameworkJumpTable: Successfully loaded all classes
12-27 22:06:50.679  3796  3796 I FrameworkJumpTable: Successfully loaded all methods
12-27 22:06:50.680  3796  3796 I FrameworkJumpTable: Successfully loaded all fields
12-27 22:06:50.680  3796  3796 I FrameworkJumpTable: Successfully loaded all constructors
12-27 22:08:14.688  4107  4107 I FrameworkJumpTable: Successfully loaded all classes
12-27 22:08:14.701  4107  4107 I FrameworkJumpTable: Successfully loaded all methods
12-27 22:08:14.704  4107  4107 I FrameworkJumpTable: Successfully loaded all fields
12-27 22:08:14.704  4107  4107 I FrameworkJumpTable: Successfully loaded all constructors
12-27 22:10:46.397   618   635 I chatty  : uid=1000(system) FileObserver expire 6 lines
12-27 22:12:01.509   618   662 I chatty  : uid=1000(system) InputReader expire 8 lines
12-27 22:34:36.173  6297  6297 I FrameworkJumpTable: Successfully loaded all classes
12-27 22:34:36.190  6297  6297 I FrameworkJumpTable: Successfully loaded all methods
12-27 22:34:36.192  6297  6297 I FrameworkJumpTable: Successfully loaded all fields
12-27 22:34:36.192  6297  6297 I FrameworkJumpTable: Successfully loaded all constructors
12-27 22:34:36.818   618   628 I chatty  : uid=1000(system) Binder:618_1 expire 1 line
12-27 22:34:36.852   618  1188 I chatty  : uid=1000(system) Binder:618_8 expire 2 lines
12-27 22:34:37.134  6415  6438 I FrameworkJumpTable: Successfully loaded all classes
12-27 22:34:37.152  6415  6438 I FrameworkJumpTable: Successfully loaded all methods
12-27 22:34:37.154  6415  6438 I FrameworkJumpTable: Successfully loaded all fields
12-27 22:34:37.154  6415  6438 I FrameworkJumpTable: Successfully loaded all constructors
12-27 22:34:37.369  6297  6363 E ActivityThread: Failed to find provider info for com.amazon.tv.channelscan
12-27 22:34:37.370  6297  6363 E ActivityThread: Failed to find provider info for com.amazon.tv.channelscan
12-27 22:34:37.371  6297  6363 E ActivityThread: Failed to find provider info for com.amazon.tv.channelscan
12-27 22:34:53.027   618   618 I chatty  : uid=1000 system_server expire 1 line
12-27 22:34:53.027   618   618 I EntropyMixer: Writing entropy...
12-27 22:35:04.675   618   618 I ActivityManager: Start proc 6523:com.amazon.prism.android.service/u0a118 for service com.amazon.prism.android.service/.configuration.synchronization.SyncRemoteConfigJobService
12-27 22:35:09.391   618   618 I ActivityManager: Start proc 6561:com.amazon.logan:a11ymetrics/u0a163 for service com.amazon.logan/.metrics.AppUsageMetricsReporter
12-27 22:35:09.531   618   628 I ActivityManager: Start proc 6580:com.amazon.logan/u0a163 for content provider com.amazon.logan/.provider.LoganProvider
12-27 22:35:09.776   618   618 I ActivityManager: Start proc 6601:com.amazon.device.logmanager/u0a34 for service com.amazon.device.logmanager/.panacea.PanaceaPeriodicSyncService
12-27 22:35:25.700   618  1188 I ActivityManager: Killing 3796:tv.pluto.android/u0a222 (adj 903): empty #17
12-27 22:35:25.776   618   678 E ConnectivityService: RemoteException caught trying to send a callback msg for NetworkRequest [ TRACK_DEFAULT id=1833, [ Capabilities: INTERNET&NOT_RESTRICTED&TRUSTED&NOT_VPN] ]
12-27 22:35:31.826   618   618 I ActivityManager: Start proc 6764:com.amazon.hedwig/u0a105 for service com.amazon.hedwig/.tif.TifSyncService
12-27 22:35:32.565   618   628 I ActivityManager: Killing 541:com.amazon.perfc/u0a117 (adj 903): empty #17
12-27 22:35:37.671   618   618 I ActivityManager: Start proc 6820:com.amazon.securitysyncclient/u0a120 for service com.amazon.securitysyncclient/.scheduler.SecuritySyncSchedulerService
12-27 22:35:38.152   618  1012 I ActivityManager: Killing 4107:org.jellyfin.androidtv/u0a71 (adj 903): empty #17
12-27 22:35:58.647   618  1012 I ActivityManager: Killing 18595:com.amazon.ceviche/u0a78 (adj 903): empty #17
12-27 22:35:58.690   618   618 I ActivityManager: Start proc 6852:com.amazon.perfc/u0a117 for service com.amazon.perfcollection/.ConfigurationSyncService
12-27 22:35:58.892  6852  6871 I FrameworkJumpTable: Successfully loaded all classes
12-27 22:35:58.910  6852  6871 I FrameworkJumpTable: Successfully loaded all methods
12-27 22:35:58.912  6852  6871 I FrameworkJumpTable: Successfully loaded all fields
12-27 22:35:58.912  6852  6871 I FrameworkJumpTable: Successfully loaded all constructors
12-27 22:36:00.232   618  6886 I CrashReporterActivityManagerCallback: addErrorToDropBox inserted hashcode=469134b7fcf3effc17c65ca68fc88840db005d43 for eventType wtf.
12-27 22:36:00.430   618   628 I ActivityManager: Killing 6277:org.videolan.vlc/u0a206 (adj 903): empty #17
12-27 22:36:00.485   618   678 E ConnectivityService: RemoteException caught trying to send a callback msg for NetworkRequest [ REQUEST id=1840, [ Capabilities: INTERNET&NOT_RESTRICTED&TRUSTED&NOT_VPN] ]
12-27 22:36:00.505   618  6886 W AmazonDropBoxManagerService: Either log duration is null or calculated wrong dropbox age due to wrong time in device.
12-27 22:36:00.505   618  6886 I AmazonDropBoxManagerService: Either there is noLog.crash files or all files are corrupted
12-27 22:36:01.189   618   630 I CrashDescriptorUtil: addErrorToCommonLog Hash already present in file
12-27 22:36:07.813  6820  6839 I FrameworkJumpTable: Successfully loaded all classes
12-27 22:36:07.836  6820  6839 I FrameworkJumpTable: Successfully loaded all methods
12-27 22:36:07.838  6820  6839 I FrameworkJumpTable: Successfully loaded all fields
12-27 22:36:07.839  6820  6839 I FrameworkJumpTable: Successfully loaded all constructors
12-27 22:36:07.894   618  8740 I ActivityManager: Process com.amazon.securitysyncclient (pid 6820) has died
12-27 22:37:04.190   618   618 I ActivityManager: Start proc 6911:com.amazon.ceviche/u0a78 for service com.amazon.ceviche/.transport.BatchPurgeTransportJobService
12-27 22:37:04.357   618  1322 I AmazonProfileService: Registering callback
12-27 22:37:04.439  6911  6942 I FrameworkJumpTable: Successfully loaded all classes
12-27 22:37:04.455  6911  6942 I FrameworkJumpTable: Successfully loaded all methods
12-27 22:37:04.457  6911  6942 I FrameworkJumpTable: Successfully loaded all fields
12-27 22:37:04.457  6911  6942 I FrameworkJumpTable: Successfully loaded all constructors
12-27 22:39:49.722   618   631 I ActivityManager: Start proc 7240:com.amazon.wifilocker/u0a13 for broadcast com.amazon.wifilocker/.receivers.WifiChangeReceiver
12-27 22:39:49.754   618   721 I ActivityManager: Start proc 7253:com.amazon.wirelessmetrics.service/u0a168 for service com.amazon.wirelessmetrics.service/.WirelessMetricsService
12-27 22:39:49.767   618   678 I Nat464Xlat: Stopping clatd
12-27 22:39:49.773   618   678 E Nat464Xlat: Error stopping clatd: java.lang.IllegalStateException: command '10360 clatd stop wlan0' failed with '400 10360 Clatd operation failed'
12-27 22:39:49.906  7253  7271 I FrameworkJumpTable: Successfully loaded all classes
12-27 22:39:49.938  7253  7271 I FrameworkJumpTable: Successfully loaded all methods
12-27 22:39:49.939  7253  7271 I FrameworkJumpTable: Successfully loaded all fields
12-27 22:39:49.939  7253  7271 I FrameworkJumpTable: Successfully loaded all constructors
12-27 22:39:50.069   618 22065 I ActivityManager: Killing 6310:com.amazon.dpcclient/u0a92 (adj 903): empty #17
12-27 22:41:00.006   618   618 I ActivityManager: Killing 6415:com.amazon.prism.android.service:remote/u0a118 (adj 903): empty #17
12-27 22:49:44.234   618   635 W AmazonDropBoxManagerService: Either log duration is null or calculated wrong dropbox age due to wrong time in device.
12-27 22:49:44.235   618   635 I AmazonDropBoxManagerService: Either there is noLog.crash files or all files are corrupted
12-27 22:58:01.251   618   662 I AmazonProfileService: Event is not filtered because it is not in filter key list.
12-27 22:58:01.411   618   662 I AmazonProfileService: Event is not filtered because it is not in filter key list.
12-27 22:58:01.446   618   631 I ProcessStatsService: Prepared write state in 18ms
12-27 22:58:01.456   618   630 I ProcessStatsService: Pruning old procstats: /data/system/procstats/state-2025-12-26-19-45-48.bin
12-27 22:58:01.501   618  1224 I ActivityManager: Start proc 8721:com.amazon.uxcontrollerservice/u0a51 for service com.amazon.uxcontrollerservice/.UXControllerService
12-27 22:58:01.510   618   662 I AmazonProfileService: Event is not filtered because it is not in filter key list.
12-27 22:58:01.615   618  1224 I ActivityManager: Start proc 8741:com.amazon.uxnotification/u0a52 for service com.amazon.uxnotification/.NotificationService
12-27 22:58:02.613   618   635 W AmazonDropBoxManagerService: Either log duration is null or calculated wrong dropbox age due to wrong time in device.
12-27 22:58:02.613   618   635 I AmazonDropBoxManagerService: Either there is noLog.crash files or all files are corrupted
12-27 22:58:05.953   618  5676 I AmazonHdmiService: Get Current HDCP Version
12-27 22:58:06.667   618   631 W BroadcastQueue: Permission Denial: receiving Intent { act=android.bluetooth.device.action.ACL_DISCONNECTED flg=0x4000010 (has extras) } to ProcessRecord{43f9df9 14428:com.amazon.venezia/u0a155} (pid=14428, uid=10155) requires android.permission.BLUETOOTH due to sender com.android.bluetooth (uid 1002)
12-27 22:58:06.670   618   662 I AmazonProfileService: Event is not filtered because it is not in filter key list.
12-27 22:58:06.672   618   631 I ActivityManager: Killing 6523:com.amazon.prism.android.service/u0a118 (adj 903): empty #17
12-27 22:58:06.737   618 22065 I AmazonAutoPairService: onConnectStateChanged received..state:0
12-27 22:58:06.777   618  5676 I ActivityManager: Start proc 8768:com.amazon.device.bluetoothkeymaplib/u0a5 for broadcast com.amazon.device.bluetoothkeymaplib/.service.EventReceiver
12-27 22:58:06.797   618   631 W BroadcastQueue: Permission Denial: receiving Intent { act=android.bluetooth.device.action.ACL_CONNECTED flg=0x4000010 (has extras) } to ProcessRecord{43f9df9 14428:com.amazon.venezia/u0a155} (pid=14428, uid=10155) requires android.permission.BLUETOOTH due to sender com.android.bluetooth (uid 1002)
12-27 22:58:06.948   618   618 I PowerManagerService: Going to sleep due to HDMI standby (uid 1000)...
12-27 22:58:06.951   618   618 I AmazonProfileService: onGoToSleep, reason = 5
12-27 22:58:06.951   618   717 I AmazonProfileService: APS_V2 enabled in Arcus and mIsChildPINEnabled : false
12-27 22:58:06.955   618   645 I PowerManagerService: Sleeping (uid 1000)...
12-27 22:58:06.959   618   631 I VrManagerService: VR mode is disallowed
12-27 22:58:06.980   618   633 E libprocessgroup: failed to kill 1 processes for processgroup 6523
12-27 22:58:07.063  8768  8768 I FrameworkJumpTable: Successfully loaded all classes
12-27 22:58:07.190  8768  8768 I FrameworkJumpTable: Successfully loaded all methods
12-27 22:58:07.192  8768  8768 I FrameworkJumpTable: Successfully loaded all fields
12-27 22:58:07.192  8768  8768 I FrameworkJumpTable: Successfully loaded all constructors
12-27 22:58:07.242   618 22065 I ActivityManager: Start proc 8794:com.amazon.tv.devicecontrolsettings/u0a137 for broadcast com.amazon.tv.devicecontrolsettings/.broadcast_receiver.DFUBroadcastReceiver
12-27 22:58:07.245   618 22065 I ActivityManager: Killing 6580:com.amazon.logan/u0a163 (adj 903): empty #17
12-27 22:58:07.616   618   638 I DisplayManagerService: Display device changed state: "Tela integrada", OFF
12-27 22:58:07.626   618   618 I FireTVScreenTimeoutCallback: screenOff called
12-27 22:58:07.644   618   618 W ContextImpl: Calling a method in the system process without a qualified user: android.app.ContextImpl.startService:1386 com.amazon.android.extension.firetvscreentimeout.FireTVScreenTimeoutCallback.screenOff:101 com.android.server.power.VendorNotifierCallback.callScreenOff:33 com.android.server.power.Notifier$8.run:484 android.os.Handler.handleCallback:751 
12-27 22:58:07.650   618   618 W LedManager: activateState null state!
12-27 22:58:07.654   618   618 E HurleyThunderBtDisconnector: Error while accessing provider:com.amazon.device.controller.provider
12-27 22:58:07.654   618   618 E HurleyThunderBtDisconnector: java.lang.IllegalStateException: Could not find provider: com.amazon.device.controller.provider
12-27 22:58:07.654   618   618 E HurleyThunderBtDisconnector: 	at com.amazon.android.extension.firetvscreentimeout.HurleyThunderBtDisconnector.disconnect(HurleyThunderBtDisconnector.java:86)
12-27 22:58:07.654   618   618 E HurleyThunderBtDisconnector: 	at com.amazon.android.extension.firetvscreentimeout.FireTVScreenTimeoutCallback.screenOff(FireTVScreenTimeoutCallback.java:117)
12-27 22:58:07.654   618   618 E HurleyThunderBtDisconnector: 	at com.android.server.power.VendorNotifierCallback.callScreenOff(VendorNotifierCallback.java:33)
12-27 22:58:07.654   618   618 E HurleyThunderBtDisconnector: 	at com.android.server.power.Notifier$8.run(Notifier.java:484)
12-27 22:58:07.654   618   618 E HurleyThunderBtDisconnector: 	at android.os.Handler.handleCallback(Handler.java:751)
12-27 22:58:07.654   618   618 E HurleyThunderBtDisconnector: 	at android.os.Handler.dispatchMessage(Handler.java:95)
12-27 22:58:07.654   618   618 E HurleyThunderBtDisconnector: 	at android.os.Looper.loop(Looper.java:154)
12-27 22:58:07.654   618   618 E HurleyThunderBtDisconnector: 	at com.android.server.SystemServer.run(SystemServer.java:367)
12-27 22:58:07.654   618   618 E HurleyThunderBtDisconnector: 	at com.android.server.SystemServer.main(SystemServer.java:234)
12-27 22:58:07.654   618   618 E HurleyThunderBtDisconnector: 	at java.lang.reflect.Method.invoke(Native Method)
12-27 22:58:07.654   618   618 E HurleyThunderBtDisconnector: 	at com.android.internal.os.ZygoteInit$MethodAndArgsCaller.run(ZygoteInit.java:911)
12-27 22:58:07.654   618   618 E HurleyThunderBtDisconnector: 	at com.android.internal.os.ZygoteInit.main(ZygoteInit.java:801)
12-27 22:58:07.654   618   618 I FireTVScreenTimeoutCallback: Screen is Off, expecting all connected BT devices to disconnect.
12-27 22:58:07.658   618   618 I AmazonProfileService: APS_V2 enabled in Arcus and mIsChildPINEnabled : false
12-27 22:58:08.053   618  1324 I ActivityManager: Killing 6561:com.amazon.logan:a11ymetrics/u0a163 (adj 903): empty #17
12-27 22:58:08.132   618  1324 I AmazonAutoPairService: onConnectStateChanged received..state:2
12-27 22:58:08.133   618   618 I AmazonAutoPairService: onConnectStateChanged..Stopping discovery as a desired device is connected
12-27 22:58:08.133   618   618 I AmazonAutoPairService: handleStopAutoPairProcess..
12-27 22:58:08.222   618 22065 I ActivityManager: START u0 {flg=0x10000000 cmp=com.amazon.device.blepa/.uxmanager.BluetoothDFUActivity2} from uid 10084 on display 0
12-27 22:58:08.227   618 22065 I AmazonProfileService: shouldAbortActivityStart() Package: xxx activity: xxx
12-27 22:58:08.227   618 22065 I AmazonProfileService: APS_V2 enabled in Arcus and mIsChildPINEnabled : false
12-27 22:58:08.227   618 22065 I AmazonProfileService: APS_V2 enabled in Arcus and mIsChildPINEnabled : false
12-27 22:58:08.227   618 22065 I AmazonProfileService: xxx is a system app, do not abort activity start.
12-27 22:58:08.227   618 22065 I AmazonProfileService: APS_V2 enabled in Arcus and mIsChildPINEnabled : false
12-27 22:58:08.348   618  1224 E WindowManager: App trying to use insecure INPUT_FEATURE_NO_INPUT_CHANNEL flag. Ignoring
12-27 22:58:08.351   618  1224 I AmazonProfileService: Event is not filtered because it is not in filter key list.
12-27 22:58:08.482   618  1224 I AmazonAutoPairService: onConnectStateChanged received..state:3
12-27 22:58:08.539   618   633 E libprocessgroup: failed to kill 1 processes for processgroup 6561
12-27 22:58:08.547   618  1324 I ActivityManager: Start proc 8867:com.android.providers.downloads/u0a28 for broadcast com.android.providers.downloads/.DownloadReceiver
12-27 22:58:09.421   618   631 W BroadcastQueue: Permission Denial: receiving Intent { act=android.bluetooth.device.action.ACL_DISCONNECTED flg=0x4000010 (has extras) } to ProcessRecord{43f9df9 14428:com.amazon.venezia/u0a155} (pid=14428, uid=10155) requires android.permission.BLUETOOTH due to sender com.android.bluetooth (uid 1002)
12-27 22:58:09.467   618   638 I AmazonProfileService: Sending broadcast as the package is a non-enabled app
12-27 22:58:09.496   618  1224 I AmazonProfileService: Event is not filtered because it is not in filter key list.
12-27 22:58:09.531   618 22065 I AmazonAutoPairService: onConnectStateChanged received..state:0
12-27 22:58:09.558   618   631 W BroadcastQueue: Permission Denial: receiving Intent { act=android.bluetooth.device.action.ACL_CONNECTED flg=0x4000010 (has extras) } to ProcessRecord{43f9df9 14428:com.amazon.venezia/u0a155} (pid=14428, uid=10155) requires android.permission.BLUETOOTH due to sender com.android.bluetooth (uid 1002)
12-27 22:58:09.874   618  5676 I AmazonAutoPairService: onConnectStateChanged received..state:2
12-27 22:58:09.874   618   618 I AmazonAutoPairService: onConnectStateChanged..Stopping discovery as a desired device is connected
12-27 22:58:09.874   618   618 I AmazonAutoPairService: handleStopAutoPairProcess..
12-27 22:58:09.905   618  5676 I ActivityManager: START u0 {flg=0x10000000 cmp=com.amazon.device.blepa/.uxmanager.BluetoothDFUActivity2} from uid 10084 on display 0
12-27 22:58:09.905   618  5676 I AmazonProfileService: shouldAbortActivityStart() Package: xxx activity: xxx
12-27 22:58:09.906   618  5676 I AmazonProfileService: APS_V2 enabled in Arcus and mIsChildPINEnabled : false
12-27 22:58:09.906   618  5676 I AmazonProfileService: APS_V2 enabled in Arcus and mIsChildPINEnabled : false
12-27 22:58:09.906   618  5676 I AmazonProfileService: xxx is a system app, do not abort activity start.
12-27 22:58:09.906   618  5676 I AmazonProfileService: APS_V2 enabled in Arcus and mIsChildPINEnabled : false
12-27 22:58:09.973   618 22065 E WindowManager: App trying to use insecure INPUT_FEATURE_NO_INPUT_CHANNEL flag. Ignoring
12-27 22:58:09.975   618  1012 I AmazonProfileService: Event is not filtered because it is not in filter key list.
12-27 22:58:12.451   618   778 E TaskPersister: File error accessing recents directory (directory doesn't exist?).
12-27 22:58:55.895   618  5676 I ActivityManager: Killing 6764:com.amazon.hedwig/u0a105 (adj 903): empty #17
12-27 22:58:55.896   618  5676 I ActivityManager: Killing 6601:com.amazon.device.logmanager/u0a34 (adj 903): empty #18
12-27 23:00:04.500   618   630 I UsageStatsService: User[0] Flushing usage stats to disk
12-27 23:03:10.127   618   638 I AmazonProfileService: Sending broadcast as the package is a non-enabled app
12-27 23:03:10.139   618 22065 I AmazonProfileService: Event is not filtered because it is not in filter key list.
12-27 23:03:13.113   618   778 E TaskPersister: File error accessing recents directory (directory doesn't exist?).
12-27 23:04:34.648   618   634 E BatteryStatsService: no controller energy info supplied
12-27 23:04:34.652   618   634 E BatteryStatsService: no controller energy info supplied
12-27 23:06:32.319   618   654 I ActivityManager: Killing 6852:com.amazon.perfc/u0a117 (adj 903): empty for 1831s
12-27 23:06:52.705   618   618 I ActivityManager: Start proc 9627:tv.pluto.android/u0a222 for service tv.pluto.android/androidx.work.impl.background.systemjob.SystemJobService
12-27 23:06:52.894  9627  9627 I FrameworkJumpTable: Successfully loaded all classes
12-27 23:06:52.914  9627  9627 I FrameworkJumpTable: Successfully loaded all methods
12-27 23:06:52.916  9627  9627 I FrameworkJumpTable: Successfully loaded all fields
12-27 23:06:52.916  9627  9627 I FrameworkJumpTable: Successfully loaded all constructors
12-27 23:08:07.680   618   642 I ActivityManager: START u0 {act=android.intent.action.MAIN cat=[android.intent.category.HOME] flg=0x10200000 cmp=com.amazon.tv.launcher/.ui.HomeActivity_vNext (has extras)} from uid 1000 on display 0
12-27 23:08:07.685   618   642 I AmazonProfileService: shouldAbortActivityStart() Package: xxx activity: xxx
12-27 23:08:07.685   618   642 I AmazonProfileService: APS_V2 enabled in Arcus and mIsChildPINEnabled : false
12-27 23:08:07.685   618   642 I AmazonProfileService: APS_V2 enabled in Arcus and mIsChildPINEnabled : false
12-27 23:08:07.686   618   642 I AmazonProfileService: xxx is a system app, do not abort activity start.
12-27 23:08:07.686   618   642 I AmazonProfileService: APS_V2 enabled in Arcus and mIsChildPINEnabled : false
12-27 23:08:07.714   618   642 I ActivityManager: Killing 7240:com.amazon.wifilocker/u0a13 (adj 903): empty #17
12-27 23:08:07.899   618  5676 I AmazonProfileService: Event is not filtered because it is not in filter key list.
12-27 23:08:08.938   618  1012 I ActivityManager: Start proc 9884:com.amazon.aca/u0a59 for content provider com.amazon.aca/.cues.provider.HintsProvider
12-27 23:08:09.247  9884  9884 I FrameworkJumpTable: Successfully loaded all classes
12-27 23:08:09.263  9884  9884 I FrameworkJumpTable: Successfully loaded all methods
12-27 23:08:09.265  9884  9884 I FrameworkJumpTable: Successfully loaded all fields
12-27 23:08:09.265  9884  9884 I FrameworkJumpTable: Successfully loaded all constructors
12-27 23:08:18.259   618   618 I ActivityManager: Start proc 9946:org.jellyfin.androidtv/u0a71 for service org.jellyfin.androidtv/androidx.work.impl.background.systemjob.SystemJobService
12-27 23:08:18.634  9946  9946 I FrameworkJumpTable: Successfully loaded all classes
12-27 23:08:18.650  9946  9946 I FrameworkJumpTable: Successfully loaded all methods
12-27 23:08:18.652  9946  9946 I FrameworkJumpTable: Successfully loaded all fields
12-27 23:08:18.653  9946  9946 I FrameworkJumpTable: Successfully loaded all constructors
12-27 23:08:18.854   618   630 E TvInputManagerService: failed to load TV input org.videolan.vlc.PreviewVideoInputService
12-27 23:08:18.854   618   630 E TvInputManagerService: java.lang.IllegalStateException: Setup activity not found for org.videolan.vlc.PreviewVideoInputService
12-27 23:08:18.854   618   630 E TvInputManagerService: 	at android.media.tv.TvInputInfo$Builder.parseServiceMetadata(TvInputInfo.java:956)
12-27 23:08:18.854   618   630 E TvInputManagerService: 	at android.media.tv.TvInputInfo$Builder.build(TvInputInfo.java:901)
12-27 23:08:18.854   618   630 E TvInputManagerService: 	at com.android.server.tv.TvInputManagerService.buildTvInputListLocked(TvInputManagerService.java:345)
12-27 23:08:18.854   618   630 E TvInputManagerService: 	at com.android.server.tv.TvInputManagerService.-wrap10(TvInputManagerService.java)
12-27 23:08:18.854   618   630 E TvInputManagerService: 	at com.android.server.tv.TvInputManagerService$1.buildTvInputList(TvInputManagerService.java:190)
12-27 23:08:18.854   618   630 E TvInputManagerService: 	at com.android.server.tv.TvInputManagerService$1.onSomePackagesChanged(TvInputManagerService.java:240)
12-27 23:08:18.854   618   630 E TvInputManagerService: 	at com.android.internal.content.PackageMonitor.onReceive(PackageMonitor.java:431)
12-27 23:08:18.854   618   630 E TvInputManagerService: 	at android.app.LoadedApk$ReceiverDispatcher$Args.run(LoadedApk.java:1158)
12-27 23:08:18.854   618   630 E TvInputManagerService: 	at android.os.Handler.handleCallback(Handler.java:751)
12-27 23:08:18.854   618   630 E TvInputManagerService: 	at android.os.Handler.dispatchMessage(Handler.java:95)
12-27 23:08:18.854   618   630 E TvInputManagerService: 	at android.os.Looper.loop(Looper.java:154)
12-27 23:08:18.854   618   630 E TvInputManagerService: 	at android.os.HandlerThread.run(HandlerThread.java:61)
12-27 23:08:37.933   618   631 I ActivityManager: Killing 6485:com.amazon.providers.tv/u0a119 (adj 903): empty #17
12-27 23:08:38.687   618  8740 I ActivityManager: Killing 6297:com.amazon.tv.livetv/u0a144 (adj 903): empty #17
12-27 23:23:10.217   618   630 I UsageStatsService: User[0] Flushing usage stats to disk
12-27 23:29:07.680   618   618 I ActivityManager: Killing 8768:com.amazon.device.bluetoothkeymaplib/u0a5 (adj 903): empty for 1858s
12-27 23:29:07.681   618   618 I ActivityManager: Killing 7253:com.amazon.wirelessmetrics.service/u0a168 (adj 903): empty for 1858s
12-27 23:29:07.682   618   618 I ActivityManager: Killing 8794:com.amazon.tv.devicecontrolsettings/u0a137 (adj 903): empty for 1858s
12-27 23:29:07.683   618   618 I ActivityManager: Killing 8867:com.android.providers.downloads/u0a28 (adj 903): empty for 1858s
12-27 23:29:07.684   618   618 I ActivityManager: Killing 8741:com.amazon.uxnotification/u0a52 (adj 903): empty for 1866s
12-27 23:29:07.685   618   618 I ActivityManager: Killing 8721:com.amazon.uxcontrollerservice/u0a51 (adj 903): empty for 1866s
12-27 23:29:07.693   618   631 I ProcessStatsService: Prepared write state in 3ms
12-27 23:29:07.697   618   631 I ProcessStatsService: Prepared write state in 3ms
12-27 23:29:07.722   618   618 I ActivityManager: Start proc 11518:com.amazon.device.crashmanager/u0a12 for service com.amazon.device.crashmanager/.CrashJobService
12-27 23:29:15.934   618   618 E JobServiceContext: No response from client for onStartJob '97a2f2f #1000/5 com.amazon.device.crashmanager/.CrashJobService
12-27 23:29:28.963   618   618 E JobServiceContext: No response from client for onStartJob 'cd1b2ce #1000/5 com.amazon.device.crashmanager/.CrashJobService
12-27 23:30:00.295   618 11688 W AmazonDropBoxManagerService: Either log duration is null or calculated wrong dropbox age due to wrong time in device.
12-27 23:30:00.295   618 11688 I AmazonDropBoxManagerService: Either there is noLog.crash files or all files are corrupted
12-27 23:34:34.674   618   634 E BatteryStatsService: no controller energy info supplied
12-27 23:34:34.677   618   634 E BatteryStatsService: no controller energy info supplied
12-27 23:34:55.265   618   720 I ActivityManager: Killing 3016:com.android.providers.tv/u0a50 (adj 903): empty for 1903s
12-27 23:34:55.287   618   654 I ActivityManager: Start proc 11997:org.videolan.vlc/u0a206 for service org.videolan.vlc/.RecommendationsService
12-27 23:35:31.851   618   618 I ActivityManager: Start proc 12116:com.amazon.hedwig/u0a105 for service com.amazon.hedwig/.pmr.PeriodicPmrFetchService
12-27 23:37:23.567   618   654 I ActivityManager: Killing 9627:tv.pluto.android/u0a222 (adj 903): empty for 1829s
12-27 23:37:23.668   618   678 E ConnectivityService: RemoteException caught trying to send a callback msg for NetworkRequest [ TRACK_DEFAULT id=1853, [ Capabilities: INTERNET&NOT_RESTRICTED&TRUSTED&NOT_VPN] ]
12-27 23:38:56.680   618  1087 I ActivityManager: Killing 9946:org.jellyfin.androidtv/u0a71 (adj 903): empty for 1837s
12-27 23:38:56.681   618  1087 I ActivityManager: Killing 9884:com.amazon.aca/u0a59 (adj 903): empty for 1847s
12-27 23:59:35.341   618   631 I ProcessStatsService: Prepared write state in 4ms
12-27 23:59:35.365   618   618 I ActivityManager: Start proc 13953:tv.pluto.android/u0a222 for service tv.pluto.android/androidx.work.impl.background.systemjob.SystemJobService
12-27 23:59:35.538 13953 13953 I FrameworkJumpTable: Successfully loaded all classes
12-27 23:59:35.565 13953 13953 I FrameworkJumpTable: Successfully loaded all methods
12-27 23:59:35.568 13953 13953 I FrameworkJumpTable: Successfully loaded all fields
12-27 23:59:35.568 13953 13953 I FrameworkJumpTable: Successfully loaded all constructors
12-28 00:00:07.905   618 12039 I ActivityManager: Killing 11518:com.amazon.device.crashmanager/u0a12 (adj 903): empty for 1838s
12-28 00:02:56.256   618  1180 I ActivityManager: Start proc 14392:tv.pluto.android:input/u0a222 for service tv.pluto.android/androidx.work.multiprocess.RemoteWorkerService
12-28 00:02:56.497 14392 14392 I FrameworkJumpTable: Successfully loaded all classes
12-28 00:02:56.520 14392 14392 I FrameworkJumpTable: Successfully loaded all methods
12-28 00:02:56.522 14392 14392 I FrameworkJumpTable: Successfully loaded all fields
12-28 00:02:56.522 14392 14392 I FrameworkJumpTable: Successfully loaded all constructors
12-28 00:03:07.454   618  1087 I ActivityManager: Start proc 14601:com.android.providers.tv/u0a50 for content provider com.android.providers.tv/.TvProvider
12-28 00:03:07.896   618 11852 I ActivityManager: Start proc 14628:com.amazon.tv.livetv/u0a144 for content provider com.amazon.tv.livetv/com.amazon.livetv.contentservice.tifextension.TifExtensionProvider
12-28 00:03:08.069   827   827 W ContextImpl: Calling a method in the system process without a qualified user: android.app.ContextImpl.sendBroadcast:921 android.content.ContextWrapper.sendBroadcast:426 com.amazon.tifobserver.LiveTvObserver.broadcastChannelListChange:157 com.amazon.tifobserver.LiveTvObserver.-wrap0:-1 com.amazon.tifobserver.LiveTvObserver$1.run:111 
12-28 00:03:08.070   827   827 W ContextImpl: Calling a method in the system process without a qualified user: android.app.ContextImpl.sendBroadcast:921 android.content.ContextWrapper.sendBroadcast:426 com.amazon.tifobserver.LiveTvObserver.broadcastChannelListChange:161 com.amazon.tifobserver.LiveTvObserver.-wrap0:-1 com.amazon.tifobserver.LiveTvObserver$1.run:111 
12-28 00:03:08.110 14628 14628 I FrameworkJumpTable: Successfully loaded all classes
12-28 00:03:08.152 14628 14628 I FrameworkJumpTable: Successfully loaded all methods
12-28 00:03:08.155 14628 14628 I FrameworkJumpTable: Successfully loaded all fields
12-28 00:03:08.155 14628 14628 I FrameworkJumpTable: Successfully loaded all constructors
12-28 00:03:08.648   618 11852 I AmazonProfileService: Registering callback
12-28 00:03:08.671   618  1087 I ActivityManager: Start proc 14676:com.amazon.prism.android.service:remote/u0a118 for service com.amazon.prism.android.service/.PrismService
12-28 00:03:08.990 14676 14720 I FrameworkJumpTable: Successfully loaded all classes
12-28 00:03:09.011 14676 14720 I FrameworkJumpTable: Successfully loaded all methods
12-28 00:03:09.013 14676 14720 I FrameworkJumpTable: Successfully loaded all fields
12-28 00:03:09.013 14676 14720 I FrameworkJumpTable: Successfully loaded all constructors
12-28 00:03:09.154 14628 14664 E ActivityThread: Failed to find provider info for com.amazon.tv.channelscan
12-28 00:03:09.155 14628 14664 E ActivityThread: Failed to find provider info for com.amazon.tv.channelscan
12-28 00:03:09.164 14628 14664 E ActivityThread: Failed to find provider info for com.amazon.tv.channelscan
12-28 00:03:09.208   618   631 I ActivityManager: Start proc 14751:com.amazon.tv.routing/u0a150 for broadcast com.amazon.tv.routing/.receivers.RoutingInfoExpiredReceiver
12-28 00:03:11.496   618  7380 I ActivityManager: Start proc 14794:com.amazon.providers.tv/u0a119 for content provider com.amazon.providers.tv/.FireTvProvider
12-28 00:04:34.704   618   634 E BatteryStatsService: no controller energy info supplied
12-28 00:04:34.709   618   634 E BatteryStatsService: no controller energy info supplied
12-28 00:05:17.207   618   631 I ActivityManager: Killing 11997:org.videolan.vlc/u0a206 (adj 903): empty for 1821s
12-28 00:05:17.285   618   678 E ConnectivityService: RemoteException caught trying to send a callback msg for NetworkRequest [ REQUEST id=1861, [ Capabilities: INTERNET&NOT_RESTRICTED&TRUSTED&NOT_VPN] ]
12-28 00:06:03.803   618 11852 I ActivityManager: Killing 12116:com.amazon.hedwig/u0a105 (adj 903): empty for 1831s
12-28 00:08:22.957   618   618 I ActivityManager: Start proc 15238:org.jellyfin.androidtv/u0a71 for service org.jellyfin.androidtv/androidx.work.impl.background.systemjob.SystemJobService
12-28 00:08:23.298 15238 15238 I FrameworkJumpTable: Successfully loaded all classes
12-28 00:08:23.310 15238 15238 I FrameworkJumpTable: Successfully loaded all methods
12-28 00:08:23.312 15238 15238 I FrameworkJumpTable: Successfully loaded all fields
12-28 00:08:23.313 15238 15238 I FrameworkJumpTable: Successfully loaded all constructors
12-28 00:12:04.173   618   618 I ActivityManager: Start proc 15482:com.amazon.storage.manager/u0a198 for service com.amazon.storage.manager/.services.RemoteConfigSyncService
12-28 00:12:04.278 15482 15482 I FrameworkJumpTable: Successfully loaded all classes
12-28 00:12:04.290 15482 15482 I FrameworkJumpTable: Successfully loaded all methods
12-28 00:12:04.292 15482 15482 I FrameworkJumpTable: Successfully loaded all fields
