12-27 15:22:36.931   618   662 I chatty  : uid=1000(system) InputReader expire 41 lines
12-27 15:31:01.856   618   635 I chatty  : uid=1000(system) FileObserver expire 2 lines
12-27 15:34:34.313   618   634 I chatty  : uid=1000(system) batterystats-sy expire 2 lines
12-27 15:34:55.318   618   654 I chatty  : uid=1000(system) AlarmManager expire 2 lines
12-27 15:40:49.764   618   662 I chatty  : uid=1000(system) InputReader expire 37 lines
12-27 15:41:12.121   618   618 I chatty  : uid=1000 system_server expire 10 lines
12-27 15:41:12.315 28343 28343 I FrameworkJumpTable: Successfully loaded all classes
12-27 15:41:12.331 28343 28343 I FrameworkJumpTable: Successfully loaded all methods
12-27 15:41:12.333 28343 28343 I FrameworkJumpTable: Successfully loaded all fields
12-27 15:41:12.333 28343 28343 I FrameworkJumpTable: Successfully loaded all constructors
12-27 15:41:12.334   618 28342 I chatty  : uid=1000 system_server expire 2 lines
12-27 15:41:12.411   618   629 I chatty  : uid=1000(system) Binder:618_2 expire 3 lines
12-27 15:41:14.760   618   662 I chatty  : uid=1000(system) InputReader expire 37 lines
12-27 15:41:43.140   618   716 I chatty  : uid=1000(system) AmazonUsageStat expire 5 lines
12-27 15:41:44.875   618  1324 I chatty  : uid=1000(system) Binder:618_E expire 11 lines
12-27 15:41:44.887   618 28457 I chatty  : uid=1000 system_server expire 5 lines
12-27 15:41:44.971   618   638 I chatty  : uid=1000(system) android.display expire 4 lines
12-27 15:41:45.125   618  1323 I chatty  : uid=1000(system) Binder:618_D expire 10 lines
12-27 15:41:47.827   618   778 I chatty  : uid=1000(system) LazyTaskWriterT expire 3 lines
12-27 15:41:49.134   792   792 E PerfBoostIMSCallback: Requires com.amazon.permission.USE_PERFBOOST permission
12-27 15:41:49.205   618   631 I chatty  : uid=1000(system) ActivityManager expire 10 lines
12-27 15:41:49.225   618   662 I chatty  : uid=1000(system) InputReader expire 10 lines
12-27 15:59:25.012 29884 29884 I FrameworkJumpTable: Successfully loaded all classes
12-27 15:59:25.033 29884 29884 I FrameworkJumpTable: Successfully loaded all methods
12-27 15:59:25.035 29884 29884 I FrameworkJumpTable: Successfully loaded all fields
12-27 15:59:25.035 29884 29884 I FrameworkJumpTable: Successfully loaded all constructors
12-27 16:01:42.944   618   630 I chatty  : uid=1000(system) android.bg expire 3 lines
12-27 16:01:50.484   618   645 I chatty  : uid=1000(system) PowerManagerSer expire 8 lines
12-27 16:01:50.485   618   717 I chatty  : uid=1000(system) AmazonProfileSe expire 3 lines
12-27 16:01:51.149   618   721 I chatty  : uid=1000(system) MetricsHandler expire 1 line
12-27 16:01:51.226   618  7380 I chatty  : uid=1000(system) Binder:618_17 expire 7 lines
12-27 16:01:51.308 30220 30247 I FrameworkJumpTable: Successfully loaded all classes
12-27 16:01:51.377 30220 30247 I FrameworkJumpTable: Successfully loaded all methods
12-27 16:01:51.380 30220 30247 I FrameworkJumpTable: Successfully loaded all fields
12-27 16:01:51.380 30220 30247 I FrameworkJumpTable: Successfully loaded all constructors
12-27 16:01:51.437 30236 30236 I FrameworkJumpTable: Successfully loaded all classes
12-27 16:01:51.476 30236 30236 I FrameworkJumpTable: Successfully loaded all methods
12-27 16:01:51.479 30236 30236 I FrameworkJumpTable: Successfully loaded all fields
12-27 16:01:51.480 30236 30236 I FrameworkJumpTable: Successfully loaded all constructors
12-27 16:01:51.548   618  5676 I chatty  : uid=1000(system) Binder:618_13 expire 11 lines
12-27 16:01:52.080 30288 30288 I FrameworkJumpTable: Successfully loaded all classes
12-27 16:01:52.092 30288 30288 I FrameworkJumpTable: Successfully loaded all methods
12-27 16:01:52.094 30288 30288 I FrameworkJumpTable: Successfully loaded all fields
12-27 16:01:52.094 30288 30288 I FrameworkJumpTable: Successfully loaded all constructors
12-27 16:01:52.138 30288 30288 I AmazonHdmiServiceManager: AmazonHdmiServiceManager created
12-27 16:01:52.810 30330 30358 I FrameworkJumpTable: Successfully loaded all classes
12-27 16:01:52.828 30330 30358 I FrameworkJumpTable: Successfully loaded all methods
12-27 16:01:52.831 30330 30358 I FrameworkJumpTable: Successfully loaded all fields
12-27 16:01:52.831 30330 30358 I FrameworkJumpTable: Successfully loaded all constructors
12-27 16:01:53.834   618   856 I chatty  : uid=1000(system) Binder:618_3 expire 5 lines
12-27 16:01:59.079   618   635 I chatty  : uid=1000(system) FileObserver expire 2 lines
12-27 16:02:18.507 30406 30406 I FrameworkJumpTable: Successfully loaded all classes
12-27 16:02:18.541 30406 30406 I FrameworkJumpTable: Successfully loaded all methods
12-27 16:02:18.542 30406 30406 I FrameworkJumpTable: Successfully loaded all fields
12-27 16:02:18.543 30406 30406 I FrameworkJumpTable: Successfully loaded all constructors
12-27 16:02:30.771   827   827 W ContextImpl: Calling a method in the system process without a qualified user: android.app.ContextImpl.sendBroadcast:921 android.content.ContextWrapper.sendBroadcast:426 com.amazon.tifobserver.LiveTvObserver.broadcastChannelListChange:157 com.amazon.tifobserver.LiveTvObserver.-wrap0:-1 com.amazon.tifobserver.LiveTvObserver$1.run:111 
12-27 16:02:30.773   827   827 W ContextImpl: Calling a method in the system process without a qualified user: android.app.ContextImpl.sendBroadcast:921 android.content.ContextWrapper.sendBroadcast:426 com.amazon.tifobserver.LiveTvObserver.broadcastChannelListChange:161 com.amazon.tifobserver.LiveTvObserver.-wrap0:-1 com.amazon.tifobserver.LiveTvObserver$1.run:111 
12-27 16:02:30.954 30576 30588 I FrameworkJumpTable: Successfully loaded all classes
12-27 16:02:30.968 30576 30588 I FrameworkJumpTable: Successfully loaded all methods
12-27 16:02:30.970 30576 30588 I FrameworkJumpTable: Successfully loaded all fields
12-27 16:02:30.970 30576 30588 I FrameworkJumpTable: Successfully loaded all constructors
12-27 16:02:31.844 30576 30605 E ActivityThread: Failed to find provider info for com.amazon.tv.channelscan
12-27 16:02:31.844 30576 30605 E ActivityThread: Failed to find provider info for com.amazon.tv.channelscan
12-27 16:02:31.845 30576 30605 E ActivityThread: Failed to find provider info for com.amazon.tv.channelscan
12-27 16:02:52.531   618   678 I chatty  : uid=1000(system) ConnectivitySer expire 4 lines
12-27 16:04:34.272   618   634 I chatty  : uid=1000(system) batterystats-sy expire 2 lines
12-27 16:05:22.259   618   644 I chatty  : uid=1000(system) SuspendToRamVen expire 1 line
12-27 16:05:22.259   618   618 I chatty  : uid=1000 system_server expire 7 lines
12-27 16:05:22.310   618  8740 I chatty  : uid=1000(system) Binder:618_18 expire 11 lines
12-27 16:05:24.206   618  1180 I chatty  : uid=1000(system) Binder:618_7 expire 1 line
12-27 16:07:31.068 31257 31257 I FrameworkJumpTable: Successfully loaded all classes
12-27 16:07:31.082 31257 31257 I FrameworkJumpTable: Successfully loaded all methods
12-27 16:07:31.084 31257 31257 I FrameworkJumpTable: Successfully loaded all fields
12-27 16:07:31.084 31257 31257 I FrameworkJumpTable: Successfully loaded all constructors
12-27 16:07:31.384   618  1236 I chatty  : uid=1000(system) Binder:618_B expire 1 line
12-27 16:15:59.375   618   648 I chatty  : uid=1000(system) PackageManager expire 13 lines
12-27 16:16:00.534   618   631 I chatty  : uid=1000(system) ActivityManager expire 4 lines
12-27 16:16:01.561   618  6179 I chatty  : uid=1000(system) Binder:618_14 expire 1 line
12-27 16:16:01.866 31922 31922 I FrameworkJumpTable: Successfully loaded all classes
12-27 16:16:01.951 31922 31922 I FrameworkJumpTable: Successfully loaded all methods
12-27 16:16:01.954 31922 31922 I FrameworkJumpTable: Successfully loaded all fields
12-27 16:16:01.954 31922 31922 I FrameworkJumpTable: Successfully loaded all constructors
12-27 16:16:02.878   618  6974 I chatty  : uid=1000(system) Binder:618_16 expire 1 line
12-27 16:16:03.036   618 24696 I chatty  : uid=1000(system) Binder:618_1F expire 3 lines
12-27 16:16:03.696   618  4099 I chatty  : uid=1000(system) Binder:618_12 expire 3 lines
12-27 16:16:03.866 32043 32043 W ContextImpl: Calling a method in the system process without a qualified user: android.app.ContextImpl.startService:1386 android.content.ContextWrapper.startService:613 android.content.ContextWrapper.startService:613 com.android.keychain.KeyChainBroadcastReceiver.onReceive:12 android.app.ActivityThread.handleReceiver:3068 
12-27 16:16:04.317   618  1012 I chatty  : uid=1000(system) Binder:618_5 expire 1 line
12-27 16:16:04.607   618  1224 I chatty  : uid=1000(system) Binder:618_9 expire 3 lines
12-27 16:16:04.823   618  1324 I chatty  : uid=1000(system) Binder:618_E expire 2 lines
12-27 16:16:05.017   618  1087 I chatty  : uid=1000(system) Binder:618_6 expire 1 line
12-27 16:16:05.396 32163 32163 I FrameworkJumpTable: Successfully loaded all classes
12-27 16:16:05.412 32163 32163 I FrameworkJumpTable: Successfully loaded all methods
12-27 16:16:05.413 32163 32163 I FrameworkJumpTable: Successfully loaded all fields
12-27 16:16:05.414 32163 32163 I FrameworkJumpTable: Successfully loaded all constructors
12-27 16:16:05.450 32163 32163 I AmazonHdmiServiceManager: AmazonHdmiServiceManager created
12-27 16:16:05.774   618  6182 I chatty  : uid=1000(system) Binder:618_15 expire 1 line
12-27 16:16:05.984   618  3780 I chatty  : uid=1000(system) Binder:618_10 expire 4 lines
12-27 16:16:06.031   618 22065 I chatty  : uid=1000(system) Binder:618_1D expire 1 line
12-27 16:16:06.702 32202 32230 I FrameworkJumpTable: Successfully loaded all classes
12-27 16:16:06.723 32202 32230 I FrameworkJumpTable: Successfully loaded all methods
12-27 16:16:06.770 32202 32230 I FrameworkJumpTable: Successfully loaded all fields
12-27 16:16:06.770 32202 32230 I FrameworkJumpTable: Successfully loaded all constructors
12-27 16:16:15.031   618  1323 I chatty  : uid=1000(system) Binder:618_D expire 1 line
12-27 16:17:41.832   618   662 I chatty  : uid=1000(system) InputReader expire 72 lines
12-27 16:17:42.015   618  8740 I chatty  : uid=1000(system) Binder:618_18 expire 9 lines
12-27 16:17:42.025   618 32443 I chatty  : uid=1000 system_server expire 5 lines
12-27 16:17:42.178   618   716 I chatty  : uid=1000(system) AmazonUsageStat expire 4 lines
12-27 16:17:42.185   618   638 I chatty  : uid=1000(system) android.display expire 2 lines
12-27 16:17:42.267 32447 32447 I FrameworkJumpTable: Successfully loaded all classes
12-27 16:17:42.292 32447 32447 I FrameworkJumpTable: Successfully loaded all methods
12-27 16:17:42.296 32447 32447 I FrameworkJumpTable: Successfully loaded all fields
12-27 16:17:42.296 32447 32447 I FrameworkJumpTable: Successfully loaded all constructors
12-27 16:17:42.666   618  1224 I chatty  : uid=1000(system) Binder:618_9 expire 5 lines
12-27 16:17:45.550   618   778 I chatty  : uid=1000(system) LazyTaskWriterT expire 3 lines
12-27 16:18:41.155   792   792 E PerfBoostIMSCallback: Requires com.amazon.permission.USE_PERFBOOST permission
12-27 16:18:56.234   618   631 I chatty  : uid=1000(system) ActivityManager expire 11 lines
12-27 16:21:34.411   421   421 I FrameworkJumpTable: Successfully loaded all classes
12-27 16:21:34.442   421   421 I FrameworkJumpTable: Successfully loaded all methods
12-27 16:21:34.444   421   421 I FrameworkJumpTable: Successfully loaded all fields
12-27 16:21:34.444   421   421 I FrameworkJumpTable: Successfully loaded all constructors
12-27 16:21:50.564   618   630 I chatty  : uid=1000(system) android.bg expire 4 lines
12-27 16:22:12.841   618   538 I chatty  : uid=1000 system_server expire 2 lines
12-27 16:22:52.195   618   635 I chatty  : uid=1000(system) FileObserver expire 8 lines
12-27 16:22:54.348   618  3780 I chatty  : uid=1000(system) Binder:618_10 expire 2 lines
12-27 16:22:57.894   618  7380 I chatty  : uid=1000(system) Binder:618_17 expire 5 lines
12-27 16:22:57.920   618  3784 I chatty  : uid=1000(system) Binder:618_11 expire 1 line
12-27 16:22:58.064   598   598 I FrameworkJumpTable: Successfully loaded all classes
12-27 16:22:58.077   598   598 I FrameworkJumpTable: Successfully loaded all methods
12-27 16:22:58.078   598   598 I FrameworkJumpTable: Successfully loaded all fields
12-27 16:22:58.078   598   598 I FrameworkJumpTable: Successfully loaded all constructors
12-27 16:22:58.274   618   629 I chatty  : uid=1000(system) Binder:618_2 expire 3 lines
12-27 16:23:12.798   618   834 I chatty  : uid=1000 system_server expire 2 lines
12-27 16:23:32.984   618   618 I chatty  : uid=1000 system_server expire 7 lines
12-27 16:23:33.728  1023  1023 I FrameworkJumpTable: Successfully loaded all classes
12-27 16:23:33.751  1023  1023 I FrameworkJumpTable: Successfully loaded all methods
12-27 16:23:33.753  1023  1023 I FrameworkJumpTable: Successfully loaded all fields
12-27 16:23:33.753  1023  1023 I FrameworkJumpTable: Successfully loaded all constructors
12-27 16:23:35.327   618   856 I chatty  : uid=1000(system) Binder:618_3 expire 1 line
12-27 16:23:35.330   618 11852 I chatty  : uid=1000(system) Binder:618_20 expire 2 lines
12-27 16:23:37.048   618 24696 I chatty  : uid=1000(system) Binder:618_1F expire 1 line
12-27 16:23:37.058  1023  1064 E ActivityThread: Failed to find provider info for com.amazon.tv.channelscan
12-27 16:23:37.059  1023  1064 E ActivityThread: Failed to find provider info for com.amazon.tv.channelscan
12-27 16:23:37.062  1023  1064 E ActivityThread: Failed to find provider info for com.amazon.tv.channelscan
12-27 16:23:39.228   618  6179 I chatty  : uid=1000(system) Binder:618_14 expire 2 lines
12-27 16:24:00.283   618   633 I chatty  : uid=1000(system) ActivityManager expire 1 line
12-27 16:24:30.923  1279  1279 I FrameworkJumpTable: Successfully loaded all classes
12-27 16:24:30.943  1279  1279 I FrameworkJumpTable: Successfully loaded all methods
12-27 16:24:30.945  1279  1279 I FrameworkJumpTable: Successfully loaded all fields
12-27 16:24:30.945  1279  1279 I FrameworkJumpTable: Successfully loaded all constructors
12-27 16:24:32.811   618  1236 I chatty  : uid=1000(system) Binder:618_B expire 1 line
12-27 16:24:49.685   618   678 I chatty  : uid=1000(system) ConnectivitySer expire 2 lines
12-27 16:24:49.874   618  5676 I chatty  : uid=1000(system) Binder:618_13 expire 2 lines
12-27 16:24:49.877   618  1322 I chatty  : uid=1000(system) Binder:618_C expire 2 lines
12-27 16:24:49.879   618   864 I chatty  : uid=1000(system) Binder:618_4 expire 1 line
12-27 16:26:43.484  1889  1889 I FrameworkJumpTable: Successfully loaded all classes
12-27 16:26:43.505  1889  1889 I FrameworkJumpTable: Successfully loaded all methods
12-27 16:26:43.508  1889  1889 I FrameworkJumpTable: Successfully loaded all fields
12-27 16:26:43.508  1889  1889 I FrameworkJumpTable: Successfully loaded all constructors
12-27 16:26:50.131   618   662 I chatty  : uid=1000(system) InputReader expire 64 lines
12-27 16:27:12.746   618  2024 I chatty  : uid=1000 system_server expire 2 lines
12-27 16:29:58.103   618   648 I chatty  : uid=1000(system) PackageManager expire 12 lines
12-27 16:30:00.021   618  6974 I chatty  : uid=1000(system) Binder:618_16 expire 5 lines
12-27 16:30:00.500   618  4099 I chatty  : uid=1000(system) Binder:618_12 expire 6 lines
12-27 16:30:00.744  2655  2655 I FrameworkJumpTable: Successfully loaded all classes
12-27 16:30:00.788  2655  2655 I FrameworkJumpTable: Successfully loaded all methods
12-27 16:30:00.792  2655  2655 I FrameworkJumpTable: Successfully loaded all fields
12-27 16:30:00.792  2655  2655 I FrameworkJumpTable: Successfully loaded all constructors
12-27 16:30:01.684   618 15353 I chatty  : uid=1000(system) Binder:618_1C expire 5 lines
12-27 16:30:02.370  2759  2759 W ContextImpl: Calling a method in the system process without a qualified user: android.app.ContextImpl.startService:1386 android.content.ContextWrapper.startService:613 android.content.ContextWrapper.startService:613 com.android.keychain.KeyChainBroadcastReceiver.onReceive:12 android.app.ActivityThread.handleReceiver:3068 
12-27 16:30:02.387   618  1324 I chatty  : uid=1000(system) Binder:618_E expire 5 lines
12-27 16:30:03.828  2934  2934 I FrameworkJumpTable: Successfully loaded all classes
12-27 16:30:03.842  2934  2934 I FrameworkJumpTable: Successfully loaded all methods
12-27 16:30:03.844  2934  2934 I FrameworkJumpTable: Successfully loaded all fields
12-27 16:30:03.844  2934  2934 I FrameworkJumpTable: Successfully loaded all constructors
12-27 16:30:03.893  2934  2934 I AmazonHdmiServiceManager: AmazonHdmiServiceManager created
12-27 16:30:05.156  2970  3019 I FrameworkJumpTable: Successfully loaded all classes
12-27 16:30:05.173  2970  3019 I FrameworkJumpTable: Successfully loaded all methods
12-27 16:30:05.175  2970  3019 I FrameworkJumpTable: Successfully loaded all fields
12-27 16:30:05.175  2970  3019 I FrameworkJumpTable: Successfully loaded all constructors
12-27 16:30:51.305   618  4099 I chatty  : uid=1000(system) Binder:618_12 expire 12 lines
12-27 16:30:51.352   618 15353 I chatty  : uid=1000(system) Binder:618_1C expire 8 lines
12-27 16:30:51.417   618   638 I chatty  : uid=1000(system) android.display expire 5 lines
12-27 16:30:51.458   618   716 I chatty  : uid=1000(system) AmazonUsageStat expire 10 lines
12-27 16:30:51.496  3109  3109 I FrameworkJumpTable: Successfully loaded all classes
12-27 16:30:51.515  3109  3109 I FrameworkJumpTable: Successfully loaded all methods
12-27 16:30:51.517  3109  3109 I FrameworkJumpTable: Successfully loaded all fields
12-27 16:30:51.517  3109  3109 I FrameworkJumpTable: Successfully loaded all constructors
12-27 16:30:51.793   618  6974 I chatty  : uid=1000(system) Binder:618_16 expire 4 lines
12-27 16:30:54.820   618   778 I chatty  : uid=1000(system) LazyTaskWriterT expire 6 lines
12-27 16:31:30.332   618   662 I chatty  : uid=1000(system) InputReader expire 14 lines
12-27 16:31:38.486   618   635 I chatty  : uid=1000(system) FileObserver expire 12 lines
12-27 16:32:13.073   618  3376 I chatty  : uid=1000 system_server expire 2 lines
12-27 16:32:36.408   618 22065 I chatty  : uid=1000(system) Binder:618_1D expire 6 lines
12-27 16:32:37.952   618  3418 I chatty  : uid=1000 system_server expire 5 lines
12-27 16:34:34.312   618   634 I chatty  : uid=1000(system) batterystats-sy expire 2 lines
12-27 16:34:52.993   618   618 I chatty  : uid=1000 system_server expire 8 lines
12-27 16:35:56.188   618   654 I chatty  : uid=1000(system) AlarmManager expire 1 line
12-27 16:35:57.036  3811  3868 I FrameworkJumpTable: Successfully loaded all classes
12-27 16:35:57.056  3811  3868 I FrameworkJumpTable: Successfully loaded all methods
12-27 16:35:57.061  3811  3868 I FrameworkJumpTable: Successfully loaded all fields
12-27 16:35:57.061  3811  3868 I FrameworkJumpTable: Successfully loaded all constructors
12-27 16:35:58.725   618 11165 I chatty  : uid=1000(system) Binder:618_19 expire 10 lines
12-27 16:35:58.822   618   635 I chatty  : uid=1000(system) FileObserver expire 2 lines
12-27 16:35:59.604   618  6182 I chatty  : uid=1000(system) Binder:618_15 expire 2 lines
12-27 16:36:32.689   618   631 I chatty  : uid=1000(system) ActivityManager expire 4 lines
12-27 16:36:34.352   618  4119 I chatty  : uid=1000 system_server expire 2 lines
12-27 16:36:35.439   618  1180 I chatty  : uid=1000(system) Binder:618_7 expire 6 lines
12-27 16:36:35.572  4136  4136 I FrameworkJumpTable: Successfully loaded all classes
12-27 16:36:35.592  4136  4136 I FrameworkJumpTable: Successfully loaded all methods
12-27 16:36:35.593  4136  4136 I FrameworkJumpTable: Successfully loaded all fields
12-27 16:36:35.593  4136  4136 I FrameworkJumpTable: Successfully loaded all constructors
12-27 16:36:35.847  4163  4163 I FrameworkJumpTable: Successfully loaded all classes
12-27 16:36:35.865  4163  4163 I FrameworkJumpTable: Successfully loaded all methods
12-27 16:36:35.867  4163  4163 I FrameworkJumpTable: Successfully loaded all fields
12-27 16:36:35.867  4163  4163 I FrameworkJumpTable: Successfully loaded all constructors
12-27 16:36:48.053   618   629 I chatty  : uid=1000(system) Binder:618_2 expire 1 line
12-27 16:36:58.602   618   662 I chatty  : uid=1000(system) InputReader expire 29 lines
12-27 16:37:00.096   618  5676 I chatty  : uid=1000(system) Binder:618_13 expire 1 line
12-27 16:37:00.876   792   792 E PerfBoostIMSCallback: Requires com.amazon.permission.USE_PERFBOOST permission
12-27 16:37:03.908   618 11733 I chatty  : uid=1000(system) Binder:618_1E expire 8 lines
12-27 16:37:04.245   618  1087 I chatty  : uid=1000(system) Binder:618_6 expire 1 line
12-27 16:37:04.951   618  4332 I chatty  : uid=1000 system_server expire 5 lines
12-27 16:37:05.125   618   856 I chatty  : uid=1000(system) Binder:618_3 expire 2 lines
12-27 16:37:11.826   792   792 E PerfBoostIMSCallback: Requires com.amazon.permission.USE_PERFBOOST permission
12-27 16:37:12.523   618   662 I chatty  : uid=1000(system) InputReader expire 34 lines
12-27 16:37:16.317   792   792 E PerfBoostIMSCallback: Requires com.amazon.permission.USE_PERFBOOST permission
12-27 16:37:19.733   792   792 E PerfBoostIMSCallback: Requires com.amazon.permission.USE_PERFBOOST permission
12-27 16:37:21.652   792   792 E PerfBoostIMSCallback: Requires com.amazon.permission.USE_PERFBOOST permission
12-27 16:37:24.291   792   792 E PerfBoostIMSCallback: Requires com.amazon.permission.USE_PERFBOOST permission
12-27 16:37:24.438   618   662 I chatty  : uid=1000(system) InputReader expire 19 lines
12-27 16:37:28.589   792   792 E PerfBoostIMSCallback: Requires com.amazon.permission.USE_PERFBOOST permission
12-27 16:37:30.994   618  3780 I chatty  : uid=1000(system) Binder:618_10 expire 5 lines
12-27 16:37:32.213   618  4460 I chatty  : uid=1000 system_server expire 5 lines
12-27 16:37:37.106   618   661 I chatty  : uid=1000(system) InputDispatcher expire 10 lines
12-27 16:37:37.731   618   700 I chatty  : uid=1000(system) AmazonHdmiServi expire 1 line
12-27 16:37:39.502  4514  4514 I FrameworkJumpTable: Successfully loaded all classes
12-27 16:37:39.519  4514  4514 I FrameworkJumpTable: Successfully loaded all methods
12-27 16:37:39.520  4514  4514 I FrameworkJumpTable: Successfully loaded all fields
12-27 16:37:39.521  4514  4514 I FrameworkJumpTable: Successfully loaded all constructors
12-27 16:37:40.562   618   662 I chatty  : uid=1000(system) InputReader expire 59 lines
12-27 16:37:44.266   618  4099 I chatty  : uid=1000(system) Binder:618_12 expire 6 lines
12-27 16:37:44.343   618   629 I chatty  : uid=1000(system) Binder:618_2 expire 8 lines
12-27 16:37:44.355   618   716 I chatty  : uid=1000(system) AmazonUsageStat expire 4 lines
12-27 16:37:44.499   618  5676 I chatty  : uid=1000(system) Binder:618_13 expire 10 lines
12-27 16:37:46.093   618  4650 I chatty  : uid=1000 system_server expire 5 lines
12-27 16:37:46.135   618   638 I chatty  : uid=1000(system) android.display expire 4 lines
12-27 16:37:48.188   618   630 I chatty  : uid=1000(system) android.bg expire 9 lines
12-27 16:37:49.129   618   778 I chatty  : uid=1000(system) LazyTaskWriterT expire 4 lines
12-27 16:38:07.579   618   631 I chatty  : uid=1000(system) ActivityManager expire 11 lines
12-27 16:38:15.496   792   792 E PerfBoostIMSCallback: Requires com.amazon.permission.USE_PERFBOOST permission
12-27 16:38:15.601   618   662 I chatty  : uid=1000(system) InputReader expire 10 lines
12-27 16:39:15.570   618   856 I chatty  : uid=1000(system) Binder:618_3 expire 2 lines
12-27 16:44:26.092   618   648 I chatty  : uid=1000(system) PackageManager expire 12 lines
12-27 16:44:27.755   618  1324 I chatty  : uid=1000(system) Binder:618_E expire 4 lines
12-27 16:44:27.794   618   618 I chatty  : uid=1000 system_server expire 12 lines
12-27 16:44:28.265   618  8740 I chatty  : uid=1000(system) Binder:618_18 expire 6 lines
12-27 16:44:28.983  5296  5296 W ContextImpl: Calling a method in the system process without a qualified user: android.app.ContextImpl.startService:1386 android.content.ContextWrapper.startService:613 android.content.ContextWrapper.startService:613 com.android.keychain.KeyChainBroadcastReceiver.onReceive:12 android.app.ActivityThread.handleReceiver:3068 
12-27 16:44:29.004   618 11733 I chatty  : uid=1000(system) Binder:618_1E expire 18 lines
12-27 16:44:29.325   618  6974 I chatty  : uid=1000(system) Binder:618_16 expire 6 lines
12-27 16:44:29.919   618 15353 I chatty  : uid=1000(system) Binder:618_1C expire 11 lines
12-27 16:44:29.968   618   678 I chatty  : uid=1000(system) ConnectivitySer expire 3 lines
12-27 16:44:30.149   618 12039 I chatty  : uid=1000(system) Binder:618_1B expire 3 lines
12-27 16:44:30.684  5423  5423 I FrameworkJumpTable: Successfully loaded all classes
12-27 16:44:30.712  5423  5423 I FrameworkJumpTable: Successfully loaded all methods
12-27 16:44:30.714  5423  5423 I FrameworkJumpTable: Successfully loaded all fields
12-27 16:44:30.714  5423  5423 I FrameworkJumpTable: Successfully loaded all constructors
12-27 16:44:30.911  5456  5456 I FrameworkJumpTable: Successfully loaded all classes
12-27 16:44:30.927  5456  5456 I FrameworkJumpTable: Successfully loaded all methods
12-27 16:44:30.929  5456  5456 I FrameworkJumpTable: Successfully loaded all fields
12-27 16:44:30.929  5456  5456 I FrameworkJumpTable: Successfully loaded all constructors
12-27 16:44:30.955  5423  5423 I AmazonHdmiServiceManager: AmazonHdmiServiceManager created
12-27 16:44:31.930   618   633 I chatty  : uid=1000(system) ActivityManager expire 2 lines
12-27 16:44:32.192  5508  5553 I FrameworkJumpTable: Successfully loaded all classes
12-27 16:44:32.222  5508  5553 I FrameworkJumpTable: Successfully loaded all methods
12-27 16:44:32.266  5508  5553 I FrameworkJumpTable: Successfully loaded all fields
12-27 16:44:32.267  5508  5553 I FrameworkJumpTable: Successfully loaded all constructors
12-27 16:44:40.047   792   792 E PerfBoostIMSCallback: Requires com.amazon.permission.USE_PERFBOOST permission
12-27 16:44:41.556   618   864 I chatty  : uid=1000(system) Binder:618_4 expire 1 line
12-27 16:44:42.219   792   792 E PerfBoostIMSCallback: Requires com.amazon.permission.USE_PERFBOOST permission
12-27 16:44:42.897   618   662 I chatty  : uid=1000(system) InputReader expire 5 lines
12-27 16:45:27.323   618 15353 I chatty  : uid=1000(system) Binder:618_1C expire 3 lines
12-27 16:45:43.886   618  1087 I chatty  : uid=1000(system) Binder:618_6 expire 3 lines
12-27 16:51:53.016   618  1012 I chatty  : uid=1000(system) Binder:618_5 expire 3 lines
12-27 16:53:08.337   618   717 I chatty  : uid=1000(system) AmazonProfileSe expire 1 line
12-27 16:53:08.338   618   645 I chatty  : uid=1000(system) PowerManagerSer expire 1 line
12-27 16:53:08.981   618   721 I chatty  : uid=1000(system) MetricsHandler expire 1 line
12-27 16:53:09.142  6327  6365 I FrameworkJumpTable: Successfully loaded all classes
12-27 16:53:09.229  6327  6365 I FrameworkJumpTable: Successfully loaded all methods
12-27 16:53:09.231  6327  6365 I FrameworkJumpTable: Successfully loaded all fields
12-27 16:53:09.231  6327  6365 I FrameworkJumpTable: Successfully loaded all constructors
12-27 16:53:09.300  6349  6349 I FrameworkJumpTable: Successfully loaded all classes
12-27 16:53:09.334  6349  6349 I FrameworkJumpTable: Successfully loaded all methods
12-27 16:53:09.336  6349  6349 I FrameworkJumpTable: Successfully loaded all fields
12-27 16:53:09.336  6349  6349 I FrameworkJumpTable: Successfully loaded all constructors
12-27 16:53:11.593   618   618 I chatty  : uid=1000 system_server expire 10 lines
12-27 16:54:53.024   618   654 I chatty  : uid=1000(system) AlarmManager expire 8 lines
12-27 17:03:08.948   618   642 I chatty  : uid=1000(system) HomeLauncherCal expire 7 lines
12-27 17:03:10.312  7189  7189 I FrameworkJumpTable: Successfully loaded all classes
12-27 17:03:10.327  7189  7189 I FrameworkJumpTable: Successfully loaded all methods
12-27 17:03:10.329  7189  7189 I FrameworkJumpTable: Successfully loaded all fields
12-27 17:03:10.329  7189  7189 I FrameworkJumpTable: Successfully loaded all constructors
12-27 17:04:34.330   618   634 I chatty  : uid=1000(system) batterystats-sy expire 4 lines
12-27 17:04:55.759  7370  7370 I FrameworkJumpTable: Successfully loaded all classes
12-27 17:04:55.778  7370  7370 I FrameworkJumpTable: Successfully loaded all methods
12-27 17:04:55.780  7370  7370 I FrameworkJumpTable: Successfully loaded all fields
12-27 17:04:55.780  7370  7370 I FrameworkJumpTable: Successfully loaded all constructors
12-27 17:04:57.832   618  7380 I chatty  : uid=1000(system) Binder:618_17 expire 4 lines
12-27 17:05:59.004  7673  7692 I FrameworkJumpTable: Successfully loaded all classes
12-27 17:05:59.029  7673  7692 I FrameworkJumpTable: Successfully loaded all methods
12-27 17:05:59.030  7673  7692 I FrameworkJumpTable: Successfully loaded all fields
12-27 17:05:59.030  7673  7692 I FrameworkJumpTable: Successfully loaded all constructors
12-27 17:07:31.927  7793  7793 I FrameworkJumpTable: Successfully loaded all classes
12-27 17:07:31.944  7793  7793 I FrameworkJumpTable: Successfully loaded all methods
12-27 17:07:31.947  7793  7793 I FrameworkJumpTable: Successfully loaded all fields
12-27 17:07:31.947  7793  7793 I FrameworkJumpTable: Successfully loaded all constructors
12-27 17:15:29.981   618   631 I chatty  : uid=1000(system) ActivityManager expire 10 lines
12-27 17:54:20.918 11496 11496 I FrameworkJumpTable: Successfully loaded all classes
12-27 17:54:20.929 11496 11496 I FrameworkJumpTable: Successfully loaded all methods
12-27 17:54:20.931 11496 11496 I FrameworkJumpTable: Successfully loaded all fields
12-27 17:54:20.931 11496 11496 I FrameworkJumpTable: Successfully loaded all constructors
12-27 17:54:22.274 11529 11529 I FrameworkJumpTable: Successfully loaded all classes
12-27 17:54:22.287 11529 11529 I FrameworkJumpTable: Successfully loaded all methods
12-27 17:54:22.288 11529 11529 I FrameworkJumpTable: Successfully loaded all fields
12-27 17:54:22.289 11529 11529 I FrameworkJumpTable: Successfully loaded all constructors
12-27 17:54:22.322 11529 11529 I AmazonHdmiServiceManager: AmazonHdmiServiceManager created
12-27 17:54:22.902 11571 11594 I FrameworkJumpTable: Successfully loaded all classes
12-27 17:54:22.958 11571 11594 I FrameworkJumpTable: Successfully loaded all methods
12-27 17:54:22.959 11571 11594 I FrameworkJumpTable: Successfully loaded all fields
12-27 17:54:22.959 11571 11594 I FrameworkJumpTable: Successfully loaded all constructors
12-27 17:58:40.955 11973 11973 I FrameworkJumpTable: Successfully loaded all classes
12-27 17:58:40.976 11973 11973 I FrameworkJumpTable: Successfully loaded all methods
12-27 17:58:40.979 11973 11973 I FrameworkJumpTable: Successfully loaded all fields
12-27 17:58:40.979 11973 11973 I FrameworkJumpTable: Successfully loaded all constructors
12-27 17:58:41.280   618  1012 I chatty  : uid=1000(system) Binder:618_5 expire 1 line
12-27 17:58:41.431 11973 12004 E ActivityThread: Failed to find provider info for com.amazon.tv.channelscan
12-27 17:58:41.432 11973 12004 E ActivityThread: Failed to find provider info for com.amazon.tv.channelscan
12-27 17:58:41.433 11973 12004 E ActivityThread: Failed to find provider info for com.amazon.tv.channelscan
12-27 17:58:41.453   618  6182 I chatty  : uid=1000(system) Binder:618_15 expire 3 lines
12-27 18:04:34.386   618   634 I chatty  : uid=1000(system) batterystats-sy expire 8 lines
12-27 18:06:36.363   618   654 I chatty  : uid=1000(system) AlarmManager expire 10 lines
12-27 18:06:36.398   618   618 I chatty  : uid=1000 system_server expire 12 lines
12-27 18:06:36.472   618   678 I chatty  : uid=1000(system) ConnectivitySer expire 6 lines
12-27 18:06:36.605 12694 12694 I FrameworkJumpTable: Successfully loaded all classes
12-27 18:06:36.623 12694 12694 I FrameworkJumpTable: Successfully loaded all methods
12-27 18:06:36.626 12694 12694 I FrameworkJumpTable: Successfully loaded all fields
12-27 18:06:36.626 12694 12694 I FrameworkJumpTable: Successfully loaded all constructors
12-27 18:06:37.940 12795 12825 I FrameworkJumpTable: Successfully loaded all classes
12-27 18:06:37.987 12795 12825 I FrameworkJumpTable: Successfully loaded all methods
12-27 18:06:37.989 12795 12825 I FrameworkJumpTable: Successfully loaded all fields
12-27 18:06:37.989 12795 12825 I FrameworkJumpTable: Successfully loaded all constructors
12-27 18:07:32.542 12888 12888 I FrameworkJumpTable: Successfully loaded all classes
12-27 18:07:32.558 12888 12888 I FrameworkJumpTable: Successfully loaded all methods
12-27 18:07:32.560 12888 12888 I FrameworkJumpTable: Successfully loaded all fields
12-27 18:07:32.560 12888 12888 I FrameworkJumpTable: Successfully loaded all constructors
12-27 18:25:37.074   618   864 I chatty  : uid=1000(system) Binder:618_4 expire 1 line
12-27 18:27:11.209   618  8740 I chatty  : uid=1000(system) Binder:618_18 expire 3 lines
12-27 18:27:55.599   618   630 I chatty  : uid=1000(system) android.bg expire 8 lines
12-27 18:27:55.862 14428 14428 I FrameworkJumpTable: Successfully loaded all classes
12-27 18:27:55.882 14428 14428 I FrameworkJumpTable: Successfully loaded all methods
12-27 18:27:55.885 14428 14428 I FrameworkJumpTable: Successfully loaded all fields
12-27 18:27:55.885 14428 14428 I FrameworkJumpTable: Successfully loaded all constructors
12-27 18:28:01.248   618  3404 I chatty  : uid=1000(system) Binder:618_F expire 3 lines
12-27 18:28:44.468   618  1087 I chatty  : uid=1000(system) Binder:618_6 expire 5 lines
12-27 18:32:59.523 14979 14979 I FrameworkJumpTable: Successfully loaded all classes
12-27 18:32:59.535 14979 14979 I FrameworkJumpTable: Successfully loaded all methods
12-27 18:32:59.537 14979 14979 I FrameworkJumpTable: Successfully loaded all fields
12-27 18:32:59.537 14979 14979 I FrameworkJumpTable: Successfully loaded all constructors
12-27 18:32:59.782   618  6974 I chatty  : uid=1000(system) Binder:618_16 expire 4 lines
12-27 18:32:59.810   618  1180 I chatty  : uid=1000(system) Binder:618_7 expire 5 lines
12-27 18:33:00.011 15041 15078 I FrameworkJumpTable: Successfully loaded all classes
12-27 18:33:00.028 15041 15078 I FrameworkJumpTable: Successfully loaded all methods
12-27 18:33:00.030 15041 15078 I FrameworkJumpTable: Successfully loaded all fields
12-27 18:33:00.030 15041 15078 I FrameworkJumpTable: Successfully loaded all constructors
12-27 18:33:00.122 14979 15008 E ActivityThread: Failed to find provider info for com.amazon.tv.channelscan
12-27 18:33:00.124 14979 15008 E ActivityThread: Failed to find provider info for com.amazon.tv.channelscan
12-27 18:33:00.125 14979 15008 E ActivityThread: Failed to find provider info for com.amazon.tv.channelscan
12-27 18:33:05.465 15163 15163 I FrameworkJumpTable: Successfully loaded all classes
12-27 18:33:05.478 15163 15163 I FrameworkJumpTable: Successfully loaded all methods
12-27 18:33:05.479 15163 15163 I FrameworkJumpTable: Successfully loaded all fields
12-27 18:33:05.479 15163 15163 I FrameworkJumpTable: Successfully loaded all constructors
12-27 18:33:05.514 15163 15163 I AmazonHdmiServiceManager: AmazonHdmiServiceManager created
12-27 18:35:59.360   618   628 I chatty  : uid=1000(system) Binder:618_1 expire 1 line
12-27 18:49:56.311   618  1099 I chatty  : uid=1000(system) pool-5-thread-1 expire 8 lines
12-27 18:55:40.112   618   631 I chatty  : uid=1000(system) ActivityManager expire 9 lines
12-27 19:06:38.362 17798 17816 I FrameworkJumpTable: Successfully loaded all classes
12-27 19:06:38.390 17798 17816 I FrameworkJumpTable: Successfully loaded all methods
12-27 19:06:38.392 17798 17816 I FrameworkJumpTable: Successfully loaded all fields
12-27 19:06:38.392 17798 17816 I FrameworkJumpTable: Successfully loaded all constructors
12-27 19:06:43.153   618   618 I chatty  : uid=1000 system_server expire 10 lines
12-27 19:06:43.340 17827 17827 I FrameworkJumpTable: Successfully loaded all classes
12-27 19:06:43.357 17827 17827 I FrameworkJumpTable: Successfully loaded all methods
12-27 19:06:43.359 17827 17827 I FrameworkJumpTable: Successfully loaded all fields
12-27 19:06:43.359 17827 17827 I FrameworkJumpTable: Successfully loaded all constructors
12-27 19:06:44.908   618 22065 I chatty  : uid=1000(system) Binder:618_1D expire 2 lines
12-27 19:07:33.152 18057 18057 I FrameworkJumpTable: Successfully loaded all classes
12-27 19:07:33.164 18057 18057 I FrameworkJumpTable: Successfully loaded all methods
12-27 19:07:33.167 18057 18057 I FrameworkJumpTable: Successfully loaded all fields
12-27 19:07:33.167 18057 18057 I FrameworkJumpTable: Successfully loaded all constructors
12-27 19:10:51.885 15474 15474 I FrameworkJumpTable: Successfully loaded all classes
12-27 19:10:51.906 15474 15474 I FrameworkJumpTable: Successfully loaded all methods
12-27 19:10:51.909 15474 15474 I FrameworkJumpTable: Successfully loaded all fields
12-27 19:10:51.909 15474 15474 I FrameworkJumpTable: Successfully loaded all constructors
12-27 19:10:52.438   618   635 I chatty  : uid=1000(system) FileObserver expire 2 lines
12-27 19:33:42.490   618  1322 I chatty  : uid=1000(system) Binder:618_C expire 12 lines
12-27 19:34:36.090 20061 20061 I FrameworkJumpTable: Successfully loaded all classes
12-27 19:34:36.105 20061 20061 I FrameworkJumpTable: Successfully loaded all methods
12-27 19:34:36.107 20061 20061 I FrameworkJumpTable: Successfully loaded all fields
12-27 19:34:36.107 20061 20061 I FrameworkJumpTable: Successfully loaded all constructors
12-27 19:34:36.414   618  1324 I chatty  : uid=1000(system) Binder:618_E expire 3 lines
12-27 19:34:36.639 20146 20183 I FrameworkJumpTable: Successfully loaded all classes
12-27 19:34:36.663 20146 20183 I FrameworkJumpTable: Successfully loaded all methods
12-27 19:34:36.668 20146 20183 I FrameworkJumpTable: Successfully loaded all fields
12-27 19:34:36.668 20146 20183 I FrameworkJumpTable: Successfully loaded all constructors
12-27 19:34:36.785 20061 20108 E ActivityThread: Failed to find provider info for com.amazon.tv.channelscan
12-27 19:34:36.786 20061 20108 E ActivityThread: Failed to find provider info for com.amazon.tv.channelscan
12-27 19:34:36.787 20061 20108 E ActivityThread: Failed to find provider info for com.amazon.tv.channelscan
12-27 19:38:44.559   618 11852 I chatty  : uid=1000(system) Binder:618_20 expire 13 lines
12-27 19:53:39.846 21682 21682 I FrameworkJumpTable: Successfully loaded all classes
12-27 19:53:39.867 21682 21682 I FrameworkJumpTable: Successfully loaded all methods
12-27 19:53:39.870 21682 21682 I FrameworkJumpTable: Successfully loaded all fields
12-27 19:53:39.870 21682 21682 I FrameworkJumpTable: Successfully loaded all constructors
12-27 19:53:40.324 21682 21682 I AmazonHdmiServiceManager: AmazonHdmiServiceManager created
12-27 19:54:51.054   618   662 I chatty  : uid=1000(system) InputReader expire 33 lines
12-27 19:54:51.058   618   644 I chatty  : uid=1000(system) SuspendToRamVen expire 1 line
12-27 19:54:51.058   618   645 I chatty  : uid=1000(system) PowerManagerSer expire 4 lines
12-27 19:54:51.063   618   717 I chatty  : uid=1000(system) AmazonProfileSe expire 2 lines
12-27 19:54:51.121   618   638 I chatty  : uid=1000(system) android.display expire 1 line
12-27 19:54:51.149   618 24696 I chatty  : uid=1000(system) Binder:618_1F expire 1 line
12-27 19:54:51.216   618   721 I chatty  : uid=1000(system) MetricsHandler expire 1 line
12-27 19:54:51.380   618   716 I chatty  : uid=1000(system) AmazonUsageStat expire 7 lines
12-27 19:54:51.856 21923 21945 I FrameworkJumpTable: Successfully loaded all classes
12-27 19:54:51.922 21923 21945 I FrameworkJumpTable: Successfully loaded all methods
12-27 19:54:51.924 21923 21945 I FrameworkJumpTable: Successfully loaded all fields
12-27 19:54:51.924 21923 21945 I FrameworkJumpTable: Successfully loaded all constructors
12-27 19:54:52.274   618  5676 I chatty  : uid=1000(system) Binder:618_13 expire 14 lines
12-27 19:54:52.597 21981 21981 I FrameworkJumpTable: Successfully loaded all classes
12-27 19:54:52.616 21981 21981 I FrameworkJumpTable: Successfully loaded all methods
12-27 19:54:52.618 21981 21981 I FrameworkJumpTable: Successfully loaded all fields
12-27 19:54:52.618 21981 21981 I FrameworkJumpTable: Successfully loaded all constructors
12-27 19:55:09.012   618   618 I chatty  : uid=1000 system_server expire 4 lines
12-27 19:55:10.524 22126 22126 I FrameworkJumpTable: Successfully loaded all classes
12-27 19:55:10.546 22126 22126 I FrameworkJumpTable: Successfully loaded all methods
12-27 19:55:10.548 22126 22126 I FrameworkJumpTable: Successfully loaded all fields
12-27 19:55:10.548 22126 22126 I FrameworkJumpTable: Successfully loaded all constructors
12-27 19:55:10.594 22126 22126 I AmazonHdmiServiceManager: AmazonHdmiServiceManager created
12-27 19:55:10.594   618   629 I chatty  : uid=1000(system) Binder:618_2 expire 9 lines
12-27 19:55:10.649   618   662 I chatty  : uid=1000(system) InputReader expire 12 lines
12-27 19:55:10.937   618  7380 I chatty  : uid=1000(system) Binder:618_17 expire 4 lines
12-27 19:55:12.940 22126 22175 E ActivityThread: Failed to find provider info for com.amazon.device.controller.provider
12-27 19:55:12.958   618  1323 I chatty  : uid=1000(system) Binder:618_D expire 2 lines
12-27 19:55:18.306 22236 22252 W ContextImpl: Calling a method in the system process without a qualified user: android.app.ContextImpl.startActivity:796 android.content.ContextWrapper.startActivity:356 com.amazon.tv.settings.core.service.SettingsCoreBinder.startNetworkStatusActivityWithNetworkId:122 com.amazon.tv.settings.core.ISettingsCoreService$Stub.onTransact:1101 android.os.Binder.execTransact:565 
12-27 19:55:18.307 22236 22252 W ContextImpl: Calling a method in the system process without a qualified user: android.app.ContextImpl.startActivity:808 android.app.ContextImpl.startActivity:797 android.content.ContextWrapper.startActivity:356 com.amazon.tv.settings.core.service.SettingsCoreBinder.startNetworkStatusActivityWithNetworkId:122 com.amazon.tv.settings.core.ISettingsCoreService$Stub.onTransact:1101 
12-27 19:55:18.344 22126 22126 W ViewRootImpl[NetworkActivity]: Cancelling event due to no window focus: KeyEvent { action=ACTION_UP, keyCode=KEYCODE_MEDIA_PLAY_PAUSE, scanCode=164, metaState=0, flags=0x28, repeatCount=0, eventTime=292847477, downTime=292847440, deviceId=18, source=0x301 }
12-27 19:55:18.344 22126 22126 W ViewRootImpl[NetworkActivity]: Cancelling event due to no window focus: KeyEvent { action=ACTION_UP, keyCode=KEYCODE_MEDIA_PLAY_PAUSE, scanCode=164, metaState=0, flags=0x28, repeatCount=0, eventTime=292847477, downTime=292847440, deviceId=18, source=0x301 }
12-27 19:55:18.344 22126 22126 W ViewRootImpl[NetworkActivity]: Cancelling event due to no window focus: KeyEvent { action=ACTION_UP, keyCode=KEYCODE_MEDIA_PLAY_PAUSE, scanCode=164, metaState=0, flags=0x28, repeatCount=0, eventTime=292847477, downTime=292847440, deviceId=18, source=0x301 }
12-27 19:55:18.501 22267 22267 I FrameworkJumpTable: Successfully loaded all classes
12-27 19:55:18.515 22267 22267 I FrameworkJumpTable: Successfully loaded all methods
12-27 19:55:18.517 22267 22267 I FrameworkJumpTable: Successfully loaded all fields
12-27 19:55:18.517 22267 22267 I FrameworkJumpTable: Successfully loaded all constructors
12-27 19:55:18.587   618  1322 I chatty  : uid=1000(system) Binder:618_C expire 4 lines
12-27 19:55:18.681 22286 22286 I FrameworkJumpTable: Successfully loaded all classes
12-27 19:55:18.695 22286 22286 I FrameworkJumpTable: Successfully loaded all methods
12-27 19:55:18.696 22286 22286 I FrameworkJumpTable: Successfully loaded all fields
12-27 19:55:18.697 22286 22286 I FrameworkJumpTable: Successfully loaded all constructors
12-27 19:55:19.033 22286 22286 W ViewRootImpl[NSAActivity]: Cancelling event due to no window focus: KeyEvent { action=ACTION_UP, keyCode=KEYCODE_MEDIA_PLAY_PAUSE, scanCode=164, metaState=0, flags=0x28, repeatCount=0, eventTime=292847639, downTime=292847440, deviceId=18, source=0x301 }
12-27 19:55:19.033 22286 22286 W ViewRootImpl[NSAActivity]: Cancelling event due to no window focus: KeyEvent { action=ACTION_UP, keyCode=KEYCODE_MEDIA_PLAY_PAUSE, scanCode=164, metaState=0, flags=0x28, repeatCount=0, eventTime=292847639, downTime=292847440, deviceId=18, source=0x301 }
12-27 19:55:19.033 22286 22286 W ViewRootImpl[NSAActivity]: Cancelling event due to no window focus: KeyEvent { action=ACTION_UP, keyCode=KEYCODE_MEDIA_PLAY_PAUSE, scanCode=164, metaState=0, flags=0x28, repeatCount=0, eventTime=292847639, downTime=292847440, deviceId=18, source=0x301 }
12-27 19:55:19.033 22286 22286 W ViewRootImpl[NSAActivity]: Cancelling event due to no window focus: KeyEvent { action=ACTION_UP, keyCode=KEYCODE_MEDIA_PLAY_PAUSE, scanCode=164, metaState=0, flags=0x28, repeatCount=0, eventTime=292847639, downTime=292847440, deviceId=18, source=0x301 }
12-27 19:55:19.034 22286 22286 W ViewRootImpl[NSAActivity]: Cancelling event due to no window focus: KeyEvent { action=ACTION_UP, keyCode=KEYCODE_MEDIA_PLAY_PAUSE, scanCode=164, metaState=0, flags=0x28, repeatCount=0, eventTime=292847639, downTime=292847440, deviceId=18, source=0x301 }
12-27 19:55:19.035 22286 22286 W ViewRootImpl[NSAActivity]: Cancelling event due to no window focus: KeyEvent { action=ACTION_UP, keyCode=KEYCODE_MEDIA_PLAY_PAUSE, scanCode=164, metaState=0, flags=0x28, repeatCount=0, eventTime=292847639, downTime=292847440, deviceId=18, source=0x301 }
12-27 19:55:19.038 22286 22286 W ViewRootImpl[NSAActivity]: Cancelling event due to no window focus: KeyEvent { action=ACTION_UP, keyCode=KEYCODE_MEDIA_PLAY_PAUSE, scanCode=164, metaState=0, flags=0x28, repeatCount=0, eventTime=292847639, downTime=292847440, deviceId=18, source=0x301 }
12-27 19:55:22.193 22370 22370 I FrameworkJumpTable: Successfully loaded all classes
12-27 19:55:22.209 22370 22370 I FrameworkJumpTable: Successfully loaded all methods
12-27 19:55:22.211 22370 22370 I FrameworkJumpTable: Successfully loaded all fields
12-27 19:55:22.211 22370 22370 I FrameworkJumpTable: Successfully loaded all constructors
12-27 19:55:22.814   618   662 I chatty  : uid=1000(system) InputReader expire 18 lines
12-27 19:55:22.878   618   778 I chatty  : uid=1000(system) LazyTaskWriterT expire 2 lines
12-27 19:58:05.341   618   648 I chatty  : uid=1000(system) PackageManager expire 13 lines
12-27 19:58:06.465   618   631 I chatty  : uid=1000(system) ActivityManager expire 8 lines
12-27 19:58:07.101   618   618 I chatty  : uid=1000 system_server expire 6 lines
12-27 19:58:07.170   618  1323 I chatty  : uid=1000(system) Binder:618_D expire 5 lines
12-27 19:58:07.418 22705 22705 I FrameworkJumpTable: Successfully loaded all classes
12-27 19:58:07.447 22705 22705 I FrameworkJumpTable: Successfully loaded all methods
12-27 19:58:07.449 22705 22705 I FrameworkJumpTable: Successfully loaded all fields
12-27 19:58:07.449 22705 22705 I FrameworkJumpTable: Successfully loaded all constructors
12-27 19:58:07.487   618   630 I chatty  : uid=1000(system) android.bg expire 4 lines
12-27 19:58:08.150   618   629 I chatty  : uid=1000(system) Binder:618_2 expire 1 line
12-27 19:58:08.281   618  8740 I chatty  : uid=1000(system) Binder:618_18 expire 9 lines
12-27 19:58:08.969 22799 22799 W ContextImpl: Calling a method in the system process without a qualified user: android.app.ContextImpl.startService:1386 android.content.ContextWrapper.startService:613 android.content.ContextWrapper.startService:613 com.android.keychain.KeyChainBroadcastReceiver.onReceive:12 android.app.ActivityThread.handleReceiver:3068 
12-27 19:58:09.440   618   633 I chatty  : uid=1000(system) ActivityManager expire 1 line
12-27 19:58:09.445   618 12039 I chatty  : uid=1000(system) Binder:618_1B expire 1 line
12-27 19:58:09.486   618   778 I chatty  : uid=1000(system) LazyTaskWriterT expire 5 lines
12-27 19:58:15.432   618  1224 I chatty  : uid=1000(system) Binder:618_9 expire 6 lines
12-27 19:58:15.506   618   678 I chatty  : uid=1000(system) ConnectivitySer expire 1 line
12-27 19:58:20.124   618   628 I chatty  : uid=1000(system) Binder:618_1 expire 4 lines
12-27 19:58:24.120 22996 22996 I FrameworkJumpTable: Successfully loaded all classes
12-27 19:58:24.142 22996 22996 I FrameworkJumpTable: Successfully loaded all methods
12-27 19:58:24.154 22996 22996 I FrameworkJumpTable: Successfully loaded all fields
12-27 19:58:24.154 22996 22996 I FrameworkJumpTable: Successfully loaded all constructors
12-27 19:58:24.188   618  4099 I chatty  : uid=1000(system) Binder:618_12 expire 10 lines
12-27 19:58:36.276   618   638 I chatty  : uid=1000(system) android.display expire 2 lines
12-27 19:58:36.319   618   716 I chatty  : uid=1000(system) AmazonUsageStat expire 6 lines
12-27 19:58:36.347 23026 23026 I FrameworkJumpTable: Successfully loaded all classes
12-27 19:58:36.374 23026 23026 I FrameworkJumpTable: Successfully loaded all methods
12-27 19:58:36.376 23026 23026 I FrameworkJumpTable: Successfully loaded all fields
12-27 19:58:36.376 23026 23026 I FrameworkJumpTable: Successfully loaded all constructors
12-27 19:58:56.444   618   662 I chatty  : uid=1000(system) InputReader expire 11 lines
12-27 19:59:09.752   618  3404 I chatty  : uid=1000(system) Binder:618_F expire 2 lines
12-27 19:59:25.966   792   792 E PerfBoostIMSCallback: Requires com.amazon.permission.USE_PERFBOOST permission
12-27 19:59:46.047   792   792 E PerfBoostIMSCallback: Requires com.amazon.permission.USE_PERFBOOST permission
12-27 19:59:46.647   618   662 I chatty  : uid=1000(system) InputReader expire 25 lines
12-27 19:59:48.527   618  3780 I chatty  : uid=1000(system) Binder:618_10 expire 10 lines
12-27 19:59:50.899   618   661 I chatty  : uid=1000(system) InputDispatcher expire 10 lines
12-27 19:59:52.235   618   700 I chatty  : uid=1000(system) AmazonHdmiServi expire 1 line
12-27 19:59:52.348   618  4099 I chatty  : uid=1000(system) Binder:618_12 expire 3 lines
12-27 19:59:52.716 23290 23290 I FrameworkJumpTable: Successfully loaded all classes
