12-28 10:40:43.423  8087  9421 I AmazonAppstore.ProfileLibraryManagerClientImpl: getProfileLibraryItems returning library size: 12
12-28 10:40:43.437  8087  9421 I AmazonAppstore.CORPolicy: Forcing isFullExperience to true, as that is the only supported experience.
12-28 10:40:43.444  8087  9421 I AmazonAppstore.SharedPrefs: AFTV.SharedPref.Read.Latency: 0
12-28 10:40:43.459  8087  9421 I AmazonAppstore.CORPolicy: Forcing isFullExperience to true, as that is the only supported experience.
12-28 10:40:43.527   618   627 I art     : Background sticky concurrent mark sweep GC freed 38533(3MB) AllocSpace objects, 1(20KB) LOS objects, 17% free, 18MB/21MB, paused 8.589ms total 69.519ms
12-28 10:40:43.694  8087  9421 I AFXLocalization: DB Location : data/data/com.amazon.venezia/databases/TranslatedStrings.db
12-28 10:40:43.710  8087  9421 I AFXLocalization: DB Read successful for locale pt_BR, key translationMap
12-28 10:40:43.735  8087  9421 I AFXLocalization: getLocalizedString: Cache refresh successful for locale: pt_BR, fetching string now string ID: launch
12-28 10:40:43.748 22126 29220 I ST-SystemAppUninstallIn: uri : content://com.amazon.provider.SystemAppUninstall/uninstallSupportedApps; calling package : com.amazon.venezia
12-28 10:40:43.781 22126 29220 I ...atformDependencyImpl: isAmazonDevice() in ClientSideAmazonPlatformDependencyImpl is called
12-28 10:40:43.782 22126 29220 I ...2/LocalKeyValueStore: Create DE shared preference, OS supports direct boot.
12-28 10:40:43.783 22126 29220 I ...atformDependencyImpl: isAmazonDevice() in ClientSideAmazonPlatformDependencyImpl is called
12-28 10:40:43.797 22126 29220 I ST-RemoteConfigArcusUti: Arcus Attributes : PFM: A2Q3Y263D00KWC, customerId: amzn1.account.AGVMHVUD45DNVUXWSX4OSC54RUXA, sessionId: 060-5301390-0840270
12-28 10:40:43.811 22126 29220 I ST-AppUninstallHelper: UI Uninstall supported
12-28 10:40:43.811 22126 29220 I ST-SystemAppUninstallIn: uninstall supported app list: [com.amazon.cloud9, com.amazon.bueller.music, com.amazon.minitv.android.app, com.amazon.spiderpork, com.amazon.bueller.photos]
12-28 10:40:43.831   618  3784 I ActivityManager: Start proc 9426:com.amazon.storage.manager/u0a198 for content provider com.amazon.storage.manager/.providers.OffloadInfoContentProvider
12-28 10:40:43.892  9426  9426 W art     : Found duplicate classes, falling back to interpreter mode for /system/priv-app/DeviceClientPlatformContractsFramework/DeviceClientPlatformContractsFramework.apk
12-28 10:40:43.892  9426  9426 W art     : Found duplicated class when checking oat files: 'Lcom/amazon/dcp/common/ThirdPartyDeviceUtils;' in /system/priv-app/DeviceSoftwareOTAContracts/DeviceSoftwareOTAContracts.apk and /system/priv-app/DeviceClientPlatformContractsFramework/DeviceClientPlatformContractsFramework.apk
12-28 10:40:43.909  9426  9426 I art     : Starting a blocking GC AddRemoveAppImageSpace
12-28 10:40:43.910  9426  9426 W System  : ClassLoader referenced unknown path: /system/priv-app/com.amazon.storage.manager/lib/arm
12-28 10:40:43.914  9426  9426 W System  : ClassLoader referenced unknown path: /system/priv-app/MinervaApi/lib/arm
12-28 10:40:43.914  9426  9426 W System  : ClassLoader referenced unknown path: /system/priv-app/RemoteSettingsInternalSDK/lib/arm
12-28 10:40:43.915  9426  9426 W System  : ClassLoader referenced unknown path: /system/priv-app/DeviceSoftwareOTAContracts/lib/arm
12-28 10:40:43.915  9426  9426 W System  : ClassLoader referenced unknown path: /system/priv-app/MetricsApi/lib/arm
12-28 10:40:43.915  9426  9426 W System  : ClassLoader referenced unknown path: /system/priv-app/DeviceClientPlatformContractsFramework/lib/arm
12-28 10:40:44.062  9426  9426 I FrameworkJumpTable: Successfully loaded all classes
12-28 10:40:44.082  9426  9426 I FrameworkJumpTable: Successfully loaded all methods
12-28 10:40:44.084  9426  9426 I FrameworkJumpTable: Successfully loaded all fields
12-28 10:40:44.084  9426  9426 I FrameworkJumpTable: Successfully loaded all constructors
12-28 10:40:44.144  9426  9439 I FSM-RemoteConfigFetcher: Using prod config
12-28 10:40:44.162  9426  9439 I FSM-RemoteConfigFetcher: Arcus Config processed {"common":{"syncIntervalInSeconds":21600,"syncJitterIntervalInSeconds":3600},"manualOffloadConfig":{"isFeatureSupported":true,"unsupportedAppsList":["com.storage.test"]},"dynamicOffloadConfig":{"isFeatureSupported":true,"storageThresholdInMB":800,"unusedDaysThreshold":31,"unsupportedAppsList":["com.storage.test","com.nordvpn.android","ch.protonvpn.android","com.expressvpn.vpn","com.surfshark.vpnclient.android","com.windscribe.vpn","com.cyberghostvpn.amazon","com.digiapp.vpn.tv.amazon","jp.unext.fire.player"]},"lowStorageConfig":{"shouldLogLowStorageWtf":true}}
12-28 10:40:44.178  9426  9439 I FSM-RemoteConfigFetcher: Using prod config
12-28 10:40:44.182  9426  9439 I FSM-RemoteConfigFetcher: Arcus Config processed {"common":{"syncIntervalInSeconds":21600,"syncJitterIntervalInSeconds":3600},"manualOffloadConfig":{"isFeatureSupported":true,"unsupportedAppsList":["com.storage.test"]},"dynamicOffloadConfig":{"isFeatureSupported":true,"storageThresholdInMB":800,"unusedDaysThreshold":31,"unsupportedAppsList":["com.storage.test","com.nordvpn.android","ch.protonvpn.android","com.expressvpn.vpn","com.surfshark.vpnclient.android","com.windscribe.vpn","com.cyberghostvpn.amazon","com.digiapp.vpn.tv.amazon","jp.unext.fire.player"]},"lowStorageConfig":{"shouldLogLowStorageWtf":true}}
12-28 10:40:44.196  9426  9439 I FSM-OffloadInfoContentP: manual offload unsupported app list: com.storage.test, isFeatureSupported: true
12-28 10:40:44.197  9426  9439 I SUL-MinervaMetricRecord: Initialize called
12-28 10:40:44.207  8087  9421 I AmazonAppstore.AppOffloadHelper: pref name: isManualOffloadSupported, pref value: true
12-28 10:40:44.207  8087  9421 I AmazonAppstore.AppOffloadHelper: pref name: manualOffloadUnsupportedApps, pref value: com.storage.test
12-28 10:40:44.207  8087  9421 I AmazonAppstore.AppOffloadHelper: storage manager content provider call took 393 ms
12-28 10:40:44.213  9426  9446 W MinervaServiceWrapper: getRemoteClientConfiguration: minerva service is not yet registered with the ServiceManager, use default configurations
12-28 10:40:44.214  9426  9446 I MetricEventSampler: Set local sampling key to 51
12-28 10:40:44.216  9426  9446 W MinervaServiceWrapper: record : MinervaService not yet bound. Buffered Metric Event String. Buffer Size: 1
12-28 10:40:44.369  8087  9421 I AmazonAppstore.SystemAppUninstallHelper: returning uninstall supported apps from cache
12-28 10:40:44.382  8087  9421 I AmazonAppstore.SystemAppUninstallHelper: returning uninstall supported apps from cache
12-28 10:40:44.416  8087  9421 I AmazonAppstore.SystemAppUninstallHelper: returning uninstall supported apps from cache
12-28 10:40:44.467  8087  9421 I AmazonAppstore.SystemAppUninstallHelper: returning uninstall supported apps from cache
12-28 10:40:44.494  8087  9421 I AmazonAppstore.SystemAppUninstallHelper: returning uninstall supported apps from cache
12-28 10:40:44.514  8087  9421 I AmazonAppstore.SystemAppUninstallHelper: returning uninstall supported apps from cache
12-28 10:40:44.525  8087  9421 I AmazonAppstore.SystemAppUninstallHelper: returning uninstall supported apps from cache
12-28 10:40:44.539  8087  9421 I AmazonAppstore.SystemAppUninstallHelper: returning uninstall supported apps from cache
12-28 10:40:44.563  8087  9421 I AmazonAppstore.SystemAppUninstallHelper: returning uninstall supported apps from cache
12-28 10:40:44.591  8087  9421 I AmazonAppstore.SystemAppUninstallHelper: returning uninstall supported apps from cache
12-28 10:40:44.604  8087  9421 I AmazonAppstore.SystemAppUninstallHelper: returning uninstall supported apps from cache
12-28 10:40:44.614  8087  9421 I AmazonAppstore.CORPolicy: Forcing isFullExperience to true, as that is the only supported experience.
12-28 10:40:44.614  8087  9421 I AmazonAppstore.CORPolicy: Forcing isFullExperience to true, as that is the only supported experience.
12-28 10:40:44.614  8087  9421 I AmazonAppstore.YACMinervaMetrics: Emitting Perf Metric with : CardMaker.CardListCall Value : 1448ms
12-28 10:40:44.615  8087  9421 I AmazonAppstore.CORPolicy: Forcing isFullExperience to true, as that is the only supported experience.
12-28 10:40:44.617  8087  9421 I AmazonAppstore.VeneziaCardMaker/VeneziaCardMaker: Cardlist size: 12
12-28 10:40:44.617  8087  9421 I AmazonAppstore.VeneziaCardMaker/VeneziaCardMaker: Navbar cards differ than what is cached, updating. Old was: 1863987666 New is: -421099642
12-28 10:40:44.630  8087  9421 I F_C.ProducerClientCompa: Producer com.amazon.venezia at API version BrazilVersion(1.7.13328.0).
12-28 10:40:44.665  8087  9421 I F_C.ProducerClientCompa: Connected to ServerInfo(CDA Version: BrazilVersion(1.5.2479.0), Min. Producer: BrazilVersion(1.0), Delete All: true, Actor: true)
12-28 10:40:44.667  1175  1204 I art     : Background partial concurrent mark sweep GC freed 15156(566KB) AllocSpace objects, 4(124KB) LOS objects, 9% free, 4MB/5MB, paused 6.866ms total 34.303ms
12-28 10:40:44.693  1541 12027 I F_C.CardAgentSynchroniz: Throttling producer refresh
12-28 10:40:44.696  1541 12027 I F_C.CardProvider: Starting batch operation
12-28 10:40:44.696  1541 12027 I F_C.CardProvider: decomposeBatchOperations(2 ops)
12-28 10:40:44.697  1541 12027 I F_C.CardProvider:  - replaceAll not detected
12-28 10:40:44.698  1541 12027 I F_C.CardProvider: 1th op as delete is not supported for decomposition
12-28 10:40:44.699  1541 12027 I F_C.CardProvider: delete(ParsedUri(PRODUCER=com.amazon.venezia, CARD=-332839699), null, 3392903), batched: true
12-28 10:40:44.706  1541 12027 I F_C.CardProvider: delete(ParsedUri(PRODUCER=com.amazon.venezia, CARD=1131635571), null, 3392903), batched: true
12-28 10:40:44.712  1541 12027 I F_C.CardProvider: We have 2 results from decomposedOperations.
12-28 10:40:44.712  1541 12027 I F_C.CardProvider: Decomposition not applied
12-28 10:40:44.717  1541 12027 I F_C.CardProvider: Completed batch operation
12-28 10:40:44.719  1541  1731 I F_C.DefaultConsumerClie: Using non-local ContentProvider
12-28 10:40:44.736  8087  9421 I AmazonAppstore.CORPolicy: Forcing isFullExperience to true, as that is the only supported experience.
12-28 10:40:44.737  8087  9421 I AmazonAppstore.SharedPrefs: AFTV.SharedPref.Read.Latency: 0
12-28 10:40:44.751  8087  9421 I AmazonAppstore.DefaultStorageManager: Datastore disabled
12-28 10:40:44.751  8087  9421 I AmazonAppstore.DefaultStorageManager: Already migrated to shared preferences
12-28 10:40:44.763  1541  1541 I CdaDynamicChannelDataCo: FTV-CDA: clearing mCardsToRemove of size 0
12-28 10:40:44.786  1541  1731 E SQLiteLog: (1) ambiguous column name: group_id
12-28 10:40:44.793  8087  9421 I AmazonAppstore.SharedPrefs: AFTV.SharedPref.Read.Latency: 42
12-28 10:40:44.793  8087  9421 I AmazonAppstore.VeneziaCardMaker/VeneziaCardMaker: Found previously pushed library, deleted missing cards.
12-28 10:40:44.795  8087  9421 I AmazonAppstore.VeneziaCardMaker/VeneziaCardMaker: Pushing library cards : [H:a95a7ec1aed26d96eaac7641f53b85b6, H:3fcae0898ecd997e120585d101a7c86b, H:16b8984ce9f9bd627868812640f8b589, H:ca64f17d224403d399694c0577e437d3, H:95b584a2dafe4e7b78a5843f91b27219, H:b70818a2b8a6f0398106d696699f6752, H:ec1a8dbb3e9d48f7f8d1c1445ba28b14, H:dd09d8e6a67aa6ace3ddcd6973839d53, H:c83ce345217e6f09224593ac2f893c04, H:22e9520170204ab2f646aaef4c9d5825, H:e894496a40bc3e0f3d5c9d0edc5e46a6, H:fd470f4c171a854b39f6549102fe21dc]
12-28 10:40:44.905  1541 12027 I F_C.CardProvider: bulkInsert(ParsedUri(PRODUCER=com.amazon.venezia), contentValues:[(com.amazon.venezia/-93567518/1766929244361), (com.amazon.venezia/1005608301/1766929244380), (com.amazon.venezia/-173459095/1766929244413), (com.amazon.venezia/1516216112/1766929244457), (com.amazon.venezia/156690670/1766929244485), (com.amazon.venezia/-1890957549/1766929244512), (com.amazon.venezia/968239612/1766929244518), (com.amazon.venezia/1375881433/1766929244537), (com.amazon.venezia/1811178262/1766929244561), (com.amazon.venezia/-1658153911/1766929244576), (com.amazon.venezia/-1466195928/1766929244602), (com.amazon.venezia/-625938972/1766929244614)][size=12])
12-28 10:40:44.923  1541 12027 I F_C.CardAgentSynchroniz: Throttling producer refresh
12-28 10:40:44.936 24532  1690 I MediaCodecLogger: 24532.4K.HW.video.avc.bitrateInKbps = 1976
12-28 10:40:45.004  8087  9421 I AmazonAppstore.CORPolicy: Forcing isFullExperience to true, as that is the only supported experience.
12-28 10:40:45.010  8087  9421 I AmazonAppstore.SharedPrefs: AFTV.SharedPref.Read.Latency: 0
12-28 10:40:45.010  8087  9421 I AmazonAppstore.SharedPrefs: AFTV.SharedPref.Read.Latency: 0
12-28 10:40:45.061  8087  9421 I AmazonAppstore.YACMinervaMetrics: Emitting Perf Metric with : CardMaker.RefreshLibrary Value : 1896ms
12-28 10:40:45.062  8087  9421 I AmazonAppstore.CORPolicy: Forcing isFullExperience to true, as that is the only supported experience.
12-28 10:40:45.067  8087  9421 I AmazonAppstore.VeneziaCardMaker/VeneziaCardMaker: Completed Refresh Library for Active Profile in 1901ms
12-28 10:40:45.067  8087  9421 I AmazonAppstore.VeneziaCardMaker/VeneziaCardMaker: Completed refreshType: LIBRARY_ROW
12-28 10:40:45.097  1541  1731 E SQLiteLog: (1) ambiguous column name: group_id
12-28 10:40:46.696  5631  6285 I         : [SessionManager] onAccessToken. Retrieved user info
12-28 10:40:46.720  9472  9472 I main.wifi_log_levels: wifi_log_levels:wlan0:rssi=-49;rssi2=0;noise=-84;noise2=-77;channel=149;txframes=7420525;txfails=168398;txper=2%;txaggr= 0 0 0 0 0 0 0 0;rxframes=15583103;rxcrc=18301726;rxper=54.0%;rxdrop=10646165;phymode=AC;phyrate=866;lasttxrate=6M_BW20;lastrxrate=6M_BW20; 
12-28 10:40:46.753  9475  9475 I main.wifi_log_levels: tx_packets=7302100;tx_bytes=1095631540;tx_errors=9;tx_dropped=0;rx_packets=14039666;rx_bytes=2319043238;rx_errors=0;rx_dropped=0;wlan0 arp=STALE 
12-28 10:40:46.776  9476  9476 I main.wifi_log_levels: max_rssi=-46;min_rssi=-69;max_noise=-81;min_noise=-92;noise histogram=0 0 285 78 71 4359 84671 157573 34 0 20145 
12-28 10:40:46.818  9478  9478 I main.wifi_log_levels: wifi_log_levels:ch_busy=60%;ch_idle=40%;ch_tx=3%;ch_rx=14%;tx_ok=0%;tx_fail=0%;tx_retry=0%;rx_ok=96%;rx_fcs=4%;tx_ok=0;tx_fail=0;tx_retry=52;rx_ok=7917;rx_fcs=264;cck_false=0;cck_crc=0;ofdm_false=3441;ofdm_crc=4; 
12-28 10:40:46.850   613  1444 I neo_service_coordinat..: Job type(start) operation called. [service name=com.amazon.alexa.datastore.app, job id=1, user=User(0)]
12-28 10:40:46.855  9355  9365 I Binder  : Spawn thread
12-28 10:40:46.989  9494  9494 I main.wifi_log_levels: TXRATE=NSS2_MCS9, BW80, SGI, VHT, LDPC; PER=00%; PERCNT=100%;RXRATE=NSS2_MCS8, BW80, SGI, VHT, LDPC; PERCNT=100%; 
12-28 10:40:47.052  5631  6285 E         : [WebApi.request] Invalid JSON response
12-28 10:40:47.054  5631  6285 E         : [SessionManager] onAccessToken. Failed to retrieve user info
12-28 10:40:47.054  5631  6285 I         : [AbstractRecommendationsManager] onAccessToken. B@168adfe
12-28 10:40:47.055  5631  6285 I         : [AbstractRecommendationsManager] onAccessToken. Have updated Recommendations On Login
12-28 10:40:47.844  9355  9355 I amzn_sarasds::logger: SDSLite::Configuration: Arcus sync successful
12-28 10:40:47.857   827   857 I chatty  : uid=1000(system) Binder:827_2 expire 1 line
12-28 10:40:47.859  9355  9355 E amzn_sarasds::logger: Configuration: Error while reading periodic refresh time threshold from config:"Invalid value in arcus config"
12-28 10:40:47.860  9355  9355 E amzn_sarasds::logger: Configuration: Error while reading jitter refresh time threshold from config:"Invalid value in arcus config"
12-28 10:40:47.860  9355  9355 E amzn_sarasds::logger: Configuration: Error while reading sync configuration:"{\"wipe_on_crypt_failure\":true,\"throttling_threshold_config\":{\"throttling_write_count\":1800,\"throttling_read_count\":7200,\"throttling_refill_write_count\":300,\"throttling_refill_read_count\":1200,\"throttling_refill_time_secs\":10},\"is_throttling_enabled\":true,\"expiry_scheduler_time_period_seconds\":3600,\"sync_interval_mins\":1440,\"storage_limit\":{\"InternalStorage\":10485760},\"global_readers_list\":[],\"etag_feature_allowlist\":[],\"register_for_notifications_limit\":50}", description:"Invalid value in arcus config"
12-28 10:40:47.860  9355  9355 E amzn_sarasds::logger: Configuration: Error while reading sync configuration:"{\"wipe_on_crypt_failure\":true,\"throttling_threshold_config\":{\"throttling_write_count\":1800,\"throttling_read_count\":7200,\"throttling_refill_write_count\":300,\"throttling_refill_read_count\":1200,\"throttling_refill_time_secs\":10},\"is_throttling_enabled\":true,\"expiry_scheduler_time_period_seconds\":3600,\"sync_interval_mins\":1440,\"storage_limit\":{\"InternalStorage\":10485760},\"global_readers_list\":[],\"etag_feature_allowlist\":[],\"register_for_notifications_limit\":50}", description:"Invalid value in arcus config"
12-28 10:40:47.860  9355  9355 E amzn_sarasds::logger: Configuration: Error while reading sync configuration:"{\"wipe_on_crypt_failure\":true,\"throttling_threshold_config\":{\"throttling_write_count\":1800,\"throttling_read_count\":7200,\"throttling_refill_write_count\":300,\"throttling_refill_read_count\":1200,\"throttling_refill_time_secs\":10},\"is_throttling_enabled\":true,\"expiry_scheduler_time_period_seconds\":3600,\"sync_interval_mins\":1440,\"storage_limit\":{\"InternalStorage\":10485760},\"global_readers_list\":[],\"etag_feature_allowlist\":[],\"register_for_notifications_limit\":50}", description:"Invalid value in arcus config"
12-28 10:40:47.866   827  9482 I chatty  : uid=1000(system) pool-45-thread- expire 2 lines
12-28 10:40:48.166   618   648 W PackageManager: Package com.example.clickflix desires unavailable shared library androidx.window.extensions; ignoring!
12-28 10:40:48.166   618   648 W PackageManager: Package com.example.clickflix desires unavailable shared library androidx.window.sidecar; ignoring!
12-28 10:40:48.170   618   648 I chatty  : uid=1000(system) PackageManager expire 9 lines
12-28 10:40:48.223  9501  9501 I dex2oat : /system/bin/dex2oat --compiler-filter=interpret-only -j3
12-28 10:40:48.712  9501  9501 W dex2oat : Before Android 4.1, method double java.util.concurrent.ThreadLocalRandom.internalNextDouble(double, double) would have incorrectly overridden the package-private method in java.util.Random
12-28 10:40:48.712  9501  9501 W dex2oat : Before Android 4.1, method int java.util.concurrent.ThreadLocalRandom.internalNextInt(int, int) would have incorrectly overridden the package-private method in java.util.Random
12-28 10:40:48.712  9501  9501 W dex2oat : Before Android 4.1, method long java.util.concurrent.ThreadLocalRandom.internalNextLong(long, long) would have incorrectly overridden the package-private method in java.util.Random
12-28 10:40:49.338  9501  9501 I dex2oat : dex2oat took 1.115s (threads: 3) arena alloc=163KB (166952B) java alloc=1823KB (1867416B) native alloc=3MB (4001184B) free=2MB (2290272B)
12-28 10:40:49.358   618   648 W PackageManager: Package com.example.clickflix desires unavailable shared library androidx.window.extensions; ignoring!
12-28 10:40:49.358   618   648 W PackageManager: Package com.example.clickflix desires unavailable shared library androidx.window.sidecar; ignoring!
12-28 10:40:49.815   618   648 W CleanUpDalvikCache: null object found, returning
12-28 10:40:49.816   618   648 I NeoPkgMgrCallback: Sending Neo Delegate package changed intent
12-28 10:40:49.817   291   291 E         : Couldn't opendir /data/app/vmdl1291958310.tmp: No such file or directory
12-28 10:40:49.819   618   648 I com.android.server.pm.ExternalInstallPackageManagerCallback: Installation succeeded for app com.example.clickflix on internal storage. Return code:1
12-28 10:40:49.827   618   662 I chatty  : uid=1000(system) InputReader expire 9 lines
12-28 10:40:49.832  1541  1541 I F_C.PackageMonitor: onReceive: android.intent.action.PACKAGE_ADDED
12-28 10:40:49.848  8087  8098 I AmazonAppstore.Library/OrderBootstrapper: Start of bootstrapOrderIfNeeded
12-28 10:40:49.850  8087  8098 I AmazonAppstore.Library/OrderBootstrapper: V2 Library size from database - 12
12-28 10:40:49.850  8087  8098 I AmazonAppstore.SharedPrefs: AFTV.SharedPref.Read.Latency: 0
12-28 10:40:49.850  8087  8098 I AmazonAppstore.Library/OrderBootstrapper: yacConfigHelperLazy.get().isInitialBootstrapSyncComplete() - true
12-28 10:40:49.850  8087  8098 I AmazonAppstore.Library/OrderBootstrapper: OrderBootstrapper: Triggering bootstrapping if needed
12-28 10:40:49.879  8087  8098 I AmazonAppstore.Library/OrderBootstrapper: OrderBootstrapper: Profile Library size: 12
12-28 10:40:49.879  8087  8098 I AmazonAppstore.SharedPrefs: AFTV.SharedPref.Read.Latency: 0
12-28 10:40:49.879  8087  8098 I AmazonAppstore.Library/OrderBootstrapper: No need to bootstrap.
12-28 10:40:49.882   618  3784 I ActivityManager: Start proc 9505:com.amazon.sync.service/u0a165 for broadcast com.amazon.sync.service/com.amazon.sync.framework.receivers.ApplicationChangedReceiver
12-28 10:40:49.944   618   618 W ContextImpl: Calling a method in the system process without a qualified user: android.app.ContextImpl.sendBroadcast:921 com.amazon.android.service.pm.AmazonPackageManagerService$PackageInstalledOrRemovedReceiver.onReceive:103 android.app.LoadedApk$ReceiverDispatcher$Args.run:1158 android.os.Handler.handleCallback:751 android.os.Handler.dispatchMessage:95 
12-28 10:40:49.963   618  3784 W ActivityManager: Slow operation: 55ms so far, now at attachApplicationLocked: after sendPendingBroadcastsLocked
12-28 10:40:49.977 24532  1690 I MediaCodecLogger: 24532.4K.HW.video.avc.bitrateInKbps = 2808
12-28 10:40:49.990   618   627 I chatty  : uid=1000(system) HeapTaskDaemon expire 2 lines
12-28 10:40:50.035  8087  8229 I AmazonAppstore.Library/OrderBootstrapper: Start of bootstrapOrderIfNeeded
12-28 10:40:50.036  8087  8229 I AmazonAppstore.Library/OrderBootstrapper: V2 Library size from database - 12
12-28 10:40:50.036  8087  8229 I AmazonAppstore.SharedPrefs: AFTV.SharedPref.Read.Latency: 0
12-28 10:40:50.037  8087  8229 I AmazonAppstore.Library/OrderBootstrapper: yacConfigHelperLazy.get().isInitialBootstrapSyncComplete() - true
12-28 10:40:50.037  8087  8229 I AmazonAppstore.Library/OrderBootstrapper: OrderBootstrapper: Triggering bootstrapping if needed
12-28 10:40:50.038  8087  8229 I AmazonAppstore.Library/OrderBootstrapper: OrderBootstrapper: Profile Library size: 12
12-28 10:40:50.038  8087  8229 I AmazonAppstore.SharedPrefs: AFTV.SharedPref.Read.Latency: 0
12-28 10:40:50.038  8087  8229 I AmazonAppstore.Library/OrderBootstrapper: No need to bootstrap.
12-28 10:40:50.048  8087  8229 E AmazonAppstore.TileMetadataQueryHelper: Cursor not found, returning null.
12-28 10:40:50.051  8087  8229 E AmazonAppstore.TileMetadataQueryHelper: Cursor not found, returning null.
12-28 10:40:50.059  8087  8229 W AmazonAppstore.ChannelMetadataRetriever: Channel with id (com.example.clickflix) not found in database.
12-28 10:40:50.062  8087  8229 I AmazonAppstore.Library/ShortcutMetadataRetriever: Appstore has the permission needed to launch a resolved activity.
12-28 10:40:50.066  8087  8229 I AmazonAppstore.Library/ShortcutMetadataRetriever: Appstore has the permission needed to launch a resolved activity.
12-28 10:40:50.066  8087  8229 I AmazonAppstore.CORPolicy: Forcing isFullExperience to true, as that is the only supported experience.
12-28 10:40:50.069  8087  8229 E AmazonAppstore.TileMetadataQueryHelper: Cursor not found, returning null.
12-28 10:40:50.102   618   630 I chatty  : uid=1000(system) android.bg expire 5 lines
12-28 10:40:50.152   618   630 E TvInputManagerService: failed to load TV input org.videolan.vlc.PreviewVideoInputService
12-28 10:40:50.152   618   630 E TvInputManagerService: java.lang.IllegalStateException: Setup activity not found for org.videolan.vlc.PreviewVideoInputService
12-28 10:40:50.152   618   630 E TvInputManagerService: 	at android.media.tv.TvInputInfo$Builder.parseServiceMetadata(TvInputInfo.java:956)
12-28 10:40:50.152   618   630 E TvInputManagerService: 	at android.media.tv.TvInputInfo$Builder.build(TvInputInfo.java:901)
12-28 10:40:50.152   618   630 E TvInputManagerService: 	at com.android.server.tv.TvInputManagerService.buildTvInputListLocked(TvInputManagerService.java:345)
12-28 10:40:50.152   618   630 E TvInputManagerService: 	at com.android.server.tv.TvInputManagerService.-wrap10(TvInputManagerService.java)
12-28 10:40:50.152   618   630 E TvInputManagerService: 	at com.android.server.tv.TvInputManagerService$1.buildTvInputList(TvInputManagerService.java:190)
12-28 10:40:50.152   618   630 E TvInputManagerService: 	at com.android.server.tv.TvInputManagerService$1.onSomePackagesChanged(TvInputManagerService.java:240)
12-28 10:40:50.152   618   630 E TvInputManagerService: 	at com.android.internal.content.PackageMonitor.onReceive(PackageMonitor.java:431)
12-28 10:40:50.152   618   630 E TvInputManagerService: 	at android.app.LoadedApk$ReceiverDispatcher$Args.run(LoadedApk.java:1158)
12-28 10:40:50.152   618   630 E TvInputManagerService: 	at android.os.Handler.handleCallback(Handler.java:751)
12-28 10:40:50.152   618   630 E TvInputManagerService: 	at android.os.Handler.dispatchMessage(Handler.java:95)
12-28 10:40:50.152   618   630 E TvInputManagerService: 	at android.os.Looper.loop(Looper.java:154)
12-28 10:40:50.152   618   630 E TvInputManagerService: 	at android.os.HandlerThread.run(HandlerThread.java:61)
12-28 10:40:50.157   618   630 W VoiceInteractionManagerService: no available voice recognition services found for user 0
12-28 10:40:50.178  1541  9520 I F_C.PackageEventHandler: Attempting to add package: -1079701684
12-28 10:40:50.197  9505  9505 I art     : Starting a blocking GC AddRemoveAppImageSpace
12-28 10:40:50.198  9505  9505 W System  : ClassLoader referenced unknown path: /system/priv-app/sync-service-fireos-tv-release/lib/arm
12-28 10:40:50.211  9505  9505 W System  : ClassLoader referenced unknown path: /system/priv-app/MetricsApi/lib/arm
12-28 10:40:50.233  8087  8098 I AmazonAppstore.Library/ShortcutMetadataRetriever: Appstore has the permission needed to launch a resolved activity.
12-28 10:40:50.235  8087  8098 I AmazonAppstore.Library/ShortcutMetadataRetriever: Appstore has the permission needed to launch a resolved activity.
12-28 10:40:50.235  8087  8098 I AmazonAppstore.CORPolicy: Forcing isFullExperience to true, as that is the only supported experience.
12-28 10:40:50.235  8087  8098 I AmazonAppstore.SharedPrefs: AFTV.SharedPref.Read.Latency: 0
12-28 10:40:50.238  8087  8098 W AmazonAppstore.Library/LibraryInOrder: Failed to find channel (null), returning -1 for position.
12-28 10:40:50.239  8087  8098 W AmazonAppstore.Library/LibraryInOrder: Failed to find channel (null), returning -1 for position.
12-28 10:40:50.239  8087  8098 W AmazonAppstore.Library/LibraryInOrder: Failed to find channel (null), returning -1 for position.
12-28 10:40:50.239  8087  8098 W AmazonAppstore.Library/LibraryInOrder: Failed to find channel (null), returning -1 for position.
12-28 10:40:50.239  8087  8098 W AmazonAppstore.Library/LibraryInOrder: Failed to find channel (null), returning -1 for position.
12-28 10:40:50.239  8087  8098 W AmazonAppstore.Library/LibraryInOrder: Failed to find channel (null), returning -1 for position.
12-28 10:40:50.239  8087  8098 W AmazonAppstore.Library/LibraryInOrder: Failed to find channel (null), returning -1 for position.
12-28 10:40:50.239  8087  8098 W AmazonAppstore.Library/LibraryInOrder: Failed to find channel (null), returning -1 for position.
12-28 10:40:50.239  8087  8098 W AmazonAppstore.Library/LibraryInOrder: Failed to find channel (null), returning -1 for position.
12-28 10:40:50.304  1399  3866 I chatty  : uid=10156(com.amazon.vizzini) pool-9-thread-1 expire 30 lines
12-28 10:40:50.323  9505  9505 I ...sync.service/MAPInit: Initializing MAP (130050002 / MAPAndroidLib-1.3.38241.0) for app com.amazon.sync.service. MAP release version: 20250221N
12-28 10:40:50.386  9505  9505 W ...ervice/MetricsHelper: FireOS Minerva metrics not supported
12-28 10:40:50.386  9505  9505 I ...atformDependencyImpl: isAmazonDevice() in ClientSideAmazonPlatformDependencyImpl is called
12-28 10:40:50.390   288 10607 I Node    : dolby-audio-meter, AdapterPcmSystem adapter audio meter: channel 0; audio level: 0.245
12-28 10:40:50.390   288 10607 I Node    : dolby-audio-meter, AdapterPcmSystem adapter audio meter: channel 1; audio level: 0.249
12-28 10:40:50.390   288 10607 I RendererNode: dolby-audio-meter, Renderer renderer audio meter: channel 0; audio level: 0.207
12-28 10:40:50.390   288 10607 I RendererNode: dolby-audio-meter, Renderer renderer audio meter: channel 1; audio level: 0.202
12-28 10:40:50.390   288 10607 I RendererNode: dolby-audio-meter, Renderer renderer audio meter: channel 2; audio level: 0.000
12-28 10:40:50.390   288 10607 I RendererNode: dolby-audio-meter, Renderer renderer audio meter: channel 3; audio level: 0.000
12-28 10:40:50.390   288 10607 I RendererNode: dolby-audio-meter, Renderer renderer audio meter: channel 4; audio level: 0.000
12-28 10:40:50.390   288 10607 I RendererNode: dolby-audio-meter, Renderer renderer audio meter: channel 5; audio level: 0.000
12-28 10:40:50.390   288 10607 I Node    : dolby-audio-meter, AdapterPcmOut adapter audio meter: channel 0; audio level: 0.000
12-28 10:40:50.390   288 10607 I Node    : dolby-audio-meter, AdapterPcmOut adapter audio meter: channel 1; audio level: 0.000
12-28 10:40:50.392  9505  9505 I ...IsolatedModeSwitcher: App does not support client driven runtime isolation.
12-28 10:40:50.393  9505  9505 I ...vice/FeatureSetCache: Caching feature IsolateApplication as false
12-28 10:40:50.397  9505  9505 I ...entralTrustLogicImpl: Current package is: com.amazon.sync.service. Directly trust central package: com.amazon.imp, since it is system MAP library
12-28 10:40:50.401  9505  9505 W ...ervice/MetricsHelper: FireOS Metrics component is not integrated. Please integrate with latest metrics component.
12-28 10:40:50.402  9505  9505 W ...ervice/MetricsHelper: ThirdParty DCP metrics not supported
12-28 10:40:50.402  9505  9505 I ...atformDependencyImpl: isAmazonDevice() in ClientSideAmazonPlatformDependencyImpl is called
12-28 10:40:50.403  9505  9505 I ...sync.service/MAPInit: Running MAPInit on main thread: true
12-28 10:40:50.421  9505  9528 E ...ervice/PlatformUtils: Could not initialize FidoAuthenticatorJSBridge because Fido client could not be initialized
12-28 10:40:50.436   618  6974 I chatty  : uid=1000(system) Binder:618_16 expire 4 lines
12-28 10:40:50.453  8087  8087 I AmazonAppstore.AndroidKeystoreKeyProvider: Key already initialized in Keystore
12-28 10:40:50.453  8087  8087 I AmazonAppstore.DeviceInformation: Requesting device type from MAP
12-28 10:40:50.454  8087  8087 I AmazonAppstore.MigrationHelper: Migration status - true
12-28 10:40:50.458  8087  8087 I JugglerConfig: SimpleSignIn : Feature config fetch : {"ATVPDKIKX0DER": false,"default": false}
12-28 10:40:50.484  9505  9531 I ...taStorageFactoryImpl: Creating new DataStorageFactoryImpl
12-28 10:40:50.485  9505  9531 I ...service/MAPInitTasks: Get DataStorage instance for initialization
12-28 10:40:50.485  9505  9531 I ...taStorageFactoryImpl: Initializing new DataStorage
12-28 10:40:50.498  9505  9531 I ...IsolatedModeSwitcher: App does not support client driven runtime isolation.
12-28 10:40:50.499  9505  9531 I ...DeviceAttributeCache: Setting device attribute CentralAPK to true
12-28 10:40:50.507  8087  8087 I AppEventReceiver: SimpleSignIn : Feature not enabled. Skipping event....
12-28 10:40:50.510  9505  9531 I ...atformDependencyImpl: isAmazonDevice() in ClientSideAmazonPlatformDependencyImpl is called
12-28 10:40:50.510  9505  9531 I ...taStorageFactoryImpl: Creating and using new CentralAccountManagerDataStorage
12-28 10:40:50.522  2701  2701 I EMP_1.0.21958.0_ExternalMediaPlayerAgentService: Starting EMP Agent as a foreground service.
12-28 10:40:50.528  2701  2701 I EMP_1.0.21958.0_ExternalMediaPlayerAgentService: Stopping EMP Agent as a foreground service.
12-28 10:40:50.520  9505  9531 I ...atformDependencyImpl: isAmazonDevice() in ClientSideAmazonPlatformDependencyImpl is called
12-28 10:40:50.530  9505  9531 I ...e/LocalKeyValueStore: Create DE shared preference, OS supports direct boot.
12-28 10:40:50.535  2701  2701 I EMP_1.0.21958.0_ExternalMediaPlayerAgent: handleIntent: android.intent.action.PACKAGE_ADDED
12-28 10:40:50.536   618   618 I chatty  : uid=1000 system_server expire 1 line
12-28 10:40:50.536  2701  2701 I EMP_1.0.21958.0_DiscoveryAgent: Discovering compatible players on the device.
12-28 10:40:50.539  3150  3150 I AMPR_2.1.50742.0_AbstractMediaService: BishopService onStartCommand start processDirectivesIntent
12-28 10:40:50.540  3150  3150 W SPCH-DirectiveIntent: Directive not present in intent, checking old format
12-28 10:40:50.540  3150  3150 E SPCH-DirectiveIntent: Intent does not have 'directiveId' field
12-28 10:40:50.540  3150  3150 I AMPR_2.1.50742.0_AbstractMediaService: BishopService onStartCommand Done processDirectivesIntent
12-28 10:40:50.493  9505  9526 I ContentSyncFramework: Got Intent android.intent.action.PACKAGE_ADDED
12-28 10:40:50.557  9505  9531 I ...atformDependencyImpl: isAmazonDevice() in ClientSideAmazonPlatformDependencyImpl is called
12-28 10:40:50.557  9505  9531 I ...e/LocalKeyValueStore: Create DE shared preference, OS supports direct boot.
12-28 10:40:50.558  9505  9531 I ...service/MAPInitTasks: Initialize DataStorage instance
12-28 10:40:50.558  9505  9531 I ...service/MAPInitTasks: Setup DataStorage instance
12-28 10:40:50.567  9505  9531 I ...entralTrustLogicImpl: Current package is: com.amazon.sync.service. Directly trust central package: com.amazon.imp, since it is system MAP library
12-28 10:40:50.569  7806  7806 I com.amazon.identity.auth.device.authorization.appsync.PackageChangedReceiver: LWA onRecieve : Calling sync service
12-28 10:40:50.573  9505  9531 I ...IsolatedModeSwitcher: App does not support client driven runtime isolation.
12-28 10:40:50.574  9505  9531 I ...rustedPackageManager: Trying to use default signature based package trust logic. This should be on 3P device
12-28 10:40:50.574  9505  9531 I ...rustedPackageManager: Setting package trust logic as: signature based package trust logic
12-28 10:40:50.584  9224  9224 I LS:LightningDeviceActualMgr: scheduleStopSelf() - delay: 1 unit: MINUTES
12-28 10:40:50.587  9505  9526 I ContentSyncFramework: Discovered 2 packages with SyncProviders: [ResolveInfo{816f238 com.amazon.aca/.csf.AuthenticationSyncService m=0x108000}, ResolveInfo{ee26211 com.amazon.katoch/.service.SyncService m=0x108000}]
12-28 10:40:50.589  8087  8087 I AmazonAppstore.AppManagerBroadcastReceiver: Received intent action 'android.intent.action.PACKAGE_ADDED'. Routing to SideloadedAppManagerService.
12-28 10:40:50.592  9505  9531 W art     : Class com.amazon.identity.auth.device.framework.AmazonDeviceInfo failed lock verification and will run slower.
12-28 10:40:50.592  9505  9531 W art     : Common causes for lock verification issues are non-optimized dex code
12-28 10:40:50.592  9505  9531 W art     : and incorrect proguard optimizations.
12-28 10:40:50.599  2701  2701 I EMP_1.0.21958.0_DiscoveryAgent: Found [3] players.
12-28 10:40:50.600  7806  9537 I com.amazon.identity.auth.device.authorization.appsync.PackageChangedService: Syncing app with device
12-28 10:40:50.601  7806  9537 I com.amazon.identity.auth.device.authorization.utils.ThirdPartyUtils: Getting static context
12-28 10:40:50.609  2701  2701 I EMP_1.0.21958.0_DiscoveryAgent: Package 'com.amazon.avod' already authorized.
12-28 10:40:50.609  2701  2701 I EMP_1.0.21958.0_DiscoveryAgent: Package 'com.amazon.bueller.music' already authorized.
12-28 10:40:50.609  2701  2701 I EMP_1.0.21958.0_DiscoveryAgent: Package 'com.spotify.tv.android' already authorized.
12-28 10:40:50.623  8087  9539 I AmazonAppstore.SideloadedAppManagerService: Received action: android.intent.action.PACKAGE_ADDED
12-28 10:40:50.638  9505  9531 I ...atformDependencyImpl: isAmazonDevice() in ClientSideAmazonPlatformDependencyImpl is called
12-28 10:40:50.638  9505  9531 I ...e/LocalKeyValueStore: Create DE shared preference, OS supports direct boot.
12-28 10:40:50.644  7806  9537 I com.amazon.identity.auth.device.utils.ThirdPartyResourceParser: Unable to get api key asset document: api_key.txt
12-28 10:40:50.644  7806  9537 W com.amazon.identity.auth.device.utils.ThirdPartyResourceParser: Unable to get API Key from Assests
12-28 10:40:50.644  7806  9537 I com.amazon.identity.auth.device.utils.ThirdPartyResourceParser: Attempting to parse API Key from meta data in Android manifest
12-28 10:40:50.659  8087  9540 I AmazonAppstore.Library/LibraryOrderService: Received action: android.intent.action.PACKAGE_ADDED
12-28 10:40:50.662  8087  9540 I AmazonAppstore.SystemAppUninstallHelper: returning uninstall supported apps from cache
12-28 10:40:50.663  7806  9537 I com.amazon.identity.auth.device.utils.ThirdPartyResourceParser: Attempting to parse API Key from meta data in Android manifest
12-28 10:40:50.671  7806  9537 W com.amazon.identity.auth.device.appid.APIKeyDecoder: Unable to decode APIKey for pkg=com.example.clickflix
12-28 10:40:50.682  8087  9540 I AmazonAppstore.Library/LibraryOrderService: App not installed by appstore or empty packagename, ignoring intent
12-28 10:40:50.707  8087  9541 I AmazonAppstore.AppUpdates/UpdateService: Running on Android version < O. Do Nothing.
12-28 10:40:50.715  9505  9531 I ...atformDependencyImpl: isAmazonDevice() in ClientSideAmazonPlatformDependencyImpl is called
12-28 10:40:50.720  9505  9526 I ContentSyncFramework: ContentSyncService Received Intent android.intent.action.PACKAGE_ADDED
12-28 10:40:50.721  9505  9526 I ContentSyncFramework: Found 2 SyncProvider configurations
12-28 10:40:50.722  9505  9526 I ContentSyncFramework: Loaded 2 SyncProvider configurations, cached in: <SyncProviderCache intent:4 periodic:0>
12-28 10:40:50.722  9505  9526 I ContentSyncFramework: performSyncIfNeededForIntent android.intent.action.PACKAGE_ADDED
12-28 10:40:50.737  8087  8087 I AmazonAppstore.SyncJobSubmitter: successfully scheduled job id = -584902021
12-28 10:40:50.751  8087  9542 I AmazonAppstore.AndroidKeystoreKeyProvider: Key already initialized in Keystore
12-28 10:40:50.751  8087  9542 I AmazonAppstore.DeviceInformation: Requesting device type from MAP
12-28 10:40:50.753  8087  9542 I AmazonAppstore.MigrationHelper: Migration status - true
12-28 10:40:50.761  8087  9542 I AmazonAppstore.Install/AndroidPackageService: Received action: android.intent.action.PACKAGE_ADDED
12-28 10:40:50.779  8087  8087 I AmazonAppstore.AppStatePublisher: INCREMENTAL_UPDATE_JOB submitted for execution. Current job queue size = 0
12-28 10:40:50.818  9505  9531 I ...entralTrustLogicImpl: Current package is: com.amazon.sync.service. Directly trust central package: com.amazon.imp, since it is system MAP library
12-28 10:40:50.820   618  7380 I ActivityManager: Start proc 9546:com.svox.pico/u0a182 for broadcast com.svox.pico/.VoiceDataInstallerReceiver
12-28 10:40:50.830  9505  9531 I ...entralTrustLogicImpl: Current package is: com.amazon.sync.service. Directly trust central package: com.amazon.imp, since it is system MAP library
12-28 10:40:50.832  9505  9531 I ...service/MAPInitTasks: Start update legacy authportal domain in database if needed
12-28 10:40:50.840  8087  9544 I AmazonAppstore.IncrementalSyncDelegate: starting INCREMENTAL_UPDATE_JOB id = -584902021 on action ADDED 
12-28 10:40:50.845  9505  9526 I ContentSyncFramework: No SyncProviders match for intent android.intent.action.PACKAGE_ADDED
12-28 10:40:50.846  1399  9545 I chatty  : uid=10156(com.amazon.vizzini) expire 2 lines
12-28 10:40:50.948  9546  9546 W System  : ClassLoader referenced unknown path: /system/priv-app/MetricsApi/lib/arm
12-28 10:40:50.969  8087  9539 I AmazonAppstore.YACMinervaMetrics: Emitting metric with event name : AppSideloaded
12-28 10:40:50.972  8087  9539 I AmazonAppstore.CORPolicy: Forcing isFullExperience to true, as that is the only supported experience.
12-28 10:40:50.973  8087  9539 I AmazonAppstore.SideloadedAppManagerService: Sending table updated broadcast.
12-28 10:40:51.019  8087  9559 I AmazonAppstore.YACDetailsSyncManager: This forced sync job is running fine
12-28 10:40:51.021  8087  9559 I AmazonAppstore.YACDetailsSyncManager: callGetYACDetails() called. numOfRetries: 3
12-28 10:40:51.021  8087  9559 I AmazonAppstore.YACDetailsSyncManager: syncForComponents called
12-28 10:40:51.021  8087  9559 I AmazonAppstore.YACDetailsSyncManager: Performing forced sync.
12-28 10:40:51.021  8087  9559 I AmazonAppstore.YACDetailsSyncManager: Waiting for account summary.
12-28 10:40:51.021  8087  9559 I AmazonAppstore.YACDetailsSyncManager: Got account summary
12-28 10:40:51.023  8087  9559 I AmazonAppstore.YACDetailsSyncManager: Old shortcuts size: 2
12-28 10:40:51.023  8087  9559 I AmazonAppstore.YACDetailsSyncManager: Calling getYACDetails API
12-28 10:40:51.036  8087  9559 I AmazonAppstore.BasicDeviceInspector: getDeviceType() called, isChildDeviceTypeUsed = false
12-28 10:40:51.036  8087  9559 I AmazonAppstore.BasicDeviceInspector: child device type special cases did not apply
12-28 10:40:51.057  8087  9559 W Settings: Setting android_id has moved from android.provider.Settings.System to android.provider.Settings.Secure, returning read-only value.
12-28 10:40:51.061  8087  8087 I AmazonAppstore.AppManagerBroadcastReceiver: Received intent action 'com.amazon.tv.action.PACKAGE_ADDED'. Routing to SideloadedAppManagerService.
12-28 10:40:51.072  8087  8097 W art     : Suspending all threads took: 5.152ms
12-28 10:40:51.072   251   251 E SELinux : avc:  denied  { find } for service=crashdetectorservice pid=9546 uid=10182 scontext=u:r:untrusted_app:s0:c512,c768 tcontext=u:object_r:crashdetector_service:s0 tclass=service_manager permissive=0
12-28 10:40:51.106  9546  9561 E libc    : Access denied finding property "ro.product.config.type"
12-28 10:40:51.099  9546  9546 W Thread-2: type=1400 audit(0.0:459): avc: denied { read } for name="u:object_r:devicetype_prop:s0" dev="tmpfs" ino=12431 scontext=u:r:untrusted_app:s0:c512,c768 tcontext=u:object_r:devicetype_prop:s0 tclass=file permissive=0
12-28 10:40:51.111  8087  9559 I AmazonAppstore.CORPolicy: Forcing isFullExperience to true, as that is the only supported experience.
12-28 10:40:51.112  8087  9559 I AmazonAppstore.SharedPrefs: AFTV.SharedPref.Read.Latency: 0
12-28 10:40:51.112  8087  9559 I AmazonAppstore.PlacementServiceClient: InitialBootstrapSync - False
12-28 10:40:51.112  8087  9559 I AmazonAppstore.SharedPrefs: AFTV.SharedPref.Read.Latency: 0
12-28 10:40:51.112  8087  9559 I AmazonAppstore.PlacementServiceClient: Client absolute position request version is empty
12-28 10:40:51.113  8087  9559 I AmazonAppstore.SystemAppUninstallHelper: returning uninstall supported apps from cache
12-28 10:40:51.154  8087  9562 I AmazonAppstore.SideloadedAppManagerService: Received action: com.amazon.tv.action.PACKAGE_ADDED
12-28 10:40:51.156  8087  8087 I AmazonAppstore.VeneziaCardMaker/CardProducerReceiver: Received action (com.amazon.venezia.action.SIDELOADED_APPS_TABLE_UPDATED).
12-28 10:40:51.156  8087  8087 E AmazonAppstore.VeneziaCardMaker/CardProducerReceiver: Sideloaded apps table updated for non-metadata change reason, not refreshing Navbar.
12-28 10:40:51.203  8087  9562 E AmazonAppstore.SideloadedAppManagerService: Entry with:: com.example.clickflixwas not inserted.
12-28 10:40:51.203  8087  9562 I AmazonAppstore.SideloadedAppManagerService: Table not updated, not sending broadcast.
12-28 10:40:51.549  1541 10922 I NotificationManager: Notification posted, notifying observers
12-28 10:40:51.554   827  8138 I chatty  : uid=1000(system) Binder:827_10 expire 11 lines
12-28 10:40:51.567  1541 10922 I NotificationManager: Notification posted, notifying observers
12-28 10:40:51.618  1399  3866 I ServiceConnectionManager: Attempting to bind service, setting context => amazon.speech.sim.service.SpeechInteractionService@94fc1ad
12-28 10:40:51.622  1399  1399 I SPCH-BaseClient: onBind(), serviceClass => ISimClientEventServer isSuccess => true
12-28 10:40:51.684  8087  9559 I AmazonAppstore.SharedPrefs: AFTV.SharedPref.Read.Latency: 0
12-28 10:40:51.691  1399  1409 W art     : Suspending all threads took: 12.505ms
12-28 10:40:51.699  8087  9559 I AmazonAppstore.YACMinervaMetrics: Emitting Perf Metric with : YACDetailsFetch.RequestCreationfalse Value : 663ms
12-28 10:40:51.727  1399  3866 I CSM-EndpointRegistry: EndpointRegistry updated to {"endpoints":[{"endpointId":"AKPGW064GI9HE@redacted","legacyIdentifier":{"deviceType":"RedactedDeviceType","deviceSerialNumber":"RedactedDSN"},"manufacturerName":"amazon","description":"Amazon Alexa","friendlyName":"redacted","displayCategoriesMetadata":[{"name":"ALEXA_VOICE_ENABLED","providerType":"RESERVED_INTERNAL_ONLY_DYNAMIC","owningPackages":["com.amazon.vizzini"],"clientRef":"com.amazon.vizzini/com.amazon.alexa.uicontrollermanager.devicecapability.UIControllerCapabilityManager"}],"capabilities":[{"type":"AlexaInterface","interface":"Alexa.ProactiveStateReporter","version":"0.1","owningPackages":["com.amazon.vizzini"],"clientRef":"com.amazon.vizzini","providerType":"STATIC"},{"type":"AlexaInterface","version":"0.1","clientRef":"com.amazon.vizzini","owningPackages":["com.amazon.vizzini"],"providerType":"STATIC","interface":"Alexa.RemoteVideoPlayer"},{"type":"AlexaInterface","version":"1.0","clientRef":"com.amazon.vizzini","owningPackages":["com.amazon.vizzini"],"providerType":"STATIC","interface":"SpeechSynthesizer"},{"type":"AlexaInterface","interface":"TemplateRuntime","version":"0.1","owningPackages":["com.amazon.alexamediaplayer.runtime.ftv"],"clientRef":"com.amazon.alexamediaplayer.runtime.ftv","providerType":"STATIC"},{"type":"AlexaInterface","interface":"Alexa.Skill.Connections","version":"1.0","owningPackages":["com.amazon.vizzini"],"clientRef":"com.amazon.vizzini","providerType":"STATIC"},{"type":"AlexaInterface","version":"0.1","clientRef":"com.amazon.vizzini","owningPackages":["com.amazon.vizzini"],"providerType":"STATIC","interface":"NavigationManager"},{"type":"AlexaInterface","interface":"FireTv.Personalization.OptInView","version":"1.0","owningPackages":["com.amazon.tv.developer.dataservice"],"clientRef":"com.amazon.tv.developer.dataservice","providerType":"STATIC"},{"type":"AlexaInterface","interface":"WholeHomeAudio","version":"1.6","owningPackages":["com.amazon.whad"],"clientRef":"com.amazon.whad","providerType":"STATIC","configurations":{"assignableChannels":["ALL","NONE"],"clusterTypes":["CLASSIC_CLUSTER","HOME_THEATER_CLUSTER"],"streamTypes":["BUFFERED"],"connectivity":{"softAP":{"roles":[]}},"providers":[{"name":"spotify","eSDKVersion":"3.20"}]}},{"type":"AlexaInterface","interface":"Alexa.Presentation.APL.Video","version":"1.0","owningPackages":["com.amazon.aria"],"clientRef":"com.amazon.aria","providerType":"STATIC","configurations":{"video":{"codecs":["H_264_42","H_264_41"]}}},{"type":"AlexaInterface","interface":"SmartCloud","version":"0.1","owningPackages":["com.amazon.tv.devicecontrol","com.amazon.vizzini"],"clientRef":"com.amazon.vizzini","providerType":"STATIC"},{"type":"AlexaInterface","interface":"Notifications","version":"0.3","owningPackages":["com.amazon.tv.alexaalerts"],"clientRef":"com.amazon.tv.alexaalerts","providerType":"STATIC"},{"type":"AlexaInterface","interface":"Alexa.Presentation.HTML","version":"1.0","owningPackages":["com.amazon.csm.htmlruntime"],"clientRef":"com.amazon.csm.htmlruntime","providerType":"STATIC","configurations":{"runtime":{"maxVersion":"1.1"}}},{"type":"AlexaInterface","interface":"Alexa.SeekController","version":"1.0","owningPackages":["com.amazon.alexa.externalmediaplayer.fireos"],"clientRef":"com.amazon.alexa.externalmediaplayer.fireos","providerType":"STATIC"},{"type":"AlexaInterface","interface":"Alexa.Presentation.APL","version":"1.7","owningPackages":["com.amazon.aria"],"clientRef":"com.amazon.aria","providerType":"STATIC","configurations":{"runtime":{"maxVersion":"2024.3"}}},{"type":"AlexaInterface","interface":"VisualFocusManager","version":"0.1","owningPackages":["com.amazon.vizzini"],"clientRef":"com.amazon.vizzini","providerType":"STATIC"},{"type":"AlexaInterface","interface":"Alexa.PlaybackStateReporter","version":"1.0","owningPackages":["com.amazon.alexa.externalmediaplayer.fireos"],"clientRef":"com.amazon.alexa.externalmediaplayer.fireos","providerType":"STATIC"},{"type":"AlexaInterface","interface":"Alexa.Applicatio
