12-28 00:12:04.292 15482 15482 I FrameworkJumpTable: Successfully loaded all constructors
12-28 00:30:19.641   618   631 I ProcessStatsService: Prepared write state in 4ms
12-28 00:33:10.934   618   618 I ActivityManager: Killing 14751:com.amazon.tv.routing/u0a150 (adj 903): empty for 1801s
12-28 00:34:34.720   618   641 W ProcessCpuTracker: Skipping unknown process pid 17223
12-28 00:34:34.722   618   634 E BatteryStatsService: no controller energy info supplied
12-28 00:34:34.725   618   634 E BatteryStatsService: no controller energy info supplied
12-28 00:34:55.283   618   654 I ActivityManager: Start proc 17252:org.videolan.vlc/u0a206 for service org.videolan.vlc/.RecommendationsService
12-28 00:34:55.286   618   618 I ActivityManager: Killing 14392:tv.pluto.android:input/u0a222 (adj 903): empty for 1899s
12-28 00:34:55.287   618   618 I ActivityManager: Killing 14676:com.amazon.prism.android.service:remote/u0a118 (adj 903): empty for 1902s
12-28 00:34:55.387   618   678 E ConnectivityService: RemoteException caught trying to send a callback msg for NetworkRequest [ TRACK_DEFAULT id=1874, [ Capabilities: INTERNET&NOT_RESTRICTED&TRUSTED&NOT_VPN] ]
12-28 00:35:04.673   618   618 I ActivityManager: Start proc 17291:com.amazon.prism.android.service/u0a118 for service com.amazon.prism.android.service/.configuration.synchronization.SyncRemoteConfigJobService
12-28 00:38:10.987   618   654 I ActivityManager: Killing 13953:tv.pluto.android/u0a222 (adj 903): empty for 1876s
12-28 00:38:11.107   618   678 E ConnectivityService: RemoteException caught trying to send a callback msg for NetworkRequest [ TRACK_DEFAULT id=1870, [ Capabilities: INTERNET&NOT_RESTRICTED&TRUSTED&NOT_VPN] ]
12-28 00:38:11.108   618   678 E ConnectivityService: RemoteException caught trying to send a callback msg for NetworkRequest [ TRACK_DEFAULT id=1869, [ Capabilities: INTERNET&NOT_RESTRICTED&TRUSTED&NOT_VPN] ]
12-28 00:38:59.650   618 11744 I ActivityManager: Killing 15238:org.jellyfin.androidtv/u0a71 (adj 903): empty for 1836s
12-28 00:50:21.655   618   631 I ActivityManager: Killing 14601:com.android.providers.tv/u0a50 (adj 903): empty for 1838s
12-28 00:50:21.656   618   631 I ActivityManager: Killing 14794:com.amazon.providers.tv/u0a119 (adj 903): empty for 1839s
12-28 00:50:21.710   618  8740 I ActivityManager: Killing 14628:com.amazon.tv.livetv/u0a144 (adj 903): empty for 1839s
12-28 01:00:24.490   618   631 I ProcessStatsService: Prepared write state in 5ms
12-28 01:04:34.746   618   634 E BatteryStatsService: no controller energy info supplied
12-28 01:04:34.754   618   634 E BatteryStatsService: no controller energy info supplied
12-28 01:06:54.569   618   618 I ActivityManager: Start proc 19692:tv.pluto.android/u0a222 for service tv.pluto.android/androidx.work.impl.background.systemjob.SystemJobService
12-28 01:06:54.736 19692 19692 I FrameworkJumpTable: Successfully loaded all classes
12-28 01:06:54.753 19692 19692 I FrameworkJumpTable: Successfully loaded all methods
12-28 01:06:54.755 19692 19692 I FrameworkJumpTable: Successfully loaded all fields
12-28 01:06:54.755 19692 19692 I FrameworkJumpTable: Successfully loaded all constructors
12-28 01:06:56.284   618   864 I ActivityManager: Killing 17252:org.videolan.vlc/u0a206 (adj 903): empty for 1920s
12-28 01:06:56.375   618   678 E ConnectivityService: RemoteException caught trying to send a callback msg for NetworkRequest [ REQUEST id=1883, [ Capabilities: INTERNET&NOT_RESTRICTED&TRUSTED&NOT_VPN] ]
12-28 01:08:48.238   618   618 I ActivityManager: Start proc 19906:org.jellyfin.androidtv/u0a71 for service org.jellyfin.androidtv/androidx.work.impl.background.systemjob.SystemJobService
12-28 01:08:48.554 19906 19906 I FrameworkJumpTable: Successfully loaded all classes
12-28 01:08:48.566 19906 19906 I FrameworkJumpTable: Successfully loaded all methods
12-28 01:08:48.568 19906 19906 I FrameworkJumpTable: Successfully loaded all fields
12-28 01:08:48.568 19906 19906 I FrameworkJumpTable: Successfully loaded all constructors
12-28 01:08:48.877   618  3780 I ActivityManager: Killing 17291:com.amazon.prism.android.service/u0a118 (adj 903): empty for 2024s
12-28 01:29:15.964   618   618 I ActivityManager: Start proc 21467:com.amazon.device.crashmanager/u0a12 for service com.amazon.device.crashmanager/.CrashJobService
12-28 01:29:24.147   618   618 E JobServiceContext: No response from client for onStartJob 'cda2dda #1000/5 com.amazon.device.crashmanager/.CrashJobService
12-28 01:29:24.153   618  3404 I ActivityManager: Killing 15482:com.amazon.storage.manager/u0a198 (adj 903): empty for 3192s
12-28 01:30:27.520   618   631 I ProcessStatsService: Prepared write state in 4ms
12-28 01:34:34.770   618   634 E BatteryStatsService: no controller energy info supplied
12-28 01:34:34.773   618   634 E BatteryStatsService: no controller energy info supplied
12-28 01:34:53.059   618   618 I EntropyMixer: Added HW RNG output to entropy pool
12-28 01:34:53.060   618   618 I EntropyMixer: Writing entropy...
12-28 01:35:57.880   618   654 I ActivityManager: Start proc 21943:org.videolan.vlc/u0a206 for service org.videolan.vlc/.RecommendationsService
12-28 01:35:57.925   618   618 I ActivityManager: Start proc 21958:com.amazon.hedwig/u0a105 for service com.amazon.hedwig/.tif.TifSyncService
12-28 01:35:58.317   618   864 I ActivityManager: Start proc 22031:com.android.providers.tv/u0a50 for content provider com.android.providers.tv/.TvProvider
12-28 01:37:44.265   618  3780 I ActivityManager: Killing 19692:tv.pluto.android/u0a222 (adj 903): empty for 1847s
12-28 01:37:44.346   618   678 E ConnectivityService: RemoteException caught trying to send a callback msg for NetworkRequest [ TRACK_DEFAULT id=1895, [ Capabilities: INTERNET&NOT_RESTRICTED&TRUSTED&NOT_VPN] ]
12-28 01:39:02.619   618  7380 I ActivityManager: Killing 19906:org.jellyfin.androidtv/u0a71 (adj 903): empty for 1813s
12-28 01:54:51.880   618   618 I ActivityManager: Start proc 23542:com.amazon.tv.livetv/u0a144 for service com.amazon.tv.livetv/androidx.work.impl.background.systemjob.SystemJobService
12-28 01:54:52.042 23542 23542 I FrameworkJumpTable: Successfully loaded all classes
12-28 01:54:52.054 23542 23542 I FrameworkJumpTable: Successfully loaded all methods
12-28 01:54:52.056 23542 23542 I FrameworkJumpTable: Successfully loaded all fields
12-28 01:54:52.056 23542 23542 I FrameworkJumpTable: Successfully loaded all constructors
12-28 01:54:52.342   618  8740 I AmazonProfileService: Registering callback
12-28 01:54:52.358   618  8740 I ActivityManager: Start proc 23612:com.amazon.prism.android.service:remote/u0a118 for service com.amazon.prism.android.service/.PrismService
12-28 01:54:52.521 23612 23637 I FrameworkJumpTable: Successfully loaded all classes
12-28 01:54:52.539 23612 23637 I FrameworkJumpTable: Successfully loaded all methods
12-28 01:54:52.541 23612 23637 I FrameworkJumpTable: Successfully loaded all fields
12-28 01:54:52.541 23612 23637 I FrameworkJumpTable: Successfully loaded all constructors
12-28 01:54:53.288 23542 23576 E ActivityThread: Failed to find provider info for com.amazon.tv.channelscan
12-28 01:54:53.289 23542 23576 E ActivityThread: Failed to find provider info for com.amazon.tv.channelscan
12-28 01:54:53.289 23542 23576 E ActivityThread: Failed to find provider info for com.amazon.tv.channelscan
12-28 01:54:53.311   618 11165 I ActivityManager: Start proc 23672:com.amazon.providers.tv/u0a119 for content provider com.amazon.providers.tv/.FireTvProvider
12-28 02:00:30.532   618   631 I ActivityManager: Killing 21467:com.amazon.device.crashmanager/u0a12 (adj 903): empty for 1866s
12-28 02:00:30.552   618   631 I ProcessStatsService: Prepared write state in 15ms
12-28 02:00:31.519   618   630 I ProcessStatsService: Pruning old procstats: /data/system/procstats/state-2025-12-26-22-46-30.bin
12-28 02:04:34.794   618   634 E BatteryStatsService: no controller energy info supplied
12-28 02:04:34.798   618   634 E BatteryStatsService: no controller energy info supplied
12-28 02:06:10.365   618   618 I ActivityManager: Killing 21958:com.amazon.hedwig/u0a105 (adj 903): empty for 1811s
12-28 02:06:10.367   618   618 I ActivityManager: Killing 21943:org.videolan.vlc/u0a206 (adj 903): empty for 1812s
12-28 02:06:10.399   618   618 I ActivityManager: Start proc 24590:com.amazon.firebat/u0a93 for service com.amazon.firebat/androidx.work.impl.background.systemjob.SystemJobService
12-28 02:06:10.466   618   678 E ConnectivityService: RemoteException caught trying to send a callback msg for NetworkRequest [ REQUEST id=1905, [ Capabilities: INTERNET&NOT_RESTRICTED&TRUSTED&NOT_VPN] ]
12-28 02:06:10.905 24590 24590 I FrameworkJumpTable: Successfully loaded all classes
12-28 02:06:10.926 24590 24590 I FrameworkJumpTable: Successfully loaded all methods
12-28 02:06:10.928 24590 24590 I FrameworkJumpTable: Successfully loaded all fields
12-28 02:06:10.929 24590 24590 I FrameworkJumpTable: Successfully loaded all constructors
12-28 02:06:11.352 24590 24590 I AmazonHdmiServiceManager: AmazonHdmiServiceManager created
12-28 02:06:56.307   618   618 I ActivityManager: Start proc 24784:tv.pluto.android/u0a222 for service tv.pluto.android/androidx.work.impl.background.systemjob.SystemJobService
12-28 02:06:56.492 24784 24784 I FrameworkJumpTable: Successfully loaded all classes
12-28 02:06:56.508 24784 24784 I FrameworkJumpTable: Successfully loaded all methods
12-28 02:06:56.510 24784 24784 I FrameworkJumpTable: Successfully loaded all fields
12-28 02:06:56.510 24784 24784 I FrameworkJumpTable: Successfully loaded all constructors
12-28 02:08:48.864   618   618 I ActivityManager: Start proc 25045:org.jellyfin.androidtv/u0a71 for service org.jellyfin.androidtv/androidx.work.impl.background.systemjob.SystemJobService
12-28 02:08:49.384 25045 25045 I FrameworkJumpTable: Successfully loaded all classes
12-28 02:08:49.398 25045 25045 I FrameworkJumpTable: Successfully loaded all methods
12-28 02:08:49.400 25045 25045 I FrameworkJumpTable: Successfully loaded all fields
12-28 02:08:49.400 25045 25045 I FrameworkJumpTable: Successfully loaded all constructors
12-28 02:11:23.825   618   631 W BroadcastQueue: Permission Denial: receiving Intent { act=android.bluetooth.device.action.ACL_DISCONNECTED flg=0x4000010 (has extras) } to ProcessRecord{43f9df9 14428:com.amazon.venezia/u0a155} (pid=14428, uid=10155) requires android.permission.BLUETOOTH due to sender com.android.bluetooth (uid 1002)
12-28 02:11:23.852   618   721 I ActivityManager: Start proc 25295:com.amazon.wirelessmetrics.service/u0a168 for service com.amazon.wirelessmetrics.service/.WirelessMetricsService
12-28 02:11:23.886   618 11165 I ActivityManager: Start proc 25307:com.amazon.tv.devicecontrolsettings/u0a137 for broadcast com.amazon.tv.devicecontrolsettings/.broadcast_receiver.DFUBroadcastReceiver
12-28 02:11:23.935   618  8740 I AmazonAutoPairService: onConnectStateChanged received..state:0
12-28 02:11:24.005 25295 25324 I FrameworkJumpTable: Successfully loaded all classes
12-28 02:11:24.034 25295 25324 I FrameworkJumpTable: Successfully loaded all methods
12-28 02:11:24.036 25295 25324 I FrameworkJumpTable: Successfully loaded all fields
12-28 02:11:24.036 25295 25324 I FrameworkJumpTable: Successfully loaded all constructors
12-28 02:11:24.329   618   628 I ActivityManager: Start proc 25359:com.amazon.device.bluetoothkeymaplib/u0a5 for broadcast com.amazon.device.bluetoothkeymaplib/.service.EventReceiver
12-28 02:11:24.430 25359 25359 I FrameworkJumpTable: Successfully loaded all classes
12-28 02:11:24.480 25359 25359 I FrameworkJumpTable: Successfully loaded all methods
12-28 02:11:24.482 25359 25359 I FrameworkJumpTable: Successfully loaded all fields
12-28 02:11:24.482 25359 25359 I FrameworkJumpTable: Successfully loaded all constructors
12-28 02:11:30.572   618   631 W BroadcastQueue: Permission Denial: receiving Intent { act=android.bluetooth.device.action.ACL_CONNECTED flg=0x4000010 (has extras) } to ProcessRecord{43f9df9 14428:com.amazon.venezia/u0a155} (pid=14428, uid=10155) requires android.permission.BLUETOOTH due to sender com.android.bluetooth (uid 1002)
12-28 02:11:30.744   618  8740 I AmazonAutoPairService: onConnectStateChanged received..state:2
12-28 02:11:30.745   618   618 I AmazonAutoPairService: onConnectStateChanged..Stopping discovery as a desired device is connected
12-28 02:11:30.745   618   618 I AmazonAutoPairService: handleStopAutoPairProcess..
12-28 02:11:30.808   618  8740 I ActivityManager: START u0 {flg=0x10000000 cmp=com.amazon.device.blepa/.uxmanager.BluetoothDFUActivity2} from uid 10084 on display 0
12-28 02:11:30.815   618  8740 I AmazonProfileService: shouldAbortActivityStart() Package: xxx activity: xxx
12-28 02:11:30.815   618  8740 I AmazonProfileService: APS_V2 enabled in Arcus and mIsChildPINEnabled : false
12-28 02:11:30.815   618  8740 I AmazonProfileService: APS_V2 enabled in Arcus and mIsChildPINEnabled : false
12-28 02:11:30.815   618  8740 I AmazonProfileService: xxx is a system app, do not abort activity start.
12-28 02:11:30.815   618  8740 I AmazonProfileService: APS_V2 enabled in Arcus and mIsChildPINEnabled : false
12-28 02:11:30.907   618  1322 E WindowManager: App trying to use insecure INPUT_FEATURE_NO_INPUT_CHANNEL flag. Ignoring
12-28 02:11:30.909   618  1322 I AmazonProfileService: Event is not filtered because it is not in filter key list.
12-28 02:12:24.548   618  7380 I AmazonInputManagerService: Toggle Bit to Button mapping completed and saved.
12-28 02:25:11.593   618   654 I ActivityManager: Killing 23542:com.amazon.tv.livetv/u0a144 (adj 903): empty for 1814s
12-28 02:25:11.594   618   654 I ActivityManager: Killing 23612:com.amazon.prism.android.service:remote/u0a118 (adj 903): empty for 1818s
12-28 02:25:11.595   618   654 I ActivityManager: Killing 23672:com.amazon.providers.tv/u0a119 (adj 903): empty for 1818s
12-28 02:25:15.514   618   635 W AmazonDropBoxManagerService: Either log duration is null or calculated wrong dropbox age due to wrong time in device.
12-28 02:25:15.514   618   635 I AmazonDropBoxManagerService: Either there is noLog.crash files or all files are corrupted
12-28 02:30:33.520   618   631 I ProcessStatsService: Prepared write state in 3ms
12-28 02:31:30.934   618   630 I UsageStatsService: User[0] Flushing usage stats to disk
12-28 02:34:34.818   618   634 E BatteryStatsService: no controller energy info supplied
12-28 02:34:34.821   618   634 E BatteryStatsService: no controller energy info supplied
12-28 02:34:55.285   618   654 I ActivityManager: Start proc 27074:org.videolan.vlc/u0a206 for service org.videolan.vlc/.RecommendationsService
12-28 02:34:55.314   618   618 I ActivityManager: Start proc 27088:com.amazon.tv.livetv/u0a144 for service com.amazon.tv.livetv/.cardmanagement.ProgramLineupJobService
12-28 02:34:55.329   618   618 I ActivityManager: Start proc 27100:com.amazon.dpcclient/u0a92 for service com.amazon.dpcclient/.action.ScheduledCookieConsentBroadcastAction
12-28 02:34:55.503 27088 27088 I FrameworkJumpTable: Successfully loaded all classes
12-28 02:34:55.518 27088 27088 I FrameworkJumpTable: Successfully loaded all methods
12-28 02:34:55.520 27088 27088 I FrameworkJumpTable: Successfully loaded all fields
12-28 02:34:55.520 27088 27088 I FrameworkJumpTable: Successfully loaded all constructors
12-28 02:34:55.867   618   629 I AmazonProfileService: Registering callback
12-28 02:34:55.889   618   629 I ActivityManager: Start proc 27190:com.amazon.prism.android.service:remote/u0a118 for service com.amazon.prism.android.service/.PrismService
12-28 02:34:56.107 27190 27214 I FrameworkJumpTable: Successfully loaded all classes
12-28 02:34:56.127 27190 27214 I FrameworkJumpTable: Successfully loaded all methods
12-28 02:34:56.129 27190 27214 I FrameworkJumpTable: Successfully loaded all fields
12-28 02:34:56.129 27190 27214 I FrameworkJumpTable: Successfully loaded all constructors
12-28 02:34:56.236 27088 27153 E ActivityThread: Failed to find provider info for com.amazon.tv.channelscan
12-28 02:34:56.243 27088 27153 E ActivityThread: Failed to find provider info for com.amazon.tv.channelscan
12-28 02:34:56.244 27088 27153 E ActivityThread: Failed to find provider info for com.amazon.tv.channelscan
12-28 02:34:58.121   618  1322 I ActivityManager: Start proc 27262:com.amazon.providers.tv/u0a119 for content provider com.amazon.providers.tv/.FireTvProvider
12-28 02:34:58.138   618 11744 I ActivityManager: Killing 24590:com.amazon.firebat/u0a93 (adj 903): empty #17
12-28 02:34:58.235   618   856 E AmazonHdmiService: Settings client binder died.
12-28 02:35:04.678   618   618 I ActivityManager: Start proc 27291:com.amazon.prism.android.service/u0a118 for service com.amazon.prism.android.service/.configuration.synchronization.SyncRemoteConfigJobService
12-28 02:35:04.894   618 11744 I ActivityManager: Killing 24784:tv.pluto.android/u0a222 (adj 903): empty #17
12-28 02:35:04.966   618   678 E ConnectivityService: RemoteException caught trying to send a callback msg for NetworkRequest [ TRACK_DEFAULT id=1916, [ Capabilities: INTERNET&NOT_RESTRICTED&TRUSTED&NOT_VPN] ]
12-28 02:35:26.239   618  5676 I ActivityManager: Killing 25045:org.jellyfin.androidtv/u0a71 (adj 903): empty #17
12-28 02:35:31.810   618   618 I ActivityManager: Start proc 27366:com.amazon.hedwig/u0a105 for service com.amazon.hedwig/.arcus.ArcusSyncService
12-28 02:35:32.183   618  1012 I ActivityManager: Killing 25295:com.amazon.wirelessmetrics.service/u0a168 (adj 903): empty #17
12-28 02:42:19.728   618   654 I ActivityManager: Killing 25307:com.amazon.tv.devicecontrolsettings/u0a137 (adj 903): empty for 1855s
12-28 02:43:03.849   618   618 I ActivityManager: Killing 25359:com.amazon.device.bluetoothkeymaplib/u0a5 (adj 903): empty for 1839s
12-28 02:49:56.313   618  1099 I PropertyCollector@22749632846: Start init service read_diskstat
12-28 02:49:56.314   618  1099 I PropertyCollector@22749632846: Poll init service read_diskstat
12-28 02:49:56.317   618  1099 I PropertyCollector@22749515846: Start init service amzn_mmc_utils
12-28 02:49:56.318   618  1099 I PropertyCollector@22749515846: Poll init service amzn_mmc_utils
12-28 02:49:56.386   618  1099 I PropertyCollector@22749570308: Start init service read_lifetime
12-28 02:49:56.387   618  1099 I PropertyCollector@22749570308: Poll init service read_lifetime
12-28 02:49:56.388   618  1099 I PropertyCollector@22749206846: Start init service read_lifetime
12-28 02:49:56.389   618  1099 I PropertyCollector@22749206846: Poll init service read_lifetime
12-28 03:00:00.023   618   618 I ActivityManager: Idle maintenance over +23h59m59s22ms low RAM for +30m58s582ms
12-28 03:00:00.026   618   663 I MountService: Running fstrim idle maintenance
12-28 03:00:00.036   618   663 I MountServiceIdler: Got mount service completion callback
12-28 03:00:00.040   199 29269 I vold    : Trimmed 0 bytes on /data in 4ms
12-28 03:00:00.041   199 29269 I vold    : Trimmed 0 bytes on /cache in 1ms
12-28 03:00:00.042   199 29269 W vold    : Failed to open /swap_zram0: No such file or directory
12-28 03:00:00.297   618   636 W AmazonDropBoxManagerService: Either log duration is null or calculated wrong dropbox age due to wrong time in device.
12-28 03:00:00.297   618   636 I AmazonDropBoxManagerService: Either there is noLog.crash files or all files are corrupted
12-28 03:00:00.871   618   636 E VoldConnector: NDC event {662 /data 0 4065692} took too long: 830ms
12-28 03:00:00.883   618   636 E VoldConnector: NDC event {662 /cache 0 1230923} processed too late: 830ms
12-28 03:00:04.418   618   630 I UsageStatsService: User[0] Flushing usage stats to disk
12-28 03:00:36.506   618   631 I ProcessStatsService: Prepared write state in 4ms
12-28 03:04:34.842   618   634 E BatteryStatsService: no controller energy info supplied
12-28 03:04:34.845   618   634 E BatteryStatsService: no controller energy info supplied
12-28 03:05:18.163   618   618 I ActivityManager: Killing 27262:com.amazon.providers.tv/u0a119 (adj 903): empty for 1820s
12-28 03:05:18.163   618   618 I ActivityManager: Killing 27190:com.amazon.prism.android.service:remote/u0a118 (adj 903): empty for 1817s
12-28 03:05:18.164   618   618 I ActivityManager: Killing 22031:com.android.providers.tv/u0a50 (adj 903): empty for 1822s
12-28 03:05:18.165   618   618 I ActivityManager: Killing 27100:com.amazon.dpcclient/u0a92 (adj 903): empty for 1822s
12-28 03:05:18.166   618   618 I ActivityManager: Killing 27074:org.videolan.vlc/u0a206 (adj 903): empty for 1822s
12-28 03:05:18.286   618   678 E ConnectivityService: RemoteException caught trying to send a callback msg for NetworkRequest [ REQUEST id=1923, [ Capabilities: INTERNET&NOT_RESTRICTED&TRUSTED&NOT_VPN] ]
12-28 03:06:58.050   618   618 I ActivityManager: Start proc 29813:tv.pluto.android/u0a222 for service tv.pluto.android/androidx.work.impl.background.systemjob.SystemJobService
12-28 03:06:58.240 29813 29813 I FrameworkJumpTable: Successfully loaded all classes
12-28 03:06:58.257 29813 29813 I FrameworkJumpTable: Successfully loaded all methods
12-28 03:06:58.259 29813 29813 I FrameworkJumpTable: Successfully loaded all fields
12-28 03:06:58.259 29813 29813 I FrameworkJumpTable: Successfully loaded all constructors
12-28 03:06:59.857   618  8740 I ActivityManager: Killing 27088:com.amazon.tv.livetv/u0a144 (adj 903): empty for 1919s
12-28 03:08:49.675   618   618 I ActivityManager: Start proc 30072:org.jellyfin.androidtv/u0a71 for service org.jellyfin.androidtv/androidx.work.impl.background.systemjob.SystemJobService
12-28 03:08:49.989 30072 30072 I FrameworkJumpTable: Successfully loaded all classes
12-28 03:08:50.001 30072 30072 I FrameworkJumpTable: Successfully loaded all methods
12-28 03:08:50.003 30072 30072 I FrameworkJumpTable: Successfully loaded all fields
12-28 03:08:50.003 30072 30072 I FrameworkJumpTable: Successfully loaded all constructors
12-28 03:08:50.261   618  1224 I ActivityManager: Killing 27291:com.amazon.prism.android.service/u0a118 (adj 903): empty for 2025s
12-28 03:29:26.777   618   618 I ActivityManager: Start proc 31567:com.amazon.device.crashmanager/u0a12 for service com.amazon.device.crashmanager/.CrashJobService
12-28 03:29:34.970   618   618 E JobServiceContext: No response from client for onStartJob 'abd402d #1000/5 com.amazon.device.crashmanager/.CrashJobService
12-28 03:29:54.827   618   618 I ActivityManager: Start proc 31622:com.amazon.tv.livetv/u0a144 for service com.amazon.tv.livetv/androidx.work.impl.background.systemjob.SystemJobService
12-28 03:29:55.004 31622 31622 I FrameworkJumpTable: Successfully loaded all classes
12-28 03:29:55.018 31622 31622 I FrameworkJumpTable: Successfully loaded all methods
12-28 03:29:55.020 31622 31622 I FrameworkJumpTable: Successfully loaded all fields
12-28 03:29:55.020 31622 31622 I FrameworkJumpTable: Successfully loaded all constructors
12-28 03:29:55.257   618  3404 I AmazonProfileService: Registering callback
12-28 03:29:55.274   618  3404 I ActivityManager: Start proc 31685:com.amazon.prism.android.service:remote/u0a118 for service com.amazon.prism.android.service/.PrismService
12-28 03:29:55.296   618  3404 I ActivityManager: Start proc 31699:com.android.providers.tv/u0a50 for content provider com.android.providers.tv/.TvProvider
12-28 03:29:55.485 31685 31725 I FrameworkJumpTable: Successfully loaded all classes
12-28 03:29:55.498 31685 31725 I FrameworkJumpTable: Successfully loaded all methods
12-28 03:29:55.499 31685 31725 I FrameworkJumpTable: Successfully loaded all fields
12-28 03:29:55.499 31685 31725 I FrameworkJumpTable: Successfully loaded all constructors
12-28 03:29:55.579 31622 31653 E ActivityThread: Failed to find provider info for com.amazon.tv.channelscan
12-28 03:29:55.580 31622 31653 E ActivityThread: Failed to find provider info for com.amazon.tv.channelscan
12-28 03:29:55.580 31622 31653 E ActivityThread: Failed to find provider info for com.amazon.tv.channelscan
12-28 03:29:55.608   618  8740 I ActivityManager: Start proc 31757:com.amazon.providers.tv/u0a119 for content provider com.amazon.providers.tv/.FireTvProvider
12-28 03:30:39.526   618   631 I ProcessStatsService: Prepared write state in 4ms
12-28 03:34:34.871   618   634 E BatteryStatsService: no controller energy info supplied
12-28 03:34:34.874   618   634 E BatteryStatsService: no controller energy info supplied
12-28 03:34:55.280   618   654 I ActivityManager: Start proc 32159:org.videolan.vlc/u0a206 for service org.videolan.vlc/.RecommendationsService
12-28 03:38:43.724   618   654 I ActivityManager: Killing 27366:com.amazon.hedwig/u0a105 (adj 903): empty for 1870s
12-28 03:38:43.725   618   654 I ActivityManager: Killing 29813:tv.pluto.android/u0a222 (adj 903): empty for 1903s
12-28 03:38:43.805   618   678 E ConnectivityService: RemoteException caught trying to send a callback msg for NetworkRequest [ LISTEN id=1937, [ Capabilities: NOT_RESTRICTED&TRUSTED&NOT_VPN&FOREGROUND] ]
12-28 03:38:43.867   618   678 E ConnectivityService: RemoteException caught trying to send a callback msg for NetworkRequest [ TRACK_DEFAULT id=1935, [ Capabilities: INTERNET&NOT_RESTRICTED&TRUSTED&NOT_VPN] ]
12-28 03:38:51.766   618  1180 I ActivityManager: Killing 30072:org.jellyfin.androidtv/u0a71 (adj 903): empty for 1801s
12-28 04:00:04.508   618   618 I ActivityManager: Killing 31685:com.amazon.prism.android.service:remote/u0a118 (adj 903): empty for 1808s
12-28 04:00:04.509   618   618 I ActivityManager: Killing 31757:com.amazon.providers.tv/u0a119 (adj 903): empty for 1808s
12-28 04:00:04.510   618   618 I ActivityManager: Killing 31567:com.amazon.device.crashmanager/u0a12 (adj 903): empty for 1829s
12-28 04:00:13.919   618   618 I ActivityManager: Start proc 2193:tv.pluto.android/u0a222 for service tv.pluto.android/androidx.work.impl.background.systemjob.SystemJobService
12-28 04:00:14.119  2193  2193 I FrameworkJumpTable: Successfully loaded all classes
12-28 04:00:14.135  2193  2193 I FrameworkJumpTable: Successfully loaded all methods
12-28 04:00:14.137  2193  2193 I FrameworkJumpTable: Successfully loaded all fields
12-28 04:00:14.137  2193  2193 I FrameworkJumpTable: Successfully loaded all constructors
12-28 04:00:24.224   618   628 I ActivityManager: Killing 31622:com.amazon.tv.livetv/u0a144 (adj 903): empty for 1824s
12-28 04:00:42.401   618   631 I ProcessStatsService: Prepared write state in 3ms
12-28 04:03:15.961   618  4099 I ActivityManager: Start proc 2705:tv.pluto.android:input/u0a222 for service tv.pluto.android/androidx.work.multiprocess.RemoteWorkerService
12-28 04:03:16.169  2705  2705 I FrameworkJumpTable: Successfully loaded all classes
12-28 04:03:16.187  2705  2705 I FrameworkJumpTable: Successfully loaded all methods
12-28 04:03:16.189  2705  2705 I FrameworkJumpTable: Successfully loaded all fields
12-28 04:03:16.189  2705  2705 I FrameworkJumpTable: Successfully loaded all constructors
12-28 04:03:25.895   618  4099 I ActivityManager: Start proc 2922:com.amazon.tv.livetv/u0a144 for content provider com.amazon.tv.livetv/com.amazon.livetv.contentservice.tifextension.TifExtensionProvider
12-28 04:03:26.040  2922  2922 I FrameworkJumpTable: Successfully loaded all classes
12-28 04:03:26.056  2922  2922 I FrameworkJumpTable: Successfully loaded all methods
12-28 04:03:26.058  2922  2922 I FrameworkJumpTable: Successfully loaded all fields
12-28 04:03:26.058  2922  2922 I FrameworkJumpTable: Successfully loaded all constructors
12-28 04:03:26.070   827   827 W ContextImpl: Calling a method in the system process without a qualified user: android.app.ContextImpl.sendBroadcast:921 android.content.ContextWrapper.sendBroadcast:426 com.amazon.tifobserver.LiveTvObserver.broadcastChannelListChange:157 com.amazon.tifobserver.LiveTvObserver.-wrap0:-1 com.amazon.tifobserver.LiveTvObserver$1.run:111 
12-28 04:03:26.071   827   827 W ContextImpl: Calling a method in the system process without a qualified user: android.app.ContextImpl.sendBroadcast:921 android.content.ContextWrapper.sendBroadcast:426 com.amazon.tifobserver.LiveTvObserver.broadcastChannelListChange:161 com.amazon.tifobserver.LiveTvObserver.-wrap0:-1 com.amazon.tifobserver.LiveTvObserver$1.run:111 
12-28 04:03:26.496   618   864 I AmazonProfileService: Registering callback
12-28 04:03:26.555   618  1188 I ActivityManager: Start proc 2966:com.amazon.prism.android.service:remote/u0a118 for service com.amazon.prism.android.service/.PrismService
12-28 04:03:26.762  2966  3012 I FrameworkJumpTable: Successfully loaded all classes
12-28 04:03:26.777  2966  3012 I FrameworkJumpTable: Successfully loaded all methods
12-28 04:03:26.779  2966  3012 I FrameworkJumpTable: Successfully loaded all fields
12-28 04:03:26.779  2966  3012 I FrameworkJumpTable: Successfully loaded all constructors
12-28 04:03:27.525  2922  2952 E ActivityThread: Failed to find provider info for com.amazon.tv.channelscan
12-28 04:03:27.526  2922  2952 E ActivityThread: Failed to find provider info for com.amazon.tv.channelscan
12-28 04:03:27.526  2922  2952 E ActivityThread: Failed to find provider info for com.amazon.tv.channelscan
12-28 04:03:29.354   618  1188 I ActivityManager: Start proc 3057:com.amazon.providers.tv/u0a119 for content provider com.amazon.providers.tv/.FireTvProvider
12-28 04:04:34.872   618   634 E BatteryStatsService: no controller energy info supplied
12-28 04:04:34.875   618   634 E BatteryStatsService: no controller energy info supplied
12-28 04:05:04.717   618   654 I ActivityManager: Killing 32159:org.videolan.vlc/u0a206 (adj 903): empty for 1809s
12-28 04:05:04.814   618   678 E ConnectivityService: RemoteException caught trying to send a callback msg for NetworkRequest [ REQUEST id=1946, [ Capabilities: INTERNET&NOT_RESTRICTED&TRUSTED&NOT_VPN] ]
12-28 04:06:08.092  1148  3304 E ActivityThread: Failed to find provider info for com.amazon.dcp.ota.pendingupdates.internal
12-28 04:08:50.289   618   618 I ActivityManager: Start proc 3564:org.jellyfin.androidtv/u0a71 for service org.jellyfin.androidtv/androidx.work.impl.background.systemjob.SystemJobService
12-28 04:08:50.580  3564  3564 I FrameworkJumpTable: Successfully loaded all classes
12-28 04:08:50.593  3564  3564 I FrameworkJumpTable: Successfully loaded all methods
12-28 04:08:50.595  3564  3564 I FrameworkJumpTable: Successfully loaded all fields
12-28 04:08:50.595  3564  3564 I FrameworkJumpTable: Successfully loaded all constructors
12-28 04:20:20.981   618   631 I ActivityManager: Start proc 4443:com.amazon.tv.devicecontrolsettings/u0a137 for broadcast com.amazon.tv.devicecontrolsettings/.broadcast_receiver.DFUBroadcastReceiver
12-28 04:20:21.006   618   721 I ActivityManager: Start proc 4454:com.amazon.wirelessmetrics.service/u0a168 for service com.amazon.wirelessmetrics.service/.WirelessMetricsService
12-28 04:20:21.008   618   631 W BroadcastQueue: Permission Denial: receiving Intent { act=android.bluetooth.device.action.ACL_DISCONNECTED flg=0x4000010 (has extras) } to ProcessRecord{43f9df9 14428:com.amazon.venezia/u0a155} (pid=14428, uid=10155) requires android.permission.BLUETOOTH due to sender com.android.bluetooth (uid 1002)
12-28 04:20:21.077   618   631 W BroadcastQueue: Permission Denial: receiving Intent { act=android.bluetooth.device.action.ACL_CONNECTED flg=0x4000010 (has extras) } to ProcessRecord{43f9df9 14428:com.amazon.venezia/u0a155} (pid=14428, uid=10155) requires android.permission.BLUETOOTH due to sender com.android.bluetooth (uid 1002)
12-28 04:20:21.165  4454  4472 I FrameworkJumpTable: Successfully loaded all classes
12-28 04:20:21.182  4454  4472 I FrameworkJumpTable: Successfully loaded all methods
12-28 04:20:21.184  4454  4472 I FrameworkJumpTable: Successfully loaded all fields
12-28 04:20:21.184  4454  4472 I FrameworkJumpTable: Successfully loaded all constructors
12-28 04:20:21.448   618   864 I ActivityManager: Start proc 4511:com.amazon.device.bluetoothkeymaplib/u0a5 for broadcast com.amazon.device.bluetoothkeymaplib/.service.EventReceiver
12-28 04:20:21.463   618  6974 I AmazonAutoPairService: onConnectStateChanged received..state:0
12-28 04:20:21.580  4511  4511 I FrameworkJumpTable: Successfully loaded all classes
12-28 04:20:21.603  4511  4511 I FrameworkJumpTable: Successfully loaded all methods
12-28 04:20:21.614  4511  4511 I FrameworkJumpTable: Successfully loaded all fields
12-28 04:20:21.616  4511  4511 I FrameworkJumpTable: Successfully loaded all constructors
12-28 04:20:21.643   618   864 I AmazonAutoPairService: onConnectStateChanged received..state:2
12-28 04:20:21.645   618   618 I AmazonAutoPairService: onConnectStateChanged..Stopping discovery as a desired device is connected
12-28 04:20:21.645   618   618 I AmazonAutoPairService: handleStopAutoPairProcess..
12-28 04:20:21.701   618  6974 I ActivityManager: START u0 {flg=0x10000000 cmp=com.amazon.device.blepa/.uxmanager.BluetoothDFUActivity2} from uid 10084 on display 0
12-28 04:20:21.702   618  6974 I AmazonProfileService: shouldAbortActivityStart() Package: xxx activity: xxx
12-28 04:20:21.702   618  6974 I AmazonProfileService: APS_V2 enabled in Arcus and mIsChildPINEnabled : false
12-28 04:20:21.702   618  6974 I AmazonProfileService: APS_V2 enabled in Arcus and mIsChildPINEnabled : false
12-28 04:20:21.703   618  6974 I AmazonProfileService: xxx is a system app, do not abort activity start.
12-28 04:20:21.703   618  6974 I AmazonProfileService: APS_V2 enabled in Arcus and mIsChildPINEnabled : false
12-28 04:20:21.771   618  1188 E WindowManager: App trying to use insecure INPUT_FEATURE_NO_INPUT_CHANNEL flag. Ignoring
12-28 04:20:21.773   618  1188 I AmazonProfileService: Event is not filtered because it is not in filter key list.
12-28 04:20:26.062   618   864 I ActivityManager: Start proc 4566:com.amazon.uxcontrollerservice/u0a51 for service com.amazon.uxcontrollerservice/.UXControllerService
12-28 04:20:26.182   618  1188 I ActivityManager: Start proc 4584:com.amazon.uxnotification/u0a52 for service com.amazon.uxnotification/.NotificationService
12-28 04:20:26.189   618  6974 I ActivityManager: Killing 14428:com.amazon.venezia/u0a155 (adj 900): empty #17
12-28 04:20:26.264   618  1188 I ActivityManager: Killing 2966:com.amazon.prism.android.service:remote/u0a118 (adj 903): empty #17
12-28 04:20:34.357   618 11852 W AppOps  : Finishing op nesting under-run: uid 1000 pkg com.amazon.bueller.notification code 24 time=0 duration=0 nesting=0
12-28 04:20:34.427   618 11744 I AmazonAutoPairService: onConnectStateChanged received..state:0
12-28 04:20:34.517   618  1322 I AmazonAutoPairService: onConnectStateChanged received..state:2
12-28 04:20:34.517   618   618 I AmazonAutoPairService: onConnectStateChanged..Stopping discovery as a desired device is connected
12-28 04:20:34.517   618   618 I AmazonAutoPairService: handleStopAutoPairProcess..
12-28 04:20:34.565   618  1322 I ActivityManager: START u0 {flg=0x10000000 cmp=com.amazon.device.blepa/.uxmanager.BluetoothDFUActivity2} from uid 10084 on display 0
12-28 04:20:34.565   618  1322 I AmazonProfileService: shouldAbortActivityStart() Package: xxx activity: xxx
12-28 04:20:34.566   618  1322 I AmazonProfileService: APS_V2 enabled in Arcus and mIsChildPINEnabled : false
12-28 04:20:34.566   618  1322 I AmazonProfileService: APS_V2 enabled in Arcus and mIsChildPINEnabled : false
12-28 04:20:34.566   618  1322 I AmazonProfileService: xxx is a system app, do not abort activity start.
12-28 04:20:34.566   618  1322 I AmazonProfileService: APS_V2 enabled in Arcus and mIsChildPINEnabled : false
12-28 04:20:34.601   618  5676 E WindowManager: App trying to use insecure INPUT_FEATURE_NO_INPUT_CHANNEL flag. Ignoring
12-28 04:20:34.603   618  5676 I AmazonProfileService: Event is not filtered because it is not in filter key list.
12-28 04:20:34.907   618  1322 I AmazonInputManagerService: Toggle Bit to Button mapping completed and saved.
12-28 04:20:45.439   618 11852 I AmazonInputManagerService: Toggle Bit to Button mapping completed and saved.
12-28 04:20:55.670   618  1322 I AmazonAutoPairService: onConnectStateChanged received..state:0
12-28 04:20:56.181   618   856 I AmazonInputManagerService: Toggle Bit to Button mapping completed and saved.
12-28 04:21:55.579   618   630 I ActivityManager: Start proc 4774:com.amazon.venezia/u0a155 for service com.amazon.venezia/com.amazon.mas.client.serviceconfig.ServiceConfigSyncAdapter$SyncAdapterService
12-28 04:21:55.670   618   618 I AmazonAutoPairService: Should not show the dialog as it's remote disconnect
12-28 04:21:55.673   618   618 I AmazonAutoPairService: Should not start discovery as screen is off
12-28 04:21:55.869  4774  4774 I FrameworkJumpTable: Successfully loaded all classes
12-28 04:21:55.884  4774  4774 I FrameworkJumpTable: Successfully loaded all methods
12-28 04:21:55.886  4774  4774 I FrameworkJumpTable: Successfully loaded all fields
12-28 04:21:55.886  4774  4774 I FrameworkJumpTable: Successfully loaded all constructors
12-28 04:21:58.067   618   856 I ActivityManager: Killing 3057:com.amazon.providers.tv/u0a119 (adj 903): empty #17
12-28 04:22:01.260   618   856 I ActivityManager: Start proc 4918:com.android.providers.downloads/u0a28 for content provider com.android.providers.downloads/.DownloadProvider
12-28 04:22:45.473   618   631 W BroadcastQueue: Permission Denial: receiving Intent { act=android.bluetooth.device.action.ACL_CONNECTED flg=0x4000010 (has extras) } to ProcessRecord{cd99ee4 4774:com.amazon.venezia/u0a155} (pid=4774, uid=10155) requires android.permission.BLUETOOTH due to sender com.android.bluetooth (uid 1002)
12-28 04:22:45.552   618   631 I ActivityManager: Killing 2922:com.amazon.tv.livetv/u0a144 (adj 903): empty #17
12-28 04:22:45.601   618  5676 I AmazonAutoPairService: onConnectStateChanged received..state:2
12-28 04:22:45.601   618   618 I AmazonAutoPairService: onConnectStateChanged..Stopping discovery as a desired device is connected
12-28 04:22:45.602   618   618 I AmazonAutoPairService: handleStopAutoPairProcess..
12-28 04:22:45.659   618  1322 I ActivityManager: START u0 {flg=0x10000000 cmp=com.amazon.device.blepa/.uxmanager.BluetoothDFUActivity2} from uid 10084 on display 0
12-28 04:22:45.660   618  1322 I AmazonProfileService: shouldAbortActivityStart() Package: xxx activity: xxx
12-28 04:22:45.660   618  1322 I AmazonProfileService: APS_V2 enabled in Arcus and mIsChildPINEnabled : false
12-28 04:22:45.660   618  1322 I AmazonProfileService: APS_V2 enabled in Arcus and mIsChildPINEnabled : false
12-28 04:22:45.660   618  1322 I AmazonProfileService: xxx is a system app, do not abort activity start.
12-28 04:22:45.660   618  1322 I AmazonProfileService: APS_V2 enabled in Arcus and mIsChildPINEnabled : false
12-28 04:22:45.729   618 15353 E WindowManager: App trying to use insecure INPUT_FEATURE_NO_INPUT_CHANNEL flag. Ignoring
12-28 04:22:45.731   618 15353 I AmazonProfileService: Event is not filtered because it is not in filter key list.
12-28 04:22:58.581   618  1087 W AppOps  : Finishing op nesting under-run: uid 1000 pkg com.amazon.bueller.notification code 24 time=0 duration=0 nesting=0
12-28 04:29:01.698   618   631 W BroadcastQueue: Permission Denial: receiving Intent { act=android.bluetooth.device.action.ACL_DISCONNECTED flg=0x4000010 (has extras) } to ProcessRecord{cd99ee4 4774:com.amazon.venezia/u0a155} (pid=4774, uid=10155) requires android.permission.BLUETOOTH due to sender com.android.bluetooth (uid 1002)
12-28 04:29:01.799   618  1087 I AmazonAutoPairService: onConnectStateChanged received..state:0
12-28 04:29:03.545   618   631 W BroadcastQueue: Permission Denial: receiving Intent { act=android.bluetooth.device.action.ACL_CONNECTED flg=0x4000010 (has extras) } to ProcessRecord{cd99ee4 4774:com.amazon.venezia/u0a155} (pid=4774, uid=10155) requires android.permission.BLUETOOTH due to sender com.android.bluetooth (uid 1002)
12-28 04:29:03.676   618  1087 I AmazonAutoPairService: onConnectStateChanged received..state:2
12-28 04:29:03.676   618   618 I AmazonAutoPairService: onConnectStateChanged..Stopping discovery as a desired device is connected
12-28 04:29:03.676   618   618 I AmazonAutoPairService: handleStopAutoPairProcess..
12-28 04:29:03.728   618 15353 I ActivityManager: START u0 {flg=0x10000000 cmp=com.amazon.device.blepa/.uxmanager.BluetoothDFUActivity2} from uid 10084 on display 0
12-28 04:29:03.729   618 15353 I AmazonProfileService: shouldAbortActivityStart() Package: xxx activity: xxx
12-28 04:29:03.729   618 15353 I AmazonProfileService: APS_V2 enabled in Arcus and mIsChildPINEnabled : false
12-28 04:29:03.729   618 15353 I AmazonProfileService: APS_V2 enabled in Arcus and mIsChildPINEnabled : false
12-28 04:29:03.730   618 15353 I AmazonProfileService: xxx is a system app, do not abort activity start.
12-28 04:29:03.730   618 15353 I AmazonProfileService: APS_V2 enabled in Arcus and mIsChildPINEnabled : false
12-28 04:29:03.796   618  1087 E WindowManager: App trying to use insecure INPUT_FEATURE_NO_INPUT_CHANNEL flag. Ignoring
12-28 04:29:03.798   618  1087 I AmazonProfileService: Event is not filtered because it is not in filter key list.
12-28 04:30:02.356   618  1087 I AmazonInputManagerService: Toggle Bit to Button mapping completed and saved.
12-28 04:30:45.397   618   631 I ProcessStatsService: Prepared write state in 4ms
12-28 04:33:56.015   618   631 I ActivityManager: Killing 2705:tv.pluto.android:input/u0a222 (adj 903): empty for 1822s
12-28 04:33:56.016   618   631 I ActivityManager: Killing 31699:com.android.providers.tv/u0a50 (adj 903): empty for 1822s
12-28 04:33:56.087   618   631 W BroadcastQueue: Permission Denial: receiving Intent { act=android.bluetooth.device.action.ACL_DISCONNECTED flg=0x4000010 (has extras) } to ProcessRecord{cd99ee4 4774:com.amazon.venezia/u0a155} (pid=4774, uid=10155) requires android.permission.BLUETOOTH due to sender com.android.bluetooth (uid 1002)
12-28 04:33:56.122   618 11852 I AmazonAutoPairService: onConnectStateChanged received..state:0
12-28 04:33:56.166   618   678 E ConnectivityService: RemoteException caught trying to send a callback msg for NetworkRequest [ TRACK_DEFAULT id=1957, [ Capabilities: INTERNET&NOT_RESTRICTED&TRUSTED&NOT_VPN] ]
12-28 04:34:34.895   618   634 E BatteryStatsService: no controller energy info supplied
12-28 04:34:34.897   618   634 E BatteryStatsService: no controller energy info supplied
12-28 04:34:48.282   618   631 W BroadcastQueue: Permission Denial: receiving Intent { act=android.bluetooth.device.action.ACL_CONNECTED flg=0x4000010 (has extras) } to ProcessRecord{cd99ee4 4774:com.amazon.venezia/u0a155} (pid=4774, uid=10155) requires android.permission.BLUETOOTH due to sender com.android.bluetooth (uid 1002)
12-28 04:34:48.426   618  1087 I AmazonAutoPairService: onConnectStateChanged received..state:2
12-28 04:34:48.426   618   618 I AmazonAutoPairService: onConnectStateChanged..Stopping discovery as a desired device is connected
12-28 04:34:48.427   618   618 I AmazonAutoPairService: handleStopAutoPairProcess..
12-28 04:34:48.473   618  3404 I ActivityManager: START u0 {flg=0x10000000 cmp=com.amazon.device.blepa/.uxmanager.BluetoothDFUActivity2} from uid 10084 on display 0
12-28 04:34:48.474   618  3404 I AmazonProfileService: shouldAbortActivityStart() Package: xxx activity: xxx
12-28 04:34:48.474   618  3404 I AmazonProfileService: APS_V2 enabled in Arcus and mIsChildPINEnabled : false
12-28 04:34:48.475   618  3404 I AmazonProfileService: APS_V2 enabled in Arcus and mIsChildPINEnabled : false
12-28 04:34:48.475   618  3404 I AmazonProfileService: xxx is a system app, do not abort activity start.
12-28 04:34:48.475   618  3404 I AmazonProfileService: APS_V2 enabled in Arcus and mIsChildPINEnabled : false
12-28 04:34:48.539   618 11852 E WindowManager: App trying to use insecure INPUT_FEATURE_NO_INPUT_CHANNEL flag. Ignoring
12-28 04:34:48.541   618 11852 I AmazonProfileService: Event is not filtered because it is not in filter key list.
12-28 04:34:53.072   618   618 I EntropyMixer: Added HW RNG output to entropy pool
12-28 04:34:53.072   618   618 I EntropyMixer: Writing entropy...
12-28 04:34:56.625   618 15353 I AmazonInputManagerService: Toggle Bit to Button mapping completed and saved.
12-28 04:36:00.885   618   654 I ActivityManager: Start proc 6095:org.videolan.vlc/u0a206 for service org.videolan.vlc/.RecommendationsService
12-28 04:36:00.943   618   618 I ActivityManager: Start proc 6111:com.amazon.prism.android.service/u0a118 for service com.amazon.prism.android.service/.configuration.synchronization.SyncRemoteConfigJobService
12-28 04:36:00.959   618   618 I ActivityManager: Start proc 6124:com.amazon.perfc/u0a117 for service com.amazon.perfcollection/.ConfigurationSyncService
12-28 04:36:00.996   618   618 I ActivityManager: Start proc 6139:com.amazon.hedwig/u0a105 for service com.amazon.hedwig/.pmr.PeriodicPmrFetchService
12-28 04:36:01.538   618  1087 I ActivityManager: Start proc 6244:com.android.providers.tv/u0a50 for content provider com.android.providers.tv/.TvProvider
12-28 04:36:01.649  6124  6181 I FrameworkJumpTable: Successfully loaded all classes
12-28 04:36:01.750  6124  6181 I FrameworkJumpTable: Successfully loaded all methods
12-28 04:36:01.752  6124  6181 I FrameworkJumpTable: Successfully loaded all fields
12-28 04:36:01.752  6124  6181 I FrameworkJumpTable: Successfully loaded all constructors
12-28 04:36:01.766   618 11852 I ActivityManager: Killing 2193:tv.pluto.android/u0a222 (adj 903): empty #17
12-28 04:36:01.888   618   678 E ConnectivityService: RemoteException caught trying to send a callback msg for NetworkRequest [ TRACK_DEFAULT id=1954, [ Capabilities: INTERNET&NOT_RESTRICTED&TRUSTED&NOT_VPN] ]
12-28 04:36:02.133   618  1087 I ActivityManager: Killing 3564:org.jellyfin.androidtv/u0a71 (adj 903): empty #17
12-28 04:36:02.165   618 11852 I AmazonProfileService: Registering callback
12-28 04:37:03.379   618 11852 I ActivityManager: Killing 4918:com.android.providers.downloads/u0a28 (adj 903): empty #17
12-28 04:39:25.791   618   631 W BroadcastQueue: Permission Denial: receiving Intent { act=android.bluetooth.device.action.ACL_DISCONNECTED flg=0x4000010 (has extras) } to ProcessRecord{cd99ee4 4774:com.amazon.venezia/u0a155} (pid=4774, uid=10155) requires android.permission.BLUETOOTH due to sender com.android.bluetooth (uid 1002)
12-28 04:39:25.879   618  6182 I AmazonAutoPairService: onConnectStateChanged received..state:0
12-28 04:40:19.923   618   631 W BroadcastQueue: Permission Denial: receiving Intent { act=android.bluetooth.device.action.ACL_CONNECTED flg=0x4000010 (has extras) } to ProcessRecord{cd99ee4 4774:com.amazon.venezia/u0a155} (pid=4774, uid=10155) requires android.permission.BLUETOOTH due to sender com.android.bluetooth (uid 1002)
12-28 04:40:20.053   618  3404 I AmazonAutoPairService: onConnectStateChanged received..state:2
12-28 04:40:20.058   618   618 I AmazonAutoPairService: onConnectStateChanged..Stopping discovery as a desired device is connected
12-28 04:40:20.059   618   618 I AmazonAutoPairService: handleStopAutoPairProcess..
12-28 04:40:20.107   618  5676 I ActivityManager: START u0 {flg=0x10000000 cmp=com.amazon.device.blepa/.uxmanager.BluetoothDFUActivity2} from uid 10084 on display 0
12-28 04:40:20.108   618  5676 I AmazonProfileService: shouldAbortActivityStart() Package: xxx activity: xxx
12-28 04:40:20.108   618  5676 I AmazonProfileService: APS_V2 enabled in Arcus and mIsChildPINEnabled : false
12-28 04:40:20.108   618  5676 I AmazonProfileService: APS_V2 enabled in Arcus and mIsChildPINEnabled : false
12-28 04:40:20.109   618  5676 I AmazonProfileService: xxx is a system app, do not abort activity start.
12-28 04:40:20.109   618  5676 I AmazonProfileService: APS_V2 enabled in Arcus and mIsChildPINEnabled : false
12-28 04:40:20.178   618  5676 E WindowManager: App trying to use insecure INPUT_FEATURE_NO_INPUT_CHANNEL flag. Ignoring
12-28 04:40:20.180   618 15353 I AmazonProfileService: Event is not filtered because it is not in filter key list.
12-28 04:40:21.742   618   630 I UsageStatsService: User[0] Flushing usage stats to disk
12-28 04:40:26.379   618  1180 I AmazonInputManagerService: Toggle Bit to Button mapping completed and saved.
12-28 04:46:07.536   618   631 W BroadcastQueue: Permission Denial: receiving Intent { act=android.bluetooth.device.action.ACL_DISCONNECTED flg=0x4000010 (has extras) } to ProcessRecord{cd99ee4 4774:com.amazon.venezia/u0a155} (pid=4774, uid=10155) requires android.permission.BLUETOOTH due to sender com.android.bluetooth (uid 1002)
12-28 04:46:07.594   618  6182 I AmazonAutoPairService: onConnectStateChanged received..state:0
12-28 04:47:07.624   618   618 I AmazonAutoPairService: Should not show the dialog as it's remote disconnect
12-28 04:47:07.625   618   618 I AmazonAutoPairService: Should not start discovery as screen is off
12-28 04:52:57.841   618   618 I ActivityManager: Killing 4584:com.amazon.uxnotification/u0a52 (adj 903): empty for 1807s
12-28 04:52:57.843   618   618 I ActivityManager: Killing 4566:com.amazon.uxcontrollerservice/u0a51 (adj 903): empty for 1807s
12-28 05:00:48.376   618   631 I ProcessStatsService: Prepared write state in 14ms
12-28 05:00:48.522   618   630 I ProcessStatsService: Pruning old procstats: /data/system/procstats/state-2025-12-27-01-50-18.bin
12-28 05:01:23.915   618   631 W BroadcastQueue: Permission Denial: receiving Intent { act=android.bluetooth.device.action.ACL_CONNECTED flg=0x4000010 (has extras) } to ProcessRecord{cd99ee4 4774:com.amazon.venezia/u0a155} (pid=4774, uid=10155) requires android.permission.BLUETOOTH due to sender com.android.bluetooth (uid 1002)
12-28 05:01:24.071   618  1180 I AmazonAutoPairService: onConnectStateChanged received..state:2
12-28 05:01:24.071   618   618 I AmazonAutoPairService: onConnectStateChanged..Stopping discovery as a desired device is connected
12-28 05:01:24.071   618   618 I AmazonAutoPairService: handleStopAutoPairProcess..
